
==========================================================================
floorplan final report_tns
--------------------------------------------------------------------------
tns max -3258.55

==========================================================================
floorplan final report_wns
--------------------------------------------------------------------------
wns max -1.02

==========================================================================
floorplan final report_worst_slack
--------------------------------------------------------------------------
worst slack max -1.02

==========================================================================
floorplan final report_clock_min_period
--------------------------------------------------------------------------
core_clock period_min = 3.24 fmax = 308.31

==========================================================================
floorplan final report_checks -path_delay min
--------------------------------------------------------------------------
Startpoint: rst_ni (input port clocked by core_clock)
Endpoint: controller_i.fence_active_q$_DFFE_PN0P_
          (removal check against rising-edge clock core_clock)
Path Group: asynchronous
Path Type: min

Fanout     Cap    Slew   Delay    Time   Description
-----------------------------------------------------------------------------
                  0.00    0.00    0.00   clock core_clock (rise edge)
                          0.54    0.54   clock network delay (ideal)
                          0.44    0.98 ^ input external delay
 20636 36699.09    0.00    0.00    0.98 ^ rst_ni (in)
                                         rst_ni (net)
                  0.00    0.00    0.98 ^ controller_i.fence_active_q$_DFFE_PN0P_/RN (DFFR_X1)
                                  0.98   data arrival time

                  0.00    0.00    0.00   clock core_clock (rise edge)
                          0.54    0.54   clock network delay (ideal)
                          0.00    0.54   clock reconvergence pessimism
                                  0.54 ^ controller_i.fence_active_q$_DFFE_PN0P_/CK (DFFR_X1)
                          0.18    0.72   library removal time
                                  0.72   data required time
-----------------------------------------------------------------------------
                                  0.72   data required time
                                 -0.98   data arrival time
-----------------------------------------------------------------------------
                                  0.26   slack (MET)


Startpoint: i_cache_subsystem.i_icache.dreq_o[131]$_DFFE_PN0P_
            (rising edge-triggered flip-flop clocked by core_clock)
Endpoint: i_frontend/addr_1__2_$_DFF_PN0_
          (rising edge-triggered flip-flop clocked by core_clock)
Path Group: core_clock
Path Type: min

Fanout     Cap    Slew   Delay    Time   Description
-----------------------------------------------------------------------------
                  0.00    0.00    0.00   clock core_clock (rise edge)
                          0.54    0.54   clock network delay (ideal)
                  0.00    0.00    0.54 ^ i_cache_subsystem.i_icache.dreq_o[131]$_DFFE_PN0P_/CK (DFFR_X1)
     3    3.48    0.01    0.09    0.62 v i_cache_subsystem.i_icache.dreq_o[131]$_DFFE_PN0P_/Q (DFFR_X1)
                                         i_cache_subsystem.i_icache.N6 (net)
                  0.01    0.00    0.62 v i_frontend/addr_1__2_$_DFF_PN0_/D (DFFR_X1)
                                  0.62   data arrival time

                  0.00    0.00    0.00   clock core_clock (rise edge)
                          0.54    0.54   clock network delay (ideal)
                          0.00    0.54   clock reconvergence pessimism
                                  0.54 ^ i_frontend/addr_1__2_$_DFF_PN0_/CK (DFFR_X1)
                          0.00    0.54   library hold time
                                  0.54   data required time
-----------------------------------------------------------------------------
                                  0.54   data required time
                                 -0.62   data arrival time
-----------------------------------------------------------------------------
                                  0.09   slack (MET)



==========================================================================
floorplan final report_checks -path_delay max
--------------------------------------------------------------------------
Startpoint: rst_ni (input port clocked by core_clock)
Endpoint: csr_regfile_i/dcache_en_o$_DFFE_PN1P_
          (recovery check against rising-edge clock core_clock)
Path Group: asynchronous
Path Type: max

Fanout     Cap    Slew   Delay    Time   Description
-----------------------------------------------------------------------------
                  0.00    0.00    0.00   clock core_clock (rise edge)
                          0.54    0.54   clock network delay (ideal)
                          0.44    0.98 ^ input external delay
 20636 36699.09    0.00    0.00    0.98 ^ rst_ni (in)
                                         rst_ni (net)
                  0.00    0.00    0.98 ^ csr_regfile_i/dcache_en_o$_DFFE_PN1P_/SN (DFFS_X1)
                                  0.98   data arrival time

                  0.00    2.22    2.22   clock core_clock (rise edge)
                          0.54    2.76   clock network delay (ideal)
                          0.00    2.76   clock reconvergence pessimism
                                  2.76 ^ csr_regfile_i/dcache_en_o$_DFFE_PN1P_/CK (DFFS_X1)
                          0.04    2.80   library recovery time
                                  2.80   data required time
-----------------------------------------------------------------------------
                                  2.80   data required time
                                 -0.98   data arrival time
-----------------------------------------------------------------------------
                                  1.82   slack (MET)


Startpoint: issue_stage_i.i_scoreboard/commit_pointer_q[0]$_DFF_PN0_
            (rising edge-triggered flip-flop clocked by core_clock)
Endpoint: ex_stage_i/i_mult.i_div.op_a_q[61]$_DFFE_PN0P_
          (rising edge-triggered flip-flop clocked by core_clock)
Path Group: core_clock
Path Type: max

Fanout     Cap    Slew   Delay    Time   Description
-----------------------------------------------------------------------------
                  0.00    0.00    0.00   clock core_clock (rise edge)
                          0.54    0.54   clock network delay (ideal)
                  0.00    0.00    0.54 ^ issue_stage_i.i_scoreboard/commit_pointer_q[0]$_DFF_PN0_/CK (DFFR_X1)
     3    7.58    0.02    0.11    0.65 ^ issue_stage_i.i_scoreboard/commit_pointer_q[0]$_DFF_PN0_/Q (DFFR_X1)
                                         issue_stage_i.i_scoreboard/N68 (net)
                  0.02    0.00    0.65 ^ issue_stage_i.i_scoreboard/_60375_/A (HA_X1)
     1    3.40    0.01    0.04    0.69 ^ issue_stage_i.i_scoreboard/_60375_/CO (HA_X1)
                                         issue_stage_i.i_scoreboard/N38702 (net)
                  0.01    0.00    0.69 ^ issue_stage_i.i_scoreboard/_31344_/A (BUF_X4)
     5   12.22    0.01    0.03    0.71 ^ issue_stage_i.i_scoreboard/_31344_/Z (BUF_X4)
                                         issue_stage_i.i_scoreboard/_26771_ (net)
                  0.01    0.00    0.71 ^ issue_stage_i.i_scoreboard/_31345_/A2 (NAND2_X4)
     1    5.81    0.01    0.01    0.73 v issue_stage_i.i_scoreboard/_31345_/ZN (NAND2_X4)
                                         issue_stage_i.i_scoreboard/_26772_ (net)
                  0.01    0.00    0.73 v issue_stage_i.i_scoreboard/_31346_/A (BUF_X8)
     5   15.21    0.01    0.03    0.75 v issue_stage_i.i_scoreboard/_31346_/Z (BUF_X8)
                                         issue_stage_i.i_scoreboard/_26773_ (net)
                  0.01    0.00    0.75 v issue_stage_i.i_scoreboard/_32036_/A (BUF_X16)
    10   18.70    0.00    0.02    0.78 v issue_stage_i.i_scoreboard/_32036_/Z (BUF_X16)
                                         issue_stage_i.i_scoreboard/_01078_ (net)
                  0.00    0.00    0.78 v issue_stage_i.i_scoreboard/_33487_/A (BUF_X16)
    10   18.87    0.00    0.02    0.80 v issue_stage_i.i_scoreboard/_33487_/Z (BUF_X16)
                                         issue_stage_i.i_scoreboard/_02429_ (net)
                  0.00    0.00    0.80 v issue_stage_i.i_scoreboard/_34112_/A (BUF_X16)
    10   18.69    0.00    0.02    0.82 v issue_stage_i.i_scoreboard/_34112_/Z (BUF_X16)
                                         issue_stage_i.i_scoreboard/_03014_ (net)
                  0.00    0.00    0.82 v issue_stage_i.i_scoreboard/_34169_/B1 (OAI21_X4)
     1    3.10    0.01    0.02    0.84 ^ issue_stage_i.i_scoreboard/_34169_/ZN (OAI21_X4)
                                         issue_stage_i.i_scoreboard/_03066_ (net)
                  0.01    0.00    0.84 ^ issue_stage_i.i_scoreboard/_34170_/B1 (OAI21_X2)
     1    0.91    0.01    0.01    0.85 v issue_stage_i.i_scoreboard/_34170_/ZN (OAI21_X2)
                                         issue_stage_i.i_scoreboard/_03067_ (net)
                  0.01    0.00    0.85 v issue_stage_i.i_scoreboard/_34171_/A (MUX2_X1)
     1    0.90    0.01    0.05    0.91 v issue_stage_i.i_scoreboard/_34171_/Z (MUX2_X1)
                                         issue_stage_i.i_scoreboard/_03068_ (net)
                  0.01    0.00    0.91 v issue_stage_i.i_scoreboard/_34172_/B (MUX2_X1)
     1    0.90    0.01    0.06    0.96 v issue_stage_i.i_scoreboard/_34172_/Z (MUX2_X1)
                                         issue_stage_i.i_scoreboard/_03069_ (net)
                  0.01    0.00    0.96 v issue_stage_i.i_scoreboard/_34173_/B (MUX2_X1)
     1    0.90    0.01    0.06    1.02 v issue_stage_i.i_scoreboard/_34173_/Z (MUX2_X1)
                                         issue_stage_i.i_scoreboard/_03070_ (net)
                  0.01    0.00    1.02 v issue_stage_i.i_scoreboard/_34174_/B (MUX2_X1)
     3    9.54    0.02    0.07    1.09 v issue_stage_i.i_scoreboard/_34174_/Z (MUX2_X1)
                                         commit_instr_id_commit[284] (net)
                  0.02    0.00    1.09 v _05287_/A (BUF_X4)
     5   12.64    0.01    0.03    1.13 v _05287_/Z (BUF_X4)
                                         _00544_ (net)
                  0.01    0.00    1.13 v _05289_/A1 (NOR2_X4)
     2    7.45    0.02    0.02    1.15 ^ _05289_/ZN (NOR2_X4)
                                         _00546_ (net)
                  0.02    0.00    1.15 ^ _05302_/B2 (OAI21_X4)
     1    6.18    0.01    0.02    1.17 v _05302_/ZN (OAI21_X4)
                                         _00559_ (net)
                  0.01    0.00    1.17 v _05304_/B2 (AOI22_X4)
     4   10.72    0.03    0.05    1.22 ^ _05304_/ZN (AOI22_X4)
                                         _00561_ (net)
                  0.03    0.00    1.22 ^ _05305_/A1 (NOR3_X4)
     7   15.66    0.02    0.02    1.24 v _05305_/ZN (NOR3_X4)
                                         amo_valid_commit (net)
                  0.02    0.00    1.24 v _05306_/A1 (NOR2_X4)
     3    9.92    0.02    0.03    1.27 ^ _05306_/ZN (NOR2_X4)
                                         commit_stage_i.debug_req_i (net)
                  0.02    0.00    1.27 ^ _05308_/B2 (AOI21_X4)
     3    8.75    0.01    0.02    1.29 v _05308_/ZN (AOI21_X4)
                                         _00563_ (net)
                  0.01    0.00    1.29 v _08631_/A1 (NAND2_X4)
     6   16.74    0.02    0.02    1.31 ^ _08631_/ZN (NAND2_X4)
                                         _03378_ (net)
                  0.02    0.00    1.31 ^ _08632_/A (INV_X4)
     5    9.31    0.01    0.01    1.32 v _08632_/ZN (INV_X4)
                                         _03379_ (net)
                  0.01    0.00    1.32 v _08633_/A (BUF_X8)
    10   16.81    0.01    0.02    1.34 v _08633_/Z (BUF_X8)
                                         _03380_ (net)
                  0.01    0.00    1.34 v _08634_/A (BUF_X8)
    10   14.26    0.01    0.02    1.37 v _08634_/Z (BUF_X8)
                                         commit_stage_i.commit_csr_o (net)
                  0.01    0.00    1.37 v _08643_/A2 (AND2_X4)
     4    9.15    0.01    0.03    1.40 v _08643_/ZN (AND2_X4)
                                         commit_stage_i.csr_op_o[3] (net)
                  0.01    0.00    1.40 v csr_regfile_i/_08222_/A2 (NOR4_X4)
     3    5.82    0.04    0.06    1.46 ^ csr_regfile_i/_08222_/ZN (NOR4_X4)
                                         csr_regfile_i/_01306_ (net)
                  0.04    0.00    1.46 ^ csr_regfile_i/_08228_/A1 (AND2_X4)
     3    8.78    0.01    0.04    1.50 ^ csr_regfile_i/_08228_/ZN (AND2_X4)
                                         csr_regfile_i/_01312_ (net)
                  0.01    0.00    1.50 ^ csr_regfile_i/_08458_/A (AOI21_X4)
     5    9.27    0.01    0.01    1.51 v csr_regfile_i/_08458_/ZN (AOI21_X4)
                                         csr_regfile_i/_01542_ (net)
                  0.01    0.00    1.51 v csr_regfile_i/_08465_/A1 (NOR3_X4)
     8   13.85    0.04    0.05    1.56 ^ csr_regfile_i/_08465_/ZN (NOR3_X4)
                                         csr_regfile_i/_01549_ (net)
                  0.04    0.00    1.56 ^ csr_regfile_i/_08864_/A1 (AND3_X4)
     1    6.59    0.01    0.05    1.61 ^ csr_regfile_i/_08864_/ZN (AND3_X4)
                                         csr_regfile_i/_01946_ (net)
                  0.01    0.00    1.61 ^ csr_regfile_i/_08865_/A (BUF_X8)
     9   19.17    0.01    0.02    1.63 ^ csr_regfile_i/_08865_/Z (BUF_X8)
                                         csr_regfile_i/_01947_ (net)
                  0.01    0.00    1.63 ^ csr_regfile_i/_12669_/A (OAI21_X4)
     2    7.23    0.02    0.02    1.65 v csr_regfile_i/_12669_/ZN (OAI21_X4)
                                         csr_regfile_i/_05192_ (net)
                  0.02    0.00    1.65 v csr_regfile_i/_12710_/A1 (NAND2_X4)
     3    7.79    0.01    0.02    1.67 ^ csr_regfile_i/_12710_/ZN (NAND2_X4)
                                         csr_regfile_i/_05229_ (net)
                  0.01    0.00    1.67 ^ csr_regfile_i/_13028_/A2 (OR2_X4)
     3    8.24    0.01    0.03    1.70 ^ csr_regfile_i/_13028_/ZN (OR2_X4)
                                         commit_stage_i.csr_exception_i[0] (net)
                  0.01    0.00    1.70 ^ _06275_/A2 (NAND2_X2)
     1    2.63    0.01    0.01    1.71 v _06275_/ZN (NAND2_X2)
                                         _01384_ (net)
                  0.01    0.00    1.71 v _06276_/A1 (OR3_X4)
     5   13.25    0.01    0.06    1.77 v _06276_/ZN (OR3_X4)
                                         _01385_ (net)
                  0.01    0.00    1.77 v _08741_/A2 (AND2_X4)
     1   11.00    0.01    0.03    1.81 v _08741_/ZN (AND2_X4)
                                         _03414_ (net)
                  0.01    0.00    1.81 v _08742_/A (BUF_X16)
     9   52.28    0.01    0.03    1.83 v _08742_/Z (BUF_X16)
                                         _03415_ (net)
                  0.01    0.00    1.83 v _08908_/A (BUF_X32)
    10   31.83    0.00    0.02    1.86 v _08908_/Z (BUF_X32)
                                         _03479_ (net)
                  0.00    0.00    1.86 v _08910_/A1 (AOI22_X4)
     1    6.77    0.02    0.03    1.89 ^ _08910_/ZN (AOI22_X4)
                                         _03481_ (net)
                  0.02    0.00    1.89 ^ _08911_/A1 (NOR2_X4)
     3    8.26    0.02    0.01    1.90 v _08911_/ZN (NOR2_X4)
                                         commit_stage_i.exception_o[77] (net)
                  0.02    0.00    1.90 v csr_regfile_i/_13336_/A4 (NOR4_X4)
     1    3.82    0.04    0.08    1.97 ^ csr_regfile_i/_13336_/ZN (NOR4_X4)
                                         csr_regfile_i/_05678_ (net)
                  0.04    0.00    1.97 ^ csr_regfile_i/_13337_/A4 (NAND4_X2)
     1    5.43    0.02    0.04    2.01 v csr_regfile_i/_13337_/ZN (NAND4_X2)
                                         csr_regfile_i/_05679_ (net)
                  0.02    0.00    2.01 v csr_regfile_i/_13343_/A2 (NOR3_X4)
     1    7.16    0.03    0.05    2.07 ^ csr_regfile_i/_13343_/ZN (NOR3_X4)
                                         csr_regfile_i/_05685_ (net)
                  0.03    0.00    2.07 ^ csr_regfile_i/_13344_/A3 (NAND3_X4)
     4    8.60    0.02    0.03    2.09 v csr_regfile_i/_13344_/ZN (NAND3_X4)
                                         csr_regfile_i/_05686_ (net)
                  0.02    0.00    2.09 v csr_regfile_i/_15959_/B1 (OAI22_X4)
     3    6.00    0.03    0.04    2.13 ^ csr_regfile_i/_15959_/ZN (OAI22_X4)
                                         controller_i.set_debug_pc_i (net)
                  0.03    0.00    2.13 ^ _06280_/A1 (OR4_X4)
     7   18.30    0.01    0.04    2.17 ^ _06280_/ZN (OR4_X4)
                                         controller_i.flush_ex_o (net)
                  0.01    0.00    2.17 ^ ex_stage_i/_19523_/A (INV_X8)
    10   18.60    0.01    0.01    2.18 v ex_stage_i/_19523_/ZN (INV_X8)
                                         ex_stage_i/_14963_ (net)
                  0.01    0.00    2.18 v ex_stage_i/_19526_/A1 (AND3_X1)
     6    9.20    0.01    0.04    2.22 v ex_stage_i/_19526_/ZN (AND3_X1)
                                         ex_stage_i/_14966_ (net)
                  0.01    0.00    2.22 v ex_stage_i/_19527_/A2 (NAND2_X2)
     6   10.84    0.02    0.03    2.25 ^ ex_stage_i/_19527_/ZN (NAND2_X2)
                                         ex_stage_i/_14967_ (net)
                  0.02    0.00    2.25 ^ ex_stage_i/_19528_/A (BUF_X2)
    10   16.18    0.02    0.04    2.29 ^ ex_stage_i/_19528_/Z (BUF_X2)
                                         ex_stage_i/_14968_ (net)
                  0.02    0.00    2.29 ^ ex_stage_i/_19529_/A (BUF_X2)
    10   16.50    0.02    0.04    2.33 ^ ex_stage_i/_19529_/Z (BUF_X2)
                                         ex_stage_i/_14969_ (net)
                  0.02    0.00    2.33 ^ ex_stage_i/_19530_/A (BUF_X2)
    10   15.49    0.02    0.04    2.37 ^ ex_stage_i/_19530_/Z (BUF_X2)
                                         ex_stage_i/_14970_ (net)
                  0.02    0.00    2.37 ^ ex_stage_i/_19531_/A (BUF_X1)
    10   14.65    0.04    0.06    2.43 ^ ex_stage_i/_19531_/Z (BUF_X1)
                                         ex_stage_i/_14971_ (net)
                  0.04    0.00    2.43 ^ ex_stage_i/_19532_/A (BUF_X1)
    10   12.70    0.03    0.06    2.49 ^ ex_stage_i/_19532_/Z (BUF_X1)
                                         ex_stage_i/_14972_ (net)
                  0.03    0.00    2.49 ^ ex_stage_i/_19533_/A (BUF_X1)
    10   15.25    0.04    0.06    2.55 ^ ex_stage_i/_19533_/Z (BUF_X1)
                                         ex_stage_i/_14973_ (net)
                  0.04    0.00    2.55 ^ ex_stage_i/_19534_/A (BUF_X2)
    10   15.07    0.02    0.04    2.59 ^ ex_stage_i/_19534_/Z (BUF_X2)
                                         ex_stage_i/_14974_ (net)
                  0.02    0.00    2.59 ^ ex_stage_i/_19535_/A2 (NOR2_X1)
     1    1.54    0.01    0.01    2.60 v ex_stage_i/_19535_/ZN (NOR2_X1)
                                         ex_stage_i/_14975_ (net)
                  0.01    0.00    2.60 v ex_stage_i/_19537_/A (AOI21_X1)
     2    5.15    0.04    0.06    2.66 ^ ex_stage_i/_19537_/ZN (AOI21_X1)
                                         ex_stage_i/_00923_ (net)
                  0.04    0.00    2.66 ^ ex_stage_i/_36441_/B (HA_X1)
     2    3.29    0.01    0.04    2.70 ^ ex_stage_i/_36441_/CO (HA_X1)
                                         ex_stage_i/_00924_ (net)
                  0.01    0.00    2.70 ^ ex_stage_i/_27380_/A1 (NAND3_X1)
     4    5.14    0.02    0.03    2.73 v ex_stage_i/_27380_/ZN (NAND3_X1)
                                         ex_stage_i/_07086_ (net)
                  0.02    0.00    2.73 v ex_stage_i/_27411_/A1 (NOR2_X1)
     2    5.86    0.03    0.05    2.78 ^ ex_stage_i/_27411_/ZN (NOR2_X1)
                                         ex_stage_i/_07113_ (net)
                  0.03    0.00    2.78 ^ ex_stage_i/_27473_/A2 (NAND3_X2)
     6    7.71    0.02    0.03    2.81 v ex_stage_i/_27473_/ZN (NAND3_X2)
                                         ex_stage_i/_07165_ (net)
                  0.02    0.00    2.81 v ex_stage_i/_27513_/A2 (OR2_X1)
     5    7.94    0.02    0.07    2.88 v ex_stage_i/_27513_/ZN (OR2_X1)
                                         ex_stage_i/_07199_ (net)
                  0.02    0.00    2.88 v ex_stage_i/_27566_/A2 (NOR2_X1)
     3    4.92    0.03    0.05    2.93 ^ ex_stage_i/_27566_/ZN (NOR2_X1)
                                         ex_stage_i/_07244_ (net)
                  0.03    0.00    2.93 ^ ex_stage_i/_27578_/A2 (NAND2_X1)
     3    4.57    0.01    0.03    2.95 v ex_stage_i/_27578_/ZN (NAND2_X1)
                                         ex_stage_i/_07254_ (net)
                  0.01    0.00    2.95 v ex_stage_i/_27579_/A3 (NOR3_X1)
     1    1.63    0.03    0.05    3.00 ^ ex_stage_i/_27579_/ZN (NOR3_X1)
                                         ex_stage_i/_07255_ (net)
                  0.03    0.00    3.00 ^ ex_stage_i/_27581_/A (AOI21_X1)
     1    2.18    0.01    0.02    3.02 v ex_stage_i/_27581_/ZN (AOI21_X1)
                                         ex_stage_i/_07257_ (net)
                  0.01    0.00    3.02 v ex_stage_i/_27584_/A (XOR2_X1)
     1    3.06    0.01    0.05    3.07 v ex_stage_i/_27584_/Z (XOR2_X1)
                                         ex_stage_i/_00380_ (net)
                  0.01    0.00    3.07 v ex_stage_i/_36217_/A (HA_X1)
     1    0.88    0.01    0.05    3.12 v ex_stage_i/_36217_/S (HA_X1)
                                         ex_stage_i/_00382_ (net)
                  0.01    0.00    3.12 v ex_stage_i/_21515_/A (BUF_X1)
     6    9.52    0.01    0.04    3.16 v ex_stage_i/_21515_/Z (BUF_X1)
                                         ex_stage_i/_03418_ (net)
                  0.01    0.00    3.16 v ex_stage_i/_21538_/B1 (AOI21_X1)
     1    1.57    0.02    0.03    3.19 ^ ex_stage_i/_21538_/ZN (AOI21_X1)
                                         ex_stage_i/_03438_ (net)
                  0.02    0.00    3.19 ^ ex_stage_i/_21539_/B2 (OAI21_X1)
     1    1.41    0.01    0.02    3.21 v ex_stage_i/_21539_/ZN (OAI21_X1)
                                         ex_stage_i/_03439_ (net)
                  0.01    0.00    3.21 v ex_stage_i/_21540_/B2 (AOI21_X1)
     2    3.24    0.03    0.04    3.25 ^ ex_stage_i/_21540_/ZN (AOI21_X1)
                                         ex_stage_i/_03440_ (net)
                  0.03    0.00    3.25 ^ ex_stage_i/_21561_/B2 (OAI21_X1)
     2    2.96    0.01    0.02    3.27 v ex_stage_i/_21561_/ZN (OAI21_X1)
                                         ex_stage_i/_03459_ (net)
                  0.01    0.00    3.27 v ex_stage_i/_21565_/B2 (AOI221_X1)
     2    1.89    0.04    0.08    3.35 ^ ex_stage_i/_21565_/ZN (AOI221_X1)
                                         ex_stage_i/_03463_ (net)
                  0.04    0.00    3.35 ^ ex_stage_i/_21601_/A1 (OR2_X1)
     2    3.31    0.01    0.04    3.39 ^ ex_stage_i/_21601_/ZN (OR2_X1)
                                         ex_stage_i/_03494_ (net)
                  0.01    0.00    3.39 ^ ex_stage_i/_21627_/B1 (OAI21_X1)
     2    2.94    0.01    0.02    3.41 v ex_stage_i/_21627_/ZN (OAI21_X1)
                                         ex_stage_i/_03518_ (net)
                  0.01    0.00    3.41 v ex_stage_i/_21676_/B2 (AOI21_X1)
     2    3.23    0.03    0.04    3.45 ^ ex_stage_i/_21676_/ZN (AOI21_X1)
                                         ex_stage_i/_03561_ (net)
                  0.03    0.00    3.45 ^ ex_stage_i/_21692_/B2 (OAI21_X1)
     1    0.87    0.01    0.02    3.47 v ex_stage_i/_21692_/ZN (OAI21_X1)
                                         ex_stage_i/_03574_ (net)
                  0.01    0.00    3.47 v ex_stage_i/_21696_/A1 (AND2_X1)
     2    5.63    0.01    0.04    3.50 v ex_stage_i/_21696_/ZN (AND2_X1)
                                         ex_stage_i/_03578_ (net)
                  0.01    0.00    3.50 v ex_stage_i/_21709_/B1 (AOI221_X2)
     5    8.94    0.06    0.09    3.59 ^ ex_stage_i/_21709_/ZN (AOI221_X2)
                                         ex_stage_i/_03589_ (net)
                  0.06    0.00    3.59 ^ ex_stage_i/_21797_/B2 (OAI21_X1)
     1    2.41    0.02    0.03    3.62 v ex_stage_i/_21797_/ZN (OAI21_X1)
                                         ex_stage_i/_03668_ (net)
                  0.02    0.00    3.62 v ex_stage_i/_21798_/B (XOR2_X1)
     1    0.91    0.01    0.06    3.68 v ex_stage_i/_21798_/Z (XOR2_X1)
                                         ex_stage_i/_03669_ (net)
                  0.01    0.00    3.68 v ex_stage_i/_21799_/A (MUX2_X1)
     1    1.05    0.01    0.06    3.74 v ex_stage_i/_21799_/Z (MUX2_X1)
                                         ex_stage_i/_01166_ (net)
                  0.01    0.00    3.74 v ex_stage_i/i_mult.i_div.op_a_q[61]$_DFFE_PN0P_/D (DFFR_X1)
                                  3.74   data arrival time

                  0.00    2.22    2.22   clock core_clock (rise edge)
                          0.54    2.76   clock network delay (ideal)
                          0.00    2.76   clock reconvergence pessimism
                                  2.76 ^ ex_stage_i/i_mult.i_div.op_a_q[61]$_DFFE_PN0P_/CK (DFFR_X1)
                         -0.04    2.72   library setup time
                                  2.72   data required time
-----------------------------------------------------------------------------
                                  2.72   data required time
                                 -3.74   data arrival time
-----------------------------------------------------------------------------
                                 -1.02   slack (VIOLATED)



==========================================================================
floorplan final report_checks -unconstrained
--------------------------------------------------------------------------
Startpoint: rst_ni (input port clocked by core_clock)
Endpoint: csr_regfile_i/dcache_en_o$_DFFE_PN1P_
          (recovery check against rising-edge clock core_clock)
Path Group: asynchronous
Path Type: max

Fanout     Cap    Slew   Delay    Time   Description
-----------------------------------------------------------------------------
                  0.00    0.00    0.00   clock core_clock (rise edge)
                          0.54    0.54   clock network delay (ideal)
                          0.44    0.98 ^ input external delay
 20636 36699.09    0.00    0.00    0.98 ^ rst_ni (in)
                                         rst_ni (net)
                  0.00    0.00    0.98 ^ csr_regfile_i/dcache_en_o$_DFFE_PN1P_/SN (DFFS_X1)
                                  0.98   data arrival time

                  0.00    2.22    2.22   clock core_clock (rise edge)
                          0.54    2.76   clock network delay (ideal)
                          0.00    2.76   clock reconvergence pessimism
                                  2.76 ^ csr_regfile_i/dcache_en_o$_DFFE_PN1P_/CK (DFFS_X1)
                          0.04    2.80   library recovery time
                                  2.80   data required time
-----------------------------------------------------------------------------
                                  2.80   data required time
                                 -0.98   data arrival time
-----------------------------------------------------------------------------
                                  1.82   slack (MET)


Startpoint: issue_stage_i.i_scoreboard/commit_pointer_q[0]$_DFF_PN0_
            (rising edge-triggered flip-flop clocked by core_clock)
Endpoint: ex_stage_i/i_mult.i_div.op_a_q[61]$_DFFE_PN0P_
          (rising edge-triggered flip-flop clocked by core_clock)
Path Group: core_clock
Path Type: max

Fanout     Cap    Slew   Delay    Time   Description
-----------------------------------------------------------------------------
                  0.00    0.00    0.00   clock core_clock (rise edge)
                          0.54    0.54   clock network delay (ideal)
                  0.00    0.00    0.54 ^ issue_stage_i.i_scoreboard/commit_pointer_q[0]$_DFF_PN0_/CK (DFFR_X1)
     3    7.58    0.02    0.11    0.65 ^ issue_stage_i.i_scoreboard/commit_pointer_q[0]$_DFF_PN0_/Q (DFFR_X1)
                                         issue_stage_i.i_scoreboard/N68 (net)
                  0.02    0.00    0.65 ^ issue_stage_i.i_scoreboard/_60375_/A (HA_X1)
     1    3.40    0.01    0.04    0.69 ^ issue_stage_i.i_scoreboard/_60375_/CO (HA_X1)
                                         issue_stage_i.i_scoreboard/N38702 (net)
                  0.01    0.00    0.69 ^ issue_stage_i.i_scoreboard/_31344_/A (BUF_X4)
     5   12.22    0.01    0.03    0.71 ^ issue_stage_i.i_scoreboard/_31344_/Z (BUF_X4)
                                         issue_stage_i.i_scoreboard/_26771_ (net)
                  0.01    0.00    0.71 ^ issue_stage_i.i_scoreboard/_31345_/A2 (NAND2_X4)
     1    5.81    0.01    0.01    0.73 v issue_stage_i.i_scoreboard/_31345_/ZN (NAND2_X4)
                                         issue_stage_i.i_scoreboard/_26772_ (net)
                  0.01    0.00    0.73 v issue_stage_i.i_scoreboard/_31346_/A (BUF_X8)
     5   15.21    0.01    0.03    0.75 v issue_stage_i.i_scoreboard/_31346_/Z (BUF_X8)
                                         issue_stage_i.i_scoreboard/_26773_ (net)
                  0.01    0.00    0.75 v issue_stage_i.i_scoreboard/_32036_/A (BUF_X16)
    10   18.70    0.00    0.02    0.78 v issue_stage_i.i_scoreboard/_32036_/Z (BUF_X16)
                                         issue_stage_i.i_scoreboard/_01078_ (net)
                  0.00    0.00    0.78 v issue_stage_i.i_scoreboard/_33487_/A (BUF_X16)
    10   18.87    0.00    0.02    0.80 v issue_stage_i.i_scoreboard/_33487_/Z (BUF_X16)
                                         issue_stage_i.i_scoreboard/_02429_ (net)
                  0.00    0.00    0.80 v issue_stage_i.i_scoreboard/_34112_/A (BUF_X16)
    10   18.69    0.00    0.02    0.82 v issue_stage_i.i_scoreboard/_34112_/Z (BUF_X16)
                                         issue_stage_i.i_scoreboard/_03014_ (net)
                  0.00    0.00    0.82 v issue_stage_i.i_scoreboard/_34169_/B1 (OAI21_X4)
     1    3.10    0.01    0.02    0.84 ^ issue_stage_i.i_scoreboard/_34169_/ZN (OAI21_X4)
                                         issue_stage_i.i_scoreboard/_03066_ (net)
                  0.01    0.00    0.84 ^ issue_stage_i.i_scoreboard/_34170_/B1 (OAI21_X2)
     1    0.91    0.01    0.01    0.85 v issue_stage_i.i_scoreboard/_34170_/ZN (OAI21_X2)
                                         issue_stage_i.i_scoreboard/_03067_ (net)
                  0.01    0.00    0.85 v issue_stage_i.i_scoreboard/_34171_/A (MUX2_X1)
     1    0.90    0.01    0.05    0.91 v issue_stage_i.i_scoreboard/_34171_/Z (MUX2_X1)
                                         issue_stage_i.i_scoreboard/_03068_ (net)
                  0.01    0.00    0.91 v issue_stage_i.i_scoreboard/_34172_/B (MUX2_X1)
     1    0.90    0.01    0.06    0.96 v issue_stage_i.i_scoreboard/_34172_/Z (MUX2_X1)
                                         issue_stage_i.i_scoreboard/_03069_ (net)
                  0.01    0.00    0.96 v issue_stage_i.i_scoreboard/_34173_/B (MUX2_X1)
     1    0.90    0.01    0.06    1.02 v issue_stage_i.i_scoreboard/_34173_/Z (MUX2_X1)
                                         issue_stage_i.i_scoreboard/_03070_ (net)
                  0.01    0.00    1.02 v issue_stage_i.i_scoreboard/_34174_/B (MUX2_X1)
     3    9.54    0.02    0.07    1.09 v issue_stage_i.i_scoreboard/_34174_/Z (MUX2_X1)
                                         commit_instr_id_commit[284] (net)
                  0.02    0.00    1.09 v _05287_/A (BUF_X4)
     5   12.64    0.01    0.03    1.13 v _05287_/Z (BUF_X4)
                                         _00544_ (net)
                  0.01    0.00    1.13 v _05289_/A1 (NOR2_X4)
     2    7.45    0.02    0.02    1.15 ^ _05289_/ZN (NOR2_X4)
                                         _00546_ (net)
                  0.02    0.00    1.15 ^ _05302_/B2 (OAI21_X4)
     1    6.18    0.01    0.02    1.17 v _05302_/ZN (OAI21_X4)
                                         _00559_ (net)
                  0.01    0.00    1.17 v _05304_/B2 (AOI22_X4)
     4   10.72    0.03    0.05    1.22 ^ _05304_/ZN (AOI22_X4)
                                         _00561_ (net)
                  0.03    0.00    1.22 ^ _05305_/A1 (NOR3_X4)
     7   15.66    0.02    0.02    1.24 v _05305_/ZN (NOR3_X4)
                                         amo_valid_commit (net)
                  0.02    0.00    1.24 v _05306_/A1 (NOR2_X4)
     3    9.92    0.02    0.03    1.27 ^ _05306_/ZN (NOR2_X4)
                                         commit_stage_i.debug_req_i (net)
                  0.02    0.00    1.27 ^ _05308_/B2 (AOI21_X4)
     3    8.75    0.01    0.02    1.29 v _05308_/ZN (AOI21_X4)
                                         _00563_ (net)
                  0.01    0.00    1.29 v _08631_/A1 (NAND2_X4)
     6   16.74    0.02    0.02    1.31 ^ _08631_/ZN (NAND2_X4)
                                         _03378_ (net)
                  0.02    0.00    1.31 ^ _08632_/A (INV_X4)
     5    9.31    0.01    0.01    1.32 v _08632_/ZN (INV_X4)
                                         _03379_ (net)
                  0.01    0.00    1.32 v _08633_/A (BUF_X8)
    10   16.81    0.01    0.02    1.34 v _08633_/Z (BUF_X8)
                                         _03380_ (net)
                  0.01    0.00    1.34 v _08634_/A (BUF_X8)
    10   14.26    0.01    0.02    1.37 v _08634_/Z (BUF_X8)
                                         commit_stage_i.commit_csr_o (net)
                  0.01    0.00    1.37 v _08643_/A2 (AND2_X4)
     4    9.15    0.01    0.03    1.40 v _08643_/ZN (AND2_X4)
                                         commit_stage_i.csr_op_o[3] (net)
                  0.01    0.00    1.40 v csr_regfile_i/_08222_/A2 (NOR4_X4)
     3    5.82    0.04    0.06    1.46 ^ csr_regfile_i/_08222_/ZN (NOR4_X4)
                                         csr_regfile_i/_01306_ (net)
                  0.04    0.00    1.46 ^ csr_regfile_i/_08228_/A1 (AND2_X4)
     3    8.78    0.01    0.04    1.50 ^ csr_regfile_i/_08228_/ZN (AND2_X4)
                                         csr_regfile_i/_01312_ (net)
                  0.01    0.00    1.50 ^ csr_regfile_i/_08458_/A (AOI21_X4)
     5    9.27    0.01    0.01    1.51 v csr_regfile_i/_08458_/ZN (AOI21_X4)
                                         csr_regfile_i/_01542_ (net)
                  0.01    0.00    1.51 v csr_regfile_i/_08465_/A1 (NOR3_X4)
     8   13.85    0.04    0.05    1.56 ^ csr_regfile_i/_08465_/ZN (NOR3_X4)
                                         csr_regfile_i/_01549_ (net)
                  0.04    0.00    1.56 ^ csr_regfile_i/_08864_/A1 (AND3_X4)
     1    6.59    0.01    0.05    1.61 ^ csr_regfile_i/_08864_/ZN (AND3_X4)
                                         csr_regfile_i/_01946_ (net)
                  0.01    0.00    1.61 ^ csr_regfile_i/_08865_/A (BUF_X8)
     9   19.17    0.01    0.02    1.63 ^ csr_regfile_i/_08865_/Z (BUF_X8)
                                         csr_regfile_i/_01947_ (net)
                  0.01    0.00    1.63 ^ csr_regfile_i/_12669_/A (OAI21_X4)
     2    7.23    0.02    0.02    1.65 v csr_regfile_i/_12669_/ZN (OAI21_X4)
                                         csr_regfile_i/_05192_ (net)
                  0.02    0.00    1.65 v csr_regfile_i/_12710_/A1 (NAND2_X4)
     3    7.79    0.01    0.02    1.67 ^ csr_regfile_i/_12710_/ZN (NAND2_X4)
                                         csr_regfile_i/_05229_ (net)
                  0.01    0.00    1.67 ^ csr_regfile_i/_13028_/A2 (OR2_X4)
     3    8.24    0.01    0.03    1.70 ^ csr_regfile_i/_13028_/ZN (OR2_X4)
                                         commit_stage_i.csr_exception_i[0] (net)
                  0.01    0.00    1.70 ^ _06275_/A2 (NAND2_X2)
     1    2.63    0.01    0.01    1.71 v _06275_/ZN (NAND2_X2)
                                         _01384_ (net)
                  0.01    0.00    1.71 v _06276_/A1 (OR3_X4)
     5   13.25    0.01    0.06    1.77 v _06276_/ZN (OR3_X4)
                                         _01385_ (net)
                  0.01    0.00    1.77 v _08741_/A2 (AND2_X4)
     1   11.00    0.01    0.03    1.81 v _08741_/ZN (AND2_X4)
                                         _03414_ (net)
                  0.01    0.00    1.81 v _08742_/A (BUF_X16)
     9   52.28    0.01    0.03    1.83 v _08742_/Z (BUF_X16)
                                         _03415_ (net)
                  0.01    0.00    1.83 v _08908_/A (BUF_X32)
    10   31.83    0.00    0.02    1.86 v _08908_/Z (BUF_X32)
                                         _03479_ (net)
                  0.00    0.00    1.86 v _08910_/A1 (AOI22_X4)
     1    6.77    0.02    0.03    1.89 ^ _08910_/ZN (AOI22_X4)
                                         _03481_ (net)
                  0.02    0.00    1.89 ^ _08911_/A1 (NOR2_X4)
     3    8.26    0.02    0.01    1.90 v _08911_/ZN (NOR2_X4)
                                         commit_stage_i.exception_o[77] (net)
                  0.02    0.00    1.90 v csr_regfile_i/_13336_/A4 (NOR4_X4)
     1    3.82    0.04    0.08    1.97 ^ csr_regfile_i/_13336_/ZN (NOR4_X4)
                                         csr_regfile_i/_05678_ (net)
                  0.04    0.00    1.97 ^ csr_regfile_i/_13337_/A4 (NAND4_X2)
     1    5.43    0.02    0.04    2.01 v csr_regfile_i/_13337_/ZN (NAND4_X2)
                                         csr_regfile_i/_05679_ (net)
                  0.02    0.00    2.01 v csr_regfile_i/_13343_/A2 (NOR3_X4)
     1    7.16    0.03    0.05    2.07 ^ csr_regfile_i/_13343_/ZN (NOR3_X4)
                                         csr_regfile_i/_05685_ (net)
                  0.03    0.00    2.07 ^ csr_regfile_i/_13344_/A3 (NAND3_X4)
     4    8.60    0.02    0.03    2.09 v csr_regfile_i/_13344_/ZN (NAND3_X4)
                                         csr_regfile_i/_05686_ (net)
                  0.02    0.00    2.09 v csr_regfile_i/_15959_/B1 (OAI22_X4)
     3    6.00    0.03    0.04    2.13 ^ csr_regfile_i/_15959_/ZN (OAI22_X4)
                                         controller_i.set_debug_pc_i (net)
                  0.03    0.00    2.13 ^ _06280_/A1 (OR4_X4)
     7   18.30    0.01    0.04    2.17 ^ _06280_/ZN (OR4_X4)
                                         controller_i.flush_ex_o (net)
                  0.01    0.00    2.17 ^ ex_stage_i/_19523_/A (INV_X8)
    10   18.60    0.01    0.01    2.18 v ex_stage_i/_19523_/ZN (INV_X8)
                                         ex_stage_i/_14963_ (net)
                  0.01    0.00    2.18 v ex_stage_i/_19526_/A1 (AND3_X1)
     6    9.20    0.01    0.04    2.22 v ex_stage_i/_19526_/ZN (AND3_X1)
                                         ex_stage_i/_14966_ (net)
                  0.01    0.00    2.22 v ex_stage_i/_19527_/A2 (NAND2_X2)
     6   10.84    0.02    0.03    2.25 ^ ex_stage_i/_19527_/ZN (NAND2_X2)
                                         ex_stage_i/_14967_ (net)
                  0.02    0.00    2.25 ^ ex_stage_i/_19528_/A (BUF_X2)
    10   16.18    0.02    0.04    2.29 ^ ex_stage_i/_19528_/Z (BUF_X2)
                                         ex_stage_i/_14968_ (net)
                  0.02    0.00    2.29 ^ ex_stage_i/_19529_/A (BUF_X2)
    10   16.50    0.02    0.04    2.33 ^ ex_stage_i/_19529_/Z (BUF_X2)
                                         ex_stage_i/_14969_ (net)
                  0.02    0.00    2.33 ^ ex_stage_i/_19530_/A (BUF_X2)
    10   15.49    0.02    0.04    2.37 ^ ex_stage_i/_19530_/Z (BUF_X2)
                                         ex_stage_i/_14970_ (net)
                  0.02    0.00    2.37 ^ ex_stage_i/_19531_/A (BUF_X1)
    10   14.65    0.04    0.06    2.43 ^ ex_stage_i/_19531_/Z (BUF_X1)
                                         ex_stage_i/_14971_ (net)
                  0.04    0.00    2.43 ^ ex_stage_i/_19532_/A (BUF_X1)
    10   12.70    0.03    0.06    2.49 ^ ex_stage_i/_19532_/Z (BUF_X1)
                                         ex_stage_i/_14972_ (net)
                  0.03    0.00    2.49 ^ ex_stage_i/_19533_/A (BUF_X1)
    10   15.25    0.04    0.06    2.55 ^ ex_stage_i/_19533_/Z (BUF_X1)
                                         ex_stage_i/_14973_ (net)
                  0.04    0.00    2.55 ^ ex_stage_i/_19534_/A (BUF_X2)
    10   15.07    0.02    0.04    2.59 ^ ex_stage_i/_19534_/Z (BUF_X2)
                                         ex_stage_i/_14974_ (net)
                  0.02    0.00    2.59 ^ ex_stage_i/_19535_/A2 (NOR2_X1)
     1    1.54    0.01    0.01    2.60 v ex_stage_i/_19535_/ZN (NOR2_X1)
                                         ex_stage_i/_14975_ (net)
                  0.01    0.00    2.60 v ex_stage_i/_19537_/A (AOI21_X1)
     2    5.15    0.04    0.06    2.66 ^ ex_stage_i/_19537_/ZN (AOI21_X1)
                                         ex_stage_i/_00923_ (net)
                  0.04    0.00    2.66 ^ ex_stage_i/_36441_/B (HA_X1)
     2    3.29    0.01    0.04    2.70 ^ ex_stage_i/_36441_/CO (HA_X1)
                                         ex_stage_i/_00924_ (net)
                  0.01    0.00    2.70 ^ ex_stage_i/_27380_/A1 (NAND3_X1)
     4    5.14    0.02    0.03    2.73 v ex_stage_i/_27380_/ZN (NAND3_X1)
                                         ex_stage_i/_07086_ (net)
                  0.02    0.00    2.73 v ex_stage_i/_27411_/A1 (NOR2_X1)
     2    5.86    0.03    0.05    2.78 ^ ex_stage_i/_27411_/ZN (NOR2_X1)
                                         ex_stage_i/_07113_ (net)
                  0.03    0.00    2.78 ^ ex_stage_i/_27473_/A2 (NAND3_X2)
     6    7.71    0.02    0.03    2.81 v ex_stage_i/_27473_/ZN (NAND3_X2)
                                         ex_stage_i/_07165_ (net)
                  0.02    0.00    2.81 v ex_stage_i/_27513_/A2 (OR2_X1)
     5    7.94    0.02    0.07    2.88 v ex_stage_i/_27513_/ZN (OR2_X1)
                                         ex_stage_i/_07199_ (net)
                  0.02    0.00    2.88 v ex_stage_i/_27566_/A2 (NOR2_X1)
     3    4.92    0.03    0.05    2.93 ^ ex_stage_i/_27566_/ZN (NOR2_X1)
                                         ex_stage_i/_07244_ (net)
                  0.03    0.00    2.93 ^ ex_stage_i/_27578_/A2 (NAND2_X1)
     3    4.57    0.01    0.03    2.95 v ex_stage_i/_27578_/ZN (NAND2_X1)
                                         ex_stage_i/_07254_ (net)
                  0.01    0.00    2.95 v ex_stage_i/_27579_/A3 (NOR3_X1)
     1    1.63    0.03    0.05    3.00 ^ ex_stage_i/_27579_/ZN (NOR3_X1)
                                         ex_stage_i/_07255_ (net)
                  0.03    0.00    3.00 ^ ex_stage_i/_27581_/A (AOI21_X1)
     1    2.18    0.01    0.02    3.02 v ex_stage_i/_27581_/ZN (AOI21_X1)
                                         ex_stage_i/_07257_ (net)
                  0.01    0.00    3.02 v ex_stage_i/_27584_/A (XOR2_X1)
     1    3.06    0.01    0.05    3.07 v ex_stage_i/_27584_/Z (XOR2_X1)
                                         ex_stage_i/_00380_ (net)
                  0.01    0.00    3.07 v ex_stage_i/_36217_/A (HA_X1)
     1    0.88    0.01    0.05    3.12 v ex_stage_i/_36217_/S (HA_X1)
                                         ex_stage_i/_00382_ (net)
                  0.01    0.00    3.12 v ex_stage_i/_21515_/A (BUF_X1)
     6    9.52    0.01    0.04    3.16 v ex_stage_i/_21515_/Z (BUF_X1)
                                         ex_stage_i/_03418_ (net)
                  0.01    0.00    3.16 v ex_stage_i/_21538_/B1 (AOI21_X1)
     1    1.57    0.02    0.03    3.19 ^ ex_stage_i/_21538_/ZN (AOI21_X1)
                                         ex_stage_i/_03438_ (net)
                  0.02    0.00    3.19 ^ ex_stage_i/_21539_/B2 (OAI21_X1)
     1    1.41    0.01    0.02    3.21 v ex_stage_i/_21539_/ZN (OAI21_X1)
                                         ex_stage_i/_03439_ (net)
                  0.01    0.00    3.21 v ex_stage_i/_21540_/B2 (AOI21_X1)
     2    3.24    0.03    0.04    3.25 ^ ex_stage_i/_21540_/ZN (AOI21_X1)
                                         ex_stage_i/_03440_ (net)
                  0.03    0.00    3.25 ^ ex_stage_i/_21561_/B2 (OAI21_X1)
     2    2.96    0.01    0.02    3.27 v ex_stage_i/_21561_/ZN (OAI21_X1)
                                         ex_stage_i/_03459_ (net)
                  0.01    0.00    3.27 v ex_stage_i/_21565_/B2 (AOI221_X1)
     2    1.89    0.04    0.08    3.35 ^ ex_stage_i/_21565_/ZN (AOI221_X1)
                                         ex_stage_i/_03463_ (net)
                  0.04    0.00    3.35 ^ ex_stage_i/_21601_/A1 (OR2_X1)
     2    3.31    0.01    0.04    3.39 ^ ex_stage_i/_21601_/ZN (OR2_X1)
                                         ex_stage_i/_03494_ (net)
                  0.01    0.00    3.39 ^ ex_stage_i/_21627_/B1 (OAI21_X1)
     2    2.94    0.01    0.02    3.41 v ex_stage_i/_21627_/ZN (OAI21_X1)
                                         ex_stage_i/_03518_ (net)
                  0.01    0.00    3.41 v ex_stage_i/_21676_/B2 (AOI21_X1)
     2    3.23    0.03    0.04    3.45 ^ ex_stage_i/_21676_/ZN (AOI21_X1)
                                         ex_stage_i/_03561_ (net)
                  0.03    0.00    3.45 ^ ex_stage_i/_21692_/B2 (OAI21_X1)
     1    0.87    0.01    0.02    3.47 v ex_stage_i/_21692_/ZN (OAI21_X1)
                                         ex_stage_i/_03574_ (net)
                  0.01    0.00    3.47 v ex_stage_i/_21696_/A1 (AND2_X1)
     2    5.63    0.01    0.04    3.50 v ex_stage_i/_21696_/ZN (AND2_X1)
                                         ex_stage_i/_03578_ (net)
                  0.01    0.00    3.50 v ex_stage_i/_21709_/B1 (AOI221_X2)
     5    8.94    0.06    0.09    3.59 ^ ex_stage_i/_21709_/ZN (AOI221_X2)
                                         ex_stage_i/_03589_ (net)
                  0.06    0.00    3.59 ^ ex_stage_i/_21797_/B2 (OAI21_X1)
     1    2.41    0.02    0.03    3.62 v ex_stage_i/_21797_/ZN (OAI21_X1)
                                         ex_stage_i/_03668_ (net)
                  0.02    0.00    3.62 v ex_stage_i/_21798_/B (XOR2_X1)
     1    0.91    0.01    0.06    3.68 v ex_stage_i/_21798_/Z (XOR2_X1)
                                         ex_stage_i/_03669_ (net)
                  0.01    0.00    3.68 v ex_stage_i/_21799_/A (MUX2_X1)
     1    1.05    0.01    0.06    3.74 v ex_stage_i/_21799_/Z (MUX2_X1)
                                         ex_stage_i/_01166_ (net)
                  0.01    0.00    3.74 v ex_stage_i/i_mult.i_div.op_a_q[61]$_DFFE_PN0P_/D (DFFR_X1)
                                  3.74   data arrival time

                  0.00    2.22    2.22   clock core_clock (rise edge)
                          0.54    2.76   clock network delay (ideal)
                          0.00    2.76   clock reconvergence pessimism
                                  2.76 ^ ex_stage_i/i_mult.i_div.op_a_q[61]$_DFFE_PN0P_/CK (DFFR_X1)
                         -0.04    2.72   library setup time
                                  2.72   data required time
-----------------------------------------------------------------------------
                                  2.72   data required time
                                 -3.74   data arrival time
-----------------------------------------------------------------------------
                                 -1.02   slack (VIOLATED)



==========================================================================
floorplan final report_power
--------------------------------------------------------------------------
Group                  Internal  Switching    Leakage      Total
                          Power      Power      Power      Power (Watts)
----------------------------------------------------------------
Sequential             6.64e-02   2.19e-04   1.65e-03   6.83e-02  25.4%
Combinational          5.45e-03   6.36e-03   3.74e-03   1.56e-02   5.8%
Clock                  0.00e+00   0.00e+00   0.00e+00   0.00e+00   0.0%
Macro                  1.62e-01   0.00e+00   2.24e-02   1.85e-01  68.8%
Pad                    0.00e+00   0.00e+00   0.00e+00   0.00e+00   0.0%
----------------------------------------------------------------
Total                  2.34e-01   6.58e-03   2.78e-02   2.69e-01 100.0%
                          87.2%       2.4%      10.4%
