
==========================================================================
floorplan final report_tns
--------------------------------------------------------------------------
tns max -3676.16

==========================================================================
floorplan final report_wns
--------------------------------------------------------------------------
wns max -1.13

==========================================================================
floorplan final report_worst_slack
--------------------------------------------------------------------------
worst slack max -1.13

==========================================================================
floorplan final report_clock_min_period
--------------------------------------------------------------------------
core_clock period_min = 3.36 fmax = 297.91

==========================================================================
floorplan final report_checks -path_delay min
--------------------------------------------------------------------------
Startpoint: rst_ni (input port clocked by core_clock)
Endpoint: controller_i.fence_active_q$_DFFE_PN0P_
          (removal check against rising-edge clock core_clock)
Path Group: asynchronous
Path Type: min

Fanout     Cap    Slew   Delay    Time   Description
-----------------------------------------------------------------------------
                  0.00    0.00    0.00   clock core_clock (rise edge)
                          0.54    0.54   clock network delay (ideal)
                          0.44    0.98 ^ input external delay
 20639 36704.43    0.00    0.00    0.98 ^ rst_ni (in)
                                         rst_ni (net)
                  0.00    0.00    0.98 ^ controller_i.fence_active_q$_DFFE_PN0P_/RN (DFFR_X1)
                                  0.98   data arrival time

                  0.00    0.00    0.00   clock core_clock (rise edge)
                          0.54    0.54   clock network delay (ideal)
                          0.00    0.54   clock reconvergence pessimism
                                  0.54 ^ controller_i.fence_active_q$_DFFE_PN0P_/CK (DFFR_X1)
                          0.18    0.72   library removal time
                                  0.72   data required time
-----------------------------------------------------------------------------
                                  0.72   data required time
                                 -0.98   data arrival time
-----------------------------------------------------------------------------
                                  0.26   slack (MET)


Startpoint: issue_stage_i.i_scoreboard/issue_instr_o[295]$_DFFE_PN0N_
            (rising edge-triggered flip-flop clocked by core_clock)
Endpoint: issue_stage_i.i_issue_read_operands/fu_data_o[0]$_DFF_PN0_
          (rising edge-triggered flip-flop clocked by core_clock)
Path Group: core_clock
Path Type: min

Fanout     Cap    Slew   Delay    Time   Description
-----------------------------------------------------------------------------
                  0.00    0.00    0.00   clock core_clock (rise edge)
                          0.54    0.54   clock network delay (ideal)
                  0.00    0.00    0.54 ^ issue_stage_i.i_scoreboard/issue_instr_o[295]$_DFFE_PN0N_/CK (DFFR_X1)
     2    2.64    0.01    0.09    0.62 v issue_stage_i.i_scoreboard/issue_instr_o[295]$_DFFE_PN0N_/Q (DFFR_X1)
                                         issue_stage_i.issue_instr_sb_iro[295] (net)
                  0.01    0.00    0.62 v issue_stage_i.i_issue_read_operands/fu_data_o[0]$_DFF_PN0_/D (DFFR_X1)
                                  0.62   data arrival time

                  0.00    0.00    0.00   clock core_clock (rise edge)
                          0.54    0.54   clock network delay (ideal)
                          0.00    0.54   clock reconvergence pessimism
                                  0.54 ^ issue_stage_i.i_issue_read_operands/fu_data_o[0]$_DFF_PN0_/CK (DFFR_X1)
                          0.00    0.54   library hold time
                                  0.54   data required time
-----------------------------------------------------------------------------
                                  0.54   data required time
                                 -0.62   data arrival time
-----------------------------------------------------------------------------
                                  0.08   slack (MET)



==========================================================================
floorplan final report_checks -path_delay max
--------------------------------------------------------------------------
Startpoint: rst_ni (input port clocked by core_clock)
Endpoint: csr_regfile_i/dcache_en_o$_DFFE_PN1P_
          (recovery check against rising-edge clock core_clock)
Path Group: asynchronous
Path Type: max

Fanout     Cap    Slew   Delay    Time   Description
-----------------------------------------------------------------------------
                  0.00    0.00    0.00   clock core_clock (rise edge)
                          0.54    0.54   clock network delay (ideal)
                          0.44    0.98 ^ input external delay
 20639 36704.43    0.00    0.00    0.98 ^ rst_ni (in)
                                         rst_ni (net)
                  0.00    0.00    0.98 ^ csr_regfile_i/dcache_en_o$_DFFE_PN1P_/SN (DFFS_X1)
                                  0.98   data arrival time

                  0.00    2.22    2.22   clock core_clock (rise edge)
                          0.54    2.76   clock network delay (ideal)
                          0.00    2.76   clock reconvergence pessimism
                                  2.76 ^ csr_regfile_i/dcache_en_o$_DFFE_PN1P_/CK (DFFS_X1)
                          0.04    2.80   library recovery time
                                  2.80   data required time
-----------------------------------------------------------------------------
                                  2.80   data required time
                                 -0.98   data arrival time
-----------------------------------------------------------------------------
                                  1.82   slack (MET)


Startpoint: issue_stage_i.i_scoreboard/N68$_DFF_PN0_
            (rising edge-triggered flip-flop clocked by core_clock)
Endpoint: ex_stage_i/i_mult.i_div.op_a_q[61]$_DFFE_PN0P_
          (rising edge-triggered flip-flop clocked by core_clock)
Path Group: core_clock
Path Type: max

Fanout     Cap    Slew   Delay    Time   Description
-----------------------------------------------------------------------------
                  0.00    0.00    0.00   clock core_clock (rise edge)
                          0.54    0.54   clock network delay (ideal)
                  0.00    0.00    0.54 ^ issue_stage_i.i_scoreboard/N68$_DFF_PN0_/CK (DFFR_X1)
     4   10.65    0.02    0.10    0.63 v issue_stage_i.i_scoreboard/N68$_DFF_PN0_/Q (DFFR_X1)
                                         issue_stage_i.i_scoreboard/N68 (net)
                  0.02    0.00    0.63 v issue_stage_i.i_scoreboard/_65165_/B (HA_X1)
     3    7.27    0.01    0.04    0.68 v issue_stage_i.i_scoreboard/_65165_/CO (HA_X1)
                                         issue_stage_i.i_scoreboard/N38700 (net)
                  0.01    0.00    0.68 v issue_stage_i.i_scoreboard/_65167_/B (HA_X1)
     1    1.59    0.01    0.03    0.71 v issue_stage_i.i_scoreboard/_65167_/CO (HA_X1)
                                         issue_stage_i.i_scoreboard/N212 (net)
                  0.01    0.00    0.71 v issue_stage_i.i_scoreboard/_43619_/A (BUF_X2)
     3    4.75    0.01    0.03    0.73 v issue_stage_i.i_scoreboard/_43619_/Z (BUF_X2)
                                         issue_stage_i.i_scoreboard/_10482_ (net)
                  0.01    0.00    0.73 v issue_stage_i.i_scoreboard/_52904_/A (BUF_X4)
    10   13.69    0.01    0.03    0.76 v issue_stage_i.i_scoreboard/_52904_/Z (BUF_X4)
                                         issue_stage_i.i_scoreboard/_17682_ (net)
                  0.01    0.00    0.76 v issue_stage_i.i_scoreboard/_53232_/A (BUF_X8)
    10   11.52    0.01    0.02    0.78 v issue_stage_i.i_scoreboard/_53232_/Z (BUF_X8)
                                         issue_stage_i.i_scoreboard/_17978_ (net)
                  0.01    0.00    0.78 v issue_stage_i.i_scoreboard/_53284_/A1 (AND3_X4)
     1    2.94    0.01    0.02    0.81 v issue_stage_i.i_scoreboard/_53284_/ZN (AND3_X4)
                                         issue_stage_i.i_scoreboard/_18025_ (net)
                  0.01    0.00    0.81 v issue_stage_i.i_scoreboard/_53285_/A (AOI21_X2)
     1    1.68    0.02    0.03    0.84 ^ issue_stage_i.i_scoreboard/_53285_/ZN (AOI21_X2)
                                         issue_stage_i.i_scoreboard/_18026_ (net)
                  0.02    0.00    0.84 ^ issue_stage_i.i_scoreboard/_53286_/B2 (AOI21_X1)
     1    0.90    0.01    0.01    0.86 v issue_stage_i.i_scoreboard/_53286_/ZN (AOI21_X1)
                                         issue_stage_i.i_scoreboard/_18027_ (net)
                  0.01    0.00    0.86 v issue_stage_i.i_scoreboard/_53287_/B (MUX2_X1)
     1    0.91    0.01    0.06    0.91 v issue_stage_i.i_scoreboard/_53287_/Z (MUX2_X1)
                                         issue_stage_i.i_scoreboard/_18028_ (net)
                  0.01    0.00    0.91 v issue_stage_i.i_scoreboard/_53289_/A (MUX2_X1)
     1    0.90    0.01    0.06    0.97 v issue_stage_i.i_scoreboard/_53289_/Z (MUX2_X1)
                                         issue_stage_i.i_scoreboard/_18030_ (net)
                  0.01    0.00    0.97 v issue_stage_i.i_scoreboard/_53290_/B (MUX2_X1)
     1    0.90    0.01    0.06    1.02 v issue_stage_i.i_scoreboard/_53290_/Z (MUX2_X1)
                                         issue_stage_i.i_scoreboard/_18031_ (net)
                  0.01    0.00    1.02 v issue_stage_i.i_scoreboard/_53291_/B (MUX2_X1)
     1    0.90    0.01    0.06    1.08 v issue_stage_i.i_scoreboard/_53291_/Z (MUX2_X1)
                                         issue_stage_i.i_scoreboard/_18032_ (net)
                  0.01    0.00    1.08 v issue_stage_i.i_scoreboard/_53292_/B (MUX2_X1)
     3    5.93    0.01    0.07    1.15 v issue_stage_i.i_scoreboard/_53292_/Z (MUX2_X1)
                                         commit_instr_id_commit[284] (net)
                  0.01    0.00    1.15 v _05287_/A (BUF_X4)
     5   12.64    0.01    0.03    1.18 v _05287_/Z (BUF_X4)
                                         _00544_ (net)
                  0.01    0.00    1.18 v _05289_/A1 (NOR2_X4)
     2    7.45    0.02    0.02    1.20 ^ _05289_/ZN (NOR2_X4)
                                         _00546_ (net)
                  0.02    0.00    1.20 ^ _05302_/B2 (OAI21_X4)
     1    6.18    0.01    0.02    1.22 v _05302_/ZN (OAI21_X4)
                                         _00559_ (net)
                  0.01    0.00    1.22 v _05304_/B2 (AOI22_X4)
     4   10.72    0.03    0.05    1.27 ^ _05304_/ZN (AOI22_X4)
                                         _00561_ (net)
                  0.03    0.00    1.27 ^ _05305_/A1 (NOR3_X4)
     7   15.66    0.02    0.02    1.29 v _05305_/ZN (NOR3_X4)
                                         amo_valid_commit (net)
                  0.02    0.00    1.29 v _05306_/A1 (NOR2_X4)
     3    9.92    0.02    0.03    1.32 ^ _05306_/ZN (NOR2_X4)
                                         commit_stage_i.debug_req_i (net)
                  0.02    0.00    1.32 ^ _05308_/B2 (AOI21_X4)
     3    8.75    0.01    0.02    1.34 v _05308_/ZN (AOI21_X4)
                                         _00563_ (net)
                  0.01    0.00    1.34 v _08631_/A1 (NAND2_X4)
     6   16.74    0.02    0.02    1.36 ^ _08631_/ZN (NAND2_X4)
                                         _03378_ (net)
                  0.02    0.00    1.36 ^ _08632_/A (INV_X4)
     5    9.31    0.01    0.01    1.37 v _08632_/ZN (INV_X4)
                                         _03379_ (net)
                  0.01    0.00    1.37 v _08633_/A (BUF_X8)
    10   16.81    0.01    0.02    1.39 v _08633_/Z (BUF_X8)
                                         _03380_ (net)
                  0.01    0.00    1.39 v _08634_/A (BUF_X8)
    10   14.26    0.01    0.02    1.42 v _08634_/Z (BUF_X8)
                                         commit_stage_i.commit_csr_o (net)
                  0.01    0.00    1.42 v _08643_/A2 (AND2_X4)
     4    9.15    0.01    0.03    1.45 v _08643_/ZN (AND2_X4)
                                         commit_stage_i.csr_op_o[3] (net)
                  0.01    0.00    1.45 v csr_regfile_i/_08222_/A2 (NOR4_X4)
     3    5.82    0.04    0.06    1.51 ^ csr_regfile_i/_08222_/ZN (NOR4_X4)
                                         csr_regfile_i/_01306_ (net)
                  0.04    0.00    1.51 ^ csr_regfile_i/_08228_/A1 (AND2_X4)
     3    8.78    0.01    0.04    1.55 ^ csr_regfile_i/_08228_/ZN (AND2_X4)
                                         csr_regfile_i/_01312_ (net)
                  0.01    0.00    1.55 ^ csr_regfile_i/_08458_/A (AOI21_X4)
     5    9.27    0.01    0.01    1.56 v csr_regfile_i/_08458_/ZN (AOI21_X4)
                                         csr_regfile_i/_01542_ (net)
                  0.01    0.00    1.56 v csr_regfile_i/_08465_/A1 (NOR3_X4)
     8   13.85    0.04    0.05    1.61 ^ csr_regfile_i/_08465_/ZN (NOR3_X4)
                                         csr_regfile_i/_01549_ (net)
                  0.04    0.00    1.61 ^ csr_regfile_i/_08864_/A1 (AND3_X4)
     1    6.59    0.01    0.05    1.66 ^ csr_regfile_i/_08864_/ZN (AND3_X4)
                                         csr_regfile_i/_01946_ (net)
                  0.01    0.00    1.66 ^ csr_regfile_i/_08865_/A (BUF_X8)
     9   19.17    0.01    0.02    1.68 ^ csr_regfile_i/_08865_/Z (BUF_X8)
                                         csr_regfile_i/_01947_ (net)
                  0.01    0.00    1.68 ^ csr_regfile_i/_12669_/A (OAI21_X4)
     2    7.23    0.02    0.02    1.70 v csr_regfile_i/_12669_/ZN (OAI21_X4)
                                         csr_regfile_i/_05192_ (net)
                  0.02    0.00    1.70 v csr_regfile_i/_12710_/A1 (NAND2_X4)
     3    6.15    0.01    0.02    1.72 ^ csr_regfile_i/_12710_/ZN (NAND2_X4)
                                         csr_regfile_i/_05229_ (net)
                  0.01    0.00    1.72 ^ csr_regfile_i/_13028_/A2 (OR2_X4)
     3   10.75    0.01    0.03    1.75 ^ csr_regfile_i/_13028_/ZN (OR2_X4)
                                         commit_stage_i.csr_exception_i[0] (net)
                  0.01    0.00    1.75 ^ _06275_/A1 (NAND2_X4)
     1    2.63    0.01    0.01    1.76 v _06275_/ZN (NAND2_X4)
                                         _01384_ (net)
                  0.01    0.00    1.76 v _06276_/A1 (OR3_X4)
     5   13.25    0.01    0.06    1.82 v _06276_/ZN (OR3_X4)
                                         _01385_ (net)
                  0.01    0.00    1.82 v _08741_/A2 (AND2_X4)
     1   11.00    0.01    0.03    1.85 v _08741_/ZN (AND2_X4)
                                         _03414_ (net)
                  0.01    0.00    1.85 v _08742_/A (BUF_X16)
     9   52.28    0.01    0.03    1.88 v _08742_/Z (BUF_X16)
                                         _03415_ (net)
                  0.01    0.00    1.88 v _08908_/A (BUF_X32)
    10   31.83    0.00    0.02    1.90 v _08908_/Z (BUF_X32)
                                         _03479_ (net)
                  0.00    0.00    1.90 v _08910_/A1 (AOI22_X4)
     1    6.77    0.02    0.03    1.93 ^ _08910_/ZN (AOI22_X4)
                                         _03481_ (net)
                  0.02    0.00    1.93 ^ _08911_/A1 (NOR2_X4)
     3    8.26    0.02    0.01    1.94 v _08911_/ZN (NOR2_X4)
                                         commit_stage_i.exception_o[77] (net)
                  0.02    0.00    1.94 v csr_regfile_i/_13336_/A4 (NOR4_X4)
     1    3.82    0.04    0.08    2.02 ^ csr_regfile_i/_13336_/ZN (NOR4_X4)
                                         csr_regfile_i/_05678_ (net)
                  0.04    0.00    2.02 ^ csr_regfile_i/_13337_/A4 (NAND4_X2)
     1    5.43    0.02    0.04    2.06 v csr_regfile_i/_13337_/ZN (NAND4_X2)
                                         csr_regfile_i/_05679_ (net)
                  0.02    0.00    2.06 v csr_regfile_i/_13343_/A2 (NOR3_X4)
     1    7.16    0.03    0.05    2.11 ^ csr_regfile_i/_13343_/ZN (NOR3_X4)
                                         csr_regfile_i/_05685_ (net)
                  0.03    0.00    2.11 ^ csr_regfile_i/_13344_/A3 (NAND3_X4)
     4    8.60    0.02    0.03    2.14 v csr_regfile_i/_13344_/ZN (NAND3_X4)
                                         csr_regfile_i/_05686_ (net)
                  0.02    0.00    2.14 v csr_regfile_i/_15959_/B1 (OAI22_X4)
     3    6.00    0.03    0.04    2.18 ^ csr_regfile_i/_15959_/ZN (OAI22_X4)
                                         controller_i.set_debug_pc_i (net)
                  0.03    0.00    2.18 ^ _06280_/A1 (OR4_X4)
     4    9.48    0.01    0.03    2.21 ^ _06280_/ZN (OR4_X4)
                                         controller_i.flush_ex_o (net)
                  0.01    0.00    2.21 ^ ex_stage_i/_19643_/A (BUF_X8)
     5   11.14    0.01    0.02    2.23 ^ ex_stage_i/_19643_/Z (BUF_X8)
                                         ex_stage_i/_15093_ (net)
                  0.01    0.00    2.23 ^ ex_stage_i/_19645_/A1 (NOR2_X2)
     6    9.47    0.01    0.01    2.24 v ex_stage_i/_19645_/ZN (NOR2_X2)
                                         ex_stage_i/_15095_ (net)
                  0.01    0.00    2.24 v ex_stage_i/_19646_/A3 (NAND3_X2)
     4    5.62    0.01    0.02    2.27 ^ ex_stage_i/_19646_/ZN (NAND3_X2)
                                         ex_stage_i/_15096_ (net)
                  0.01    0.00    2.27 ^ ex_stage_i/_19647_/A (BUF_X2)
    10   17.88    0.02    0.04    2.31 ^ ex_stage_i/_19647_/Z (BUF_X2)
                                         ex_stage_i/_15097_ (net)
                  0.02    0.00    2.31 ^ ex_stage_i/_19648_/A (BUF_X2)
    10   17.02    0.02    0.04    2.35 ^ ex_stage_i/_19648_/Z (BUF_X2)
                                         ex_stage_i/_15098_ (net)
                  0.02    0.00    2.35 ^ ex_stage_i/_19649_/A (BUF_X2)
    10   17.87    0.02    0.04    2.39 ^ ex_stage_i/_19649_/Z (BUF_X2)
                                         ex_stage_i/_15099_ (net)
                  0.02    0.00    2.39 ^ ex_stage_i/_19650_/A (BUF_X1)
    10   15.70    0.04    0.06    2.45 ^ ex_stage_i/_19650_/Z (BUF_X1)
                                         ex_stage_i/_15100_ (net)
                  0.04    0.00    2.45 ^ ex_stage_i/_19651_/A (BUF_X1)
    10   14.37    0.04    0.06    2.51 ^ ex_stage_i/_19651_/Z (BUF_X1)
                                         ex_stage_i/_15101_ (net)
                  0.04    0.00    2.51 ^ ex_stage_i/_19652_/A (BUF_X1)
    10   13.66    0.03    0.06    2.57 ^ ex_stage_i/_19652_/Z (BUF_X1)
                                         ex_stage_i/_15102_ (net)
                  0.03    0.00    2.57 ^ ex_stage_i/_19653_/A (BUF_X2)
    10   15.13    0.02    0.04    2.61 ^ ex_stage_i/_19653_/Z (BUF_X2)
                                         ex_stage_i/_15103_ (net)
                  0.02    0.00    2.61 ^ ex_stage_i/_19654_/A (BUF_X1)
    10   10.42    0.03    0.05    2.66 ^ ex_stage_i/_19654_/Z (BUF_X1)
                                         ex_stage_i/_15104_ (net)
                  0.03    0.00    2.66 ^ ex_stage_i/_19655_/A2 (NOR2_X1)
     1    1.54    0.01    0.01    2.67 v ex_stage_i/_19655_/ZN (NOR2_X1)
                                         ex_stage_i/_15105_ (net)
                  0.01    0.00    2.67 v ex_stage_i/_19658_/A (AOI21_X1)
     2    5.15    0.04    0.06    2.73 ^ ex_stage_i/_19658_/ZN (AOI21_X1)
                                         ex_stage_i/_00021_ (net)
                  0.04    0.00    2.73 ^ ex_stage_i/_36401_/B (HA_X1)
     1    0.97    0.01    0.04    2.77 ^ ex_stage_i/_36401_/CO (HA_X1)
                                         ex_stage_i/_00022_ (net)
                  0.01    0.00    2.77 ^ ex_stage_i/_27617_/A (BUF_X1)
     4    6.38    0.02    0.03    2.80 ^ ex_stage_i/_27617_/Z (BUF_X1)
                                         ex_stage_i/_07155_ (net)
                  0.02    0.00    2.80 ^ ex_stage_i/_27671_/A1 (NAND3_X1)
     8   11.58    0.04    0.05    2.85 v ex_stage_i/_27671_/ZN (NAND3_X1)
                                         ex_stage_i/_07201_ (net)
                  0.04    0.00    2.85 v ex_stage_i/_27774_/A2 (OR3_X1)
     4    7.31    0.02    0.10    2.95 v ex_stage_i/_27774_/ZN (OR3_X1)
                                         ex_stage_i/_07290_ (net)
                  0.02    0.00    2.95 v ex_stage_i/_27788_/A1 (OR2_X1)
     4    6.12    0.01    0.06    3.01 v ex_stage_i/_27788_/ZN (OR2_X1)
                                         ex_stage_i/_07302_ (net)
                  0.01    0.00    3.01 v ex_stage_i/_27817_/A1 (OR2_X1)
     2    3.87    0.01    0.05    3.06 v ex_stage_i/_27817_/ZN (OR2_X1)
                                         ex_stage_i/_07327_ (net)
                  0.01    0.00    3.06 v ex_stage_i/_27820_/B (XNOR2_X1)
     1    0.90    0.01    0.04    3.10 v ex_stage_i/_27820_/ZN (XNOR2_X1)
                                         ex_stage_i/_07330_ (net)
                  0.01    0.00    3.10 v ex_stage_i/_27821_/B (MUX2_X1)
     1    3.34    0.01    0.06    3.16 v ex_stage_i/_27821_/Z (MUX2_X1)
                                         ex_stage_i/_00701_ (net)
                  0.01    0.00    3.16 v ex_stage_i/_36692_/B (HA_X1)
     3    3.94    0.01    0.04    3.20 v ex_stage_i/_36692_/CO (HA_X1)
                                         ex_stage_i/_00702_ (net)
                  0.01    0.00    3.20 v ex_stage_i/_21656_/A3 (OR3_X1)
     1    1.54    0.01    0.08    3.28 v ex_stage_i/_21656_/ZN (OR3_X1)
                                         ex_stage_i/_03390_ (net)
                  0.01    0.00    3.28 v ex_stage_i/_21657_/A (AOI21_X1)
     2    2.65    0.03    0.05    3.32 ^ ex_stage_i/_21657_/ZN (AOI21_X1)
                                         ex_stage_i/_03391_ (net)
                  0.03    0.00    3.32 ^ ex_stage_i/_21673_/A2 (OR3_X1)
     1    1.68    0.01    0.03    3.35 ^ ex_stage_i/_21673_/ZN (OR3_X1)
                                         ex_stage_i/_03405_ (net)
                  0.01    0.00    3.35 ^ ex_stage_i/_21674_/B2 (AOI21_X1)
     1    2.94    0.01    0.02    3.37 v ex_stage_i/_21674_/ZN (AOI21_X1)
                                         ex_stage_i/_03406_ (net)
                  0.01    0.00    3.37 v ex_stage_i/_21682_/A2 (NOR4_X2)
     4    7.51    0.06    0.09    3.46 ^ ex_stage_i/_21682_/ZN (NOR4_X2)
                                         ex_stage_i/_03414_ (net)
                  0.06    0.00    3.46 ^ ex_stage_i/_21784_/B2 (OAI21_X1)
     1    1.55    0.02    0.03    3.48 v ex_stage_i/_21784_/ZN (OAI21_X1)
                                         ex_stage_i/_03503_ (net)
                  0.02    0.00    3.48 v ex_stage_i/_21785_/B2 (AOI221_X1)
     2    4.13    0.06    0.10    3.58 ^ ex_stage_i/_21785_/ZN (AOI221_X1)
                                         ex_stage_i/_03504_ (net)
                  0.06    0.00    3.58 ^ ex_stage_i/_21846_/C2 (OAI211_X2)
     2    2.82    0.02    0.03    3.62 v ex_stage_i/_21846_/ZN (OAI211_X2)
                                         ex_stage_i/_03558_ (net)
                  0.02    0.00    3.62 v ex_stage_i/_21865_/B2 (AOI21_X1)
     3    5.72    0.04    0.06    3.67 ^ ex_stage_i/_21865_/ZN (AOI21_X1)
                                         ex_stage_i/_03575_ (net)
                  0.04    0.00    3.67 ^ ex_stage_i/_21897_/B2 (OAI21_X1)
     3    4.22    0.02    0.03    3.71 v ex_stage_i/_21897_/ZN (OAI21_X1)
                                         ex_stage_i/_03603_ (net)
                  0.02    0.00    3.71 v ex_stage_i/_21913_/C2 (AOI221_X1)
     1    2.57    0.05    0.06    3.77 ^ ex_stage_i/_21913_/ZN (AOI221_X1)
                                         ex_stage_i/_03616_ (net)
                  0.05    0.00    3.77 ^ ex_stage_i/_21914_/B (XNOR2_X1)
     1    0.90    0.02    0.02    3.79 v ex_stage_i/_21914_/ZN (XNOR2_X1)
                                         ex_stage_i/_03617_ (net)
                  0.02    0.00    3.79 v ex_stage_i/_21915_/B (MUX2_X1)
     1    1.05    0.01    0.06    3.85 v ex_stage_i/_21915_/Z (MUX2_X1)
                                         ex_stage_i/_01166_ (net)
                  0.01    0.00    3.85 v ex_stage_i/i_mult.i_div.op_a_q[61]$_DFFE_PN0P_/D (DFFR_X1)
                                  3.85   data arrival time

                  0.00    2.22    2.22   clock core_clock (rise edge)
                          0.54    2.76   clock network delay (ideal)
                          0.00    2.76   clock reconvergence pessimism
                                  2.76 ^ ex_stage_i/i_mult.i_div.op_a_q[61]$_DFFE_PN0P_/CK (DFFR_X1)
                         -0.04    2.72   library setup time
                                  2.72   data required time
-----------------------------------------------------------------------------
                                  2.72   data required time
                                 -3.85   data arrival time
-----------------------------------------------------------------------------
                                 -1.13   slack (VIOLATED)



==========================================================================
floorplan final report_checks -unconstrained
--------------------------------------------------------------------------
Startpoint: rst_ni (input port clocked by core_clock)
Endpoint: csr_regfile_i/dcache_en_o$_DFFE_PN1P_
          (recovery check against rising-edge clock core_clock)
Path Group: asynchronous
Path Type: max

Fanout     Cap    Slew   Delay    Time   Description
-----------------------------------------------------------------------------
                  0.00    0.00    0.00   clock core_clock (rise edge)
                          0.54    0.54   clock network delay (ideal)
                          0.44    0.98 ^ input external delay
 20639 36704.43    0.00    0.00    0.98 ^ rst_ni (in)
                                         rst_ni (net)
                  0.00    0.00    0.98 ^ csr_regfile_i/dcache_en_o$_DFFE_PN1P_/SN (DFFS_X1)
                                  0.98   data arrival time

                  0.00    2.22    2.22   clock core_clock (rise edge)
                          0.54    2.76   clock network delay (ideal)
                          0.00    2.76   clock reconvergence pessimism
                                  2.76 ^ csr_regfile_i/dcache_en_o$_DFFE_PN1P_/CK (DFFS_X1)
                          0.04    2.80   library recovery time
                                  2.80   data required time
-----------------------------------------------------------------------------
                                  2.80   data required time
                                 -0.98   data arrival time
-----------------------------------------------------------------------------
                                  1.82   slack (MET)


Startpoint: issue_stage_i.i_scoreboard/N68$_DFF_PN0_
            (rising edge-triggered flip-flop clocked by core_clock)
Endpoint: ex_stage_i/i_mult.i_div.op_a_q[61]$_DFFE_PN0P_
          (rising edge-triggered flip-flop clocked by core_clock)
Path Group: core_clock
Path Type: max

Fanout     Cap    Slew   Delay    Time   Description
-----------------------------------------------------------------------------
                  0.00    0.00    0.00   clock core_clock (rise edge)
                          0.54    0.54   clock network delay (ideal)
                  0.00    0.00    0.54 ^ issue_stage_i.i_scoreboard/N68$_DFF_PN0_/CK (DFFR_X1)
     4   10.65    0.02    0.10    0.63 v issue_stage_i.i_scoreboard/N68$_DFF_PN0_/Q (DFFR_X1)
                                         issue_stage_i.i_scoreboard/N68 (net)
                  0.02    0.00    0.63 v issue_stage_i.i_scoreboard/_65165_/B (HA_X1)
     3    7.27    0.01    0.04    0.68 v issue_stage_i.i_scoreboard/_65165_/CO (HA_X1)
                                         issue_stage_i.i_scoreboard/N38700 (net)
                  0.01    0.00    0.68 v issue_stage_i.i_scoreboard/_65167_/B (HA_X1)
     1    1.59    0.01    0.03    0.71 v issue_stage_i.i_scoreboard/_65167_/CO (HA_X1)
                                         issue_stage_i.i_scoreboard/N212 (net)
                  0.01    0.00    0.71 v issue_stage_i.i_scoreboard/_43619_/A (BUF_X2)
     3    4.75    0.01    0.03    0.73 v issue_stage_i.i_scoreboard/_43619_/Z (BUF_X2)
                                         issue_stage_i.i_scoreboard/_10482_ (net)
                  0.01    0.00    0.73 v issue_stage_i.i_scoreboard/_52904_/A (BUF_X4)
    10   13.69    0.01    0.03    0.76 v issue_stage_i.i_scoreboard/_52904_/Z (BUF_X4)
                                         issue_stage_i.i_scoreboard/_17682_ (net)
                  0.01    0.00    0.76 v issue_stage_i.i_scoreboard/_53232_/A (BUF_X8)
    10   11.52    0.01    0.02    0.78 v issue_stage_i.i_scoreboard/_53232_/Z (BUF_X8)
                                         issue_stage_i.i_scoreboard/_17978_ (net)
                  0.01    0.00    0.78 v issue_stage_i.i_scoreboard/_53284_/A1 (AND3_X4)
     1    2.94    0.01    0.02    0.81 v issue_stage_i.i_scoreboard/_53284_/ZN (AND3_X4)
                                         issue_stage_i.i_scoreboard/_18025_ (net)
                  0.01    0.00    0.81 v issue_stage_i.i_scoreboard/_53285_/A (AOI21_X2)
     1    1.68    0.02    0.03    0.84 ^ issue_stage_i.i_scoreboard/_53285_/ZN (AOI21_X2)
                                         issue_stage_i.i_scoreboard/_18026_ (net)
                  0.02    0.00    0.84 ^ issue_stage_i.i_scoreboard/_53286_/B2 (AOI21_X1)
     1    0.90    0.01    0.01    0.86 v issue_stage_i.i_scoreboard/_53286_/ZN (AOI21_X1)
                                         issue_stage_i.i_scoreboard/_18027_ (net)
                  0.01    0.00    0.86 v issue_stage_i.i_scoreboard/_53287_/B (MUX2_X1)
     1    0.91    0.01    0.06    0.91 v issue_stage_i.i_scoreboard/_53287_/Z (MUX2_X1)
                                         issue_stage_i.i_scoreboard/_18028_ (net)
                  0.01    0.00    0.91 v issue_stage_i.i_scoreboard/_53289_/A (MUX2_X1)
     1    0.90    0.01    0.06    0.97 v issue_stage_i.i_scoreboard/_53289_/Z (MUX2_X1)
                                         issue_stage_i.i_scoreboard/_18030_ (net)
                  0.01    0.00    0.97 v issue_stage_i.i_scoreboard/_53290_/B (MUX2_X1)
     1    0.90    0.01    0.06    1.02 v issue_stage_i.i_scoreboard/_53290_/Z (MUX2_X1)
                                         issue_stage_i.i_scoreboard/_18031_ (net)
                  0.01    0.00    1.02 v issue_stage_i.i_scoreboard/_53291_/B (MUX2_X1)
     1    0.90    0.01    0.06    1.08 v issue_stage_i.i_scoreboard/_53291_/Z (MUX2_X1)
                                         issue_stage_i.i_scoreboard/_18032_ (net)
                  0.01    0.00    1.08 v issue_stage_i.i_scoreboard/_53292_/B (MUX2_X1)
     3    5.93    0.01    0.07    1.15 v issue_stage_i.i_scoreboard/_53292_/Z (MUX2_X1)
                                         commit_instr_id_commit[284] (net)
                  0.01    0.00    1.15 v _05287_/A (BUF_X4)
     5   12.64    0.01    0.03    1.18 v _05287_/Z (BUF_X4)
                                         _00544_ (net)
                  0.01    0.00    1.18 v _05289_/A1 (NOR2_X4)
     2    7.45    0.02    0.02    1.20 ^ _05289_/ZN (NOR2_X4)
                                         _00546_ (net)
                  0.02    0.00    1.20 ^ _05302_/B2 (OAI21_X4)
     1    6.18    0.01    0.02    1.22 v _05302_/ZN (OAI21_X4)
                                         _00559_ (net)
                  0.01    0.00    1.22 v _05304_/B2 (AOI22_X4)
     4   10.72    0.03    0.05    1.27 ^ _05304_/ZN (AOI22_X4)
                                         _00561_ (net)
                  0.03    0.00    1.27 ^ _05305_/A1 (NOR3_X4)
     7   15.66    0.02    0.02    1.29 v _05305_/ZN (NOR3_X4)
                                         amo_valid_commit (net)
                  0.02    0.00    1.29 v _05306_/A1 (NOR2_X4)
     3    9.92    0.02    0.03    1.32 ^ _05306_/ZN (NOR2_X4)
                                         commit_stage_i.debug_req_i (net)
                  0.02    0.00    1.32 ^ _05308_/B2 (AOI21_X4)
     3    8.75    0.01    0.02    1.34 v _05308_/ZN (AOI21_X4)
                                         _00563_ (net)
                  0.01    0.00    1.34 v _08631_/A1 (NAND2_X4)
     6   16.74    0.02    0.02    1.36 ^ _08631_/ZN (NAND2_X4)
                                         _03378_ (net)
                  0.02    0.00    1.36 ^ _08632_/A (INV_X4)
     5    9.31    0.01    0.01    1.37 v _08632_/ZN (INV_X4)
                                         _03379_ (net)
                  0.01    0.00    1.37 v _08633_/A (BUF_X8)
    10   16.81    0.01    0.02    1.39 v _08633_/Z (BUF_X8)
                                         _03380_ (net)
                  0.01    0.00    1.39 v _08634_/A (BUF_X8)
    10   14.26    0.01    0.02    1.42 v _08634_/Z (BUF_X8)
                                         commit_stage_i.commit_csr_o (net)
                  0.01    0.00    1.42 v _08643_/A2 (AND2_X4)
     4    9.15    0.01    0.03    1.45 v _08643_/ZN (AND2_X4)
                                         commit_stage_i.csr_op_o[3] (net)
                  0.01    0.00    1.45 v csr_regfile_i/_08222_/A2 (NOR4_X4)
     3    5.82    0.04    0.06    1.51 ^ csr_regfile_i/_08222_/ZN (NOR4_X4)
                                         csr_regfile_i/_01306_ (net)
                  0.04    0.00    1.51 ^ csr_regfile_i/_08228_/A1 (AND2_X4)
     3    8.78    0.01    0.04    1.55 ^ csr_regfile_i/_08228_/ZN (AND2_X4)
                                         csr_regfile_i/_01312_ (net)
                  0.01    0.00    1.55 ^ csr_regfile_i/_08458_/A (AOI21_X4)
     5    9.27    0.01    0.01    1.56 v csr_regfile_i/_08458_/ZN (AOI21_X4)
                                         csr_regfile_i/_01542_ (net)
                  0.01    0.00    1.56 v csr_regfile_i/_08465_/A1 (NOR3_X4)
     8   13.85    0.04    0.05    1.61 ^ csr_regfile_i/_08465_/ZN (NOR3_X4)
                                         csr_regfile_i/_01549_ (net)
                  0.04    0.00    1.61 ^ csr_regfile_i/_08864_/A1 (AND3_X4)
     1    6.59    0.01    0.05    1.66 ^ csr_regfile_i/_08864_/ZN (AND3_X4)
                                         csr_regfile_i/_01946_ (net)
                  0.01    0.00    1.66 ^ csr_regfile_i/_08865_/A (BUF_X8)
     9   19.17    0.01    0.02    1.68 ^ csr_regfile_i/_08865_/Z (BUF_X8)
                                         csr_regfile_i/_01947_ (net)
                  0.01    0.00    1.68 ^ csr_regfile_i/_12669_/A (OAI21_X4)
     2    7.23    0.02    0.02    1.70 v csr_regfile_i/_12669_/ZN (OAI21_X4)
                                         csr_regfile_i/_05192_ (net)
                  0.02    0.00    1.70 v csr_regfile_i/_12710_/A1 (NAND2_X4)
     3    6.15    0.01    0.02    1.72 ^ csr_regfile_i/_12710_/ZN (NAND2_X4)
                                         csr_regfile_i/_05229_ (net)
                  0.01    0.00    1.72 ^ csr_regfile_i/_13028_/A2 (OR2_X4)
     3   10.75    0.01    0.03    1.75 ^ csr_regfile_i/_13028_/ZN (OR2_X4)
                                         commit_stage_i.csr_exception_i[0] (net)
                  0.01    0.00    1.75 ^ _06275_/A1 (NAND2_X4)
     1    2.63    0.01    0.01    1.76 v _06275_/ZN (NAND2_X4)
                                         _01384_ (net)
                  0.01    0.00    1.76 v _06276_/A1 (OR3_X4)
     5   13.25    0.01    0.06    1.82 v _06276_/ZN (OR3_X4)
                                         _01385_ (net)
                  0.01    0.00    1.82 v _08741_/A2 (AND2_X4)
     1   11.00    0.01    0.03    1.85 v _08741_/ZN (AND2_X4)
                                         _03414_ (net)
                  0.01    0.00    1.85 v _08742_/A (BUF_X16)
     9   52.28    0.01    0.03    1.88 v _08742_/Z (BUF_X16)
                                         _03415_ (net)
                  0.01    0.00    1.88 v _08908_/A (BUF_X32)
    10   31.83    0.00    0.02    1.90 v _08908_/Z (BUF_X32)
                                         _03479_ (net)
                  0.00    0.00    1.90 v _08910_/A1 (AOI22_X4)
     1    6.77    0.02    0.03    1.93 ^ _08910_/ZN (AOI22_X4)
                                         _03481_ (net)
                  0.02    0.00    1.93 ^ _08911_/A1 (NOR2_X4)
     3    8.26    0.02    0.01    1.94 v _08911_/ZN (NOR2_X4)
                                         commit_stage_i.exception_o[77] (net)
                  0.02    0.00    1.94 v csr_regfile_i/_13336_/A4 (NOR4_X4)
     1    3.82    0.04    0.08    2.02 ^ csr_regfile_i/_13336_/ZN (NOR4_X4)
                                         csr_regfile_i/_05678_ (net)
                  0.04    0.00    2.02 ^ csr_regfile_i/_13337_/A4 (NAND4_X2)
     1    5.43    0.02    0.04    2.06 v csr_regfile_i/_13337_/ZN (NAND4_X2)
                                         csr_regfile_i/_05679_ (net)
                  0.02    0.00    2.06 v csr_regfile_i/_13343_/A2 (NOR3_X4)
     1    7.16    0.03    0.05    2.11 ^ csr_regfile_i/_13343_/ZN (NOR3_X4)
                                         csr_regfile_i/_05685_ (net)
                  0.03    0.00    2.11 ^ csr_regfile_i/_13344_/A3 (NAND3_X4)
     4    8.60    0.02    0.03    2.14 v csr_regfile_i/_13344_/ZN (NAND3_X4)
                                         csr_regfile_i/_05686_ (net)
                  0.02    0.00    2.14 v csr_regfile_i/_15959_/B1 (OAI22_X4)
     3    6.00    0.03    0.04    2.18 ^ csr_regfile_i/_15959_/ZN (OAI22_X4)
                                         controller_i.set_debug_pc_i (net)
                  0.03    0.00    2.18 ^ _06280_/A1 (OR4_X4)
     4    9.48    0.01    0.03    2.21 ^ _06280_/ZN (OR4_X4)
                                         controller_i.flush_ex_o (net)
                  0.01    0.00    2.21 ^ ex_stage_i/_19643_/A (BUF_X8)
     5   11.14    0.01    0.02    2.23 ^ ex_stage_i/_19643_/Z (BUF_X8)
                                         ex_stage_i/_15093_ (net)
                  0.01    0.00    2.23 ^ ex_stage_i/_19645_/A1 (NOR2_X2)
     6    9.47    0.01    0.01    2.24 v ex_stage_i/_19645_/ZN (NOR2_X2)
                                         ex_stage_i/_15095_ (net)
                  0.01    0.00    2.24 v ex_stage_i/_19646_/A3 (NAND3_X2)
     4    5.62    0.01    0.02    2.27 ^ ex_stage_i/_19646_/ZN (NAND3_X2)
                                         ex_stage_i/_15096_ (net)
                  0.01    0.00    2.27 ^ ex_stage_i/_19647_/A (BUF_X2)
    10   17.88    0.02    0.04    2.31 ^ ex_stage_i/_19647_/Z (BUF_X2)
                                         ex_stage_i/_15097_ (net)
                  0.02    0.00    2.31 ^ ex_stage_i/_19648_/A (BUF_X2)
    10   17.02    0.02    0.04    2.35 ^ ex_stage_i/_19648_/Z (BUF_X2)
                                         ex_stage_i/_15098_ (net)
                  0.02    0.00    2.35 ^ ex_stage_i/_19649_/A (BUF_X2)
    10   17.87    0.02    0.04    2.39 ^ ex_stage_i/_19649_/Z (BUF_X2)
                                         ex_stage_i/_15099_ (net)
                  0.02    0.00    2.39 ^ ex_stage_i/_19650_/A (BUF_X1)
    10   15.70    0.04    0.06    2.45 ^ ex_stage_i/_19650_/Z (BUF_X1)
                                         ex_stage_i/_15100_ (net)
                  0.04    0.00    2.45 ^ ex_stage_i/_19651_/A (BUF_X1)
    10   14.37    0.04    0.06    2.51 ^ ex_stage_i/_19651_/Z (BUF_X1)
                                         ex_stage_i/_15101_ (net)
                  0.04    0.00    2.51 ^ ex_stage_i/_19652_/A (BUF_X1)
    10   13.66    0.03    0.06    2.57 ^ ex_stage_i/_19652_/Z (BUF_X1)
                                         ex_stage_i/_15102_ (net)
                  0.03    0.00    2.57 ^ ex_stage_i/_19653_/A (BUF_X2)
    10   15.13    0.02    0.04    2.61 ^ ex_stage_i/_19653_/Z (BUF_X2)
                                         ex_stage_i/_15103_ (net)
                  0.02    0.00    2.61 ^ ex_stage_i/_19654_/A (BUF_X1)
    10   10.42    0.03    0.05    2.66 ^ ex_stage_i/_19654_/Z (BUF_X1)
                                         ex_stage_i/_15104_ (net)
                  0.03    0.00    2.66 ^ ex_stage_i/_19655_/A2 (NOR2_X1)
     1    1.54    0.01    0.01    2.67 v ex_stage_i/_19655_/ZN (NOR2_X1)
                                         ex_stage_i/_15105_ (net)
                  0.01    0.00    2.67 v ex_stage_i/_19658_/A (AOI21_X1)
     2    5.15    0.04    0.06    2.73 ^ ex_stage_i/_19658_/ZN (AOI21_X1)
                                         ex_stage_i/_00021_ (net)
                  0.04    0.00    2.73 ^ ex_stage_i/_36401_/B (HA_X1)
     1    0.97    0.01    0.04    2.77 ^ ex_stage_i/_36401_/CO (HA_X1)
                                         ex_stage_i/_00022_ (net)
                  0.01    0.00    2.77 ^ ex_stage_i/_27617_/A (BUF_X1)
     4    6.38    0.02    0.03    2.80 ^ ex_stage_i/_27617_/Z (BUF_X1)
                                         ex_stage_i/_07155_ (net)
                  0.02    0.00    2.80 ^ ex_stage_i/_27671_/A1 (NAND3_X1)
     8   11.58    0.04    0.05    2.85 v ex_stage_i/_27671_/ZN (NAND3_X1)
                                         ex_stage_i/_07201_ (net)
                  0.04    0.00    2.85 v ex_stage_i/_27774_/A2 (OR3_X1)
     4    7.31    0.02    0.10    2.95 v ex_stage_i/_27774_/ZN (OR3_X1)
                                         ex_stage_i/_07290_ (net)
                  0.02    0.00    2.95 v ex_stage_i/_27788_/A1 (OR2_X1)
     4    6.12    0.01    0.06    3.01 v ex_stage_i/_27788_/ZN (OR2_X1)
                                         ex_stage_i/_07302_ (net)
                  0.01    0.00    3.01 v ex_stage_i/_27817_/A1 (OR2_X1)
     2    3.87    0.01    0.05    3.06 v ex_stage_i/_27817_/ZN (OR2_X1)
                                         ex_stage_i/_07327_ (net)
                  0.01    0.00    3.06 v ex_stage_i/_27820_/B (XNOR2_X1)
     1    0.90    0.01    0.04    3.10 v ex_stage_i/_27820_/ZN (XNOR2_X1)
                                         ex_stage_i/_07330_ (net)
                  0.01    0.00    3.10 v ex_stage_i/_27821_/B (MUX2_X1)
     1    3.34    0.01    0.06    3.16 v ex_stage_i/_27821_/Z (MUX2_X1)
                                         ex_stage_i/_00701_ (net)
                  0.01    0.00    3.16 v ex_stage_i/_36692_/B (HA_X1)
     3    3.94    0.01    0.04    3.20 v ex_stage_i/_36692_/CO (HA_X1)
                                         ex_stage_i/_00702_ (net)
                  0.01    0.00    3.20 v ex_stage_i/_21656_/A3 (OR3_X1)
     1    1.54    0.01    0.08    3.28 v ex_stage_i/_21656_/ZN (OR3_X1)
                                         ex_stage_i/_03390_ (net)
                  0.01    0.00    3.28 v ex_stage_i/_21657_/A (AOI21_X1)
     2    2.65    0.03    0.05    3.32 ^ ex_stage_i/_21657_/ZN (AOI21_X1)
                                         ex_stage_i/_03391_ (net)
                  0.03    0.00    3.32 ^ ex_stage_i/_21673_/A2 (OR3_X1)
     1    1.68    0.01    0.03    3.35 ^ ex_stage_i/_21673_/ZN (OR3_X1)
                                         ex_stage_i/_03405_ (net)
                  0.01    0.00    3.35 ^ ex_stage_i/_21674_/B2 (AOI21_X1)
     1    2.94    0.01    0.02    3.37 v ex_stage_i/_21674_/ZN (AOI21_X1)
                                         ex_stage_i/_03406_ (net)
                  0.01    0.00    3.37 v ex_stage_i/_21682_/A2 (NOR4_X2)
     4    7.51    0.06    0.09    3.46 ^ ex_stage_i/_21682_/ZN (NOR4_X2)
                                         ex_stage_i/_03414_ (net)
                  0.06    0.00    3.46 ^ ex_stage_i/_21784_/B2 (OAI21_X1)
     1    1.55    0.02    0.03    3.48 v ex_stage_i/_21784_/ZN (OAI21_X1)
                                         ex_stage_i/_03503_ (net)
                  0.02    0.00    3.48 v ex_stage_i/_21785_/B2 (AOI221_X1)
     2    4.13    0.06    0.10    3.58 ^ ex_stage_i/_21785_/ZN (AOI221_X1)
                                         ex_stage_i/_03504_ (net)
                  0.06    0.00    3.58 ^ ex_stage_i/_21846_/C2 (OAI211_X2)
     2    2.82    0.02    0.03    3.62 v ex_stage_i/_21846_/ZN (OAI211_X2)
                                         ex_stage_i/_03558_ (net)
                  0.02    0.00    3.62 v ex_stage_i/_21865_/B2 (AOI21_X1)
     3    5.72    0.04    0.06    3.67 ^ ex_stage_i/_21865_/ZN (AOI21_X1)
                                         ex_stage_i/_03575_ (net)
                  0.04    0.00    3.67 ^ ex_stage_i/_21897_/B2 (OAI21_X1)
     3    4.22    0.02    0.03    3.71 v ex_stage_i/_21897_/ZN (OAI21_X1)
                                         ex_stage_i/_03603_ (net)
                  0.02    0.00    3.71 v ex_stage_i/_21913_/C2 (AOI221_X1)
     1    2.57    0.05    0.06    3.77 ^ ex_stage_i/_21913_/ZN (AOI221_X1)
                                         ex_stage_i/_03616_ (net)
                  0.05    0.00    3.77 ^ ex_stage_i/_21914_/B (XNOR2_X1)
     1    0.90    0.02    0.02    3.79 v ex_stage_i/_21914_/ZN (XNOR2_X1)
                                         ex_stage_i/_03617_ (net)
                  0.02    0.00    3.79 v ex_stage_i/_21915_/B (MUX2_X1)
     1    1.05    0.01    0.06    3.85 v ex_stage_i/_21915_/Z (MUX2_X1)
                                         ex_stage_i/_01166_ (net)
                  0.01    0.00    3.85 v ex_stage_i/i_mult.i_div.op_a_q[61]$_DFFE_PN0P_/D (DFFR_X1)
                                  3.85   data arrival time

                  0.00    2.22    2.22   clock core_clock (rise edge)
                          0.54    2.76   clock network delay (ideal)
                          0.00    2.76   clock reconvergence pessimism
                                  2.76 ^ ex_stage_i/i_mult.i_div.op_a_q[61]$_DFFE_PN0P_/CK (DFFR_X1)
                         -0.04    2.72   library setup time
                                  2.72   data required time
-----------------------------------------------------------------------------
                                  2.72   data required time
                                 -3.85   data arrival time
-----------------------------------------------------------------------------
                                 -1.13   slack (VIOLATED)



==========================================================================
floorplan final report_power
--------------------------------------------------------------------------
Group                  Internal  Switching    Leakage      Total
                          Power      Power      Power      Power (Watts)
----------------------------------------------------------------
Sequential             6.78e-02   3.92e-04   1.65e-03   6.98e-02  24.0%
Combinational          1.57e-02   1.67e-02   3.74e-03   3.62e-02  12.4%
Clock                  0.00e+00   0.00e+00   0.00e+00   0.00e+00   0.0%
Macro                  1.62e-01   0.00e+00   2.24e-02   1.85e-01  63.5%
Pad                    0.00e+00   0.00e+00   0.00e+00   0.00e+00   0.0%
----------------------------------------------------------------
Total                  2.46e-01   1.71e-02   2.78e-02   2.91e-01 100.0%
                          84.5%       5.9%       9.6%
