
==========================================================================
resizer report_tns
--------------------------------------------------------------------------
tns max -2664.35

==========================================================================
resizer report_wns
--------------------------------------------------------------------------
wns max -0.94

==========================================================================
resizer report_worst_slack
--------------------------------------------------------------------------
worst slack max -0.94

==========================================================================
resizer report_clock_min_period
--------------------------------------------------------------------------
core_clock period_min = 3.16 fmax = 316.12

==========================================================================
resizer report_checks -path_delay min
--------------------------------------------------------------------------
Startpoint: rst_ni (input port clocked by core_clock)
Endpoint: issue_stage_i.i_scoreboard/mem_q[2735]$_DFF_PN0_
          (removal check against rising-edge clock core_clock)
Path Group: asynchronous
Path Type: min

Fanout     Cap    Slew   Delay    Time   Description
-----------------------------------------------------------------------------
                  0.00    0.00    0.00   clock core_clock (rise edge)
                          0.54    0.54   clock network delay (ideal)
                          0.44    0.98 ^ input external delay
     1    2.92    0.00    0.00    0.98 ^ rst_ni (in)
                                         rst_ni (net)
                  0.00    0.00    0.98 ^ input3255/A (CLKBUF_X3)
     1   19.64    0.02    0.04    1.02 ^ input3255/Z (CLKBUF_X3)
                                         net3254 (net)
                  0.02    0.01    1.02 ^ place48580/A (BUF_X8)
     3   39.32    0.01    0.03    1.05 ^ place48580/Z (BUF_X8)
                                         net48579 (net)
                  0.03    0.02    1.07 ^ place48579/A (BUF_X4)
     5   58.06    0.02    0.04    1.10 ^ place48579/Z (BUF_X4)
                                         net48578 (net)
                  0.02    0.01    1.11 ^ place48310/A (BUF_X1)
    14   34.40    0.08    0.10    1.21 ^ place48310/Z (BUF_X1)
                                         net48309 (net)
                  0.08    0.00    1.21 ^ issue_stage_i.i_scoreboard/mem_q[2735]$_DFF_PN0_/RN (DFFR_X1)
                                  1.21   data arrival time

                  0.00    0.00    0.00   clock core_clock (rise edge)
                          0.54    0.54   clock network delay (ideal)
                          0.00    0.54   clock reconvergence pessimism
                                  0.54 ^ issue_stage_i.i_scoreboard/mem_q[2735]$_DFF_PN0_/CK (DFFR_X1)
                          0.28    0.81   library removal time
                                  0.81   data required time
-----------------------------------------------------------------------------
                                  0.81   data required time
                                 -1.21   data arrival time
-----------------------------------------------------------------------------
                                  0.40   slack (MET)


Startpoint: id_stage_i.issue_entry_o[2]$_DFFE_PN0P_
            (rising edge-triggered flip-flop clocked by core_clock)
Endpoint: issue_stage_i.i_issue_read_operands/branch_predict_o[1]$_DFF_PN0_
          (rising edge-triggered flip-flop clocked by core_clock)
Path Group: core_clock
Path Type: min

Fanout     Cap    Slew   Delay    Time   Description
-----------------------------------------------------------------------------
                  0.00    0.00    0.00   clock core_clock (rise edge)
                          0.54    0.54   clock network delay (ideal)
                  0.00    0.00    0.54 ^ id_stage_i.issue_entry_o[2]$_DFFE_PN0P_/CK (DFFR_X1)
     2    2.39    0.01    0.09    0.62 v id_stage_i.issue_entry_o[2]$_DFFE_PN0P_/Q (DFFR_X1)
                                         id_stage_i.issue_entry_o[2] (net)
                  0.01    0.00    0.62 v issue_stage_i.i_issue_read_operands/branch_predict_o[1]$_DFF_PN0_/D (DFFR_X1)
                                  0.62   data arrival time

                  0.00    0.00    0.00   clock core_clock (rise edge)
                          0.54    0.54   clock network delay (ideal)
                          0.00    0.54   clock reconvergence pessimism
                                  0.54 ^ issue_stage_i.i_issue_read_operands/branch_predict_o[1]$_DFF_PN0_/CK (DFFR_X1)
                          0.00    0.54   library hold time
                                  0.54   data required time
-----------------------------------------------------------------------------
                                  0.54   data required time
                                 -0.62   data arrival time
-----------------------------------------------------------------------------
                                  0.08   slack (MET)



==========================================================================
resizer report_checks -path_delay max
--------------------------------------------------------------------------
Startpoint: rst_ni (input port clocked by core_clock)
Endpoint: csr_regfile_i/satp_ppn_o[9]$_DFFE_PN0P_
          (recovery check against rising-edge clock core_clock)
Path Group: asynchronous
Path Type: max

Fanout     Cap    Slew   Delay    Time   Description
-----------------------------------------------------------------------------
                  0.00    0.00    0.00   clock core_clock (rise edge)
                          0.54    0.54   clock network delay (ideal)
                          0.44    0.98 ^ input external delay
     1    2.92    0.00    0.00    0.98 ^ rst_ni (in)
                                         rst_ni (net)
                  0.00    0.00    0.98 ^ input3255/A (CLKBUF_X3)
     1   19.64    0.02    0.04    1.02 ^ input3255/Z (CLKBUF_X3)
                                         net3254 (net)
                  0.02    0.01    1.02 ^ place48580/A (BUF_X8)
     3   39.32    0.01    0.03    1.05 ^ place48580/Z (BUF_X8)
                                         net48579 (net)
                  0.02    0.01    1.06 ^ place48248/A (BUF_X4)
     7   70.34    0.03    0.05    1.11 ^ place48248/Z (BUF_X4)
                                         net48247 (net)
                  0.04    0.02    1.13 ^ place48145/A (BUF_X2)
     5   41.03    0.04    0.06    1.19 ^ place48145/Z (BUF_X2)
                                         net48144 (net)
                  0.05    0.02    1.21 ^ place48052/A (BUF_X2)
    27   70.65    0.08    0.10    1.31 ^ place48052/Z (BUF_X2)
                                         net48051 (net)
                  0.08    0.02    1.33 ^ place48049/A (BUF_X1)
    20   44.65    0.10    0.13    1.46 ^ place48049/Z (BUF_X1)
                                         net48048 (net)
                  0.10    0.00    1.46 ^ place48047/A (BUF_X2)
    30   70.33    0.08    0.11    1.57 ^ place48047/Z (BUF_X2)
                                         net48046 (net)
                  0.08    0.01    1.58 ^ place48046/A (BUF_X2)
    33   72.46    0.08    0.11    1.69 ^ place48046/Z (BUF_X2)
                                         net48045 (net)
                  0.08    0.01    1.70 ^ csr_regfile_i/place48045/A (BUF_X1)
    15   34.54    0.08    0.11    1.81 ^ csr_regfile_i/place48045/Z (BUF_X1)
                                         csr_regfile_i/net48044 (net)
                  0.08    0.00    1.81 ^ csr_regfile_i/satp_ppn_o[9]$_DFFE_PN0P_/RN (DFFR_X1)
                                  1.81   data arrival time

                  0.00    2.22    2.22   clock core_clock (rise edge)
                          0.54    2.76   clock network delay (ideal)
                          0.00    2.76   clock reconvergence pessimism
                                  2.76 ^ csr_regfile_i/satp_ppn_o[9]$_DFFE_PN0P_/CK (DFFR_X1)
                          0.04    2.80   library recovery time
                                  2.80   data required time
-----------------------------------------------------------------------------
                                  2.80   data required time
                                 -1.81   data arrival time
-----------------------------------------------------------------------------
                                  0.99   slack (MET)


Startpoint: issue_stage_i.i_scoreboard/commit_pointer_q[1]$_DFF_PN0_
            (rising edge-triggered flip-flop clocked by core_clock)
Endpoint: issue_stage_i.i_scoreboard/mem_q[541]$_DFF_PN0_
          (rising edge-triggered flip-flop clocked by core_clock)
Path Group: core_clock
Path Type: max

Fanout     Cap    Slew   Delay    Time   Description
-----------------------------------------------------------------------------
                  0.00    0.00    0.00   clock core_clock (rise edge)
                          0.54    0.54   clock network delay (ideal)
                  0.00    0.00    0.54 ^ issue_stage_i.i_scoreboard/commit_pointer_q[1]$_DFF_PN0_/CK (DFFR_X1)
     3    7.57    0.02    0.11    0.65 ^ issue_stage_i.i_scoreboard/commit_pointer_q[1]$_DFF_PN0_/Q (DFFR_X1)
                                         issue_stage_i.i_scoreboard/commit_pointer_q[1] (net)
                  0.02    0.00    0.65 ^ issue_stage_i.i_scoreboard/_60374_/A (HA_X1)
     3   15.44    0.04    0.07    0.72 ^ issue_stage_i.i_scoreboard/_60374_/CO (HA_X1)
                                         issue_stage_i.i_scoreboard/N38701 (net)
                  0.04    0.00    0.72 ^ clone48817/A2 (NAND2_X4)
     5   17.45    0.02    0.03    0.74 v clone48817/ZN (NAND2_X4)
                                         net48816 (net)
                  0.02    0.00    0.74 v issue_stage_i.i_scoreboard/_34167_/A3 (NAND3_X4)
     1    7.33    0.01    0.03    0.77 ^ issue_stage_i.i_scoreboard/_34167_/ZN (NAND3_X4)
                                         issue_stage_i.i_scoreboard/_03064_ (net)
                  0.01    0.00    0.77 ^ issue_stage_i.i_scoreboard/_34168_/A3 (NAND3_X4)
     1    6.20    0.01    0.02    0.79 v issue_stage_i.i_scoreboard/_34168_/ZN (NAND3_X4)
                                         issue_stage_i.i_scoreboard/_03065_ (net)
                  0.01    0.00    0.79 v issue_stage_i.i_scoreboard/_34169_/A (OAI21_X4)
     1    3.37    0.02    0.02    0.81 ^ issue_stage_i.i_scoreboard/_34169_/ZN (OAI21_X4)
                                         issue_stage_i.i_scoreboard/_03066_ (net)
                  0.02    0.00    0.81 ^ issue_stage_i.i_scoreboard/_34170_/B1 (OAI21_X2)
     1    1.89    0.01    0.01    0.83 v issue_stage_i.i_scoreboard/_34170_/ZN (OAI21_X2)
                                         issue_stage_i.i_scoreboard/_03067_ (net)
                  0.01    0.00    0.83 v issue_stage_i.i_scoreboard/_34171_/A (MUX2_X1)
     1    1.19    0.01    0.06    0.88 v issue_stage_i.i_scoreboard/_34171_/Z (MUX2_X1)
                                         issue_stage_i.i_scoreboard/_03068_ (net)
                  0.01    0.00    0.88 v issue_stage_i.i_scoreboard/_34172_/B (MUX2_X1)
     1    1.42    0.01    0.06    0.94 v issue_stage_i.i_scoreboard/_34172_/Z (MUX2_X1)
                                         issue_stage_i.i_scoreboard/_03069_ (net)
                  0.01    0.00    0.94 v issue_stage_i.i_scoreboard/_34173_/B (MUX2_X1)
     1    1.08    0.01    0.06    1.00 v issue_stage_i.i_scoreboard/_34173_/Z (MUX2_X1)
                                         issue_stage_i.i_scoreboard/_03070_ (net)
                  0.01    0.00    1.00 v issue_stage_i.i_scoreboard/_34174_/B (MUX2_X1)
     2    7.15    0.02    0.07    1.07 v issue_stage_i.i_scoreboard/_34174_/Z (MUX2_X1)
                                         commit_instr_id_commit[284] (net)
                  0.02    0.00    1.07 v place37815/A (BUF_X8)
     3   25.36    0.01    0.03    1.10 v place37815/Z (BUF_X8)
                                         net37814 (net)
                  0.01    0.01    1.11 v _05288_/A2 (AND2_X4)
     2    6.73    0.01    0.03    1.14 v _05288_/ZN (AND2_X4)
                                         _00545_ (net)
                  0.01    0.00    1.14 v _05298_/A2 (NOR3_X4)
     1    6.95    0.03    0.05    1.18 ^ _05298_/ZN (NOR3_X4)
                                         _00555_ (net)
                  0.03    0.00    1.18 ^ _05304_/A2 (AOI22_X4)
     2    7.94    0.01    0.02    1.20 v _05304_/ZN (AOI22_X4)
                                         _00561_ (net)
                  0.01    0.00    1.20 v _05305_/A2 (NOR3_X4)
     2    8.57    0.03    0.05    1.26 ^ _05305_/ZN (NOR3_X4)
                                         amo_valid_commit (net)
                  0.03    0.00    1.26 ^ _05306_/A1 (NOR2_X4)
     2    6.71    0.01    0.01    1.27 v _05306_/ZN (NOR2_X4)
                                         commit_stage_i.debug_req_i (net)
                  0.01    0.00    1.27 v _05308_/B1 (AOI21_X4)
     2    7.94    0.02    0.03    1.29 ^ _05308_/ZN (AOI21_X4)
                                         _00563_ (net)
                  0.02    0.00    1.29 ^ _08631_/A1 (NAND2_X4)
     4   15.64    0.01    0.02    1.32 v _08631_/ZN (NAND2_X4)
                                         _03378_ (net)
                  0.01    0.00    1.32 v _08632_/A (INV_X4)
     3    8.40    0.01    0.02    1.33 ^ _08632_/ZN (INV_X4)
                                         _03379_ (net)
                  0.01    0.00    1.33 ^ _08642_/A2 (AND2_X4)
     2    8.47    0.01    0.03    1.36 ^ _08642_/ZN (AND2_X4)
                                         commit_stage_i.csr_op_o[2] (net)
                  0.01    0.00    1.36 ^ csr_regfile_i/_08231_/A1 (NAND2_X4)
     2    7.27    0.01    0.01    1.38 v csr_regfile_i/_08231_/ZN (NAND2_X4)
                                         csr_regfile_i/_01315_ (net)
                  0.01    0.00    1.38 v csr_regfile_i/place36004/A (BUF_X4)
     2    6.79    0.01    0.02    1.40 v csr_regfile_i/place36004/Z (BUF_X4)
                                         csr_regfile_i/net36003 (net)
                  0.01    0.00    1.40 v csr_regfile_i/_08232_/A3 (NOR3_X4)
     2    8.76    0.03    0.05    1.45 ^ csr_regfile_i/_08232_/ZN (NOR3_X4)
                                         csr_regfile_i/_01316_ (net)
                  0.03    0.00    1.45 ^ csr_regfile_i/_08458_/B2 (AOI21_X4)
     2    7.50    0.01    0.02    1.47 v csr_regfile_i/_08458_/ZN (AOI21_X4)
                                         csr_regfile_i/_01542_ (net)
                  0.01    0.00    1.47 v csr_regfile_i/_08465_/A1 (NOR3_X4)
     2   10.90    0.03    0.04    1.52 ^ csr_regfile_i/_08465_/ZN (NOR3_X4)
                                         csr_regfile_i/_01549_ (net)
                  0.03    0.00    1.52 ^ csr_regfile_i/_08864_/A1 (AND3_X4)
     2    7.43    0.01    0.05    1.57 ^ csr_regfile_i/_08864_/ZN (AND3_X4)
                                         csr_regfile_i/_01946_ (net)
                  0.01    0.00    1.57 ^ csr_regfile_i/_12669_/A (OAI21_X4)
     2    8.70    0.01    0.02    1.59 v csr_regfile_i/_12669_/ZN (OAI21_X4)
                                         csr_regfile_i/_05192_ (net)
                  0.01    0.00    1.59 v csr_regfile_i/_12710_/A1 (NAND2_X4)
     3   11.69    0.01    0.02    1.60 ^ csr_regfile_i/_12710_/ZN (NAND2_X4)
                                         csr_regfile_i/_05229_ (net)
                  0.01    0.00    1.61 ^ csr_regfile_i/_13028_/A1 (OR2_X4)
     2    9.89    0.01    0.02    1.63 ^ csr_regfile_i/_13028_/ZN (OR2_X4)
                                         commit_stage_i.csr_exception_i[0] (net)
                  0.01    0.00    1.63 ^ _06275_/A2 (NAND2_X4)
     1    3.63    0.01    0.01    1.64 v _06275_/ZN (NAND2_X4)
                                         _01384_ (net)
                  0.01    0.00    1.64 v _06276_/A1 (OR3_X4)
     3   10.13    0.01    0.06    1.70 v _06276_/ZN (OR3_X4)
                                         _01385_ (net)
                  0.01    0.00    1.70 v _08741_/A2 (AND2_X4)
     7   29.57    0.01    0.04    1.74 v _08741_/ZN (AND2_X4)
                                         _03414_ (net)
                  0.01    0.00    1.74 v place33479/A (BUF_X16)
     8   31.91    0.01    0.03    1.77 v place33479/Z (BUF_X16)
                                         net33478 (net)
                  0.01    0.00    1.77 v _08945_/A2 (AOI22_X4)
     1    7.14    0.03    0.04    1.81 ^ _08945_/ZN (AOI22_X4)
                                         _03499_ (net)
                  0.03    0.00    1.81 ^ _08946_/A1 (NOR2_X4)
     2    7.17    0.02    0.01    1.82 v _08946_/ZN (NOR2_X4)
                                         commit_stage_i.exception_o[92] (net)
                  0.02    0.00    1.82 v csr_regfile_i/_13341_/A4 (NOR4_X4)
     1    6.67    0.04    0.09    1.91 ^ csr_regfile_i/_13341_/ZN (NOR4_X4)
                                         csr_regfile_i/_05683_ (net)
                  0.04    0.00    1.91 ^ csr_regfile_i/_13342_/A4 (NAND4_X4)
     1    9.25    0.02    0.04    1.94 v csr_regfile_i/_13342_/ZN (NAND4_X4)
                                         csr_regfile_i/_05684_ (net)
                  0.02    0.00    1.94 v csr_regfile_i/_13343_/A2 (NOR3_X4)
     1    7.32    0.03    0.05    2.00 ^ csr_regfile_i/_13343_/ZN (NOR3_X4)
                                         csr_regfile_i/_05685_ (net)
                  0.03    0.00    2.00 ^ csr_regfile_i/_13344_/A3 (NAND3_X4)
     2   10.94    0.02    0.03    2.03 v csr_regfile_i/_13344_/ZN (NAND3_X4)
                                         csr_regfile_i/_05686_ (net)
                  0.02    0.00    2.03 v csr_regfile_i/_15959_/B1 (OAI22_X4)
     2    4.91    0.03    0.04    2.07 ^ csr_regfile_i/_15959_/ZN (OAI22_X4)
                                         controller_i.set_debug_pc_i (net)
                  0.03    0.00    2.07 ^ _06280_/A1 (OR4_X4)
     2   14.26    0.01    0.03    2.10 ^ _06280_/ZN (OR4_X4)
                                         controller_i.flush_ex_o (net)
                  0.01    0.00    2.10 ^ ex_stage_i/_19523_/A (INV_X8)
     2   28.92    0.01    0.01    2.11 v ex_stage_i/_19523_/ZN (INV_X8)
                                         ex_stage_i/_14963_ (net)
                  0.01    0.01    2.12 v ex_stage_i/_30148_/A (OAI21_X4)
     2    9.31    0.02    0.02    2.15 ^ ex_stage_i/_30148_/ZN (OAI21_X4)
                                         ex_stage_i/_09527_ (net)
                  0.02    0.00    2.15 ^ ex_stage_i/_31133_/A1 (NAND2_X4)
     2    7.15    0.01    0.02    2.16 v ex_stage_i/_31133_/ZN (NAND2_X4)
                                         ex_stage_i/_10504_ (net)
                  0.01    0.00    2.16 v ex_stage_i/_31166_/A2 (NAND2_X4)
     6   18.67    0.02    0.02    2.19 ^ ex_stage_i/_31166_/ZN (NAND2_X4)
                                         ex_stage_i/_10536_ (net)
                  0.02    0.00    2.19 ^ ex_stage_i/_32318_/S (MUX2_X2)
     6   11.97    0.01    0.09    2.28 v ex_stage_i/_32318_/Z (MUX2_X2)
                                         flu_trans_id_ex_id[0] (net)
                  0.01    0.00    2.28 v issue_stage_i.i_scoreboard/place31116/A (BUF_X1)
     1    3.50    0.01    0.03    2.31 v issue_stage_i.i_scoreboard/place31116/Z (BUF_X1)
                                         issue_stage_i.i_scoreboard/net31115 (net)
                  0.01    0.00    2.31 v issue_stage_i.i_scoreboard/_57202_/A2 (AND2_X4)
     1    3.38    0.00    0.03    2.34 v issue_stage_i.i_scoreboard/_57202_/ZN (AND2_X4)
                                         issue_stage_i.i_scoreboard/_23248_ (net)
                  0.00    0.00    2.34 v issue_stage_i.i_scoreboard/_57203_/B2 (OAI221_X2)
     2    6.75    0.04    0.06    2.39 ^ issue_stage_i.i_scoreboard/_57203_/ZN (OAI221_X2)
                                         issue_stage_i.i_scoreboard/_23249_ (net)
                  0.04    0.00    2.39 ^ issue_stage_i.i_scoreboard/_57207_/B (OAI211_X2)
     2    7.52    0.02    0.04    2.44 v issue_stage_i.i_scoreboard/_57207_/ZN (OAI211_X2)
                                         issue_stage_i.i_scoreboard/_23253_ (net)
                  0.02    0.00    2.44 v issue_stage_i.i_scoreboard/_57212_/A1 (AOI22_X4)
     2    6.46    0.02    0.04    2.47 ^ issue_stage_i.i_scoreboard/_57212_/ZN (AOI22_X4)
                                         issue_stage_i.i_scoreboard/_23258_ (net)
                  0.02    0.00    2.47 ^ issue_stage_i.i_scoreboard/_57213_/S (MUX2_X1)
     1    5.96    0.01    0.07    2.54 v issue_stage_i.i_scoreboard/_57213_/Z (MUX2_X1)
                                         issue_stage_i.i_scoreboard/_23259_ (net)
                  0.01    0.00    2.54 v issue_stage_i.i_scoreboard/_57223_/A2 (NOR4_X4)
     2    7.56    0.04    0.07    2.61 ^ issue_stage_i.i_scoreboard/_57223_/ZN (NOR4_X4)
                                         issue_stage_i.i_scoreboard/_23269_ (net)
                  0.04    0.00    2.61 ^ issue_stage_i.i_scoreboard/place30717/A (BUF_X4)
     2    9.74    0.01    0.03    2.64 ^ issue_stage_i.i_scoreboard/place30717/Z (BUF_X4)
                                         issue_stage_i.i_scoreboard/net30716 (net)
                  0.01    0.00    2.64 ^ issue_stage_i.i_scoreboard/_57504_/A2 (NAND3_X4)
     2    7.27    0.02    0.02    2.66 v issue_stage_i.i_scoreboard/_57504_/ZN (NAND3_X4)
                                         issue_stage_i.i_scoreboard/_23549_ (net)
                  0.02    0.00    2.66 v issue_stage_i.i_scoreboard/_57702_/B2 (AOI21_X4)
     1    6.63    0.02    0.04    2.70 ^ issue_stage_i.i_scoreboard/_57702_/ZN (AOI21_X4)
                                         issue_stage_i.i_scoreboard/_23740_ (net)
                  0.02    0.00    2.70 ^ issue_stage_i.i_scoreboard/_57703_/B1 (OAI21_X4)
     2    8.12    0.01    0.02    2.72 v issue_stage_i.i_scoreboard/_57703_/ZN (OAI21_X4)
                                         issue_stage_i.i_scoreboard/_23741_ (net)
                  0.01    0.00    2.72 v issue_stage_i.i_scoreboard/_58644_/B1 (AOI22_X4)
     3   10.74    0.03    0.05    2.77 ^ issue_stage_i.i_scoreboard/_58644_/ZN (AOI22_X4)
                                         issue_stage_i.rs1_valid_sb_iro (net)
                  0.03    0.00    2.77 ^ issue_stage_i.i_issue_read_operands/_19836_/A1 (NOR2_X4)
     1    3.10    0.02    0.01    2.78 v issue_stage_i.i_issue_read_operands/_19836_/ZN (NOR2_X4)
                                         issue_stage_i.i_issue_read_operands/_02429_ (net)
                  0.02    0.00    2.78 v issue_stage_i.i_issue_read_operands/_20453_/B1 (OAI221_X2)
     1    6.98    0.04    0.06    2.83 ^ issue_stage_i.i_issue_read_operands/_20453_/ZN (OAI221_X2)
                                         issue_stage_i.i_issue_read_operands/_03046_ (net)
                  0.04    0.00    2.83 ^ issue_stage_i.i_issue_read_operands/_20625_/B (OAI211_X4)
     2    7.01    0.02    0.03    2.87 v issue_stage_i.i_issue_read_operands/_20625_/ZN (OAI211_X4)
                                         issue_stage_i.i_issue_read_operands/_03218_ (net)
                  0.02    0.00    2.87 v issue_stage_i.i_issue_read_operands/_21366_/A1 (NOR2_X4)
     2   12.31    0.02    0.03    2.90 ^ issue_stage_i.i_issue_read_operands/_21366_/ZN (NOR2_X4)
                                         issue_stage_i.issue_ack_iro_sb (net)
                  0.02    0.00    2.90 ^ issue_stage_i.i_scoreboard/rebuffer48811/A (BUF_X4)
     1   12.00    0.01    0.03    2.93 ^ issue_stage_i.i_scoreboard/rebuffer48811/Z (BUF_X4)
                                         issue_stage_i.i_scoreboard/net48810 (net)
                  0.01    0.00    2.93 ^ issue_stage_i.i_scoreboard/_30016_/A (INV_X8)
     2   11.02    0.00    0.01    2.94 v issue_stage_i.i_scoreboard/_30016_/ZN (INV_X8)
                                         issue_stage_i.i_scoreboard/_26287_ (net)
                  0.00    0.00    2.94 v issue_stage_i.i_scoreboard/_30227_/A1 (NOR4_X4)
     4   11.15    0.05    0.06    3.00 ^ issue_stage_i.i_scoreboard/_30227_/ZN (NOR4_X4)
                                         issue_stage_i.i_scoreboard/_26407_ (net)
                  0.05    0.00    3.00 ^ issue_stage_i.i_scoreboard/_41327_/S (MUX2_X1)
     1    2.98    0.01    0.07    3.06 v issue_stage_i.i_scoreboard/_41327_/Z (MUX2_X1)
                                         issue_stage_i.i_scoreboard/_09543_ (net)
                  0.01    0.00    3.06 v issue_stage_i.i_scoreboard/_41328_/A2 (OR4_X4)
     1    2.17    0.01    0.09    3.15 v issue_stage_i.i_scoreboard/_41328_/ZN (OR4_X4)
                                         issue_stage_i.i_scoreboard/_09544_ (net)
                  0.01    0.00    3.15 v issue_stage_i.i_scoreboard/_41331_/B1 (OAI33_X1)
     1    4.80    0.08    0.09    3.25 ^ issue_stage_i.i_scoreboard/_41331_/ZN (OAI33_X1)
                                         issue_stage_i.i_scoreboard/_09547_ (net)
                  0.08    0.00    3.25 ^ issue_stage_i.i_scoreboard/place30027/A (BUF_X2)
     2    7.24    0.01    0.04    3.28 ^ issue_stage_i.i_scoreboard/place30027/Z (BUF_X2)
                                         issue_stage_i.i_scoreboard/net30026 (net)
                  0.01    0.00    3.28 ^ issue_stage_i.i_scoreboard/_41365_/A (AOI221_X2)
     2    5.37    0.02    0.02    3.30 v issue_stage_i.i_scoreboard/_41365_/ZN (AOI221_X2)
                                         issue_stage_i.i_scoreboard/_09581_ (net)
                  0.02    0.00    3.30 v issue_stage_i.i_scoreboard/place29957/A (BUF_X2)
     1    2.97    0.01    0.03    3.33 v issue_stage_i.i_scoreboard/place29957/Z (BUF_X2)
                                         issue_stage_i.i_scoreboard/net29956 (net)
                  0.01    0.00    3.33 v issue_stage_i.i_scoreboard/_41453_/C1 (AOI221_X2)
     1   11.76    0.07    0.08    3.41 ^ issue_stage_i.i_scoreboard/_41453_/ZN (AOI221_X2)
                                         issue_stage_i.i_scoreboard/_09668_ (net)
                  0.07    0.00    3.41 ^ issue_stage_i.i_scoreboard/place29645/A (BUF_X8)
     7   58.39    0.02    0.04    3.45 ^ issue_stage_i.i_scoreboard/place29645/Z (BUF_X8)
                                         issue_stage_i.i_scoreboard/net29644 (net)
                  0.02    0.01    3.46 ^ issue_stage_i.i_scoreboard/rebuffer48841/A (BUF_X16)
     1   27.09    0.01    0.03    3.49 ^ issue_stage_i.i_scoreboard/rebuffer48841/Z (BUF_X16)
                                         issue_stage_i.i_scoreboard/net48840 (net)
                  0.01    0.00    3.49 ^ issue_stage_i.i_scoreboard/place29635/A (BUF_X32)
    11   54.75    0.01    0.02    3.51 ^ issue_stage_i.i_scoreboard/place29635/Z (BUF_X32)
                                         issue_stage_i.i_scoreboard/net29634 (net)
                  0.01    0.01    3.51 ^ issue_stage_i.i_scoreboard/place29629/A (BUF_X4)
     7   14.63    0.01    0.03    3.54 ^ issue_stage_i.i_scoreboard/place29629/Z (BUF_X4)
                                         issue_stage_i.i_scoreboard/net29628 (net)
                  0.01    0.00    3.54 ^ issue_stage_i.i_scoreboard/_51066_/B2 (OAI221_X1)
     1    1.79    0.02    0.03    3.57 v issue_stage_i.i_scoreboard/_51066_/ZN (OAI221_X1)
                                         issue_stage_i.i_scoreboard/_17758_ (net)
                  0.02    0.00    3.57 v issue_stage_i.i_scoreboard/_51068_/B2 (AOI222_X1)
     1    1.37    0.04    0.08    3.66 ^ issue_stage_i.i_scoreboard/_51068_/ZN (AOI222_X1)
                                         issue_stage_i.i_scoreboard/mem_n[541] (net)
                  0.04    0.00    3.66 ^ issue_stage_i.i_scoreboard/mem_q[541]$_DFF_PN0_/D (DFFR_X1)
                                  3.66   data arrival time

                  0.00    2.22    2.22   clock core_clock (rise edge)
                          0.54    2.76   clock network delay (ideal)
                          0.00    2.76   clock reconvergence pessimism
                                  2.76 ^ issue_stage_i.i_scoreboard/mem_q[541]$_DFF_PN0_/CK (DFFR_X1)
                         -0.04    2.71   library setup time
                                  2.71   data required time
-----------------------------------------------------------------------------
                                  2.71   data required time
                                 -3.66   data arrival time
-----------------------------------------------------------------------------
                                 -0.94   slack (VIOLATED)



==========================================================================
resizer report_checks -unconstrained
--------------------------------------------------------------------------
Startpoint: rst_ni (input port clocked by core_clock)
Endpoint: csr_regfile_i/satp_ppn_o[9]$_DFFE_PN0P_
          (recovery check against rising-edge clock core_clock)
Path Group: asynchronous
Path Type: max

Fanout     Cap    Slew   Delay    Time   Description
-----------------------------------------------------------------------------
                  0.00    0.00    0.00   clock core_clock (rise edge)
                          0.54    0.54   clock network delay (ideal)
                          0.44    0.98 ^ input external delay
     1    2.92    0.00    0.00    0.98 ^ rst_ni (in)
                                         rst_ni (net)
                  0.00    0.00    0.98 ^ input3255/A (CLKBUF_X3)
     1   19.64    0.02    0.04    1.02 ^ input3255/Z (CLKBUF_X3)
                                         net3254 (net)
                  0.02    0.01    1.02 ^ place48580/A (BUF_X8)
     3   39.32    0.01    0.03    1.05 ^ place48580/Z (BUF_X8)
                                         net48579 (net)
                  0.02    0.01    1.06 ^ place48248/A (BUF_X4)
     7   70.34    0.03    0.05    1.11 ^ place48248/Z (BUF_X4)
                                         net48247 (net)
                  0.04    0.02    1.13 ^ place48145/A (BUF_X2)
     5   41.03    0.04    0.06    1.19 ^ place48145/Z (BUF_X2)
                                         net48144 (net)
                  0.05    0.02    1.21 ^ place48052/A (BUF_X2)
    27   70.65    0.08    0.10    1.31 ^ place48052/Z (BUF_X2)
                                         net48051 (net)
                  0.08    0.02    1.33 ^ place48049/A (BUF_X1)
    20   44.65    0.10    0.13    1.46 ^ place48049/Z (BUF_X1)
                                         net48048 (net)
                  0.10    0.00    1.46 ^ place48047/A (BUF_X2)
    30   70.33    0.08    0.11    1.57 ^ place48047/Z (BUF_X2)
                                         net48046 (net)
                  0.08    0.01    1.58 ^ place48046/A (BUF_X2)
    33   72.46    0.08    0.11    1.69 ^ place48046/Z (BUF_X2)
                                         net48045 (net)
                  0.08    0.01    1.70 ^ csr_regfile_i/place48045/A (BUF_X1)
    15   34.54    0.08    0.11    1.81 ^ csr_regfile_i/place48045/Z (BUF_X1)
                                         csr_regfile_i/net48044 (net)
                  0.08    0.00    1.81 ^ csr_regfile_i/satp_ppn_o[9]$_DFFE_PN0P_/RN (DFFR_X1)
                                  1.81   data arrival time

                  0.00    2.22    2.22   clock core_clock (rise edge)
                          0.54    2.76   clock network delay (ideal)
                          0.00    2.76   clock reconvergence pessimism
                                  2.76 ^ csr_regfile_i/satp_ppn_o[9]$_DFFE_PN0P_/CK (DFFR_X1)
                          0.04    2.80   library recovery time
                                  2.80   data required time
-----------------------------------------------------------------------------
                                  2.80   data required time
                                 -1.81   data arrival time
-----------------------------------------------------------------------------
                                  0.99   slack (MET)


Startpoint: issue_stage_i.i_scoreboard/commit_pointer_q[1]$_DFF_PN0_
            (rising edge-triggered flip-flop clocked by core_clock)
Endpoint: issue_stage_i.i_scoreboard/mem_q[541]$_DFF_PN0_
          (rising edge-triggered flip-flop clocked by core_clock)
Path Group: core_clock
Path Type: max

Fanout     Cap    Slew   Delay    Time   Description
-----------------------------------------------------------------------------
                  0.00    0.00    0.00   clock core_clock (rise edge)
                          0.54    0.54   clock network delay (ideal)
                  0.00    0.00    0.54 ^ issue_stage_i.i_scoreboard/commit_pointer_q[1]$_DFF_PN0_/CK (DFFR_X1)
     3    7.57    0.02    0.11    0.65 ^ issue_stage_i.i_scoreboard/commit_pointer_q[1]$_DFF_PN0_/Q (DFFR_X1)
                                         issue_stage_i.i_scoreboard/commit_pointer_q[1] (net)
                  0.02    0.00    0.65 ^ issue_stage_i.i_scoreboard/_60374_/A (HA_X1)
     3   15.44    0.04    0.07    0.72 ^ issue_stage_i.i_scoreboard/_60374_/CO (HA_X1)
                                         issue_stage_i.i_scoreboard/N38701 (net)
                  0.04    0.00    0.72 ^ clone48817/A2 (NAND2_X4)
     5   17.45    0.02    0.03    0.74 v clone48817/ZN (NAND2_X4)
                                         net48816 (net)
                  0.02    0.00    0.74 v issue_stage_i.i_scoreboard/_34167_/A3 (NAND3_X4)
     1    7.33    0.01    0.03    0.77 ^ issue_stage_i.i_scoreboard/_34167_/ZN (NAND3_X4)
                                         issue_stage_i.i_scoreboard/_03064_ (net)
                  0.01    0.00    0.77 ^ issue_stage_i.i_scoreboard/_34168_/A3 (NAND3_X4)
     1    6.20    0.01    0.02    0.79 v issue_stage_i.i_scoreboard/_34168_/ZN (NAND3_X4)
                                         issue_stage_i.i_scoreboard/_03065_ (net)
                  0.01    0.00    0.79 v issue_stage_i.i_scoreboard/_34169_/A (OAI21_X4)
     1    3.37    0.02    0.02    0.81 ^ issue_stage_i.i_scoreboard/_34169_/ZN (OAI21_X4)
                                         issue_stage_i.i_scoreboard/_03066_ (net)
                  0.02    0.00    0.81 ^ issue_stage_i.i_scoreboard/_34170_/B1 (OAI21_X2)
     1    1.89    0.01    0.01    0.83 v issue_stage_i.i_scoreboard/_34170_/ZN (OAI21_X2)
                                         issue_stage_i.i_scoreboard/_03067_ (net)
                  0.01    0.00    0.83 v issue_stage_i.i_scoreboard/_34171_/A (MUX2_X1)
     1    1.19    0.01    0.06    0.88 v issue_stage_i.i_scoreboard/_34171_/Z (MUX2_X1)
                                         issue_stage_i.i_scoreboard/_03068_ (net)
                  0.01    0.00    0.88 v issue_stage_i.i_scoreboard/_34172_/B (MUX2_X1)
     1    1.42    0.01    0.06    0.94 v issue_stage_i.i_scoreboard/_34172_/Z (MUX2_X1)
                                         issue_stage_i.i_scoreboard/_03069_ (net)
                  0.01    0.00    0.94 v issue_stage_i.i_scoreboard/_34173_/B (MUX2_X1)
     1    1.08    0.01    0.06    1.00 v issue_stage_i.i_scoreboard/_34173_/Z (MUX2_X1)
                                         issue_stage_i.i_scoreboard/_03070_ (net)
                  0.01    0.00    1.00 v issue_stage_i.i_scoreboard/_34174_/B (MUX2_X1)
     2    7.15    0.02    0.07    1.07 v issue_stage_i.i_scoreboard/_34174_/Z (MUX2_X1)
                                         commit_instr_id_commit[284] (net)
                  0.02    0.00    1.07 v place37815/A (BUF_X8)
     3   25.36    0.01    0.03    1.10 v place37815/Z (BUF_X8)
                                         net37814 (net)
                  0.01    0.01    1.11 v _05288_/A2 (AND2_X4)
     2    6.73    0.01    0.03    1.14 v _05288_/ZN (AND2_X4)
                                         _00545_ (net)
                  0.01    0.00    1.14 v _05298_/A2 (NOR3_X4)
     1    6.95    0.03    0.05    1.18 ^ _05298_/ZN (NOR3_X4)
                                         _00555_ (net)
                  0.03    0.00    1.18 ^ _05304_/A2 (AOI22_X4)
     2    7.94    0.01    0.02    1.20 v _05304_/ZN (AOI22_X4)
                                         _00561_ (net)
                  0.01    0.00    1.20 v _05305_/A2 (NOR3_X4)
     2    8.57    0.03    0.05    1.26 ^ _05305_/ZN (NOR3_X4)
                                         amo_valid_commit (net)
                  0.03    0.00    1.26 ^ _05306_/A1 (NOR2_X4)
     2    6.71    0.01    0.01    1.27 v _05306_/ZN (NOR2_X4)
                                         commit_stage_i.debug_req_i (net)
                  0.01    0.00    1.27 v _05308_/B1 (AOI21_X4)
     2    7.94    0.02    0.03    1.29 ^ _05308_/ZN (AOI21_X4)
                                         _00563_ (net)
                  0.02    0.00    1.29 ^ _08631_/A1 (NAND2_X4)
     4   15.64    0.01    0.02    1.32 v _08631_/ZN (NAND2_X4)
                                         _03378_ (net)
                  0.01    0.00    1.32 v _08632_/A (INV_X4)
     3    8.40    0.01    0.02    1.33 ^ _08632_/ZN (INV_X4)
                                         _03379_ (net)
                  0.01    0.00    1.33 ^ _08642_/A2 (AND2_X4)
     2    8.47    0.01    0.03    1.36 ^ _08642_/ZN (AND2_X4)
                                         commit_stage_i.csr_op_o[2] (net)
                  0.01    0.00    1.36 ^ csr_regfile_i/_08231_/A1 (NAND2_X4)
     2    7.27    0.01    0.01    1.38 v csr_regfile_i/_08231_/ZN (NAND2_X4)
                                         csr_regfile_i/_01315_ (net)
                  0.01    0.00    1.38 v csr_regfile_i/place36004/A (BUF_X4)
     2    6.79    0.01    0.02    1.40 v csr_regfile_i/place36004/Z (BUF_X4)
                                         csr_regfile_i/net36003 (net)
                  0.01    0.00    1.40 v csr_regfile_i/_08232_/A3 (NOR3_X4)
     2    8.76    0.03    0.05    1.45 ^ csr_regfile_i/_08232_/ZN (NOR3_X4)
                                         csr_regfile_i/_01316_ (net)
                  0.03    0.00    1.45 ^ csr_regfile_i/_08458_/B2 (AOI21_X4)
     2    7.50    0.01    0.02    1.47 v csr_regfile_i/_08458_/ZN (AOI21_X4)
                                         csr_regfile_i/_01542_ (net)
                  0.01    0.00    1.47 v csr_regfile_i/_08465_/A1 (NOR3_X4)
     2   10.90    0.03    0.04    1.52 ^ csr_regfile_i/_08465_/ZN (NOR3_X4)
                                         csr_regfile_i/_01549_ (net)
                  0.03    0.00    1.52 ^ csr_regfile_i/_08864_/A1 (AND3_X4)
     2    7.43    0.01    0.05    1.57 ^ csr_regfile_i/_08864_/ZN (AND3_X4)
                                         csr_regfile_i/_01946_ (net)
                  0.01    0.00    1.57 ^ csr_regfile_i/_12669_/A (OAI21_X4)
     2    8.70    0.01    0.02    1.59 v csr_regfile_i/_12669_/ZN (OAI21_X4)
                                         csr_regfile_i/_05192_ (net)
                  0.01    0.00    1.59 v csr_regfile_i/_12710_/A1 (NAND2_X4)
     3   11.69    0.01    0.02    1.60 ^ csr_regfile_i/_12710_/ZN (NAND2_X4)
                                         csr_regfile_i/_05229_ (net)
                  0.01    0.00    1.61 ^ csr_regfile_i/_13028_/A1 (OR2_X4)
     2    9.89    0.01    0.02    1.63 ^ csr_regfile_i/_13028_/ZN (OR2_X4)
                                         commit_stage_i.csr_exception_i[0] (net)
                  0.01    0.00    1.63 ^ _06275_/A2 (NAND2_X4)
     1    3.63    0.01    0.01    1.64 v _06275_/ZN (NAND2_X4)
                                         _01384_ (net)
                  0.01    0.00    1.64 v _06276_/A1 (OR3_X4)
     3   10.13    0.01    0.06    1.70 v _06276_/ZN (OR3_X4)
                                         _01385_ (net)
                  0.01    0.00    1.70 v _08741_/A2 (AND2_X4)
     7   29.57    0.01    0.04    1.74 v _08741_/ZN (AND2_X4)
                                         _03414_ (net)
                  0.01    0.00    1.74 v place33479/A (BUF_X16)
     8   31.91    0.01    0.03    1.77 v place33479/Z (BUF_X16)
                                         net33478 (net)
                  0.01    0.00    1.77 v _08945_/A2 (AOI22_X4)
     1    7.14    0.03    0.04    1.81 ^ _08945_/ZN (AOI22_X4)
                                         _03499_ (net)
                  0.03    0.00    1.81 ^ _08946_/A1 (NOR2_X4)
     2    7.17    0.02    0.01    1.82 v _08946_/ZN (NOR2_X4)
                                         commit_stage_i.exception_o[92] (net)
                  0.02    0.00    1.82 v csr_regfile_i/_13341_/A4 (NOR4_X4)
     1    6.67    0.04    0.09    1.91 ^ csr_regfile_i/_13341_/ZN (NOR4_X4)
                                         csr_regfile_i/_05683_ (net)
                  0.04    0.00    1.91 ^ csr_regfile_i/_13342_/A4 (NAND4_X4)
     1    9.25    0.02    0.04    1.94 v csr_regfile_i/_13342_/ZN (NAND4_X4)
                                         csr_regfile_i/_05684_ (net)
                  0.02    0.00    1.94 v csr_regfile_i/_13343_/A2 (NOR3_X4)
     1    7.32    0.03    0.05    2.00 ^ csr_regfile_i/_13343_/ZN (NOR3_X4)
                                         csr_regfile_i/_05685_ (net)
                  0.03    0.00    2.00 ^ csr_regfile_i/_13344_/A3 (NAND3_X4)
     2   10.94    0.02    0.03    2.03 v csr_regfile_i/_13344_/ZN (NAND3_X4)
                                         csr_regfile_i/_05686_ (net)
                  0.02    0.00    2.03 v csr_regfile_i/_15959_/B1 (OAI22_X4)
     2    4.91    0.03    0.04    2.07 ^ csr_regfile_i/_15959_/ZN (OAI22_X4)
                                         controller_i.set_debug_pc_i (net)
                  0.03    0.00    2.07 ^ _06280_/A1 (OR4_X4)
     2   14.26    0.01    0.03    2.10 ^ _06280_/ZN (OR4_X4)
                                         controller_i.flush_ex_o (net)
                  0.01    0.00    2.10 ^ ex_stage_i/_19523_/A (INV_X8)
     2   28.92    0.01    0.01    2.11 v ex_stage_i/_19523_/ZN (INV_X8)
                                         ex_stage_i/_14963_ (net)
                  0.01    0.01    2.12 v ex_stage_i/_30148_/A (OAI21_X4)
     2    9.31    0.02    0.02    2.15 ^ ex_stage_i/_30148_/ZN (OAI21_X4)
                                         ex_stage_i/_09527_ (net)
                  0.02    0.00    2.15 ^ ex_stage_i/_31133_/A1 (NAND2_X4)
     2    7.15    0.01    0.02    2.16 v ex_stage_i/_31133_/ZN (NAND2_X4)
                                         ex_stage_i/_10504_ (net)
                  0.01    0.00    2.16 v ex_stage_i/_31166_/A2 (NAND2_X4)
     6   18.67    0.02    0.02    2.19 ^ ex_stage_i/_31166_/ZN (NAND2_X4)
                                         ex_stage_i/_10536_ (net)
                  0.02    0.00    2.19 ^ ex_stage_i/_32318_/S (MUX2_X2)
     6   11.97    0.01    0.09    2.28 v ex_stage_i/_32318_/Z (MUX2_X2)
                                         flu_trans_id_ex_id[0] (net)
                  0.01    0.00    2.28 v issue_stage_i.i_scoreboard/place31116/A (BUF_X1)
     1    3.50    0.01    0.03    2.31 v issue_stage_i.i_scoreboard/place31116/Z (BUF_X1)
                                         issue_stage_i.i_scoreboard/net31115 (net)
                  0.01    0.00    2.31 v issue_stage_i.i_scoreboard/_57202_/A2 (AND2_X4)
     1    3.38    0.00    0.03    2.34 v issue_stage_i.i_scoreboard/_57202_/ZN (AND2_X4)
                                         issue_stage_i.i_scoreboard/_23248_ (net)
                  0.00    0.00    2.34 v issue_stage_i.i_scoreboard/_57203_/B2 (OAI221_X2)
     2    6.75    0.04    0.06    2.39 ^ issue_stage_i.i_scoreboard/_57203_/ZN (OAI221_X2)
                                         issue_stage_i.i_scoreboard/_23249_ (net)
                  0.04    0.00    2.39 ^ issue_stage_i.i_scoreboard/_57207_/B (OAI211_X2)
     2    7.52    0.02    0.04    2.44 v issue_stage_i.i_scoreboard/_57207_/ZN (OAI211_X2)
                                         issue_stage_i.i_scoreboard/_23253_ (net)
                  0.02    0.00    2.44 v issue_stage_i.i_scoreboard/_57212_/A1 (AOI22_X4)
     2    6.46    0.02    0.04    2.47 ^ issue_stage_i.i_scoreboard/_57212_/ZN (AOI22_X4)
                                         issue_stage_i.i_scoreboard/_23258_ (net)
                  0.02    0.00    2.47 ^ issue_stage_i.i_scoreboard/_57213_/S (MUX2_X1)
     1    5.96    0.01    0.07    2.54 v issue_stage_i.i_scoreboard/_57213_/Z (MUX2_X1)
                                         issue_stage_i.i_scoreboard/_23259_ (net)
                  0.01    0.00    2.54 v issue_stage_i.i_scoreboard/_57223_/A2 (NOR4_X4)
     2    7.56    0.04    0.07    2.61 ^ issue_stage_i.i_scoreboard/_57223_/ZN (NOR4_X4)
                                         issue_stage_i.i_scoreboard/_23269_ (net)
                  0.04    0.00    2.61 ^ issue_stage_i.i_scoreboard/place30717/A (BUF_X4)
     2    9.74    0.01    0.03    2.64 ^ issue_stage_i.i_scoreboard/place30717/Z (BUF_X4)
                                         issue_stage_i.i_scoreboard/net30716 (net)
                  0.01    0.00    2.64 ^ issue_stage_i.i_scoreboard/_57504_/A2 (NAND3_X4)
     2    7.27    0.02    0.02    2.66 v issue_stage_i.i_scoreboard/_57504_/ZN (NAND3_X4)
                                         issue_stage_i.i_scoreboard/_23549_ (net)
                  0.02    0.00    2.66 v issue_stage_i.i_scoreboard/_57702_/B2 (AOI21_X4)
     1    6.63    0.02    0.04    2.70 ^ issue_stage_i.i_scoreboard/_57702_/ZN (AOI21_X4)
                                         issue_stage_i.i_scoreboard/_23740_ (net)
                  0.02    0.00    2.70 ^ issue_stage_i.i_scoreboard/_57703_/B1 (OAI21_X4)
     2    8.12    0.01    0.02    2.72 v issue_stage_i.i_scoreboard/_57703_/ZN (OAI21_X4)
                                         issue_stage_i.i_scoreboard/_23741_ (net)
                  0.01    0.00    2.72 v issue_stage_i.i_scoreboard/_58644_/B1 (AOI22_X4)
     3   10.74    0.03    0.05    2.77 ^ issue_stage_i.i_scoreboard/_58644_/ZN (AOI22_X4)
                                         issue_stage_i.rs1_valid_sb_iro (net)
                  0.03    0.00    2.77 ^ issue_stage_i.i_issue_read_operands/_19836_/A1 (NOR2_X4)
     1    3.10    0.02    0.01    2.78 v issue_stage_i.i_issue_read_operands/_19836_/ZN (NOR2_X4)
                                         issue_stage_i.i_issue_read_operands/_02429_ (net)
                  0.02    0.00    2.78 v issue_stage_i.i_issue_read_operands/_20453_/B1 (OAI221_X2)
     1    6.98    0.04    0.06    2.83 ^ issue_stage_i.i_issue_read_operands/_20453_/ZN (OAI221_X2)
                                         issue_stage_i.i_issue_read_operands/_03046_ (net)
                  0.04    0.00    2.83 ^ issue_stage_i.i_issue_read_operands/_20625_/B (OAI211_X4)
     2    7.01    0.02    0.03    2.87 v issue_stage_i.i_issue_read_operands/_20625_/ZN (OAI211_X4)
                                         issue_stage_i.i_issue_read_operands/_03218_ (net)
                  0.02    0.00    2.87 v issue_stage_i.i_issue_read_operands/_21366_/A1 (NOR2_X4)
     2   12.31    0.02    0.03    2.90 ^ issue_stage_i.i_issue_read_operands/_21366_/ZN (NOR2_X4)
                                         issue_stage_i.issue_ack_iro_sb (net)
                  0.02    0.00    2.90 ^ issue_stage_i.i_scoreboard/rebuffer48811/A (BUF_X4)
     1   12.00    0.01    0.03    2.93 ^ issue_stage_i.i_scoreboard/rebuffer48811/Z (BUF_X4)
                                         issue_stage_i.i_scoreboard/net48810 (net)
                  0.01    0.00    2.93 ^ issue_stage_i.i_scoreboard/_30016_/A (INV_X8)
     2   11.02    0.00    0.01    2.94 v issue_stage_i.i_scoreboard/_30016_/ZN (INV_X8)
                                         issue_stage_i.i_scoreboard/_26287_ (net)
                  0.00    0.00    2.94 v issue_stage_i.i_scoreboard/_30227_/A1 (NOR4_X4)
     4   11.15    0.05    0.06    3.00 ^ issue_stage_i.i_scoreboard/_30227_/ZN (NOR4_X4)
                                         issue_stage_i.i_scoreboard/_26407_ (net)
                  0.05    0.00    3.00 ^ issue_stage_i.i_scoreboard/_41327_/S (MUX2_X1)
     1    2.98    0.01    0.07    3.06 v issue_stage_i.i_scoreboard/_41327_/Z (MUX2_X1)
                                         issue_stage_i.i_scoreboard/_09543_ (net)
                  0.01    0.00    3.06 v issue_stage_i.i_scoreboard/_41328_/A2 (OR4_X4)
     1    2.17    0.01    0.09    3.15 v issue_stage_i.i_scoreboard/_41328_/ZN (OR4_X4)
                                         issue_stage_i.i_scoreboard/_09544_ (net)
                  0.01    0.00    3.15 v issue_stage_i.i_scoreboard/_41331_/B1 (OAI33_X1)
     1    4.80    0.08    0.09    3.25 ^ issue_stage_i.i_scoreboard/_41331_/ZN (OAI33_X1)
                                         issue_stage_i.i_scoreboard/_09547_ (net)
                  0.08    0.00    3.25 ^ issue_stage_i.i_scoreboard/place30027/A (BUF_X2)
     2    7.24    0.01    0.04    3.28 ^ issue_stage_i.i_scoreboard/place30027/Z (BUF_X2)
                                         issue_stage_i.i_scoreboard/net30026 (net)
                  0.01    0.00    3.28 ^ issue_stage_i.i_scoreboard/_41365_/A (AOI221_X2)
     2    5.37    0.02    0.02    3.30 v issue_stage_i.i_scoreboard/_41365_/ZN (AOI221_X2)
                                         issue_stage_i.i_scoreboard/_09581_ (net)
                  0.02    0.00    3.30 v issue_stage_i.i_scoreboard/place29957/A (BUF_X2)
     1    2.97    0.01    0.03    3.33 v issue_stage_i.i_scoreboard/place29957/Z (BUF_X2)
                                         issue_stage_i.i_scoreboard/net29956 (net)
                  0.01    0.00    3.33 v issue_stage_i.i_scoreboard/_41453_/C1 (AOI221_X2)
     1   11.76    0.07    0.08    3.41 ^ issue_stage_i.i_scoreboard/_41453_/ZN (AOI221_X2)
                                         issue_stage_i.i_scoreboard/_09668_ (net)
                  0.07    0.00    3.41 ^ issue_stage_i.i_scoreboard/place29645/A (BUF_X8)
     7   58.39    0.02    0.04    3.45 ^ issue_stage_i.i_scoreboard/place29645/Z (BUF_X8)
                                         issue_stage_i.i_scoreboard/net29644 (net)
                  0.02    0.01    3.46 ^ issue_stage_i.i_scoreboard/rebuffer48841/A (BUF_X16)
     1   27.09    0.01    0.03    3.49 ^ issue_stage_i.i_scoreboard/rebuffer48841/Z (BUF_X16)
                                         issue_stage_i.i_scoreboard/net48840 (net)
                  0.01    0.00    3.49 ^ issue_stage_i.i_scoreboard/place29635/A (BUF_X32)
    11   54.75    0.01    0.02    3.51 ^ issue_stage_i.i_scoreboard/place29635/Z (BUF_X32)
                                         issue_stage_i.i_scoreboard/net29634 (net)
                  0.01    0.01    3.51 ^ issue_stage_i.i_scoreboard/place29629/A (BUF_X4)
     7   14.63    0.01    0.03    3.54 ^ issue_stage_i.i_scoreboard/place29629/Z (BUF_X4)
                                         issue_stage_i.i_scoreboard/net29628 (net)
                  0.01    0.00    3.54 ^ issue_stage_i.i_scoreboard/_51066_/B2 (OAI221_X1)
     1    1.79    0.02    0.03    3.57 v issue_stage_i.i_scoreboard/_51066_/ZN (OAI221_X1)
                                         issue_stage_i.i_scoreboard/_17758_ (net)
                  0.02    0.00    3.57 v issue_stage_i.i_scoreboard/_51068_/B2 (AOI222_X1)
     1    1.37    0.04    0.08    3.66 ^ issue_stage_i.i_scoreboard/_51068_/ZN (AOI222_X1)
                                         issue_stage_i.i_scoreboard/mem_n[541] (net)
                  0.04    0.00    3.66 ^ issue_stage_i.i_scoreboard/mem_q[541]$_DFF_PN0_/D (DFFR_X1)
                                  3.66   data arrival time

                  0.00    2.22    2.22   clock core_clock (rise edge)
                          0.54    2.76   clock network delay (ideal)
                          0.00    2.76   clock reconvergence pessimism
                                  2.76 ^ issue_stage_i.i_scoreboard/mem_q[541]$_DFF_PN0_/CK (DFFR_X1)
                         -0.04    2.71   library setup time
                                  2.71   data required time
-----------------------------------------------------------------------------
                                  2.71   data required time
                                 -3.66   data arrival time
-----------------------------------------------------------------------------
                                 -0.94   slack (VIOLATED)



==========================================================================
resizer report_check_types -max_slew -max_cap -max_fanout -violators
--------------------------------------------------------------------------

==========================================================================
resizer max_slew_check_slack
--------------------------------------------------------------------------
0.06849246472120285

==========================================================================
resizer max_slew_check_limit
--------------------------------------------------------------------------
0.1985349953174591

==========================================================================
resizer max_slew_check_slack_limit
--------------------------------------------------------------------------
0.3450

==========================================================================
resizer max_fanout_check_slack
--------------------------------------------------------------------------
1.0000000150474662e+30

==========================================================================
resizer max_fanout_check_limit
--------------------------------------------------------------------------
1.0000000150474662e+30

==========================================================================
resizer max_capacitance_check_slack
--------------------------------------------------------------------------
0.3436531126499176

==========================================================================
resizer max_capacitance_check_limit
--------------------------------------------------------------------------
26.702899932861328

==========================================================================
resizer max_capacitance_check_slack_limit
--------------------------------------------------------------------------
0.0129

==========================================================================
resizer max_slew_violation_count
--------------------------------------------------------------------------
max slew violation count 0

==========================================================================
resizer max_fanout_violation_count
--------------------------------------------------------------------------
max fanout violation count 0

==========================================================================
resizer max_cap_violation_count
--------------------------------------------------------------------------
max cap violation count 0

==========================================================================
resizer setup_violation_count
--------------------------------------------------------------------------
setup violation count 3628

==========================================================================
resizer hold_violation_count
--------------------------------------------------------------------------
hold violation count 0

==========================================================================
resizer report_checks -path_delay max reg to reg
--------------------------------------------------------------------------
Startpoint: issue_stage_i.i_scoreboard/commit_pointer_q[1]$_DFF_PN0_
            (rising edge-triggered flip-flop clocked by core_clock)
Endpoint: issue_stage_i.i_scoreboard/mem_q[541]$_DFF_PN0_
          (rising edge-triggered flip-flop clocked by core_clock)
Path Group: core_clock
Path Type: max

  Delay    Time   Description
---------------------------------------------------------
   0.00    0.00   clock core_clock (rise edge)
   0.54    0.54   clock network delay (ideal)
   0.00    0.54 ^ issue_stage_i.i_scoreboard/commit_pointer_q[1]$_DFF_PN0_/CK (DFFR_X1)
   0.11    0.65 ^ issue_stage_i.i_scoreboard/commit_pointer_q[1]$_DFF_PN0_/Q (DFFR_X1)
   0.07    0.72 ^ issue_stage_i.i_scoreboard/_60374_/CO (HA_X1)
   0.03    0.74 v clone48817/ZN (NAND2_X4)
   0.03    0.77 ^ issue_stage_i.i_scoreboard/_34167_/ZN (NAND3_X4)
   0.02    0.79 v issue_stage_i.i_scoreboard/_34168_/ZN (NAND3_X4)
   0.02    0.81 ^ issue_stage_i.i_scoreboard/_34169_/ZN (OAI21_X4)
   0.01    0.83 v issue_stage_i.i_scoreboard/_34170_/ZN (OAI21_X2)
   0.06    0.88 v issue_stage_i.i_scoreboard/_34171_/Z (MUX2_X1)
   0.06    0.94 v issue_stage_i.i_scoreboard/_34172_/Z (MUX2_X1)
   0.06    1.00 v issue_stage_i.i_scoreboard/_34173_/Z (MUX2_X1)
   0.07    1.07 v issue_stage_i.i_scoreboard/_34174_/Z (MUX2_X1)
   0.03    1.10 v place37815/Z (BUF_X8)
   0.04    1.14 v _05288_/ZN (AND2_X4)
   0.05    1.18 ^ _05298_/ZN (NOR3_X4)
   0.02    1.20 v _05304_/ZN (AOI22_X4)
   0.05    1.26 ^ _05305_/ZN (NOR3_X4)
   0.01    1.27 v _05306_/ZN (NOR2_X4)
   0.03    1.29 ^ _05308_/ZN (AOI21_X4)
   0.02    1.32 v _08631_/ZN (NAND2_X4)
   0.02    1.33 ^ _08632_/ZN (INV_X4)
   0.03    1.36 ^ _08642_/ZN (AND2_X4)
   0.01    1.38 v csr_regfile_i/_08231_/ZN (NAND2_X4)
   0.02    1.40 v csr_regfile_i/place36004/Z (BUF_X4)
   0.05    1.45 ^ csr_regfile_i/_08232_/ZN (NOR3_X4)
   0.02    1.47 v csr_regfile_i/_08458_/ZN (AOI21_X4)
   0.04    1.52 ^ csr_regfile_i/_08465_/ZN (NOR3_X4)
   0.05    1.57 ^ csr_regfile_i/_08864_/ZN (AND3_X4)
   0.02    1.59 v csr_regfile_i/_12669_/ZN (OAI21_X4)
   0.02    1.60 ^ csr_regfile_i/_12710_/ZN (NAND2_X4)
   0.03    1.63 ^ csr_regfile_i/_13028_/ZN (OR2_X4)
   0.01    1.64 v _06275_/ZN (NAND2_X4)
   0.06    1.70 v _06276_/ZN (OR3_X4)
   0.04    1.74 v _08741_/ZN (AND2_X4)
   0.03    1.77 v place33479/Z (BUF_X16)
   0.04    1.81 ^ _08945_/ZN (AOI22_X4)
   0.01    1.82 v _08946_/ZN (NOR2_X4)
   0.09    1.91 ^ csr_regfile_i/_13341_/ZN (NOR4_X4)
   0.04    1.94 v csr_regfile_i/_13342_/ZN (NAND4_X4)
   0.05    2.00 ^ csr_regfile_i/_13343_/ZN (NOR3_X4)
   0.03    2.03 v csr_regfile_i/_13344_/ZN (NAND3_X4)
   0.04    2.07 ^ csr_regfile_i/_15959_/ZN (OAI22_X4)
   0.03    2.10 ^ _06280_/ZN (OR4_X4)
   0.01    2.11 v ex_stage_i/_19523_/ZN (INV_X8)
   0.04    2.15 ^ ex_stage_i/_30148_/ZN (OAI21_X4)
   0.02    2.16 v ex_stage_i/_31133_/ZN (NAND2_X4)
   0.02    2.19 ^ ex_stage_i/_31166_/ZN (NAND2_X4)
   0.09    2.28 v ex_stage_i/_32318_/Z (MUX2_X2)
   0.03    2.31 v issue_stage_i.i_scoreboard/place31116/Z (BUF_X1)
   0.03    2.34 v issue_stage_i.i_scoreboard/_57202_/ZN (AND2_X4)
   0.06    2.39 ^ issue_stage_i.i_scoreboard/_57203_/ZN (OAI221_X2)
   0.04    2.44 v issue_stage_i.i_scoreboard/_57207_/ZN (OAI211_X2)
   0.04    2.47 ^ issue_stage_i.i_scoreboard/_57212_/ZN (AOI22_X4)
   0.07    2.54 v issue_stage_i.i_scoreboard/_57213_/Z (MUX2_X1)
   0.07    2.61 ^ issue_stage_i.i_scoreboard/_57223_/ZN (NOR4_X4)
   0.03    2.64 ^ issue_stage_i.i_scoreboard/place30717/Z (BUF_X4)
   0.02    2.66 v issue_stage_i.i_scoreboard/_57504_/ZN (NAND3_X4)
   0.04    2.70 ^ issue_stage_i.i_scoreboard/_57702_/ZN (AOI21_X4)
   0.02    2.72 v issue_stage_i.i_scoreboard/_57703_/ZN (OAI21_X4)
   0.05    2.77 ^ issue_stage_i.i_scoreboard/_58644_/ZN (AOI22_X4)
   0.01    2.78 v issue_stage_i.i_issue_read_operands/_19836_/ZN (NOR2_X4)
   0.06    2.83 ^ issue_stage_i.i_issue_read_operands/_20453_/ZN (OAI221_X2)
   0.03    2.87 v issue_stage_i.i_issue_read_operands/_20625_/ZN (OAI211_X4)
   0.03    2.90 ^ issue_stage_i.i_issue_read_operands/_21366_/ZN (NOR2_X4)
   0.03    2.93 ^ issue_stage_i.i_scoreboard/rebuffer48811/Z (BUF_X4)
   0.01    2.94 v issue_stage_i.i_scoreboard/_30016_/ZN (INV_X8)
   0.06    3.00 ^ issue_stage_i.i_scoreboard/_30227_/ZN (NOR4_X4)
   0.07    3.06 v issue_stage_i.i_scoreboard/_41327_/Z (MUX2_X1)
   0.09    3.15 v issue_stage_i.i_scoreboard/_41328_/ZN (OR4_X4)
   0.09    3.25 ^ issue_stage_i.i_scoreboard/_41331_/ZN (OAI33_X1)
   0.04    3.28 ^ issue_stage_i.i_scoreboard/place30027/Z (BUF_X2)
   0.02    3.30 v issue_stage_i.i_scoreboard/_41365_/ZN (AOI221_X2)
   0.03    3.33 v issue_stage_i.i_scoreboard/place29957/Z (BUF_X2)
   0.08    3.41 ^ issue_stage_i.i_scoreboard/_41453_/ZN (AOI221_X2)
   0.04    3.45 ^ issue_stage_i.i_scoreboard/place29645/Z (BUF_X8)
   0.03    3.49 ^ issue_stage_i.i_scoreboard/rebuffer48841/Z (BUF_X16)
   0.02    3.51 ^ issue_stage_i.i_scoreboard/place29635/Z (BUF_X32)
   0.03    3.54 ^ issue_stage_i.i_scoreboard/place29629/Z (BUF_X4)
   0.03    3.57 v issue_stage_i.i_scoreboard/_51066_/ZN (OAI221_X1)
   0.08    3.66 ^ issue_stage_i.i_scoreboard/_51068_/ZN (AOI222_X1)
   0.00    3.66 ^ issue_stage_i.i_scoreboard/mem_q[541]$_DFF_PN0_/D (DFFR_X1)
           3.66   data arrival time

   2.22    2.22   clock core_clock (rise edge)
   0.54    2.76   clock network delay (ideal)
   0.00    2.76   clock reconvergence pessimism
           2.76 ^ issue_stage_i.i_scoreboard/mem_q[541]$_DFF_PN0_/CK (DFFR_X1)
  -0.04    2.71   library setup time
           2.71   data required time
---------------------------------------------------------
           2.71   data required time
          -3.66   data arrival time
---------------------------------------------------------
          -0.94   slack (VIOLATED)



==========================================================================
resizer report_checks -path_delay min reg to reg
--------------------------------------------------------------------------
Startpoint: id_stage_i.issue_entry_o[2]$_DFFE_PN0P_
            (rising edge-triggered flip-flop clocked by core_clock)
Endpoint: issue_stage_i.i_issue_read_operands/branch_predict_o[1]$_DFF_PN0_
          (rising edge-triggered flip-flop clocked by core_clock)
Path Group: core_clock
Path Type: min

  Delay    Time   Description
---------------------------------------------------------
   0.00    0.00   clock core_clock (rise edge)
   0.54    0.54   clock network delay (ideal)
   0.00    0.54 ^ id_stage_i.issue_entry_o[2]$_DFFE_PN0P_/CK (DFFR_X1)
   0.09    0.62 v id_stage_i.issue_entry_o[2]$_DFFE_PN0P_/Q (DFFR_X1)
   0.00    0.62 v issue_stage_i.i_issue_read_operands/branch_predict_o[1]$_DFF_PN0_/D (DFFR_X1)
           0.62   data arrival time

   0.00    0.00   clock core_clock (rise edge)
   0.54    0.54   clock network delay (ideal)
   0.00    0.54   clock reconvergence pessimism
           0.54 ^ issue_stage_i.i_issue_read_operands/branch_predict_o[1]$_DFF_PN0_/CK (DFFR_X1)
   0.00    0.54   library hold time
           0.54   data required time
---------------------------------------------------------
           0.54   data required time
          -0.62   data arrival time
---------------------------------------------------------
           0.08   slack (MET)



==========================================================================
resizer critical path target clock latency max path
--------------------------------------------------------------------------
0.5350

==========================================================================
resizer critical path target clock latency min path
--------------------------------------------------------------------------
0.5350

==========================================================================
resizer critical path source clock latency min path
--------------------------------------------------------------------------
0.5350

==========================================================================
resizer critical path delay
--------------------------------------------------------------------------
3.6553

==========================================================================
resizer critical path slack
--------------------------------------------------------------------------
-0.9414

==========================================================================
resizer slack div critical path delay
--------------------------------------------------------------------------
-25.754384

==========================================================================
resizer report_power
--------------------------------------------------------------------------
Group                  Internal  Switching    Leakage      Total
                          Power      Power      Power      Power (Watts)
----------------------------------------------------------------
Sequential             6.66e-02   1.19e-03   1.65e-03   6.94e-02  24.7%
Combinational          6.86e-03   1.36e-02   4.40e-03   2.48e-02   8.8%
Clock                  0.00e+00   0.00e+00   0.00e+00   0.00e+00   0.0%
Macro                  1.64e-01   0.00e+00   2.24e-02   1.87e-01  66.5%
Pad                    0.00e+00   0.00e+00   0.00e+00   0.00e+00   0.0%
----------------------------------------------------------------
Total                  2.38e-01   1.48e-02   2.85e-02   2.81e-01 100.0%
                          84.6%       5.2%      10.1%
