
==========================================================================
resizer report_tns
--------------------------------------------------------------------------
tns max -4201.02

==========================================================================
resizer report_wns
--------------------------------------------------------------------------
wns max -1.35

==========================================================================
resizer report_worst_slack
--------------------------------------------------------------------------
worst slack max -1.35

==========================================================================
resizer report_clock_min_period
--------------------------------------------------------------------------
core_clock period_min = 3.57 fmax = 280.28

==========================================================================
resizer report_checks -path_delay min
--------------------------------------------------------------------------
Startpoint: rst_ni (input port clocked by core_clock)
Endpoint: ex_stage_i/lsu_i.i_store_unit.store_buffer_i.speculative_queue_q_1__be__7_$_DFFE_PN0N_
          (removal check against rising-edge clock core_clock)
Path Group: asynchronous
Path Type: min

Fanout     Cap    Slew   Delay    Time   Description
-----------------------------------------------------------------------------
                  0.00    0.00    0.00   clock core_clock (rise edge)
                          0.54    0.54   clock network delay (ideal)
                          0.44    0.98 ^ input external delay
     1   19.89    0.00    0.00    0.98 ^ rst_ni (in)
                                         rst_ni (net)
                  0.01    0.00    0.98 ^ input3255/A (CLKBUF_X3)
     4   52.91    0.03    0.05    1.04 ^ input3255/Z (CLKBUF_X3)
                                         net3254 (net)
                  0.04    0.01    1.05 ^ place60647/A (BUF_X1)
     6   14.39    0.03    0.06    1.11 ^ place60647/Z (BUF_X1)
                                         net60646 (net)
                  0.03    0.00    1.11 ^ ex_stage_i/lsu_i.i_store_unit.store_buffer_i.speculative_queue_q_1__be__7_$_DFFE_PN0N_/RN (DFFR_X1)
                                  1.11   data arrival time

                  0.00    0.00    0.00   clock core_clock (rise edge)
                          0.54    0.54   clock network delay (ideal)
                          0.00    0.54   clock reconvergence pessimism
                                  0.54 ^ ex_stage_i/lsu_i.i_store_unit.store_buffer_i.speculative_queue_q_1__be__7_$_DFFE_PN0N_/CK (DFFR_X1)
                          0.22    0.76   library removal time
                                  0.76   data required time
-----------------------------------------------------------------------------
                                  0.76   data required time
                                 -1.11   data arrival time
-----------------------------------------------------------------------------
                                  0.35   slack (MET)


Startpoint: id_stage_i.issue_entry_o[1]$_DFFE_PN0P_
            (rising edge-triggered flip-flop clocked by core_clock)
Endpoint: issue_stage_i.i_issue_read_operands/branch_predict_o[0]$_DFF_PN0_
          (rising edge-triggered flip-flop clocked by core_clock)
Path Group: core_clock
Path Type: min

Fanout     Cap    Slew   Delay    Time   Description
-----------------------------------------------------------------------------
                  0.00    0.00    0.00   clock core_clock (rise edge)
                          0.54    0.54   clock network delay (ideal)
                  0.00    0.00    0.54 ^ id_stage_i.issue_entry_o[1]$_DFFE_PN0P_/CK (DFFR_X1)
     2    2.50    0.01    0.09    0.62 v id_stage_i.issue_entry_o[1]$_DFFE_PN0P_/Q (DFFR_X1)
                                         id_stage_i.issue_entry_o[1] (net)
                  0.01    0.00    0.62 v issue_stage_i.i_issue_read_operands/branch_predict_o[0]$_DFF_PN0_/D (DFFR_X1)
                                  0.62   data arrival time

                  0.00    0.00    0.00   clock core_clock (rise edge)
                          0.54    0.54   clock network delay (ideal)
                          0.00    0.54   clock reconvergence pessimism
                                  0.54 ^ issue_stage_i.i_issue_read_operands/branch_predict_o[0]$_DFF_PN0_/CK (DFFR_X1)
                          0.00    0.54   library hold time
                                  0.54   data required time
-----------------------------------------------------------------------------
                                  0.54   data required time
                                 -0.62   data arrival time
-----------------------------------------------------------------------------
                                  0.08   slack (MET)



==========================================================================
resizer report_checks -path_delay max
--------------------------------------------------------------------------
Startpoint: rst_ni (input port clocked by core_clock)
Endpoint: i_frontend/i_btb.btb_q[179]$_DFFE_PN0P_
          (recovery check against rising-edge clock core_clock)
Path Group: asynchronous
Path Type: max

Fanout     Cap    Slew   Delay    Time   Description
-----------------------------------------------------------------------------
                  0.00    0.00    0.00   clock core_clock (rise edge)
                          0.54    0.54   clock network delay (ideal)
                          0.44    0.98 ^ input external delay
     1   19.89    0.00    0.00    0.98 ^ rst_ni (in)
                                         rst_ni (net)
                  0.01    0.00    0.98 ^ input3255/A (CLKBUF_X3)
     4   52.91    0.03    0.05    1.04 ^ input3255/Z (CLKBUF_X3)
                                         net3254 (net)
                  0.05    0.03    1.07 ^ place61062/A (BUF_X16)
     7   76.80    0.01    0.03    1.10 ^ place61062/Z (BUF_X16)
                                         net61061 (net)
                  0.07    0.06    1.16 ^ place61061/A (BUF_X2)
     2    7.42    0.01    0.04    1.19 ^ place61061/Z (BUF_X2)
                                         net61060 (net)
                  0.01    0.00    1.19 ^ i_frontend/place61060/A (BUF_X2)
     5   79.62    0.06    0.07    1.26 ^ i_frontend/place61060/Z (BUF_X2)
                                         i_frontend/net61059 (net)
                  0.12    0.08    1.34 ^ i_frontend/place61030/A (BUF_X1)
     4   23.35    0.05    0.09    1.43 ^ i_frontend/place61030/Z (BUF_X1)
                                         i_frontend/net61029 (net)
                  0.05    0.00    1.43 ^ i_frontend/place61008/A (BUF_X1)
    17   56.82    0.12    0.15    1.58 ^ i_frontend/place61008/Z (BUF_X1)
                                         i_frontend/net61007 (net)
                  0.13    0.02    1.60 ^ i_frontend/place61001/A (BUF_X2)
    29   68.65    0.08    0.11    1.71 ^ i_frontend/place61001/Z (BUF_X2)
                                         i_frontend/net61000 (net)
                  0.08    0.01    1.72 ^ i_frontend/place61000/A (BUF_X1)
    18   41.29    0.09    0.13    1.84 ^ i_frontend/place61000/Z (BUF_X1)
                                         i_frontend/net60999 (net)
                  0.09    0.00    1.85 ^ i_frontend/i_btb.btb_q[179]$_DFFE_PN0P_/RN (DFFR_X1)
                                  1.85   data arrival time

                  0.00    2.22    2.22   clock core_clock (rise edge)
                          0.54    2.76   clock network delay (ideal)
                          0.00    2.76   clock reconvergence pessimism
                                  2.76 ^ i_frontend/i_btb.btb_q[179]$_DFFE_PN0P_/CK (DFFR_X1)
                          0.04    2.80   library recovery time
                                  2.80   data required time
-----------------------------------------------------------------------------
                                  2.80   data required time
                                 -1.85   data arrival time
-----------------------------------------------------------------------------
                                  0.95   slack (MET)


Startpoint: issue_stage_i.i_scoreboard/commit_pointer_q[1]$_DFF_PN0_
            (rising edge-triggered flip-flop clocked by core_clock)
Endpoint: issue_stage_i.i_scoreboard/mem_q[1629]$_DFF_PN0_
          (rising edge-triggered flip-flop clocked by core_clock)
Path Group: core_clock
Path Type: max

Fanout     Cap    Slew   Delay    Time   Description
-----------------------------------------------------------------------------
                  0.00    0.00    0.00   clock core_clock (rise edge)
                          0.54    0.54   clock network delay (ideal)
                  0.00    0.00    0.54 ^ issue_stage_i.i_scoreboard/commit_pointer_q[1]$_DFF_PN0_/CK (DFFR_X1)
     3    8.13    0.02    0.11    0.65 ^ issue_stage_i.i_scoreboard/commit_pointer_q[1]$_DFF_PN0_/Q (DFFR_X1)
                                         issue_stage_i.i_scoreboard/commit_pointer_q[1] (net)
                  0.02    0.00    0.65 ^ issue_stage_i.i_scoreboard/_60376_/A (HA_X1)
     3    5.94    0.02    0.05    0.70 ^ issue_stage_i.i_scoreboard/_60376_/CO (HA_X1)
                                         issue_stage_i.i_scoreboard/N38700 (net)
                  0.02    0.00    0.70 ^ issue_stage_i.i_scoreboard/_60378_/B (HA_X1)
     3   28.58    0.06    0.09    0.79 ^ issue_stage_i.i_scoreboard/_60378_/CO (HA_X1)
                                         issue_stage_i.i_scoreboard/N212 (net)
                  0.06    0.00    0.79 ^ issue_stage_i.i_scoreboard/place52001/A (BUF_X1)
     4   15.60    0.04    0.06    0.85 ^ issue_stage_i.i_scoreboard/place52001/Z (BUF_X1)
                                         issue_stage_i.i_scoreboard/net52000 (net)
                  0.04    0.00    0.86 ^ issue_stage_i.i_scoreboard/_34284_/A2 (NAND3_X1)
     1    1.92    0.01    0.03    0.88 v issue_stage_i.i_scoreboard/_34284_/ZN (NAND3_X1)
                                         issue_stage_i.i_scoreboard/_03172_ (net)
                  0.01    0.00    0.88 v issue_stage_i.i_scoreboard/_34285_/A3 (NAND3_X1)
     1    2.31    0.01    0.02    0.91 ^ issue_stage_i.i_scoreboard/_34285_/ZN (NAND3_X1)
                                         issue_stage_i.i_scoreboard/_03173_ (net)
                  0.01    0.00    0.91 ^ issue_stage_i.i_scoreboard/_34287_/A (OAI21_X1)
     1    1.78    0.01    0.02    0.93 v issue_stage_i.i_scoreboard/_34287_/ZN (OAI21_X1)
                                         issue_stage_i.i_scoreboard/_03175_ (net)
                  0.01    0.00    0.93 v issue_stage_i.i_scoreboard/_34288_/B1 (OAI21_X1)
     1    5.46    0.03    0.05    0.97 ^ issue_stage_i.i_scoreboard/_34288_/ZN (OAI21_X1)
                                         issue_stage_i.i_scoreboard/_03176_ (net)
                  0.03    0.00    0.97 ^ issue_stage_i.i_scoreboard/_34291_/A (MUX2_X1)
     1    1.32    0.01    0.04    1.02 ^ issue_stage_i.i_scoreboard/_34291_/Z (MUX2_X1)
                                         issue_stage_i.i_scoreboard/_03179_ (net)
                  0.01    0.00    1.02 ^ issue_stage_i.i_scoreboard/_34292_/B (MUX2_X1)
     1    1.38    0.01    0.03    1.05 ^ issue_stage_i.i_scoreboard/_34292_/Z (MUX2_X1)
                                         issue_stage_i.i_scoreboard/_03180_ (net)
                  0.01    0.00    1.05 ^ issue_stage_i.i_scoreboard/_34293_/B (MUX2_X1)
     1    2.08    0.01    0.04    1.09 ^ issue_stage_i.i_scoreboard/_34293_/Z (MUX2_X1)
                                         issue_stage_i.i_scoreboard/_03181_ (net)
                  0.01    0.00    1.09 ^ issue_stage_i.i_scoreboard/_34294_/B (MUX2_X1)
     2    4.34    0.01    0.04    1.13 ^ issue_stage_i.i_scoreboard/_34294_/Z (MUX2_X1)
                                         commit_instr_id_commit[292] (net)
                  0.01    0.00    1.13 ^ _05280_/A (INV_X1)
     2    3.12    0.01    0.01    1.14 v _05280_/ZN (INV_X1)
                                         _00537_ (net)
                  0.01    0.00    1.14 v _05281_/A1 (NOR2_X1)
     1   16.81    0.08    0.10    1.24 ^ _05281_/ZN (NOR2_X1)
                                         _00538_ (net)
                  0.08    0.00    1.24 ^ place46415/A (BUF_X4)
     2    4.88    0.01    0.03    1.27 ^ place46415/Z (BUF_X4)
                                         net46414 (net)
                  0.01    0.00    1.27 ^ _06273_/A2 (NAND2_X1)
     1    1.87    0.01    0.01    1.29 v _06273_/ZN (NAND2_X1)
                                         _01382_ (net)
                  0.01    0.00    1.29 v _06274_/A2 (NOR2_X1)
     1   12.57    0.06    0.08    1.37 ^ _06274_/ZN (NOR2_X1)
                                         _01383_ (net)
                  0.06    0.00    1.37 ^ place45845/A (BUF_X4)
     2   12.78    0.01    0.03    1.41 ^ place45845/Z (BUF_X4)
                                         net45844 (net)
                  0.01    0.00    1.41 ^ _08631_/A2 (NAND2_X4)
     4   15.92    0.01    0.02    1.43 v _08631_/ZN (NAND2_X4)
                                         _03378_ (net)
                  0.01    0.00    1.43 v place45215/A (BUF_X2)
     3    8.70    0.01    0.03    1.46 v place45215/Z (BUF_X2)
                                         net45214 (net)
                  0.01    0.00    1.46 v _08644_/A1 (NOR2_X4)
     2    9.96    0.02    0.03    1.49 ^ _08644_/ZN (NOR2_X4)
                                         commit_stage_i.csr_op_o[4] (net)
                  0.02    0.00    1.49 ^ csr_regfile_i/_08230_/A (INV_X2)
     4    9.87    0.01    0.02    1.50 v csr_regfile_i/_08230_/ZN (INV_X2)
                                         csr_regfile_i/_01314_ (net)
                  0.01    0.00    1.50 v csr_regfile_i/_08237_/A2 (NOR4_X1)
     2    3.82    0.06    0.09    1.59 ^ csr_regfile_i/_08237_/ZN (NOR4_X1)
                                         csr_regfile_i/_01321_ (net)
                  0.06    0.00    1.59 ^ csr_regfile_i/_08238_/A2 (NOR2_X1)
     1    2.40    0.02    0.02    1.61 v csr_regfile_i/_08238_/ZN (NOR2_X1)
                                         csr_regfile_i/_01322_ (net)
                  0.02    0.00    1.61 v csr_regfile_i/_08239_/A2 (NOR2_X1)
     1   10.70    0.06    0.08    1.68 ^ csr_regfile_i/_08239_/ZN (NOR2_X1)
                                         csr_regfile_i/_01323_ (net)
                  0.06    0.00    1.68 ^ csr_regfile_i/place43522/A (BUF_X4)
     3    5.76    0.01    0.03    1.71 ^ csr_regfile_i/place43522/Z (BUF_X4)
                                         csr_regfile_i/net43521 (net)
                  0.01    0.00    1.71 ^ csr_regfile_i/_12668_/A (OAI21_X1)
     2    6.84    0.02    0.03    1.74 v csr_regfile_i/_12668_/ZN (OAI21_X1)
                                         csr_regfile_i/_05191_ (net)
                  0.02    0.00    1.74 v csr_regfile_i/_12710_/A2 (NAND2_X4)
     2   15.37    0.01    0.03    1.77 ^ csr_regfile_i/_12710_/ZN (NAND2_X4)
                                         csr_regfile_i/_05229_ (net)
                  0.01    0.00    1.77 ^ csr_regfile_i/_13028_/A2 (OR2_X4)
     2    7.49    0.01    0.03    1.80 ^ csr_regfile_i/_13028_/ZN (OR2_X4)
                                         commit_stage_i.csr_exception_i[0] (net)
                  0.01    0.00    1.80 ^ _06275_/A2 (NAND2_X2)
     1    3.50    0.01    0.01    1.81 v _06275_/ZN (NAND2_X2)
                                         _01384_ (net)
                  0.01    0.00    1.81 v _06276_/A1 (OR3_X4)
     2    6.20    0.01    0.06    1.87 v _06276_/ZN (OR3_X4)
                                         _01385_ (net)
                  0.01    0.00    1.87 v _08741_/A2 (AND2_X4)
     5   28.63    0.01    0.04    1.91 v _08741_/ZN (AND2_X4)
                                         _03414_ (net)
                  0.01    0.00    1.91 v place41575/A (BUF_X2)
     5   14.22    0.01    0.04    1.94 v place41575/Z (BUF_X2)
                                         net41574 (net)
                  0.01    0.00    1.94 v _08957_/A2 (AOI22_X1)
     1    1.84    0.03    0.04    1.98 ^ _08957_/ZN (AOI22_X1)
                                         _03505_ (net)
                  0.03    0.00    1.98 ^ _08958_/A2 (NOR2_X1)
     2   10.38    0.02    0.03    2.01 v _08958_/ZN (NOR2_X1)
                                         commit_stage_i.exception_o[98] (net)
                  0.02    0.00    2.01 v csr_regfile_i/_13334_/A4 (NOR4_X2)
     1    3.83    0.04    0.09    2.09 ^ csr_regfile_i/_13334_/ZN (NOR4_X2)
                                         csr_regfile_i/_05676_ (net)
                  0.04    0.00    2.09 ^ csr_regfile_i/_13337_/A2 (NAND4_X2)
     1   12.33    0.03    0.06    2.15 v csr_regfile_i/_13337_/ZN (NAND4_X2)
                                         csr_regfile_i/_05679_ (net)
                  0.03    0.00    2.15 v csr_regfile_i/_13343_/A2 (NOR3_X4)
     1    7.45    0.03    0.06    2.21 ^ csr_regfile_i/_13343_/ZN (NOR3_X4)
                                         csr_regfile_i/_05685_ (net)
                  0.03    0.00    2.21 ^ csr_regfile_i/_13344_/A3 (NAND3_X4)
     2   15.42    0.02    0.03    2.24 v csr_regfile_i/_13344_/ZN (NAND3_X4)
                                         csr_regfile_i/_05686_ (net)
                  0.02    0.00    2.24 v csr_regfile_i/_15959_/B1 (OAI22_X4)
     2    5.29    0.03    0.04    2.28 ^ csr_regfile_i/_15959_/ZN (OAI22_X4)
                                         controller_i.set_debug_pc_i (net)
                  0.03    0.00    2.28 ^ _06280_/A1 (OR4_X4)
     2   37.32    0.02    0.04    2.32 ^ _06280_/ZN (OR4_X4)
                                         controller_i.flush_ex_o (net)
                  0.03    0.02    2.34 ^ ex_stage_i/_19523_/A (INV_X8)
     3   32.47    0.01    0.01    2.36 v ex_stage_i/_19523_/ZN (INV_X8)
                                         ex_stage_i/_14963_ (net)
                  0.02    0.01    2.37 v ex_stage_i/_30148_/A (OAI21_X4)
     2    7.10    0.02    0.02    2.39 ^ ex_stage_i/_30148_/ZN (OAI21_X4)
                                         ex_stage_i/_09527_ (net)
                  0.02    0.00    2.39 ^ ex_stage_i/_31133_/A1 (NAND2_X4)
     2    6.94    0.01    0.02    2.41 v ex_stage_i/_31133_/ZN (NAND2_X4)
                                         ex_stage_i/_10504_ (net)
                  0.01    0.00    2.41 v ex_stage_i/_31166_/A2 (NAND2_X4)
     4   31.43    0.02    0.03    2.44 ^ ex_stage_i/_31166_/ZN (NAND2_X4)
                                         ex_stage_i/_10536_ (net)
                  0.02    0.01    2.45 ^ ex_stage_i/place38351/A (BUF_X1)
     1    2.25    0.01    0.03    2.48 ^ ex_stage_i/place38351/Z (BUF_X1)
                                         ex_stage_i/net38350 (net)
                  0.01    0.00    2.48 ^ ex_stage_i/_32322_/S (MUX2_X1)
     1    6.01    0.01    0.07    2.55 v ex_stage_i/_32322_/Z (MUX2_X1)
                                         flu_trans_id_ex_id[2] (net)
                  0.01    0.00    2.55 v issue_stage_i.i_scoreboard/place38236/A (BUF_X8)
    10   24.34    0.01    0.03    2.58 v issue_stage_i.i_scoreboard/place38236/Z (BUF_X8)
                                         issue_stage_i.i_scoreboard/net38235 (net)
                  0.01    0.00    2.58 v issue_stage_i.i_scoreboard/_57217_/B2 (AOI221_X1)
     1    3.62    0.05    0.09    2.67 ^ issue_stage_i.i_scoreboard/_57217_/ZN (AOI221_X1)
                                         issue_stage_i.i_scoreboard/_23263_ (net)
                  0.05    0.00    2.67 ^ issue_stage_i.i_scoreboard/_57218_/A (AOI21_X1)
     1    1.57    0.02    0.02    2.69 v issue_stage_i.i_scoreboard/_57218_/ZN (AOI21_X1)
                                         issue_stage_i.i_scoreboard/_23264_ (net)
                  0.02    0.00    2.69 v issue_stage_i.i_scoreboard/_57221_/A2 (AOI22_X1)
     1    4.52    0.04    0.05    2.74 ^ issue_stage_i.i_scoreboard/_57221_/ZN (AOI22_X1)
                                         issue_stage_i.i_scoreboard/_23267_ (net)
                  0.04    0.00    2.75 ^ issue_stage_i.i_scoreboard/place37890/A (BUF_X2)
     2    6.24    0.01    0.03    2.78 ^ issue_stage_i.i_scoreboard/place37890/Z (BUF_X2)
                                         issue_stage_i.i_scoreboard/net37889 (net)
                  0.01    0.00    2.78 ^ issue_stage_i.i_scoreboard/_58659_/B (XOR2_X1)
     2    2.13    0.02    0.02    2.79 v issue_stage_i.i_scoreboard/_58659_/Z (XOR2_X1)
                                         issue_stage_i.i_scoreboard/_24640_ (net)
                  0.02    0.00    2.79 v issue_stage_i.i_scoreboard/_58664_/A1 (OR2_X1)
     2    2.10    0.01    0.05    2.84 v issue_stage_i.i_scoreboard/_58664_/ZN (OR2_X1)
                                         issue_stage_i.i_scoreboard/_24645_ (net)
                  0.01    0.00    2.84 v issue_stage_i.i_scoreboard/_58665_/A4 (OR4_X1)
     2    8.90    0.03    0.14    2.98 v issue_stage_i.i_scoreboard/_58665_/ZN (OR4_X1)
                                         issue_stage_i.i_scoreboard/_24646_ (net)
                  0.03    0.00    2.98 v issue_stage_i.i_scoreboard/_58667_/B1 (OAI21_X4)
     2    2.26    0.02    0.03    3.01 ^ issue_stage_i.i_scoreboard/_58667_/ZN (OAI21_X4)
                                         issue_stage_i.i_scoreboard/_24648_ (net)
                  0.02    0.00    3.01 ^ issue_stage_i.i_scoreboard/_60149_/A3 (AND3_X1)
     1    1.70    0.01    0.05    3.05 ^ issue_stage_i.i_scoreboard/_60149_/ZN (AND3_X1)
                                         issue_stage_i.i_scoreboard/_26066_ (net)
                  0.01    0.00    3.05 ^ issue_stage_i.i_scoreboard/_60151_/B1 (OAI21_X1)
     1    3.37    0.01    0.02    3.07 v issue_stage_i.i_scoreboard/_60151_/ZN (OAI21_X1)
                                         issue_stage_i.i_scoreboard/_26068_ (net)
                  0.01    0.00    3.07 v issue_stage_i.i_scoreboard/_60159_/B1 (AOI22_X2)
     2    3.36    0.03    0.04    3.11 ^ issue_stage_i.i_scoreboard/_60159_/ZN (AOI22_X2)
                                         issue_stage_i.rs2_valid_iro_sb (net)
                  0.03    0.00    3.11 ^ issue_stage_i.i_issue_read_operands/_20627_/A (INV_X1)
     3    6.80    0.01    0.02    3.13 v issue_stage_i.i_issue_read_operands/_20627_/ZN (INV_X1)
                                         issue_stage_i.i_issue_read_operands/_03220_ (net)
                  0.01    0.00    3.13 v issue_stage_i.i_issue_read_operands/_21363_/B2 (OAI21_X1)
     1    3.75    0.03    0.04    3.18 ^ issue_stage_i.i_issue_read_operands/_21363_/ZN (OAI21_X1)
                                         issue_stage_i.i_issue_read_operands/_03956_ (net)
                  0.03    0.00    3.18 ^ issue_stage_i.i_issue_read_operands/_21364_/B2 (AOI21_X2)
     2    7.04    0.01    0.02    3.20 v issue_stage_i.i_issue_read_operands/_21364_/ZN (AOI21_X2)
                                         issue_stage_i.i_issue_read_operands/_03957_ (net)
                  0.01    0.00    3.20 v issue_stage_i.i_issue_read_operands/_21366_/A1 (NOR2_X4)
     1    6.80    0.02    0.02    3.23 ^ issue_stage_i.i_issue_read_operands/_21366_/ZN (NOR2_X4)
                                         issue_stage_i.issue_ack_iro_sb (net)
                  0.02    0.00    3.23 ^ issue_stage_i.i_scoreboard/place37523/A (BUF_X8)
     7   39.57    0.01    0.03    3.25 ^ issue_stage_i.i_scoreboard/place37523/Z (BUF_X8)
                                         issue_stage_i.i_scoreboard/net37522 (net)
                  0.02    0.01    3.26 ^ issue_stage_i.i_scoreboard/place37522/A (BUF_X2)
     1    5.86    0.01    0.03    3.29 ^ issue_stage_i.i_scoreboard/place37522/Z (BUF_X2)
                                         issue_stage_i.i_scoreboard/net37521 (net)
                  0.01    0.00    3.29 ^ issue_stage_i.i_scoreboard/_30030_/A2 (NAND4_X4)
    10   32.79    0.04    0.05    3.34 v issue_stage_i.i_scoreboard/_30030_/ZN (NAND4_X4)
                                         issue_stage_i.i_scoreboard/_26295_ (net)
                  0.04    0.00    3.35 v issue_stage_i.i_scoreboard/_31008_/A2 (NOR2_X4)
     2    3.73    0.01    0.03    3.38 ^ issue_stage_i.i_scoreboard/_31008_/ZN (NOR2_X4)
                                         issue_stage_i.i_scoreboard/_26591_ (net)
                  0.01    0.00    3.38 ^ issue_stage_i.i_scoreboard/_31234_/S (MUX2_X1)
     4    6.29    0.01    0.07    3.45 v issue_stage_i.i_scoreboard/_31234_/Z (MUX2_X1)
                                         issue_stage_i.i_scoreboard/_26687_ (net)
                  0.01    0.00    3.45 v issue_stage_i.i_scoreboard/_31235_/A (INV_X1)
     2    3.03    0.01    0.02    3.47 ^ issue_stage_i.i_scoreboard/_31235_/ZN (INV_X1)
                                         issue_stage_i.i_scoreboard/mem_n[654] (net)
                  0.01    0.00    3.47 ^ issue_stage_i.i_scoreboard/place37111/A (BUF_X1)
     2    3.58    0.01    0.03    3.50 ^ issue_stage_i.i_scoreboard/place37111/Z (BUF_X1)
                                         issue_stage_i.i_scoreboard/net37110 (net)
                  0.01    0.00    3.50 ^ issue_stage_i.i_scoreboard/_41179_/B2 (OAI222_X1)
     1    2.14    0.02    0.04    3.53 v issue_stage_i.i_scoreboard/_41179_/ZN (OAI222_X1)
                                         issue_stage_i.i_scoreboard/_09395_ (net)
                  0.02    0.00    3.53 v issue_stage_i.i_scoreboard/_41180_/B1 (AOI22_X1)
     1   15.71    0.09    0.12    3.65 ^ issue_stage_i.i_scoreboard/_41180_/ZN (AOI22_X1)
                                         issue_stage_i.i_scoreboard/_09396_ (net)
                  0.09    0.00    3.66 ^ issue_stage_i.i_scoreboard/place36972/A (BUF_X4)
     5   12.23    0.01    0.03    3.69 ^ issue_stage_i.i_scoreboard/place36972/Z (BUF_X4)
                                         issue_stage_i.i_scoreboard/net36971 (net)
                  0.01    0.00    3.69 ^ issue_stage_i.i_scoreboard/_43002_/A1 (NOR3_X4)
     3    9.01    0.01    0.01    3.70 v issue_stage_i.i_scoreboard/_43002_/ZN (NOR3_X4)
                                         issue_stage_i.i_scoreboard/_11081_ (net)
                  0.01    0.00    3.70 v issue_stage_i.i_scoreboard/_43921_/C2 (AOI211_X2)
     3   19.48    0.09    0.11    3.81 ^ issue_stage_i.i_scoreboard/_43921_/ZN (AOI211_X2)
                                         issue_stage_i.i_scoreboard/_11839_ (net)
                  0.09    0.00    3.81 ^ issue_stage_i.i_scoreboard/place36458/A (BUF_X1)
     2    2.82    0.01    0.04    3.85 ^ issue_stage_i.i_scoreboard/place36458/Z (BUF_X1)
                                         issue_stage_i.i_scoreboard/net36457 (net)
                  0.01    0.00    3.85 ^ issue_stage_i.i_scoreboard/place36456/A (BUF_X1)
    15   41.60    0.09    0.12    3.96 ^ issue_stage_i.i_scoreboard/place36456/Z (BUF_X1)
                                         issue_stage_i.i_scoreboard/net36455 (net)
                  0.09    0.01    3.97 ^ issue_stage_i.i_scoreboard/_44265_/A2 (NOR2_X1)
     1    2.07    0.02    0.01    3.99 v issue_stage_i.i_scoreboard/_44265_/ZN (NOR2_X1)
                                         issue_stage_i.i_scoreboard/_12135_ (net)
                  0.02    0.00    3.99 v issue_stage_i.i_scoreboard/_44270_/A (AOI221_X1)
     1    1.70    0.04    0.07    4.06 ^ issue_stage_i.i_scoreboard/_44270_/ZN (AOI221_X1)
                                         issue_stage_i.i_scoreboard/mem_n[1629] (net)
                  0.04    0.00    4.06 ^ issue_stage_i.i_scoreboard/mem_q[1629]$_DFF_PN0_/D (DFFR_X1)
                                  4.06   data arrival time

                  0.00    2.22    2.22   clock core_clock (rise edge)
                          0.54    2.76   clock network delay (ideal)
                          0.00    2.76   clock reconvergence pessimism
                                  2.76 ^ issue_stage_i.i_scoreboard/mem_q[1629]$_DFF_PN0_/CK (DFFR_X1)
                         -0.04    2.71   library setup time
                                  2.71   data required time
-----------------------------------------------------------------------------
                                  2.71   data required time
                                 -4.06   data arrival time
-----------------------------------------------------------------------------
                                 -1.35   slack (VIOLATED)



==========================================================================
resizer report_checks -unconstrained
--------------------------------------------------------------------------
Startpoint: rst_ni (input port clocked by core_clock)
Endpoint: i_frontend/i_btb.btb_q[179]$_DFFE_PN0P_
          (recovery check against rising-edge clock core_clock)
Path Group: asynchronous
Path Type: max

Fanout     Cap    Slew   Delay    Time   Description
-----------------------------------------------------------------------------
                  0.00    0.00    0.00   clock core_clock (rise edge)
                          0.54    0.54   clock network delay (ideal)
                          0.44    0.98 ^ input external delay
     1   19.89    0.00    0.00    0.98 ^ rst_ni (in)
                                         rst_ni (net)
                  0.01    0.00    0.98 ^ input3255/A (CLKBUF_X3)
     4   52.91    0.03    0.05    1.04 ^ input3255/Z (CLKBUF_X3)
                                         net3254 (net)
                  0.05    0.03    1.07 ^ place61062/A (BUF_X16)
     7   76.80    0.01    0.03    1.10 ^ place61062/Z (BUF_X16)
                                         net61061 (net)
                  0.07    0.06    1.16 ^ place61061/A (BUF_X2)
     2    7.42    0.01    0.04    1.19 ^ place61061/Z (BUF_X2)
                                         net61060 (net)
                  0.01    0.00    1.19 ^ i_frontend/place61060/A (BUF_X2)
     5   79.62    0.06    0.07    1.26 ^ i_frontend/place61060/Z (BUF_X2)
                                         i_frontend/net61059 (net)
                  0.12    0.08    1.34 ^ i_frontend/place61030/A (BUF_X1)
     4   23.35    0.05    0.09    1.43 ^ i_frontend/place61030/Z (BUF_X1)
                                         i_frontend/net61029 (net)
                  0.05    0.00    1.43 ^ i_frontend/place61008/A (BUF_X1)
    17   56.82    0.12    0.15    1.58 ^ i_frontend/place61008/Z (BUF_X1)
                                         i_frontend/net61007 (net)
                  0.13    0.02    1.60 ^ i_frontend/place61001/A (BUF_X2)
    29   68.65    0.08    0.11    1.71 ^ i_frontend/place61001/Z (BUF_X2)
                                         i_frontend/net61000 (net)
                  0.08    0.01    1.72 ^ i_frontend/place61000/A (BUF_X1)
    18   41.29    0.09    0.13    1.84 ^ i_frontend/place61000/Z (BUF_X1)
                                         i_frontend/net60999 (net)
                  0.09    0.00    1.85 ^ i_frontend/i_btb.btb_q[179]$_DFFE_PN0P_/RN (DFFR_X1)
                                  1.85   data arrival time

                  0.00    2.22    2.22   clock core_clock (rise edge)
                          0.54    2.76   clock network delay (ideal)
                          0.00    2.76   clock reconvergence pessimism
                                  2.76 ^ i_frontend/i_btb.btb_q[179]$_DFFE_PN0P_/CK (DFFR_X1)
                          0.04    2.80   library recovery time
                                  2.80   data required time
-----------------------------------------------------------------------------
                                  2.80   data required time
                                 -1.85   data arrival time
-----------------------------------------------------------------------------
                                  0.95   slack (MET)


Startpoint: issue_stage_i.i_scoreboard/commit_pointer_q[1]$_DFF_PN0_
            (rising edge-triggered flip-flop clocked by core_clock)
Endpoint: issue_stage_i.i_scoreboard/mem_q[1629]$_DFF_PN0_
          (rising edge-triggered flip-flop clocked by core_clock)
Path Group: core_clock
Path Type: max

Fanout     Cap    Slew   Delay    Time   Description
-----------------------------------------------------------------------------
                  0.00    0.00    0.00   clock core_clock (rise edge)
                          0.54    0.54   clock network delay (ideal)
                  0.00    0.00    0.54 ^ issue_stage_i.i_scoreboard/commit_pointer_q[1]$_DFF_PN0_/CK (DFFR_X1)
     3    8.13    0.02    0.11    0.65 ^ issue_stage_i.i_scoreboard/commit_pointer_q[1]$_DFF_PN0_/Q (DFFR_X1)
                                         issue_stage_i.i_scoreboard/commit_pointer_q[1] (net)
                  0.02    0.00    0.65 ^ issue_stage_i.i_scoreboard/_60376_/A (HA_X1)
     3    5.94    0.02    0.05    0.70 ^ issue_stage_i.i_scoreboard/_60376_/CO (HA_X1)
                                         issue_stage_i.i_scoreboard/N38700 (net)
                  0.02    0.00    0.70 ^ issue_stage_i.i_scoreboard/_60378_/B (HA_X1)
     3   28.58    0.06    0.09    0.79 ^ issue_stage_i.i_scoreboard/_60378_/CO (HA_X1)
                                         issue_stage_i.i_scoreboard/N212 (net)
                  0.06    0.00    0.79 ^ issue_stage_i.i_scoreboard/place52001/A (BUF_X1)
     4   15.60    0.04    0.06    0.85 ^ issue_stage_i.i_scoreboard/place52001/Z (BUF_X1)
                                         issue_stage_i.i_scoreboard/net52000 (net)
                  0.04    0.00    0.86 ^ issue_stage_i.i_scoreboard/_34284_/A2 (NAND3_X1)
     1    1.92    0.01    0.03    0.88 v issue_stage_i.i_scoreboard/_34284_/ZN (NAND3_X1)
                                         issue_stage_i.i_scoreboard/_03172_ (net)
                  0.01    0.00    0.88 v issue_stage_i.i_scoreboard/_34285_/A3 (NAND3_X1)
     1    2.31    0.01    0.02    0.91 ^ issue_stage_i.i_scoreboard/_34285_/ZN (NAND3_X1)
                                         issue_stage_i.i_scoreboard/_03173_ (net)
                  0.01    0.00    0.91 ^ issue_stage_i.i_scoreboard/_34287_/A (OAI21_X1)
     1    1.78    0.01    0.02    0.93 v issue_stage_i.i_scoreboard/_34287_/ZN (OAI21_X1)
                                         issue_stage_i.i_scoreboard/_03175_ (net)
                  0.01    0.00    0.93 v issue_stage_i.i_scoreboard/_34288_/B1 (OAI21_X1)
     1    5.46    0.03    0.05    0.97 ^ issue_stage_i.i_scoreboard/_34288_/ZN (OAI21_X1)
                                         issue_stage_i.i_scoreboard/_03176_ (net)
                  0.03    0.00    0.97 ^ issue_stage_i.i_scoreboard/_34291_/A (MUX2_X1)
     1    1.32    0.01    0.04    1.02 ^ issue_stage_i.i_scoreboard/_34291_/Z (MUX2_X1)
                                         issue_stage_i.i_scoreboard/_03179_ (net)
                  0.01    0.00    1.02 ^ issue_stage_i.i_scoreboard/_34292_/B (MUX2_X1)
     1    1.38    0.01    0.03    1.05 ^ issue_stage_i.i_scoreboard/_34292_/Z (MUX2_X1)
                                         issue_stage_i.i_scoreboard/_03180_ (net)
                  0.01    0.00    1.05 ^ issue_stage_i.i_scoreboard/_34293_/B (MUX2_X1)
     1    2.08    0.01    0.04    1.09 ^ issue_stage_i.i_scoreboard/_34293_/Z (MUX2_X1)
                                         issue_stage_i.i_scoreboard/_03181_ (net)
                  0.01    0.00    1.09 ^ issue_stage_i.i_scoreboard/_34294_/B (MUX2_X1)
     2    4.34    0.01    0.04    1.13 ^ issue_stage_i.i_scoreboard/_34294_/Z (MUX2_X1)
                                         commit_instr_id_commit[292] (net)
                  0.01    0.00    1.13 ^ _05280_/A (INV_X1)
     2    3.12    0.01    0.01    1.14 v _05280_/ZN (INV_X1)
                                         _00537_ (net)
                  0.01    0.00    1.14 v _05281_/A1 (NOR2_X1)
     1   16.81    0.08    0.10    1.24 ^ _05281_/ZN (NOR2_X1)
                                         _00538_ (net)
                  0.08    0.00    1.24 ^ place46415/A (BUF_X4)
     2    4.88    0.01    0.03    1.27 ^ place46415/Z (BUF_X4)
                                         net46414 (net)
                  0.01    0.00    1.27 ^ _06273_/A2 (NAND2_X1)
     1    1.87    0.01    0.01    1.29 v _06273_/ZN (NAND2_X1)
                                         _01382_ (net)
                  0.01    0.00    1.29 v _06274_/A2 (NOR2_X1)
     1   12.57    0.06    0.08    1.37 ^ _06274_/ZN (NOR2_X1)
                                         _01383_ (net)
                  0.06    0.00    1.37 ^ place45845/A (BUF_X4)
     2   12.78    0.01    0.03    1.41 ^ place45845/Z (BUF_X4)
                                         net45844 (net)
                  0.01    0.00    1.41 ^ _08631_/A2 (NAND2_X4)
     4   15.92    0.01    0.02    1.43 v _08631_/ZN (NAND2_X4)
                                         _03378_ (net)
                  0.01    0.00    1.43 v place45215/A (BUF_X2)
     3    8.70    0.01    0.03    1.46 v place45215/Z (BUF_X2)
                                         net45214 (net)
                  0.01    0.00    1.46 v _08644_/A1 (NOR2_X4)
     2    9.96    0.02    0.03    1.49 ^ _08644_/ZN (NOR2_X4)
                                         commit_stage_i.csr_op_o[4] (net)
                  0.02    0.00    1.49 ^ csr_regfile_i/_08230_/A (INV_X2)
     4    9.87    0.01    0.02    1.50 v csr_regfile_i/_08230_/ZN (INV_X2)
                                         csr_regfile_i/_01314_ (net)
                  0.01    0.00    1.50 v csr_regfile_i/_08237_/A2 (NOR4_X1)
     2    3.82    0.06    0.09    1.59 ^ csr_regfile_i/_08237_/ZN (NOR4_X1)
                                         csr_regfile_i/_01321_ (net)
                  0.06    0.00    1.59 ^ csr_regfile_i/_08238_/A2 (NOR2_X1)
     1    2.40    0.02    0.02    1.61 v csr_regfile_i/_08238_/ZN (NOR2_X1)
                                         csr_regfile_i/_01322_ (net)
                  0.02    0.00    1.61 v csr_regfile_i/_08239_/A2 (NOR2_X1)
     1   10.70    0.06    0.08    1.68 ^ csr_regfile_i/_08239_/ZN (NOR2_X1)
                                         csr_regfile_i/_01323_ (net)
                  0.06    0.00    1.68 ^ csr_regfile_i/place43522/A (BUF_X4)
     3    5.76    0.01    0.03    1.71 ^ csr_regfile_i/place43522/Z (BUF_X4)
                                         csr_regfile_i/net43521 (net)
                  0.01    0.00    1.71 ^ csr_regfile_i/_12668_/A (OAI21_X1)
     2    6.84    0.02    0.03    1.74 v csr_regfile_i/_12668_/ZN (OAI21_X1)
                                         csr_regfile_i/_05191_ (net)
                  0.02    0.00    1.74 v csr_regfile_i/_12710_/A2 (NAND2_X4)
     2   15.37    0.01    0.03    1.77 ^ csr_regfile_i/_12710_/ZN (NAND2_X4)
                                         csr_regfile_i/_05229_ (net)
                  0.01    0.00    1.77 ^ csr_regfile_i/_13028_/A2 (OR2_X4)
     2    7.49    0.01    0.03    1.80 ^ csr_regfile_i/_13028_/ZN (OR2_X4)
                                         commit_stage_i.csr_exception_i[0] (net)
                  0.01    0.00    1.80 ^ _06275_/A2 (NAND2_X2)
     1    3.50    0.01    0.01    1.81 v _06275_/ZN (NAND2_X2)
                                         _01384_ (net)
                  0.01    0.00    1.81 v _06276_/A1 (OR3_X4)
     2    6.20    0.01    0.06    1.87 v _06276_/ZN (OR3_X4)
                                         _01385_ (net)
                  0.01    0.00    1.87 v _08741_/A2 (AND2_X4)
     5   28.63    0.01    0.04    1.91 v _08741_/ZN (AND2_X4)
                                         _03414_ (net)
                  0.01    0.00    1.91 v place41575/A (BUF_X2)
     5   14.22    0.01    0.04    1.94 v place41575/Z (BUF_X2)
                                         net41574 (net)
                  0.01    0.00    1.94 v _08957_/A2 (AOI22_X1)
     1    1.84    0.03    0.04    1.98 ^ _08957_/ZN (AOI22_X1)
                                         _03505_ (net)
                  0.03    0.00    1.98 ^ _08958_/A2 (NOR2_X1)
     2   10.38    0.02    0.03    2.01 v _08958_/ZN (NOR2_X1)
                                         commit_stage_i.exception_o[98] (net)
                  0.02    0.00    2.01 v csr_regfile_i/_13334_/A4 (NOR4_X2)
     1    3.83    0.04    0.09    2.09 ^ csr_regfile_i/_13334_/ZN (NOR4_X2)
                                         csr_regfile_i/_05676_ (net)
                  0.04    0.00    2.09 ^ csr_regfile_i/_13337_/A2 (NAND4_X2)
     1   12.33    0.03    0.06    2.15 v csr_regfile_i/_13337_/ZN (NAND4_X2)
                                         csr_regfile_i/_05679_ (net)
                  0.03    0.00    2.15 v csr_regfile_i/_13343_/A2 (NOR3_X4)
     1    7.45    0.03    0.06    2.21 ^ csr_regfile_i/_13343_/ZN (NOR3_X4)
                                         csr_regfile_i/_05685_ (net)
                  0.03    0.00    2.21 ^ csr_regfile_i/_13344_/A3 (NAND3_X4)
     2   15.42    0.02    0.03    2.24 v csr_regfile_i/_13344_/ZN (NAND3_X4)
                                         csr_regfile_i/_05686_ (net)
                  0.02    0.00    2.24 v csr_regfile_i/_15959_/B1 (OAI22_X4)
     2    5.29    0.03    0.04    2.28 ^ csr_regfile_i/_15959_/ZN (OAI22_X4)
                                         controller_i.set_debug_pc_i (net)
                  0.03    0.00    2.28 ^ _06280_/A1 (OR4_X4)
     2   37.32    0.02    0.04    2.32 ^ _06280_/ZN (OR4_X4)
                                         controller_i.flush_ex_o (net)
                  0.03    0.02    2.34 ^ ex_stage_i/_19523_/A (INV_X8)
     3   32.47    0.01    0.01    2.36 v ex_stage_i/_19523_/ZN (INV_X8)
                                         ex_stage_i/_14963_ (net)
                  0.02    0.01    2.37 v ex_stage_i/_30148_/A (OAI21_X4)
     2    7.10    0.02    0.02    2.39 ^ ex_stage_i/_30148_/ZN (OAI21_X4)
                                         ex_stage_i/_09527_ (net)
                  0.02    0.00    2.39 ^ ex_stage_i/_31133_/A1 (NAND2_X4)
     2    6.94    0.01    0.02    2.41 v ex_stage_i/_31133_/ZN (NAND2_X4)
                                         ex_stage_i/_10504_ (net)
                  0.01    0.00    2.41 v ex_stage_i/_31166_/A2 (NAND2_X4)
     4   31.43    0.02    0.03    2.44 ^ ex_stage_i/_31166_/ZN (NAND2_X4)
                                         ex_stage_i/_10536_ (net)
                  0.02    0.01    2.45 ^ ex_stage_i/place38351/A (BUF_X1)
     1    2.25    0.01    0.03    2.48 ^ ex_stage_i/place38351/Z (BUF_X1)
                                         ex_stage_i/net38350 (net)
                  0.01    0.00    2.48 ^ ex_stage_i/_32322_/S (MUX2_X1)
     1    6.01    0.01    0.07    2.55 v ex_stage_i/_32322_/Z (MUX2_X1)
                                         flu_trans_id_ex_id[2] (net)
                  0.01    0.00    2.55 v issue_stage_i.i_scoreboard/place38236/A (BUF_X8)
    10   24.34    0.01    0.03    2.58 v issue_stage_i.i_scoreboard/place38236/Z (BUF_X8)
                                         issue_stage_i.i_scoreboard/net38235 (net)
                  0.01    0.00    2.58 v issue_stage_i.i_scoreboard/_57217_/B2 (AOI221_X1)
     1    3.62    0.05    0.09    2.67 ^ issue_stage_i.i_scoreboard/_57217_/ZN (AOI221_X1)
                                         issue_stage_i.i_scoreboard/_23263_ (net)
                  0.05    0.00    2.67 ^ issue_stage_i.i_scoreboard/_57218_/A (AOI21_X1)
     1    1.57    0.02    0.02    2.69 v issue_stage_i.i_scoreboard/_57218_/ZN (AOI21_X1)
                                         issue_stage_i.i_scoreboard/_23264_ (net)
                  0.02    0.00    2.69 v issue_stage_i.i_scoreboard/_57221_/A2 (AOI22_X1)
     1    4.52    0.04    0.05    2.74 ^ issue_stage_i.i_scoreboard/_57221_/ZN (AOI22_X1)
                                         issue_stage_i.i_scoreboard/_23267_ (net)
                  0.04    0.00    2.75 ^ issue_stage_i.i_scoreboard/place37890/A (BUF_X2)
     2    6.24    0.01    0.03    2.78 ^ issue_stage_i.i_scoreboard/place37890/Z (BUF_X2)
                                         issue_stage_i.i_scoreboard/net37889 (net)
                  0.01    0.00    2.78 ^ issue_stage_i.i_scoreboard/_58659_/B (XOR2_X1)
     2    2.13    0.02    0.02    2.79 v issue_stage_i.i_scoreboard/_58659_/Z (XOR2_X1)
                                         issue_stage_i.i_scoreboard/_24640_ (net)
                  0.02    0.00    2.79 v issue_stage_i.i_scoreboard/_58664_/A1 (OR2_X1)
     2    2.10    0.01    0.05    2.84 v issue_stage_i.i_scoreboard/_58664_/ZN (OR2_X1)
                                         issue_stage_i.i_scoreboard/_24645_ (net)
                  0.01    0.00    2.84 v issue_stage_i.i_scoreboard/_58665_/A4 (OR4_X1)
     2    8.90    0.03    0.14    2.98 v issue_stage_i.i_scoreboard/_58665_/ZN (OR4_X1)
                                         issue_stage_i.i_scoreboard/_24646_ (net)
                  0.03    0.00    2.98 v issue_stage_i.i_scoreboard/_58667_/B1 (OAI21_X4)
     2    2.26    0.02    0.03    3.01 ^ issue_stage_i.i_scoreboard/_58667_/ZN (OAI21_X4)
                                         issue_stage_i.i_scoreboard/_24648_ (net)
                  0.02    0.00    3.01 ^ issue_stage_i.i_scoreboard/_60149_/A3 (AND3_X1)
     1    1.70    0.01    0.05    3.05 ^ issue_stage_i.i_scoreboard/_60149_/ZN (AND3_X1)
                                         issue_stage_i.i_scoreboard/_26066_ (net)
                  0.01    0.00    3.05 ^ issue_stage_i.i_scoreboard/_60151_/B1 (OAI21_X1)
     1    3.37    0.01    0.02    3.07 v issue_stage_i.i_scoreboard/_60151_/ZN (OAI21_X1)
                                         issue_stage_i.i_scoreboard/_26068_ (net)
                  0.01    0.00    3.07 v issue_stage_i.i_scoreboard/_60159_/B1 (AOI22_X2)
     2    3.36    0.03    0.04    3.11 ^ issue_stage_i.i_scoreboard/_60159_/ZN (AOI22_X2)
                                         issue_stage_i.rs2_valid_iro_sb (net)
                  0.03    0.00    3.11 ^ issue_stage_i.i_issue_read_operands/_20627_/A (INV_X1)
     3    6.80    0.01    0.02    3.13 v issue_stage_i.i_issue_read_operands/_20627_/ZN (INV_X1)
                                         issue_stage_i.i_issue_read_operands/_03220_ (net)
                  0.01    0.00    3.13 v issue_stage_i.i_issue_read_operands/_21363_/B2 (OAI21_X1)
     1    3.75    0.03    0.04    3.18 ^ issue_stage_i.i_issue_read_operands/_21363_/ZN (OAI21_X1)
                                         issue_stage_i.i_issue_read_operands/_03956_ (net)
                  0.03    0.00    3.18 ^ issue_stage_i.i_issue_read_operands/_21364_/B2 (AOI21_X2)
     2    7.04    0.01    0.02    3.20 v issue_stage_i.i_issue_read_operands/_21364_/ZN (AOI21_X2)
                                         issue_stage_i.i_issue_read_operands/_03957_ (net)
                  0.01    0.00    3.20 v issue_stage_i.i_issue_read_operands/_21366_/A1 (NOR2_X4)
     1    6.80    0.02    0.02    3.23 ^ issue_stage_i.i_issue_read_operands/_21366_/ZN (NOR2_X4)
                                         issue_stage_i.issue_ack_iro_sb (net)
                  0.02    0.00    3.23 ^ issue_stage_i.i_scoreboard/place37523/A (BUF_X8)
     7   39.57    0.01    0.03    3.25 ^ issue_stage_i.i_scoreboard/place37523/Z (BUF_X8)
                                         issue_stage_i.i_scoreboard/net37522 (net)
                  0.02    0.01    3.26 ^ issue_stage_i.i_scoreboard/place37522/A (BUF_X2)
     1    5.86    0.01    0.03    3.29 ^ issue_stage_i.i_scoreboard/place37522/Z (BUF_X2)
                                         issue_stage_i.i_scoreboard/net37521 (net)
                  0.01    0.00    3.29 ^ issue_stage_i.i_scoreboard/_30030_/A2 (NAND4_X4)
    10   32.79    0.04    0.05    3.34 v issue_stage_i.i_scoreboard/_30030_/ZN (NAND4_X4)
                                         issue_stage_i.i_scoreboard/_26295_ (net)
                  0.04    0.00    3.35 v issue_stage_i.i_scoreboard/_31008_/A2 (NOR2_X4)
     2    3.73    0.01    0.03    3.38 ^ issue_stage_i.i_scoreboard/_31008_/ZN (NOR2_X4)
                                         issue_stage_i.i_scoreboard/_26591_ (net)
                  0.01    0.00    3.38 ^ issue_stage_i.i_scoreboard/_31234_/S (MUX2_X1)
     4    6.29    0.01    0.07    3.45 v issue_stage_i.i_scoreboard/_31234_/Z (MUX2_X1)
                                         issue_stage_i.i_scoreboard/_26687_ (net)
                  0.01    0.00    3.45 v issue_stage_i.i_scoreboard/_31235_/A (INV_X1)
     2    3.03    0.01    0.02    3.47 ^ issue_stage_i.i_scoreboard/_31235_/ZN (INV_X1)
                                         issue_stage_i.i_scoreboard/mem_n[654] (net)
                  0.01    0.00    3.47 ^ issue_stage_i.i_scoreboard/place37111/A (BUF_X1)
     2    3.58    0.01    0.03    3.50 ^ issue_stage_i.i_scoreboard/place37111/Z (BUF_X1)
                                         issue_stage_i.i_scoreboard/net37110 (net)
                  0.01    0.00    3.50 ^ issue_stage_i.i_scoreboard/_41179_/B2 (OAI222_X1)
     1    2.14    0.02    0.04    3.53 v issue_stage_i.i_scoreboard/_41179_/ZN (OAI222_X1)
                                         issue_stage_i.i_scoreboard/_09395_ (net)
                  0.02    0.00    3.53 v issue_stage_i.i_scoreboard/_41180_/B1 (AOI22_X1)
     1   15.71    0.09    0.12    3.65 ^ issue_stage_i.i_scoreboard/_41180_/ZN (AOI22_X1)
                                         issue_stage_i.i_scoreboard/_09396_ (net)
                  0.09    0.00    3.66 ^ issue_stage_i.i_scoreboard/place36972/A (BUF_X4)
     5   12.23    0.01    0.03    3.69 ^ issue_stage_i.i_scoreboard/place36972/Z (BUF_X4)
                                         issue_stage_i.i_scoreboard/net36971 (net)
                  0.01    0.00    3.69 ^ issue_stage_i.i_scoreboard/_43002_/A1 (NOR3_X4)
     3    9.01    0.01    0.01    3.70 v issue_stage_i.i_scoreboard/_43002_/ZN (NOR3_X4)
                                         issue_stage_i.i_scoreboard/_11081_ (net)
                  0.01    0.00    3.70 v issue_stage_i.i_scoreboard/_43921_/C2 (AOI211_X2)
     3   19.48    0.09    0.11    3.81 ^ issue_stage_i.i_scoreboard/_43921_/ZN (AOI211_X2)
                                         issue_stage_i.i_scoreboard/_11839_ (net)
                  0.09    0.00    3.81 ^ issue_stage_i.i_scoreboard/place36458/A (BUF_X1)
     2    2.82    0.01    0.04    3.85 ^ issue_stage_i.i_scoreboard/place36458/Z (BUF_X1)
                                         issue_stage_i.i_scoreboard/net36457 (net)
                  0.01    0.00    3.85 ^ issue_stage_i.i_scoreboard/place36456/A (BUF_X1)
    15   41.60    0.09    0.12    3.96 ^ issue_stage_i.i_scoreboard/place36456/Z (BUF_X1)
                                         issue_stage_i.i_scoreboard/net36455 (net)
                  0.09    0.01    3.97 ^ issue_stage_i.i_scoreboard/_44265_/A2 (NOR2_X1)
     1    2.07    0.02    0.01    3.99 v issue_stage_i.i_scoreboard/_44265_/ZN (NOR2_X1)
                                         issue_stage_i.i_scoreboard/_12135_ (net)
                  0.02    0.00    3.99 v issue_stage_i.i_scoreboard/_44270_/A (AOI221_X1)
     1    1.70    0.04    0.07    4.06 ^ issue_stage_i.i_scoreboard/_44270_/ZN (AOI221_X1)
                                         issue_stage_i.i_scoreboard/mem_n[1629] (net)
                  0.04    0.00    4.06 ^ issue_stage_i.i_scoreboard/mem_q[1629]$_DFF_PN0_/D (DFFR_X1)
                                  4.06   data arrival time

                  0.00    2.22    2.22   clock core_clock (rise edge)
                          0.54    2.76   clock network delay (ideal)
                          0.00    2.76   clock reconvergence pessimism
                                  2.76 ^ issue_stage_i.i_scoreboard/mem_q[1629]$_DFF_PN0_/CK (DFFR_X1)
                         -0.04    2.71   library setup time
                                  2.71   data required time
-----------------------------------------------------------------------------
                                  2.71   data required time
                                 -4.06   data arrival time
-----------------------------------------------------------------------------
                                 -1.35   slack (VIOLATED)



==========================================================================
resizer report_check_types -max_slew -max_cap -max_fanout -violators
--------------------------------------------------------------------------

==========================================================================
resizer max_slew_check_slack
--------------------------------------------------------------------------
0.06942972540855408

==========================================================================
resizer max_slew_check_limit
--------------------------------------------------------------------------
0.1985349953174591

==========================================================================
resizer max_slew_check_slack_limit
--------------------------------------------------------------------------
0.3497

==========================================================================
resizer max_fanout_check_slack
--------------------------------------------------------------------------
1.0000000150474662e+30

==========================================================================
resizer max_fanout_check_limit
--------------------------------------------------------------------------
1.0000000150474662e+30

==========================================================================
resizer max_capacitance_check_slack
--------------------------------------------------------------------------
0.03741513937711716

==========================================================================
resizer max_capacitance_check_limit
--------------------------------------------------------------------------
31.738300323486328

==========================================================================
resizer max_capacitance_check_slack_limit
--------------------------------------------------------------------------
0.0012

==========================================================================
resizer max_slew_violation_count
--------------------------------------------------------------------------
max slew violation count 0

==========================================================================
resizer max_fanout_violation_count
--------------------------------------------------------------------------
max fanout violation count 0

==========================================================================
resizer max_cap_violation_count
--------------------------------------------------------------------------
max cap violation count 0

==========================================================================
resizer setup_violation_count
--------------------------------------------------------------------------
setup violation count 7263

==========================================================================
resizer hold_violation_count
--------------------------------------------------------------------------
hold violation count 0

==========================================================================
resizer report_checks -path_delay max reg to reg
--------------------------------------------------------------------------
Startpoint: issue_stage_i.i_scoreboard/commit_pointer_q[1]$_DFF_PN0_
            (rising edge-triggered flip-flop clocked by core_clock)
Endpoint: issue_stage_i.i_scoreboard/mem_q[1629]$_DFF_PN0_
          (rising edge-triggered flip-flop clocked by core_clock)
Path Group: core_clock
Path Type: max

  Delay    Time   Description
---------------------------------------------------------
   0.00    0.00   clock core_clock (rise edge)
   0.54    0.54   clock network delay (ideal)
   0.00    0.54 ^ issue_stage_i.i_scoreboard/commit_pointer_q[1]$_DFF_PN0_/CK (DFFR_X1)
   0.11    0.65 ^ issue_stage_i.i_scoreboard/commit_pointer_q[1]$_DFF_PN0_/Q (DFFR_X1)
   0.05    0.70 ^ issue_stage_i.i_scoreboard/_60376_/CO (HA_X1)
   0.09    0.79 ^ issue_stage_i.i_scoreboard/_60378_/CO (HA_X1)
   0.06    0.85 ^ issue_stage_i.i_scoreboard/place52001/Z (BUF_X1)
   0.03    0.88 v issue_stage_i.i_scoreboard/_34284_/ZN (NAND3_X1)
   0.02    0.91 ^ issue_stage_i.i_scoreboard/_34285_/ZN (NAND3_X1)
   0.02    0.93 v issue_stage_i.i_scoreboard/_34287_/ZN (OAI21_X1)
   0.05    0.97 ^ issue_stage_i.i_scoreboard/_34288_/ZN (OAI21_X1)
   0.04    1.02 ^ issue_stage_i.i_scoreboard/_34291_/Z (MUX2_X1)
   0.03    1.05 ^ issue_stage_i.i_scoreboard/_34292_/Z (MUX2_X1)
   0.04    1.09 ^ issue_stage_i.i_scoreboard/_34293_/Z (MUX2_X1)
   0.04    1.13 ^ issue_stage_i.i_scoreboard/_34294_/Z (MUX2_X1)
   0.01    1.14 v _05280_/ZN (INV_X1)
   0.10    1.24 ^ _05281_/ZN (NOR2_X1)
   0.03    1.27 ^ place46415/Z (BUF_X4)
   0.01    1.29 v _06273_/ZN (NAND2_X1)
   0.08    1.37 ^ _06274_/ZN (NOR2_X1)
   0.04    1.41 ^ place45845/Z (BUF_X4)
   0.02    1.43 v _08631_/ZN (NAND2_X4)
   0.03    1.46 v place45215/Z (BUF_X2)
   0.03    1.49 ^ _08644_/ZN (NOR2_X4)
   0.02    1.50 v csr_regfile_i/_08230_/ZN (INV_X2)
   0.09    1.59 ^ csr_regfile_i/_08237_/ZN (NOR4_X1)
   0.02    1.61 v csr_regfile_i/_08238_/ZN (NOR2_X1)
   0.08    1.68 ^ csr_regfile_i/_08239_/ZN (NOR2_X1)
   0.03    1.71 ^ csr_regfile_i/place43522/Z (BUF_X4)
   0.03    1.74 v csr_regfile_i/_12668_/ZN (OAI21_X1)
   0.03    1.77 ^ csr_regfile_i/_12710_/ZN (NAND2_X4)
   0.03    1.80 ^ csr_regfile_i/_13028_/ZN (OR2_X4)
   0.01    1.81 v _06275_/ZN (NAND2_X2)
   0.06    1.87 v _06276_/ZN (OR3_X4)
   0.04    1.91 v _08741_/ZN (AND2_X4)
   0.04    1.94 v place41575/Z (BUF_X2)
   0.04    1.98 ^ _08957_/ZN (AOI22_X1)
   0.03    2.01 v _08958_/ZN (NOR2_X1)
   0.09    2.09 ^ csr_regfile_i/_13334_/ZN (NOR4_X2)
   0.06    2.15 v csr_regfile_i/_13337_/ZN (NAND4_X2)
   0.06    2.21 ^ csr_regfile_i/_13343_/ZN (NOR3_X4)
   0.03    2.24 v csr_regfile_i/_13344_/ZN (NAND3_X4)
   0.05    2.28 ^ csr_regfile_i/_15959_/ZN (OAI22_X4)
   0.04    2.32 ^ _06280_/ZN (OR4_X4)
   0.03    2.36 v ex_stage_i/_19523_/ZN (INV_X8)
   0.04    2.39 ^ ex_stage_i/_30148_/ZN (OAI21_X4)
   0.02    2.41 v ex_stage_i/_31133_/ZN (NAND2_X4)
   0.03    2.44 ^ ex_stage_i/_31166_/ZN (NAND2_X4)
   0.04    2.48 ^ ex_stage_i/place38351/Z (BUF_X1)
   0.07    2.55 v ex_stage_i/_32322_/Z (MUX2_X1)
   0.03    2.58 v issue_stage_i.i_scoreboard/place38236/Z (BUF_X8)
   0.09    2.67 ^ issue_stage_i.i_scoreboard/_57217_/ZN (AOI221_X1)
   0.02    2.69 v issue_stage_i.i_scoreboard/_57218_/ZN (AOI21_X1)
   0.05    2.74 ^ issue_stage_i.i_scoreboard/_57221_/ZN (AOI22_X1)
   0.03    2.78 ^ issue_stage_i.i_scoreboard/place37890/Z (BUF_X2)
   0.02    2.79 v issue_stage_i.i_scoreboard/_58659_/Z (XOR2_X1)
   0.05    2.84 v issue_stage_i.i_scoreboard/_58664_/ZN (OR2_X1)
   0.14    2.98 v issue_stage_i.i_scoreboard/_58665_/ZN (OR4_X1)
   0.03    3.01 ^ issue_stage_i.i_scoreboard/_58667_/ZN (OAI21_X4)
   0.05    3.05 ^ issue_stage_i.i_scoreboard/_60149_/ZN (AND3_X1)
   0.02    3.07 v issue_stage_i.i_scoreboard/_60151_/ZN (OAI21_X1)
   0.04    3.11 ^ issue_stage_i.i_scoreboard/_60159_/ZN (AOI22_X2)
   0.02    3.13 v issue_stage_i.i_issue_read_operands/_20627_/ZN (INV_X1)
   0.04    3.18 ^ issue_stage_i.i_issue_read_operands/_21363_/ZN (OAI21_X1)
   0.02    3.20 v issue_stage_i.i_issue_read_operands/_21364_/ZN (AOI21_X2)
   0.03    3.23 ^ issue_stage_i.i_issue_read_operands/_21366_/ZN (NOR2_X4)
   0.03    3.25 ^ issue_stage_i.i_scoreboard/place37523/Z (BUF_X8)
   0.04    3.29 ^ issue_stage_i.i_scoreboard/place37522/Z (BUF_X2)
   0.05    3.34 v issue_stage_i.i_scoreboard/_30030_/ZN (NAND4_X4)
   0.04    3.38 ^ issue_stage_i.i_scoreboard/_31008_/ZN (NOR2_X4)
   0.07    3.45 v issue_stage_i.i_scoreboard/_31234_/Z (MUX2_X1)
   0.02    3.47 ^ issue_stage_i.i_scoreboard/_31235_/ZN (INV_X1)
   0.03    3.50 ^ issue_stage_i.i_scoreboard/place37111/Z (BUF_X1)
   0.04    3.53 v issue_stage_i.i_scoreboard/_41179_/ZN (OAI222_X1)
   0.12    3.65 ^ issue_stage_i.i_scoreboard/_41180_/ZN (AOI22_X1)
   0.04    3.69 ^ issue_stage_i.i_scoreboard/place36972/Z (BUF_X4)
   0.01    3.70 v issue_stage_i.i_scoreboard/_43002_/ZN (NOR3_X4)
   0.11    3.81 ^ issue_stage_i.i_scoreboard/_43921_/ZN (AOI211_X2)
   0.04    3.85 ^ issue_stage_i.i_scoreboard/place36458/Z (BUF_X1)
   0.12    3.96 ^ issue_stage_i.i_scoreboard/place36456/Z (BUF_X1)
   0.02    3.99 v issue_stage_i.i_scoreboard/_44265_/ZN (NOR2_X1)
   0.07    4.06 ^ issue_stage_i.i_scoreboard/_44270_/ZN (AOI221_X1)
   0.00    4.06 ^ issue_stage_i.i_scoreboard/mem_q[1629]$_DFF_PN0_/D (DFFR_X1)
           4.06   data arrival time

   2.22    2.22   clock core_clock (rise edge)
   0.54    2.76   clock network delay (ideal)
   0.00    2.76   clock reconvergence pessimism
           2.76 ^ issue_stage_i.i_scoreboard/mem_q[1629]$_DFF_PN0_/CK (DFFR_X1)
  -0.04    2.71   library setup time
           2.71   data required time
---------------------------------------------------------
           2.71   data required time
          -4.06   data arrival time
---------------------------------------------------------
          -1.35   slack (VIOLATED)



==========================================================================
resizer report_checks -path_delay min reg to reg
--------------------------------------------------------------------------
Startpoint: id_stage_i.issue_entry_o[1]$_DFFE_PN0P_
            (rising edge-triggered flip-flop clocked by core_clock)
Endpoint: issue_stage_i.i_issue_read_operands/branch_predict_o[0]$_DFF_PN0_
          (rising edge-triggered flip-flop clocked by core_clock)
Path Group: core_clock
Path Type: min

  Delay    Time   Description
---------------------------------------------------------
   0.00    0.00   clock core_clock (rise edge)
   0.54    0.54   clock network delay (ideal)
   0.00    0.54 ^ id_stage_i.issue_entry_o[1]$_DFFE_PN0P_/CK (DFFR_X1)
   0.09    0.62 v id_stage_i.issue_entry_o[1]$_DFFE_PN0P_/Q (DFFR_X1)
   0.00    0.62 v issue_stage_i.i_issue_read_operands/branch_predict_o[0]$_DFF_PN0_/D (DFFR_X1)
           0.62   data arrival time

   0.00    0.00   clock core_clock (rise edge)
   0.54    0.54   clock network delay (ideal)
   0.00    0.54   clock reconvergence pessimism
           0.54 ^ issue_stage_i.i_issue_read_operands/branch_predict_o[0]$_DFF_PN0_/CK (DFFR_X1)
   0.00    0.54   library hold time
           0.54   data required time
---------------------------------------------------------
           0.54   data required time
          -0.62   data arrival time
---------------------------------------------------------
           0.08   slack (MET)



==========================================================================
resizer critical path target clock latency max path
--------------------------------------------------------------------------
0.5350

==========================================================================
resizer critical path target clock latency min path
--------------------------------------------------------------------------
0.5350

==========================================================================
resizer critical path source clock latency min path
--------------------------------------------------------------------------
0.5350

==========================================================================
resizer critical path delay
--------------------------------------------------------------------------
4.0607

==========================================================================
resizer critical path slack
--------------------------------------------------------------------------
-1.3459

==========================================================================
resizer slack div critical path delay
--------------------------------------------------------------------------
-33.144532

==========================================================================
resizer report_power
--------------------------------------------------------------------------
Group                  Internal  Switching    Leakage      Total
                          Power      Power      Power      Power (Watts)
----------------------------------------------------------------
Sequential             6.66e-02   1.04e-03   1.65e-03   6.92e-02  24.4%
Combinational          7.30e-03   1.53e-02   4.67e-03   2.72e-02   9.6%
Clock                  0.00e+00   0.00e+00   0.00e+00   0.00e+00   0.0%
Macro                  1.64e-01   0.00e+00   2.24e-02   1.87e-01  65.9%
Pad                    0.00e+00   0.00e+00   0.00e+00   0.00e+00   0.0%
----------------------------------------------------------------
Total                  2.38e-01   1.63e-02   2.87e-02   2.84e-01 100.0%
                          84.1%       5.8%      10.1%
