
==========================================================================
cts final report_tns
--------------------------------------------------------------------------
tns max -3539.94

==========================================================================
cts final report_wns
--------------------------------------------------------------------------
wns max -1.14

==========================================================================
cts final report_worst_slack
--------------------------------------------------------------------------
worst slack max -1.14

==========================================================================
cts final report_clock_min_period
--------------------------------------------------------------------------
core_clock period_min = 3.36 fmax = 297.84

==========================================================================
cts final report_clock_skew
--------------------------------------------------------------------------
Clock core_clock
   0.69 source latency i_cache_subsystem.i_nbdcache/i_miss_handler/evict_way_q[2]$_DFFE_PN0P_/CK ^
  -0.51 target latency i_cache_subsystem.i_nbdcache/sram_block_6__data_sram.genblk1_0__i_ram/macro_mem_2/clk ^
   0.00 CRPR
--------------
   0.18 setup skew


==========================================================================
cts final report_checks -path_delay min
--------------------------------------------------------------------------
Startpoint: rst_ni (input port clocked by core_clock)
Endpoint: ex_stage_i/lsu_i.i_mmu/i_ptw.itlb_update_o[51]$_DFF_PN0_
          (removal check against rising-edge clock core_clock)
Path Group: asynchronous
Path Type: min

Fanout     Cap    Slew   Delay    Time   Description
-----------------------------------------------------------------------------
                          0.00    0.00   clock core_clock (rise edge)
                          0.00    0.00   clock network delay (propagated)
                          0.44    0.44 ^ input external delay
     1    3.03    0.00    0.00    0.44 ^ rst_ni (in)
                                         rst_ni (net)
                  0.00    0.00    0.44 ^ hold61708/A (CLKBUF_X1)
     1    3.10    0.01    0.03    0.47 ^ hold61708/Z (CLKBUF_X1)
                                         net61707 (net)
                  0.01    0.00    0.47 ^ hold61702/A (CLKBUF_X1)
     1    3.06    0.01    0.03    0.51 ^ hold61702/Z (CLKBUF_X1)
                                         net61701 (net)
                  0.01    0.00    0.51 ^ hold61709/A (CLKBUF_X1)
     1    3.14    0.01    0.03    0.54 ^ hold61709/Z (CLKBUF_X1)
                                         net61708 (net)
                  0.01    0.00    0.54 ^ hold61699/A (CLKBUF_X1)
     1    3.05    0.01    0.03    0.57 ^ hold61699/Z (CLKBUF_X1)
                                         net61698 (net)
                  0.01    0.00    0.58 ^ hold61710/A (CLKBUF_X1)
     1    3.12    0.01    0.03    0.61 ^ hold61710/Z (CLKBUF_X1)
                                         net61709 (net)
                  0.01    0.00    0.61 ^ hold61703/A (CLKBUF_X1)
     1    6.13    0.02    0.04    0.65 ^ hold61703/Z (CLKBUF_X1)
                                         net61702 (net)
                  0.02    0.00    0.65 ^ input3255/A (CLKBUF_X3)
     1    2.90    0.01    0.03    0.68 ^ input3255/Z (CLKBUF_X3)
                                         net3254 (net)
                  0.01    0.00    0.68 ^ hold61704/A (CLKBUF_X1)
     1    3.62    0.01    0.03    0.72 ^ hold61704/Z (CLKBUF_X1)
                                         net61703 (net)
                  0.01    0.00    0.72 ^ hold61700/A (CLKBUF_X3)
     1    3.57    0.01    0.03    0.75 ^ hold61700/Z (CLKBUF_X3)
                                         net61699 (net)
                  0.01    0.00    0.75 ^ hold61705/A (CLKBUF_X3)
     4   50.02    0.03    0.06    0.80 ^ hold61705/Z (CLKBUF_X3)
                                         net61704 (net)
                  0.04    0.02    0.83 ^ place61062/A (BUF_X16)
     7   76.20    0.01    0.03    0.85 ^ place61062/Z (BUF_X16)
                                         net61061 (net)
                  0.01    0.00    0.86 ^ place60737/A (BUF_X2)
    28   69.05    0.08    0.10    0.95 ^ place60737/Z (BUF_X2)
                                         net60736 (net)
                  0.08    0.00    0.95 ^ ex_stage_i/lsu_i.i_mmu/i_ptw.itlb_update_o[51]$_DFF_PN0_/RN (DFFR_X1)
                                  0.95   data arrival time

                          0.00    0.00   clock core_clock (rise edge)
                          0.00    0.00   clock source latency
     1   64.59    0.00    0.00    0.00 ^ clk_i (in)
                                         clk_i (net)
                  0.02    0.02    0.02 ^ wire61309/A (BUF_X16)
     2   50.03    0.01    0.03    0.05 ^ wire61309/Z (BUF_X16)
                                         net61308 (net)
                  0.02    0.01    0.06 ^ clkbuf_regs_0_core_clock/A (CLKBUF_X3)
     1    1.67    0.01    0.03    0.09 ^ clkbuf_regs_0_core_clock/Z (CLKBUF_X3)
                                         clk_i_regs (net)
                  0.01    0.00    0.09 ^ clkbuf_0_clk_i_regs/A (CLKBUF_X3)
     2   42.75    0.03    0.06    0.15 ^ clkbuf_0_clk_i_regs/Z (CLKBUF_X3)
                                         clknet_0_clk_i_regs (net)
                  0.03    0.00    0.15 ^ clkbuf_1_1_0_clk_i_regs/A (CLKBUF_X3)
     2   24.25    0.02    0.06    0.21 ^ clkbuf_1_1_0_clk_i_regs/Z (CLKBUF_X3)
                                         clknet_1_1_0_clk_i_regs (net)
                  0.02    0.00    0.21 ^ clkbuf_2_2_0_clk_i_regs/A (CLKBUF_X3)
     1   27.52    0.02    0.05    0.27 ^ clkbuf_2_2_0_clk_i_regs/Z (CLKBUF_X3)
                                         clknet_2_2_0_clk_i_regs (net)
                  0.02    0.01    0.27 ^ clkbuf_2_2_1_clk_i_regs/A (CLKBUF_X3)
     2   31.03    0.03    0.06    0.33 ^ clkbuf_2_2_1_clk_i_regs/Z (CLKBUF_X3)
                                         clknet_2_2_1_clk_i_regs (net)
                  0.03    0.00    0.33 ^ clkbuf_3_4_0_clk_i_regs/A (CLKBUF_X3)
     2   36.57    0.03    0.06    0.39 ^ clkbuf_3_4_0_clk_i_regs/Z (CLKBUF_X3)
                                         clknet_3_4_0_clk_i_regs (net)
                  0.03    0.00    0.40 ^ clkbuf_4_8_0_clk_i_regs/A (CLKBUF_X3)
     4   45.67    0.04    0.07    0.47 ^ clkbuf_4_8_0_clk_i_regs/Z (CLKBUF_X3)
                                         clknet_4_8_0_clk_i_regs (net)
                  0.04    0.00    0.47 ^ clkbuf_6_33_0_clk_i_regs/A (CLKBUF_X3)
     8   45.14    0.04    0.07    0.55 ^ clkbuf_6_33_0_clk_i_regs/Z (CLKBUF_X3)
                                         clknet_6_33_0_clk_i_regs (net)
                  0.04    0.00    0.55 ^ clkbuf_9_269__f_clk_i_regs/A (CLKBUF_X3)
    13   38.79    0.03    0.07    0.62 ^ clkbuf_9_269__f_clk_i_regs/Z (CLKBUF_X3)
                                         clknet_9_269__leaf_clk_i_regs (net)
                  0.03    0.00    0.62 ^ clkbuf_leaf_295_clk_i_regs/A (CLKBUF_X3)
     7   10.10    0.01    0.04    0.66 ^ clkbuf_leaf_295_clk_i_regs/Z (CLKBUF_X3)
                                         clknet_leaf_295_clk_i_regs (net)
                  0.01    0.00    0.66 ^ ex_stage_i/lsu_i.i_mmu/i_ptw.itlb_update_o[51]$_DFF_PN0_/CK (DFFR_X1)
                          0.00    0.66   clock reconvergence pessimism
                          0.28    0.94   library removal time
                                  0.94   data required time
-----------------------------------------------------------------------------
                                  0.94   data required time
                                 -0.95   data arrival time
-----------------------------------------------------------------------------
                                  0.01   slack (MET)


Startpoint: boot_addr_i[0] (input port clocked by core_clock)
Endpoint: csr_regfile_i/mtvec_q[0]$_DFF_PN0_
          (rising edge-triggered flip-flop clocked by core_clock)
Path Group: core_clock
Path Type: min

Fanout     Cap    Slew   Delay    Time   Description
-----------------------------------------------------------------------------
                          0.00    0.00   clock core_clock (rise edge)
                          0.00    0.00   clock network delay (propagated)
                          0.44    0.44 ^ input external delay
     1    5.68    0.00    0.00    0.44 ^ boot_addr_i[0] (in)
                                         boot_addr_i[0] (net)
                  0.00    0.00    0.44 ^ input3123/A (BUF_X1)
     1   10.73    0.03    0.04    0.48 ^ input3123/Z (BUF_X1)
                                         net3122 (net)
                  0.03    0.00    0.49 ^ place61142/A (BUF_X2)
     2   45.20    0.04    0.06    0.55 ^ place61142/Z (BUF_X2)
                                         net61141 (net)
                  0.06    0.03    0.58 ^ csr_regfile_i/_15155_/B (MUX2_X1)
     1    1.13    0.01    0.05    0.62 ^ csr_regfile_i/_15155_/Z (MUX2_X1)
                                         csr_regfile_i/_00625_ (net)
                  0.01    0.00    0.62 ^ csr_regfile_i/_15158_/B (MUX2_X1)
     1    1.32    0.01    0.03    0.66 ^ csr_regfile_i/_15158_/Z (MUX2_X1)
                                         csr_regfile_i/mtvec_d[0] (net)
                  0.01    0.00    0.66 ^ csr_regfile_i/mtvec_q[0]$_DFF_PN0_/D (DFFR_X1)
                                  0.66   data arrival time

                          0.00    0.00   clock core_clock (rise edge)
                          0.00    0.00   clock source latency
     1   64.59    0.00    0.00    0.00 ^ clk_i (in)
                                         clk_i (net)
                  0.02    0.02    0.02 ^ wire61309/A (BUF_X16)
     2   50.03    0.01    0.03    0.05 ^ wire61309/Z (BUF_X16)
                                         net61308 (net)
                  0.02    0.01    0.06 ^ clkbuf_regs_0_core_clock/A (CLKBUF_X3)
     1    1.67    0.01    0.03    0.09 ^ clkbuf_regs_0_core_clock/Z (CLKBUF_X3)
                                         clk_i_regs (net)
                  0.01    0.00    0.09 ^ clkbuf_0_clk_i_regs/A (CLKBUF_X3)
     2   42.75    0.03    0.06    0.15 ^ clkbuf_0_clk_i_regs/Z (CLKBUF_X3)
                                         clknet_0_clk_i_regs (net)
                  0.03    0.00    0.15 ^ clkbuf_1_1_0_clk_i_regs/A (CLKBUF_X3)
     2   24.25    0.02    0.06    0.21 ^ clkbuf_1_1_0_clk_i_regs/Z (CLKBUF_X3)
                                         clknet_1_1_0_clk_i_regs (net)
                  0.02    0.00    0.21 ^ clkbuf_2_2_0_clk_i_regs/A (CLKBUF_X3)
     1   27.52    0.02    0.05    0.27 ^ clkbuf_2_2_0_clk_i_regs/Z (CLKBUF_X3)
                                         clknet_2_2_0_clk_i_regs (net)
                  0.02    0.01    0.27 ^ clkbuf_2_2_1_clk_i_regs/A (CLKBUF_X3)
     2   31.03    0.03    0.06    0.33 ^ clkbuf_2_2_1_clk_i_regs/Z (CLKBUF_X3)
                                         clknet_2_2_1_clk_i_regs (net)
                  0.03    0.00    0.33 ^ clkbuf_3_5_0_clk_i_regs/A (CLKBUF_X3)
     2   36.54    0.03    0.06    0.39 ^ clkbuf_3_5_0_clk_i_regs/Z (CLKBUF_X3)
                                         clknet_3_5_0_clk_i_regs (net)
                  0.03    0.00    0.39 ^ clkbuf_4_11_0_clk_i_regs/A (CLKBUF_X3)
     4   48.08    0.04    0.07    0.47 ^ clkbuf_4_11_0_clk_i_regs/Z (CLKBUF_X3)
                                         clknet_4_11_0_clk_i_regs (net)
                  0.04    0.00    0.47 ^ clkbuf_6_45_0_clk_i_regs/A (CLKBUF_X3)
     8   47.46    0.04    0.08    0.55 ^ clkbuf_6_45_0_clk_i_regs/Z (CLKBUF_X3)
                                         clknet_6_45_0_clk_i_regs (net)
                  0.04    0.00    0.55 ^ clkbuf_9_365__f_clk_i_regs/A (CLKBUF_X3)
     5   27.53    0.02    0.06    0.61 ^ clkbuf_9_365__f_clk_i_regs/Z (CLKBUF_X3)
                                         clknet_9_365__leaf_clk_i_regs (net)
                  0.02    0.00    0.61 ^ clkbuf_leaf_879_clk_i_regs/A (CLKBUF_X3)
     6    9.07    0.01    0.04    0.65 ^ clkbuf_leaf_879_clk_i_regs/Z (CLKBUF_X3)
                                         clknet_leaf_879_clk_i_regs (net)
                  0.01    0.00    0.65 ^ csr_regfile_i/mtvec_q[0]$_DFF_PN0_/CK (DFFR_X1)
                          0.00    0.65   clock reconvergence pessimism
                          0.01    0.66   library hold time
                                  0.66   data required time
-----------------------------------------------------------------------------
                                  0.66   data required time
                                 -0.66   data arrival time
-----------------------------------------------------------------------------
                                  0.00   slack (MET)



==========================================================================
cts final report_checks -path_delay max
--------------------------------------------------------------------------
Startpoint: rst_ni (input port clocked by core_clock)
Endpoint: ex_stage_i/lsu_i.i_store_unit.store_buffer_i.commit_queue_q_5__address__22_$_DFFE_PN0N_
          (recovery check against rising-edge clock core_clock)
Path Group: asynchronous
Path Type: max

Fanout     Cap    Slew   Delay    Time   Description
-----------------------------------------------------------------------------
                          0.00    0.00   clock core_clock (rise edge)
                          0.00    0.00   clock network delay (propagated)
                          0.44    0.44 ^ input external delay
     1    3.03    0.00    0.00    0.44 ^ rst_ni (in)
                                         rst_ni (net)
                  0.00    0.00    0.44 ^ hold61708/A (CLKBUF_X1)
     1    3.10    0.01    0.03    0.47 ^ hold61708/Z (CLKBUF_X1)
                                         net61707 (net)
                  0.01    0.00    0.47 ^ hold61702/A (CLKBUF_X1)
     1    3.06    0.01    0.03    0.51 ^ hold61702/Z (CLKBUF_X1)
                                         net61701 (net)
                  0.01    0.00    0.51 ^ hold61709/A (CLKBUF_X1)
     1    3.14    0.01    0.03    0.54 ^ hold61709/Z (CLKBUF_X1)
                                         net61708 (net)
                  0.01    0.00    0.54 ^ hold61699/A (CLKBUF_X1)
     1    3.05    0.01    0.03    0.57 ^ hold61699/Z (CLKBUF_X1)
                                         net61698 (net)
                  0.01    0.00    0.58 ^ hold61710/A (CLKBUF_X1)
     1    3.12    0.01    0.03    0.61 ^ hold61710/Z (CLKBUF_X1)
                                         net61709 (net)
                  0.01    0.00    0.61 ^ hold61703/A (CLKBUF_X1)
     1    6.13    0.02    0.04    0.65 ^ hold61703/Z (CLKBUF_X1)
                                         net61702 (net)
                  0.02    0.00    0.65 ^ input3255/A (CLKBUF_X3)
     1    2.90    0.01    0.03    0.68 ^ input3255/Z (CLKBUF_X3)
                                         net3254 (net)
                  0.01    0.00    0.68 ^ hold61704/A (CLKBUF_X1)
     1    3.62    0.01    0.03    0.72 ^ hold61704/Z (CLKBUF_X1)
                                         net61703 (net)
                  0.01    0.00    0.72 ^ hold61700/A (CLKBUF_X3)
     1    3.57    0.01    0.03    0.75 ^ hold61700/Z (CLKBUF_X3)
                                         net61699 (net)
                  0.01    0.00    0.75 ^ hold61705/A (CLKBUF_X3)
     4   50.02    0.03    0.06    0.80 ^ hold61705/Z (CLKBUF_X3)
                                         net61704 (net)
                  0.03    0.00    0.80 ^ place60646/A (BUF_X4)
     4   31.57    0.02    0.04    0.84 ^ place60646/Z (BUF_X4)
                                         net60645 (net)
                  0.02    0.00    0.84 ^ place60645/A (BUF_X2)
     5   60.27    0.06    0.07    0.92 ^ place60645/Z (BUF_X2)
                                         net60644 (net)
                  0.06    0.00    0.92 ^ place60494/A (BUF_X2)
    12   73.78    0.08    0.10    1.02 ^ place60494/Z (BUF_X2)
                                         net60493 (net)
                  0.08    0.02    1.04 ^ place60455/A (BUF_X2)
    27   63.81    0.07    0.10    1.14 ^ place60455/Z (BUF_X2)
                                         net60454 (net)
                  0.07    0.01    1.15 ^ place60449/A (BUF_X2)
    20   50.41    0.06    0.08    1.23 ^ place60449/Z (BUF_X2)
                                         net60448 (net)
                  0.06    0.01    1.24 ^ ex_stage_i/place60448/A (BUF_X2)
    28   66.40    0.07    0.10    1.34 ^ ex_stage_i/place60448/Z (BUF_X2)
                                         ex_stage_i/net60447 (net)
                  0.08    0.01    1.35 ^ ex_stage_i/place60447/A (BUF_X2)
    29   67.08    0.07    0.10    1.46 ^ ex_stage_i/place60447/Z (BUF_X2)
                                         ex_stage_i/net60446 (net)
                  0.08    0.01    1.46 ^ ex_stage_i/place60446/A (BUF_X2)
    33   77.07    0.09    0.12    1.58 ^ ex_stage_i/place60446/Z (BUF_X2)
                                         ex_stage_i/net60445 (net)
                  0.09    0.00    1.59 ^ ex_stage_i/lsu_i.i_store_unit.store_buffer_i.commit_queue_q_5__address__22_$_DFFE_PN0N_/RN (DFFR_X1)
                                  1.59   data arrival time

                          2.22    2.22   clock core_clock (rise edge)
                          0.00    2.22   clock source latency
     1   64.59    0.00    0.00    2.22 ^ clk_i (in)
                                         clk_i (net)
                  0.02    0.02    2.24 ^ wire61309/A (BUF_X16)
     2   50.03    0.01    0.03    2.27 ^ wire61309/Z (BUF_X16)
                                         net61308 (net)
                  0.02    0.01    2.28 ^ clkbuf_regs_0_core_clock/A (CLKBUF_X3)
     1    1.67    0.01    0.03    2.31 ^ clkbuf_regs_0_core_clock/Z (CLKBUF_X3)
                                         clk_i_regs (net)
                  0.01    0.00    2.31 ^ clkbuf_0_clk_i_regs/A (CLKBUF_X3)
     2   42.75    0.03    0.06    2.37 ^ clkbuf_0_clk_i_regs/Z (CLKBUF_X3)
                                         clknet_0_clk_i_regs (net)
                  0.03    0.00    2.37 ^ clkbuf_1_0_0_clk_i_regs/A (CLKBUF_X3)
     2   24.25    0.02    0.06    2.43 ^ clkbuf_1_0_0_clk_i_regs/Z (CLKBUF_X3)
                                         clknet_1_0_0_clk_i_regs (net)
                  0.02    0.00    2.43 ^ clkbuf_2_0_0_clk_i_regs/A (CLKBUF_X3)
     1   27.49    0.02    0.05    2.49 ^ clkbuf_2_0_0_clk_i_regs/Z (CLKBUF_X3)
                                         clknet_2_0_0_clk_i_regs (net)
                  0.02    0.01    2.49 ^ clkbuf_2_0_1_clk_i_regs/A (CLKBUF_X3)
     2   36.95    0.03    0.06    2.55 ^ clkbuf_2_0_1_clk_i_regs/Z (CLKBUF_X3)
                                         clknet_2_0_1_clk_i_regs (net)
                  0.03    0.01    2.56 ^ clkbuf_3_0_0_clk_i_regs/A (CLKBUF_X3)
     2   33.74    0.03    0.06    2.62 ^ clkbuf_3_0_0_clk_i_regs/Z (CLKBUF_X3)
                                         clknet_3_0_0_clk_i_regs (net)
                  0.03    0.00    2.62 ^ clkbuf_4_0_0_clk_i_regs/A (CLKBUF_X3)
     4   39.58    0.03    0.07    2.69 ^ clkbuf_4_0_0_clk_i_regs/Z (CLKBUF_X3)
                                         clknet_4_0_0_clk_i_regs (net)
                  0.03    0.00    2.69 ^ clkbuf_6_0_0_clk_i_regs/A (CLKBUF_X3)
     8   36.05    0.03    0.07    2.76 ^ clkbuf_6_0_0_clk_i_regs/Z (CLKBUF_X3)
                                         clknet_6_0_0_clk_i_regs (net)
                  0.03    0.00    2.76 ^ clkbuf_9_4__f_clk_i_regs/A (CLKBUF_X3)
     5   12.91    0.01    0.05    2.80 ^ clkbuf_9_4__f_clk_i_regs/Z (CLKBUF_X3)
                                         clknet_9_4__leaf_clk_i_regs (net)
                  0.01    0.00    2.80 ^ clkbuf_leaf_100_clk_i_regs/A (CLKBUF_X3)
     6    8.14    0.01    0.04    2.84 ^ clkbuf_leaf_100_clk_i_regs/Z (CLKBUF_X3)
                                         clknet_leaf_100_clk_i_regs (net)
                  0.01    0.00    2.84 ^ ex_stage_i/lsu_i.i_store_unit.store_buffer_i.commit_queue_q_5__address__22_$_DFFE_PN0N_/CK (DFFR_X1)
                          0.00    2.84   clock reconvergence pessimism
                          0.04    2.88   library recovery time
                                  2.88   data required time
-----------------------------------------------------------------------------
                                  2.88   data required time
                                 -1.59   data arrival time
-----------------------------------------------------------------------------
                                  1.30   slack (MET)


Startpoint: issue_stage_i.i_scoreboard/commit_pointer_q[1]$_DFF_PN0_
            (rising edge-triggered flip-flop clocked by core_clock)
Endpoint: issue_stage_i.i_scoreboard/mem_q[1905]$_DFF_PN0_
          (rising edge-triggered flip-flop clocked by core_clock)
Path Group: core_clock
Path Type: max

Fanout     Cap    Slew   Delay    Time   Description
-----------------------------------------------------------------------------
                          0.00    0.00   clock core_clock (rise edge)
                          0.00    0.00   clock source latency
     1   64.59    0.00    0.00    0.00 ^ clk_i (in)
                                         clk_i (net)
                  0.02    0.02    0.02 ^ wire61309/A (BUF_X16)
     2   50.03    0.01    0.03    0.05 ^ wire61309/Z (BUF_X16)
                                         net61308 (net)
                  0.02    0.01    0.06 ^ clkbuf_regs_0_core_clock/A (CLKBUF_X3)
     1    1.67    0.01    0.03    0.09 ^ clkbuf_regs_0_core_clock/Z (CLKBUF_X3)
                                         clk_i_regs (net)
                  0.01    0.00    0.09 ^ clkbuf_0_clk_i_regs/A (CLKBUF_X3)
     2   42.75    0.03    0.06    0.15 ^ clkbuf_0_clk_i_regs/Z (CLKBUF_X3)
                                         clknet_0_clk_i_regs (net)
                  0.03    0.00    0.15 ^ clkbuf_1_1_0_clk_i_regs/A (CLKBUF_X3)
     2   24.25    0.02    0.06    0.21 ^ clkbuf_1_1_0_clk_i_regs/Z (CLKBUF_X3)
                                         clknet_1_1_0_clk_i_regs (net)
                  0.02    0.00    0.21 ^ clkbuf_2_3_0_clk_i_regs/A (CLKBUF_X3)
     1   27.49    0.02    0.05    0.27 ^ clkbuf_2_3_0_clk_i_regs/Z (CLKBUF_X3)
                                         clknet_2_3_0_clk_i_regs (net)
                  0.02    0.01    0.27 ^ clkbuf_2_3_1_clk_i_regs/A (CLKBUF_X3)
     2   30.29    0.03    0.06    0.33 ^ clkbuf_2_3_1_clk_i_regs/Z (CLKBUF_X3)
                                         clknet_2_3_1_clk_i_regs (net)
                  0.03    0.00    0.33 ^ clkbuf_3_6_0_clk_i_regs/A (CLKBUF_X3)
     2   36.65    0.03    0.06    0.39 ^ clkbuf_3_6_0_clk_i_regs/Z (CLKBUF_X3)
                                         clknet_3_6_0_clk_i_regs (net)
                  0.03    0.00    0.39 ^ clkbuf_4_13_0_clk_i_regs/A (CLKBUF_X3)
     4   54.33    0.04    0.08    0.47 ^ clkbuf_4_13_0_clk_i_regs/Z (CLKBUF_X3)
                                         clknet_4_13_0_clk_i_regs (net)
                  0.04    0.00    0.47 ^ clkbuf_6_54_0_clk_i_regs/A (CLKBUF_X3)
     8   52.79    0.04    0.08    0.55 ^ clkbuf_6_54_0_clk_i_regs/Z (CLKBUF_X3)
                                         clknet_6_54_0_clk_i_regs (net)
                  0.04    0.00    0.56 ^ clkbuf_9_436__f_clk_i_regs/A (CLKBUF_X3)
    10   32.14    0.03    0.07    0.62 ^ clkbuf_9_436__f_clk_i_regs/Z (CLKBUF_X3)
                                         clknet_9_436__leaf_clk_i_regs (net)
                  0.03    0.00    0.62 ^ clkbuf_leaf_1954_clk_i_regs/A (CLKBUF_X3)
     6   10.06    0.01    0.04    0.67 ^ clkbuf_leaf_1954_clk_i_regs/Z (CLKBUF_X3)
                                         clknet_leaf_1954_clk_i_regs (net)
                  0.01    0.00    0.67 ^ issue_stage_i.i_scoreboard/commit_pointer_q[1]$_DFF_PN0_/CK (DFFR_X1)
     2    3.68    0.01    0.11    0.78 ^ issue_stage_i.i_scoreboard/commit_pointer_q[1]$_DFF_PN0_/Q (DFFR_X1)
                                         issue_stage_i.i_scoreboard/commit_pointer_q[1] (net)
                  0.01    0.00    0.78 ^ issue_stage_i.i_scoreboard/rebuffer61360/A (BUF_X2)
     1    4.35    0.01    0.02    0.80 ^ issue_stage_i.i_scoreboard/rebuffer61360/Z (BUF_X2)
                                         issue_stage_i.i_scoreboard/net61359 (net)
                  0.01    0.00    0.80 ^ issue_stage_i.i_scoreboard/_60374_/B (HA_X1)
     2   10.59    0.03    0.05    0.85 ^ issue_stage_i.i_scoreboard/_60374_/CO (HA_X1)
                                         issue_stage_i.i_scoreboard/N38701 (net)
                  0.03    0.00    0.85 ^ issue_stage_i.i_scoreboard/_31359_/A2 (NAND2_X4)
     3   32.86    0.02    0.03    0.88 v issue_stage_i.i_scoreboard/_31359_/ZN (NAND2_X4)
                                         issue_stage_i.i_scoreboard/_26786_ (net)
                  0.02    0.00    0.88 v issue_stage_i.i_scoreboard/rebuffer61332/A (BUF_X16)
     8   39.96    0.01    0.03    0.91 v issue_stage_i.i_scoreboard/rebuffer61332/Z (BUF_X16)
                                         issue_stage_i.i_scoreboard/net61331 (net)
                  0.02    0.02    0.93 v issue_stage_i.i_scoreboard/_34187_/A3 (NAND3_X4)
     1    3.93    0.01    0.02    0.96 ^ issue_stage_i.i_scoreboard/_34187_/ZN (NAND3_X4)
                                         issue_stage_i.i_scoreboard/_03082_ (net)
                  0.01    0.00    0.96 ^ issue_stage_i.i_scoreboard/_34188_/A3 (NAND3_X2)
     1    4.94    0.01    0.02    0.98 v issue_stage_i.i_scoreboard/_34188_/ZN (NAND3_X2)
                                         issue_stage_i.i_scoreboard/_03083_ (net)
                  0.01    0.00    0.98 v issue_stage_i.i_scoreboard/_34189_/A (OAI21_X2)
     1    4.01    0.02    0.02    1.00 ^ issue_stage_i.i_scoreboard/_34189_/ZN (OAI21_X2)
                                         issue_stage_i.i_scoreboard/_03084_ (net)
                  0.02    0.00    1.00 ^ issue_stage_i.i_scoreboard/_34190_/B1 (OAI21_X2)
     1    2.54    0.01    0.02    1.02 v issue_stage_i.i_scoreboard/_34190_/ZN (OAI21_X2)
                                         issue_stage_i.i_scoreboard/_03085_ (net)
                  0.01    0.00    1.02 v issue_stage_i.i_scoreboard/_34191_/A (MUX2_X1)
     1    1.52    0.01    0.06    1.08 v issue_stage_i.i_scoreboard/_34191_/Z (MUX2_X1)
                                         issue_stage_i.i_scoreboard/_03086_ (net)
                  0.01    0.00    1.08 v issue_stage_i.i_scoreboard/_34192_/B (MUX2_X1)
     1    2.43    0.01    0.06    1.14 v issue_stage_i.i_scoreboard/_34192_/Z (MUX2_X1)
                                         issue_stage_i.i_scoreboard/_03087_ (net)
                  0.01    0.00    1.14 v issue_stage_i.i_scoreboard/_34193_/B (MUX2_X1)
     1    1.95    0.01    0.06    1.20 v issue_stage_i.i_scoreboard/_34193_/Z (MUX2_X1)
                                         issue_stage_i.i_scoreboard/_03088_ (net)
                  0.01    0.00    1.20 v issue_stage_i.i_scoreboard/_34194_/B (MUX2_X1)
     1    9.69    0.02    0.07    1.27 v issue_stage_i.i_scoreboard/_34194_/Z (MUX2_X1)
                                         commit_instr_id_commit[286] (net)
                  0.02    0.00    1.27 v place46924/A (BUF_X8)
     4   27.89    0.01    0.03    1.30 v place46924/Z (BUF_X8)
                                         net46923 (net)
                  0.01    0.01    1.31 v _05298_/A2 (NOR3_X4)
     1    6.71    0.03    0.05    1.36 ^ _05298_/ZN (NOR3_X4)
                                         _00555_ (net)
                  0.03    0.00    1.36 ^ _05304_/A1 (AOI22_X4)
     2   10.82    0.02    0.02    1.38 v _05304_/ZN (AOI22_X4)
                                         _00561_ (net)
                  0.02    0.00    1.38 v _05305_/A2 (NOR3_X4)
     2    8.90    0.03    0.05    1.43 ^ _05305_/ZN (NOR3_X4)
                                         amo_valid_commit (net)
                  0.03    0.00    1.44 ^ _05306_/A1 (NOR2_X4)
     2    7.23    0.01    0.01    1.45 v _05306_/ZN (NOR2_X4)
                                         commit_stage_i.debug_req_i (net)
                  0.01    0.00    1.45 v _05308_/B2 (AOI21_X4)
     2    7.57    0.02    0.03    1.48 ^ _05308_/ZN (AOI21_X4)
                                         _00563_ (net)
                  0.02    0.00    1.48 ^ _08631_/A2 (NAND2_X4)
     4   17.21    0.01    0.02    1.50 v _08631_/ZN (NAND2_X4)
                                         _03378_ (net)
                  0.01    0.00    1.50 v _08632_/A (INV_X4)
     4    9.63    0.01    0.02    1.52 ^ _08632_/ZN (INV_X4)
                                         _03379_ (net)
                  0.01    0.00    1.52 ^ _08642_/A2 (AND2_X4)
     3   12.01    0.01    0.03    1.55 ^ _08642_/ZN (AND2_X4)
                                         commit_stage_i.csr_op_o[2] (net)
                  0.01    0.00    1.55 ^ csr_regfile_i/place44838/A (BUF_X4)
     1    6.68    0.01    0.02    1.57 ^ csr_regfile_i/place44838/Z (BUF_X4)
                                         csr_regfile_i/net44837 (net)
                  0.01    0.00    1.57 ^ csr_regfile_i/_08222_/A1 (NOR4_X4)
     2    4.90    0.01    0.01    1.58 v csr_regfile_i/_08222_/ZN (NOR4_X4)
                                         csr_regfile_i/_01306_ (net)
                  0.01    0.00    1.58 v csr_regfile_i/_08228_/A1 (AND2_X4)
     3   10.60    0.01    0.03    1.61 v csr_regfile_i/_08228_/ZN (AND2_X4)
                                         csr_regfile_i/_01312_ (net)
                  0.01    0.00    1.61 v csr_regfile_i/_08458_/A (AOI21_X4)
     2    8.31    0.02    0.04    1.65 ^ csr_regfile_i/_08458_/ZN (AOI21_X4)
                                         csr_regfile_i/_01542_ (net)
                  0.02    0.00    1.65 ^ csr_regfile_i/_08465_/A1 (NOR3_X4)
     2   14.16    0.01    0.01    1.67 v csr_regfile_i/_08465_/ZN (NOR3_X4)
                                         csr_regfile_i/_01549_ (net)
                  0.01    0.00    1.67 v csr_regfile_i/_08864_/A1 (AND3_X4)
     2    6.78    0.01    0.03    1.70 v csr_regfile_i/_08864_/ZN (AND3_X4)
                                         csr_regfile_i/_01946_ (net)
                  0.01    0.00    1.70 v csr_regfile_i/_12669_/A (OAI21_X4)
     2   10.13    0.02    0.02    1.72 ^ csr_regfile_i/_12669_/ZN (OAI21_X4)
                                         csr_regfile_i/_05192_ (net)
                  0.02    0.00    1.72 ^ csr_regfile_i/_12710_/A1 (NAND2_X4)
     2   15.27    0.01    0.02    1.74 v csr_regfile_i/_12710_/ZN (NAND2_X4)
                                         csr_regfile_i/_05229_ (net)
                  0.01    0.00    1.74 v csr_regfile_i/place42902/A (BUF_X2)
     2    3.98    0.01    0.03    1.77 v csr_regfile_i/place42902/Z (BUF_X2)
                                         csr_regfile_i/net42901 (net)
                  0.01    0.00    1.77 v csr_regfile_i/_12711_/A1 (OR2_X4)
     2    6.30    0.01    0.04    1.81 v csr_regfile_i/_12711_/ZN (OR2_X4)
                                         csr_regfile_i/_05230_ (net)
                  0.01    0.00    1.81 v csr_regfile_i/_12877_/A (INV_X2)
     2    5.09    0.01    0.01    1.83 ^ csr_regfile_i/_12877_/ZN (INV_X2)
                                         commit_stage_i.csr_exception_i[128] (net)
                  0.01    0.00    1.83 ^ _06275_/A1 (NAND2_X2)
     1    3.24    0.01    0.01    1.84 v _06275_/ZN (NAND2_X2)
                                         _01384_ (net)
                  0.01    0.00    1.84 v _06276_/A1 (OR3_X4)
     2    6.18    0.01    0.06    1.89 v _06276_/ZN (OR3_X4)
                                         _01385_ (net)
                  0.01    0.00    1.90 v _08741_/A2 (AND2_X4)
     5   33.48    0.01    0.04    1.93 v _08741_/ZN (AND2_X4)
                                         _03414_ (net)
                  0.01    0.01    1.94 v rebuffer61359/A (BUF_X4)
     1    5.95    0.01    0.03    1.97 v rebuffer61359/Z (BUF_X4)
                                         net61358 (net)
                  0.01    0.00    1.97 v place41579/A (BUF_X8)
    15   46.59    0.01    0.03    2.00 v place41579/Z (BUF_X8)
                                         net41578 (net)
                  0.01    0.00    2.00 v _08938_/A2 (AOI22_X4)
     1    7.30    0.03    0.04    2.04 ^ _08938_/ZN (AOI22_X4)
                                         _03496_ (net)
                  0.03    0.00    2.04 ^ _08939_/A1 (NOR2_X4)
     2    7.31    0.02    0.01    2.05 v _08939_/ZN (NOR2_X4)
                                         commit_stage_i.exception_o[89] (net)
                  0.02    0.00    2.05 v csr_regfile_i/_13340_/A4 (NOR4_X4)
     1    7.56    0.04    0.09    2.13 ^ csr_regfile_i/_13340_/ZN (NOR4_X4)
                                         csr_regfile_i/_05682_ (net)
                  0.04    0.00    2.13 ^ csr_regfile_i/_13342_/A3 (NAND4_X4)
     1   14.31    0.03    0.04    2.18 v csr_regfile_i/_13342_/ZN (NAND4_X4)
                                         csr_regfile_i/_05684_ (net)
                  0.03    0.00    2.18 v csr_regfile_i/_13343_/A2 (NOR3_X4)
     1    7.15    0.03    0.05    2.24 ^ csr_regfile_i/_13343_/ZN (NOR3_X4)
                                         csr_regfile_i/_05685_ (net)
                  0.03    0.00    2.24 ^ csr_regfile_i/_13344_/A2 (NAND3_X4)
     2   15.50    0.02    0.03    2.27 v csr_regfile_i/_13344_/ZN (NAND3_X4)
                                         csr_regfile_i/_05686_ (net)
                  0.02    0.00    2.27 v csr_regfile_i/_15959_/B1 (OAI22_X4)
     2    5.32    0.03    0.04    2.31 ^ csr_regfile_i/_15959_/ZN (OAI22_X4)
                                         controller_i.set_debug_pc_i (net)
                  0.03    0.00    2.31 ^ _06280_/A2 (OR4_X4)
     2   36.69    0.02    0.04    2.35 ^ _06280_/ZN (OR4_X4)
                                         controller_i.flush_ex_o (net)
                  0.03    0.02    2.37 ^ ex_stage_i/_19523_/A (INV_X8)
     3   33.52    0.01    0.01    2.39 v ex_stage_i/_19523_/ZN (INV_X8)
                                         ex_stage_i/_14963_ (net)
                  0.02    0.01    2.40 v ex_stage_i/_30148_/A (OAI21_X4)
     2    7.50    0.02    0.03    2.42 ^ ex_stage_i/_30148_/ZN (OAI21_X4)
                                         ex_stage_i/_09527_ (net)
                  0.02    0.00    2.43 ^ ex_stage_i/_31133_/A1 (NAND2_X4)
     2    7.03    0.01    0.02    2.44 v ex_stage_i/_31133_/ZN (NAND2_X4)
                                         ex_stage_i/_10504_ (net)
                  0.01    0.00    2.44 v ex_stage_i/_31166_/A1 (NAND2_X4)
     4   31.61    0.02    0.03    2.47 ^ ex_stage_i/_31166_/ZN (NAND2_X4)
                                         ex_stage_i/_10536_ (net)
                  0.02    0.01    2.48 ^ ex_stage_i/_32320_/S (MUX2_X2)
     4   16.79    0.02    0.09    2.57 v ex_stage_i/_32320_/Z (MUX2_X2)
                                         flu_trans_id_ex_id[1] (net)
                  0.02    0.00    2.57 v issue_stage_i.i_scoreboard/place38243/A (BUF_X8)
     7   17.77    0.01    0.03    2.60 v issue_stage_i.i_scoreboard/place38243/Z (BUF_X8)
                                         issue_stage_i.i_scoreboard/net38242 (net)
                  0.01    0.00    2.61 v issue_stage_i.i_scoreboard/place38240/A (BUF_X4)
     5   13.27    0.01    0.03    2.63 v issue_stage_i.i_scoreboard/place38240/Z (BUF_X4)
                                         issue_stage_i.i_scoreboard/net38239 (net)
                  0.01    0.00    2.63 v issue_stage_i.i_scoreboard/_57142_/S (MUX2_X1)
     1    6.34    0.01    0.06    2.69 v issue_stage_i.i_scoreboard/_57142_/Z (MUX2_X1)
                                         issue_stage_i.i_scoreboard/_23188_ (net)
                  0.01    0.00    2.69 v issue_stage_i.i_scoreboard/_57143_/B2 (OAI22_X4)
     1    9.27    0.03    0.05    2.74 ^ issue_stage_i.i_scoreboard/_57143_/ZN (OAI22_X4)
                                         issue_stage_i.i_scoreboard/_23189_ (net)
                  0.03    0.00    2.74 ^ issue_stage_i.i_scoreboard/_57148_/A1 (NOR3_X4)
     2    6.84    0.01    0.01    2.75 v issue_stage_i.i_scoreboard/_57148_/ZN (NOR3_X4)
                                         issue_stage_i.i_scoreboard/_23194_ (net)
                  0.01    0.00    2.75 v issue_stage_i.i_scoreboard/place38016/A (BUF_X2)
     1    3.87    0.01    0.03    2.78 v issue_stage_i.i_scoreboard/place38016/Z (BUF_X2)
                                         issue_stage_i.i_scoreboard/net38015 (net)
                  0.01    0.00    2.78 v issue_stage_i.i_scoreboard/_57149_/A (XNOR2_X2)
     1    6.46    0.03    0.03    2.81 ^ issue_stage_i.i_scoreboard/_57149_/ZN (XNOR2_X2)
                                         issue_stage_i.i_scoreboard/_23195_ (net)
                  0.03    0.00    2.81 ^ issue_stage_i.i_scoreboard/_57162_/A (OAI21_X4)
     1    5.81    0.01    0.02    2.83 v issue_stage_i.i_scoreboard/_57162_/ZN (OAI21_X4)
                                         issue_stage_i.i_scoreboard/_23208_ (net)
                  0.01    0.00    2.83 v issue_stage_i.i_scoreboard/_57223_/A3 (NOR4_X4)
     2    6.13    0.04    0.08    2.91 ^ issue_stage_i.i_scoreboard/_57223_/ZN (NOR4_X4)
                                         issue_stage_i.i_scoreboard/_23269_ (net)
                  0.04    0.00    2.91 ^ issue_stage_i.i_scoreboard/place37797/A (BUF_X4)
     2   11.47    0.01    0.03    2.94 ^ issue_stage_i.i_scoreboard/place37797/Z (BUF_X4)
                                         issue_stage_i.i_scoreboard/net37796 (net)
                  0.01    0.00    2.94 ^ issue_stage_i.i_scoreboard/_57504_/A2 (NAND3_X4)
     2    7.02    0.02    0.02    2.96 v issue_stage_i.i_scoreboard/_57504_/ZN (NAND3_X4)
                                         issue_stage_i.i_scoreboard/_23549_ (net)
                  0.02    0.00    2.96 v issue_stage_i.i_scoreboard/_57702_/B1 (AOI21_X4)
     1    6.67    0.02    0.03    3.00 ^ issue_stage_i.i_scoreboard/_57702_/ZN (AOI21_X4)
                                         issue_stage_i.i_scoreboard/_23740_ (net)
                  0.02    0.00    3.00 ^ issue_stage_i.i_scoreboard/_57703_/B1 (OAI21_X4)
     2    8.12    0.01    0.02    3.01 v issue_stage_i.i_scoreboard/_57703_/ZN (OAI21_X4)
                                         issue_stage_i.i_scoreboard/_23741_ (net)
                  0.01    0.00    3.01 v issue_stage_i.i_scoreboard/_58644_/B2 (AOI22_X4)
     3    8.01    0.03    0.05    3.06 ^ issue_stage_i.i_scoreboard/_58644_/ZN (AOI22_X4)
                                         issue_stage_i.rs1_valid_sb_iro (net)
                  0.03    0.00    3.06 ^ issue_stage_i.i_issue_read_operands/_19836_/A1 (NOR2_X2)
     1    3.33    0.02    0.01    3.07 v issue_stage_i.i_issue_read_operands/_19836_/ZN (NOR2_X2)
                                         issue_stage_i.i_issue_read_operands/_02429_ (net)
                  0.02    0.00    3.07 v issue_stage_i.i_issue_read_operands/_20453_/B2 (OAI221_X2)
     1    6.81    0.04    0.06    3.14 ^ issue_stage_i.i_issue_read_operands/_20453_/ZN (OAI221_X2)
                                         issue_stage_i.i_issue_read_operands/_03046_ (net)
                  0.04    0.00    3.14 ^ issue_stage_i.i_issue_read_operands/_20625_/B (OAI211_X4)
     2    7.35    0.02    0.03    3.17 v issue_stage_i.i_issue_read_operands/_20625_/ZN (OAI211_X4)
                                         issue_stage_i.i_issue_read_operands/_03218_ (net)
                  0.02    0.00    3.17 v issue_stage_i.i_issue_read_operands/_21366_/A1 (NOR2_X4)
     1    7.03    0.02    0.03    3.20 ^ issue_stage_i.i_issue_read_operands/_21366_/ZN (NOR2_X4)
                                         issue_stage_i.issue_ack_iro_sb (net)
                  0.02    0.00    3.20 ^ issue_stage_i.i_scoreboard/place37523/A (BUF_X8)
     6   35.07    0.01    0.03    3.23 ^ issue_stage_i.i_scoreboard/place37523/Z (BUF_X8)
                                         issue_stage_i.i_scoreboard/net37522 (net)
                  0.02    0.01    3.24 ^ issue_stage_i.i_scoreboard/rebuffer61488/A (BUF_X1)
     1    3.34    0.01    0.03    3.27 ^ issue_stage_i.i_scoreboard/rebuffer61488/Z (BUF_X1)
                                         issue_stage_i.i_scoreboard/net61487 (net)
                  0.01    0.00    3.27 ^ issue_stage_i.i_scoreboard/_31228_/A2 (AND4_X4)
     4   12.20    0.01    0.06    3.32 ^ issue_stage_i.i_scoreboard/_31228_/ZN (AND4_X4)
                                         issue_stage_i.i_scoreboard/_26682_ (net)
                  0.01    0.00    3.32 ^ issue_stage_i.i_scoreboard/place37451/A (BUF_X4)
    10   25.29    0.02    0.03    3.35 ^ issue_stage_i.i_scoreboard/place37451/Z (BUF_X4)
                                         issue_stage_i.i_scoreboard/net37450 (net)
                  0.02    0.00    3.36 ^ issue_stage_i.i_scoreboard/_39818_/B2 (AOI21_X1)
     2    2.89    0.02    0.02    3.37 v issue_stage_i.i_scoreboard/_39818_/ZN (AOI21_X1)
                                         issue_stage_i.i_scoreboard/_08188_ (net)
                  0.02    0.00    3.37 v issue_stage_i.i_scoreboard/_43172_/A (MUX2_X1)
     1    1.29    0.01    0.06    3.44 v issue_stage_i.i_scoreboard/_43172_/Z (MUX2_X1)
                                         issue_stage_i.i_scoreboard/_11233_ (net)
                  0.01    0.00    3.44 v issue_stage_i.i_scoreboard/_43174_/A (MUX2_X1)
     2   14.33    0.02    0.08    3.52 v issue_stage_i.i_scoreboard/_43174_/Z (MUX2_X1)
                                         issue_stage_i.i_scoreboard/_11235_ (net)
                  0.02    0.00    3.52 v issue_stage_i.i_scoreboard/_44966_/B (MUX2_X2)
     8   26.85    0.02    0.08    3.60 v issue_stage_i.i_scoreboard/_44966_/Z (MUX2_X2)
                                         issue_stage_i.i_scoreboard/_12728_ (net)
                  0.02    0.00    3.61 v issue_stage_i.i_scoreboard/_45171_/A2 (NOR4_X4)
     1    7.13    0.04    0.07    3.68 ^ issue_stage_i.i_scoreboard/_45171_/ZN (NOR4_X4)
                                         issue_stage_i.i_scoreboard/_12862_ (net)
                  0.04    0.00    3.68 ^ issue_stage_i.i_scoreboard/place36804/A (BUF_X8)
     2   13.49    0.01    0.03    3.70 ^ issue_stage_i.i_scoreboard/place36804/Z (BUF_X8)
                                         issue_stage_i.i_scoreboard/net36803 (net)
                  0.01    0.00    3.71 ^ issue_stage_i.i_scoreboard/place36803/A (BUF_X8)
     5   74.67    0.01    0.02    3.73 ^ issue_stage_i.i_scoreboard/place36803/Z (BUF_X8)
                                         issue_stage_i.i_scoreboard/net36802 (net)
                  0.07    0.05    3.78 ^ issue_stage_i.i_scoreboard/place36798/A (BUF_X8)
    28   80.77    0.02    0.05    3.83 ^ issue_stage_i.i_scoreboard/place36798/Z (BUF_X8)
                                         issue_stage_i.i_scoreboard/net36797 (net)
                  0.03    0.01    3.84 ^ issue_stage_i.i_scoreboard/_45337_/S (MUX2_X1)
     1    1.76    0.01    0.06    3.90 v issue_stage_i.i_scoreboard/_45337_/Z (MUX2_X1)
                                         issue_stage_i.i_scoreboard/_13004_ (net)
                  0.01    0.00    3.90 v issue_stage_i.i_scoreboard/_45338_/A2 (NOR2_X1)
     1    1.93    0.02    0.03    3.93 ^ issue_stage_i.i_scoreboard/_45338_/ZN (NOR2_X1)
                                         issue_stage_i.i_scoreboard/_13005_ (net)
                  0.02    0.00    3.93 ^ issue_stage_i.i_scoreboard/_45341_/B1 (OAI22_X1)
     1    1.52    0.02    0.02    3.95 v issue_stage_i.i_scoreboard/_45341_/ZN (OAI22_X1)
                                         issue_stage_i.i_scoreboard/mem_n[1905] (net)
                  0.02    0.00    3.95 v issue_stage_i.i_scoreboard/mem_q[1905]$_DFF_PN0_/D (DFFR_X1)
                                  3.95   data arrival time

                          2.22    2.22   clock core_clock (rise edge)
                          0.00    2.22   clock source latency
     1   64.59    0.00    0.00    2.22 ^ clk_i (in)
                                         clk_i (net)
                  0.02    0.02    2.24 ^ wire61309/A (BUF_X16)
     2   50.03    0.01    0.03    2.27 ^ wire61309/Z (BUF_X16)
                                         net61308 (net)
                  0.02    0.01    2.28 ^ clkbuf_regs_0_core_clock/A (CLKBUF_X3)
     1    1.67    0.01    0.03    2.31 ^ clkbuf_regs_0_core_clock/Z (CLKBUF_X3)
                                         clk_i_regs (net)
                  0.01    0.00    2.31 ^ clkbuf_0_clk_i_regs/A (CLKBUF_X3)
     2   42.75    0.03    0.06    2.37 ^ clkbuf_0_clk_i_regs/Z (CLKBUF_X3)
                                         clknet_0_clk_i_regs (net)
                  0.03    0.00    2.37 ^ clkbuf_1_0_0_clk_i_regs/A (CLKBUF_X3)
     2   24.25    0.02    0.06    2.43 ^ clkbuf_1_0_0_clk_i_regs/Z (CLKBUF_X3)
                                         clknet_1_0_0_clk_i_regs (net)
                  0.02    0.00    2.43 ^ clkbuf_2_0_0_clk_i_regs/A (CLKBUF_X3)
     1   27.49    0.02    0.05    2.49 ^ clkbuf_2_0_0_clk_i_regs/Z (CLKBUF_X3)
                                         clknet_2_0_0_clk_i_regs (net)
                  0.02    0.01    2.49 ^ clkbuf_2_0_1_clk_i_regs/A (CLKBUF_X3)
     2   36.95    0.03    0.06    2.55 ^ clkbuf_2_0_1_clk_i_regs/Z (CLKBUF_X3)
                                         clknet_2_0_1_clk_i_regs (net)
                  0.03    0.00    2.56 ^ clkbuf_3_1_0_clk_i_regs/A (CLKBUF_X3)
     2   30.54    0.03    0.06    2.62 ^ clkbuf_3_1_0_clk_i_regs/Z (CLKBUF_X3)
                                         clknet_3_1_0_clk_i_regs (net)
                  0.03    0.00    2.62 ^ clkbuf_4_3_0_clk_i_regs/A (CLKBUF_X3)
     4   47.65    0.04    0.07    2.69 ^ clkbuf_4_3_0_clk_i_regs/Z (CLKBUF_X3)
                                         clknet_4_3_0_clk_i_regs (net)
                  0.04    0.00    2.70 ^ clkbuf_6_14_0_clk_i_regs/A (CLKBUF_X3)
     8   36.22    0.03    0.07    2.76 ^ clkbuf_6_14_0_clk_i_regs/Z (CLKBUF_X3)
                                         clknet_6_14_0_clk_i_regs (net)
                  0.03    0.00    2.76 ^ clkbuf_9_119__f_clk_i_regs/A (CLKBUF_X3)
     7   18.08    0.02    0.05    2.81 ^ clkbuf_9_119__f_clk_i_regs/Z (CLKBUF_X3)
                                         clknet_9_119__leaf_clk_i_regs (net)
                  0.02    0.00    2.81 ^ clkbuf_leaf_3251_clk_i_regs/A (CLKBUF_X3)
     6    9.24    0.01    0.04    2.85 ^ clkbuf_leaf_3251_clk_i_regs/Z (CLKBUF_X3)
                                         clknet_leaf_3251_clk_i_regs (net)
                  0.01    0.00    2.85 ^ issue_stage_i.i_scoreboard/mem_q[1905]$_DFF_PN0_/CK (DFFR_X1)
                          0.00    2.85   clock reconvergence pessimism
                         -0.04    2.81   library setup time
                                  2.81   data required time
-----------------------------------------------------------------------------
                                  2.81   data required time
                                 -3.95   data arrival time
-----------------------------------------------------------------------------
                                 -1.14   slack (VIOLATED)



==========================================================================
cts final report_checks -unconstrained
--------------------------------------------------------------------------
Startpoint: rst_ni (input port clocked by core_clock)
Endpoint: ex_stage_i/lsu_i.i_store_unit.store_buffer_i.commit_queue_q_5__address__22_$_DFFE_PN0N_
          (recovery check against rising-edge clock core_clock)
Path Group: asynchronous
Path Type: max

Fanout     Cap    Slew   Delay    Time   Description
-----------------------------------------------------------------------------
                          0.00    0.00   clock core_clock (rise edge)
                          0.00    0.00   clock network delay (propagated)
                          0.44    0.44 ^ input external delay
     1    3.03    0.00    0.00    0.44 ^ rst_ni (in)
                                         rst_ni (net)
                  0.00    0.00    0.44 ^ hold61708/A (CLKBUF_X1)
     1    3.10    0.01    0.03    0.47 ^ hold61708/Z (CLKBUF_X1)
                                         net61707 (net)
                  0.01    0.00    0.47 ^ hold61702/A (CLKBUF_X1)
     1    3.06    0.01    0.03    0.51 ^ hold61702/Z (CLKBUF_X1)
                                         net61701 (net)
                  0.01    0.00    0.51 ^ hold61709/A (CLKBUF_X1)
     1    3.14    0.01    0.03    0.54 ^ hold61709/Z (CLKBUF_X1)
                                         net61708 (net)
                  0.01    0.00    0.54 ^ hold61699/A (CLKBUF_X1)
     1    3.05    0.01    0.03    0.57 ^ hold61699/Z (CLKBUF_X1)
                                         net61698 (net)
                  0.01    0.00    0.58 ^ hold61710/A (CLKBUF_X1)
     1    3.12    0.01    0.03    0.61 ^ hold61710/Z (CLKBUF_X1)
                                         net61709 (net)
                  0.01    0.00    0.61 ^ hold61703/A (CLKBUF_X1)
     1    6.13    0.02    0.04    0.65 ^ hold61703/Z (CLKBUF_X1)
                                         net61702 (net)
                  0.02    0.00    0.65 ^ input3255/A (CLKBUF_X3)
     1    2.90    0.01    0.03    0.68 ^ input3255/Z (CLKBUF_X3)
                                         net3254 (net)
                  0.01    0.00    0.68 ^ hold61704/A (CLKBUF_X1)
     1    3.62    0.01    0.03    0.72 ^ hold61704/Z (CLKBUF_X1)
                                         net61703 (net)
                  0.01    0.00    0.72 ^ hold61700/A (CLKBUF_X3)
     1    3.57    0.01    0.03    0.75 ^ hold61700/Z (CLKBUF_X3)
                                         net61699 (net)
                  0.01    0.00    0.75 ^ hold61705/A (CLKBUF_X3)
     4   50.02    0.03    0.06    0.80 ^ hold61705/Z (CLKBUF_X3)
                                         net61704 (net)
                  0.03    0.00    0.80 ^ place60646/A (BUF_X4)
     4   31.57    0.02    0.04    0.84 ^ place60646/Z (BUF_X4)
                                         net60645 (net)
                  0.02    0.00    0.84 ^ place60645/A (BUF_X2)
     5   60.27    0.06    0.07    0.92 ^ place60645/Z (BUF_X2)
                                         net60644 (net)
                  0.06    0.00    0.92 ^ place60494/A (BUF_X2)
    12   73.78    0.08    0.10    1.02 ^ place60494/Z (BUF_X2)
                                         net60493 (net)
                  0.08    0.02    1.04 ^ place60455/A (BUF_X2)
    27   63.81    0.07    0.10    1.14 ^ place60455/Z (BUF_X2)
                                         net60454 (net)
                  0.07    0.01    1.15 ^ place60449/A (BUF_X2)
    20   50.41    0.06    0.08    1.23 ^ place60449/Z (BUF_X2)
                                         net60448 (net)
                  0.06    0.01    1.24 ^ ex_stage_i/place60448/A (BUF_X2)
    28   66.40    0.07    0.10    1.34 ^ ex_stage_i/place60448/Z (BUF_X2)
                                         ex_stage_i/net60447 (net)
                  0.08    0.01    1.35 ^ ex_stage_i/place60447/A (BUF_X2)
    29   67.08    0.07    0.10    1.46 ^ ex_stage_i/place60447/Z (BUF_X2)
                                         ex_stage_i/net60446 (net)
                  0.08    0.01    1.46 ^ ex_stage_i/place60446/A (BUF_X2)
    33   77.07    0.09    0.12    1.58 ^ ex_stage_i/place60446/Z (BUF_X2)
                                         ex_stage_i/net60445 (net)
                  0.09    0.00    1.59 ^ ex_stage_i/lsu_i.i_store_unit.store_buffer_i.commit_queue_q_5__address__22_$_DFFE_PN0N_/RN (DFFR_X1)
                                  1.59   data arrival time

                          2.22    2.22   clock core_clock (rise edge)
                          0.00    2.22   clock source latency
     1   64.59    0.00    0.00    2.22 ^ clk_i (in)
                                         clk_i (net)
                  0.02    0.02    2.24 ^ wire61309/A (BUF_X16)
     2   50.03    0.01    0.03    2.27 ^ wire61309/Z (BUF_X16)
                                         net61308 (net)
                  0.02    0.01    2.28 ^ clkbuf_regs_0_core_clock/A (CLKBUF_X3)
     1    1.67    0.01    0.03    2.31 ^ clkbuf_regs_0_core_clock/Z (CLKBUF_X3)
                                         clk_i_regs (net)
                  0.01    0.00    2.31 ^ clkbuf_0_clk_i_regs/A (CLKBUF_X3)
     2   42.75    0.03    0.06    2.37 ^ clkbuf_0_clk_i_regs/Z (CLKBUF_X3)
                                         clknet_0_clk_i_regs (net)
                  0.03    0.00    2.37 ^ clkbuf_1_0_0_clk_i_regs/A (CLKBUF_X3)
     2   24.25    0.02    0.06    2.43 ^ clkbuf_1_0_0_clk_i_regs/Z (CLKBUF_X3)
                                         clknet_1_0_0_clk_i_regs (net)
                  0.02    0.00    2.43 ^ clkbuf_2_0_0_clk_i_regs/A (CLKBUF_X3)
     1   27.49    0.02    0.05    2.49 ^ clkbuf_2_0_0_clk_i_regs/Z (CLKBUF_X3)
                                         clknet_2_0_0_clk_i_regs (net)
                  0.02    0.01    2.49 ^ clkbuf_2_0_1_clk_i_regs/A (CLKBUF_X3)
     2   36.95    0.03    0.06    2.55 ^ clkbuf_2_0_1_clk_i_regs/Z (CLKBUF_X3)
                                         clknet_2_0_1_clk_i_regs (net)
                  0.03    0.01    2.56 ^ clkbuf_3_0_0_clk_i_regs/A (CLKBUF_X3)
     2   33.74    0.03    0.06    2.62 ^ clkbuf_3_0_0_clk_i_regs/Z (CLKBUF_X3)
                                         clknet_3_0_0_clk_i_regs (net)
                  0.03    0.00    2.62 ^ clkbuf_4_0_0_clk_i_regs/A (CLKBUF_X3)
     4   39.58    0.03    0.07    2.69 ^ clkbuf_4_0_0_clk_i_regs/Z (CLKBUF_X3)
                                         clknet_4_0_0_clk_i_regs (net)
                  0.03    0.00    2.69 ^ clkbuf_6_0_0_clk_i_regs/A (CLKBUF_X3)
     8   36.05    0.03    0.07    2.76 ^ clkbuf_6_0_0_clk_i_regs/Z (CLKBUF_X3)
                                         clknet_6_0_0_clk_i_regs (net)
                  0.03    0.00    2.76 ^ clkbuf_9_4__f_clk_i_regs/A (CLKBUF_X3)
     5   12.91    0.01    0.05    2.80 ^ clkbuf_9_4__f_clk_i_regs/Z (CLKBUF_X3)
                                         clknet_9_4__leaf_clk_i_regs (net)
                  0.01    0.00    2.80 ^ clkbuf_leaf_100_clk_i_regs/A (CLKBUF_X3)
     6    8.14    0.01    0.04    2.84 ^ clkbuf_leaf_100_clk_i_regs/Z (CLKBUF_X3)
                                         clknet_leaf_100_clk_i_regs (net)
                  0.01    0.00    2.84 ^ ex_stage_i/lsu_i.i_store_unit.store_buffer_i.commit_queue_q_5__address__22_$_DFFE_PN0N_/CK (DFFR_X1)
                          0.00    2.84   clock reconvergence pessimism
                          0.04    2.88   library recovery time
                                  2.88   data required time
-----------------------------------------------------------------------------
                                  2.88   data required time
                                 -1.59   data arrival time
-----------------------------------------------------------------------------
                                  1.30   slack (MET)


Startpoint: issue_stage_i.i_scoreboard/commit_pointer_q[1]$_DFF_PN0_
            (rising edge-triggered flip-flop clocked by core_clock)
Endpoint: issue_stage_i.i_scoreboard/mem_q[1905]$_DFF_PN0_
          (rising edge-triggered flip-flop clocked by core_clock)
Path Group: core_clock
Path Type: max

Fanout     Cap    Slew   Delay    Time   Description
-----------------------------------------------------------------------------
                          0.00    0.00   clock core_clock (rise edge)
                          0.00    0.00   clock source latency
     1   64.59    0.00    0.00    0.00 ^ clk_i (in)
                                         clk_i (net)
                  0.02    0.02    0.02 ^ wire61309/A (BUF_X16)
     2   50.03    0.01    0.03    0.05 ^ wire61309/Z (BUF_X16)
                                         net61308 (net)
                  0.02    0.01    0.06 ^ clkbuf_regs_0_core_clock/A (CLKBUF_X3)
     1    1.67    0.01    0.03    0.09 ^ clkbuf_regs_0_core_clock/Z (CLKBUF_X3)
                                         clk_i_regs (net)
                  0.01    0.00    0.09 ^ clkbuf_0_clk_i_regs/A (CLKBUF_X3)
     2   42.75    0.03    0.06    0.15 ^ clkbuf_0_clk_i_regs/Z (CLKBUF_X3)
                                         clknet_0_clk_i_regs (net)
                  0.03    0.00    0.15 ^ clkbuf_1_1_0_clk_i_regs/A (CLKBUF_X3)
     2   24.25    0.02    0.06    0.21 ^ clkbuf_1_1_0_clk_i_regs/Z (CLKBUF_X3)
                                         clknet_1_1_0_clk_i_regs (net)
                  0.02    0.00    0.21 ^ clkbuf_2_3_0_clk_i_regs/A (CLKBUF_X3)
     1   27.49    0.02    0.05    0.27 ^ clkbuf_2_3_0_clk_i_regs/Z (CLKBUF_X3)
                                         clknet_2_3_0_clk_i_regs (net)
                  0.02    0.01    0.27 ^ clkbuf_2_3_1_clk_i_regs/A (CLKBUF_X3)
     2   30.29    0.03    0.06    0.33 ^ clkbuf_2_3_1_clk_i_regs/Z (CLKBUF_X3)
                                         clknet_2_3_1_clk_i_regs (net)
                  0.03    0.00    0.33 ^ clkbuf_3_6_0_clk_i_regs/A (CLKBUF_X3)
     2   36.65    0.03    0.06    0.39 ^ clkbuf_3_6_0_clk_i_regs/Z (CLKBUF_X3)
                                         clknet_3_6_0_clk_i_regs (net)
                  0.03    0.00    0.39 ^ clkbuf_4_13_0_clk_i_regs/A (CLKBUF_X3)
     4   54.33    0.04    0.08    0.47 ^ clkbuf_4_13_0_clk_i_regs/Z (CLKBUF_X3)
                                         clknet_4_13_0_clk_i_regs (net)
                  0.04    0.00    0.47 ^ clkbuf_6_54_0_clk_i_regs/A (CLKBUF_X3)
     8   52.79    0.04    0.08    0.55 ^ clkbuf_6_54_0_clk_i_regs/Z (CLKBUF_X3)
                                         clknet_6_54_0_clk_i_regs (net)
                  0.04    0.00    0.56 ^ clkbuf_9_436__f_clk_i_regs/A (CLKBUF_X3)
    10   32.14    0.03    0.07    0.62 ^ clkbuf_9_436__f_clk_i_regs/Z (CLKBUF_X3)
                                         clknet_9_436__leaf_clk_i_regs (net)
                  0.03    0.00    0.62 ^ clkbuf_leaf_1954_clk_i_regs/A (CLKBUF_X3)
     6   10.06    0.01    0.04    0.67 ^ clkbuf_leaf_1954_clk_i_regs/Z (CLKBUF_X3)
                                         clknet_leaf_1954_clk_i_regs (net)
                  0.01    0.00    0.67 ^ issue_stage_i.i_scoreboard/commit_pointer_q[1]$_DFF_PN0_/CK (DFFR_X1)
     2    3.68    0.01    0.11    0.78 ^ issue_stage_i.i_scoreboard/commit_pointer_q[1]$_DFF_PN0_/Q (DFFR_X1)
                                         issue_stage_i.i_scoreboard/commit_pointer_q[1] (net)
                  0.01    0.00    0.78 ^ issue_stage_i.i_scoreboard/rebuffer61360/A (BUF_X2)
     1    4.35    0.01    0.02    0.80 ^ issue_stage_i.i_scoreboard/rebuffer61360/Z (BUF_X2)
                                         issue_stage_i.i_scoreboard/net61359 (net)
                  0.01    0.00    0.80 ^ issue_stage_i.i_scoreboard/_60374_/B (HA_X1)
     2   10.59    0.03    0.05    0.85 ^ issue_stage_i.i_scoreboard/_60374_/CO (HA_X1)
                                         issue_stage_i.i_scoreboard/N38701 (net)
                  0.03    0.00    0.85 ^ issue_stage_i.i_scoreboard/_31359_/A2 (NAND2_X4)
     3   32.86    0.02    0.03    0.88 v issue_stage_i.i_scoreboard/_31359_/ZN (NAND2_X4)
                                         issue_stage_i.i_scoreboard/_26786_ (net)
                  0.02    0.00    0.88 v issue_stage_i.i_scoreboard/rebuffer61332/A (BUF_X16)
     8   39.96    0.01    0.03    0.91 v issue_stage_i.i_scoreboard/rebuffer61332/Z (BUF_X16)
                                         issue_stage_i.i_scoreboard/net61331 (net)
                  0.02    0.02    0.93 v issue_stage_i.i_scoreboard/_34187_/A3 (NAND3_X4)
     1    3.93    0.01    0.02    0.96 ^ issue_stage_i.i_scoreboard/_34187_/ZN (NAND3_X4)
                                         issue_stage_i.i_scoreboard/_03082_ (net)
                  0.01    0.00    0.96 ^ issue_stage_i.i_scoreboard/_34188_/A3 (NAND3_X2)
     1    4.94    0.01    0.02    0.98 v issue_stage_i.i_scoreboard/_34188_/ZN (NAND3_X2)
                                         issue_stage_i.i_scoreboard/_03083_ (net)
                  0.01    0.00    0.98 v issue_stage_i.i_scoreboard/_34189_/A (OAI21_X2)
     1    4.01    0.02    0.02    1.00 ^ issue_stage_i.i_scoreboard/_34189_/ZN (OAI21_X2)
                                         issue_stage_i.i_scoreboard/_03084_ (net)
                  0.02    0.00    1.00 ^ issue_stage_i.i_scoreboard/_34190_/B1 (OAI21_X2)
     1    2.54    0.01    0.02    1.02 v issue_stage_i.i_scoreboard/_34190_/ZN (OAI21_X2)
                                         issue_stage_i.i_scoreboard/_03085_ (net)
                  0.01    0.00    1.02 v issue_stage_i.i_scoreboard/_34191_/A (MUX2_X1)
     1    1.52    0.01    0.06    1.08 v issue_stage_i.i_scoreboard/_34191_/Z (MUX2_X1)
                                         issue_stage_i.i_scoreboard/_03086_ (net)
                  0.01    0.00    1.08 v issue_stage_i.i_scoreboard/_34192_/B (MUX2_X1)
     1    2.43    0.01    0.06    1.14 v issue_stage_i.i_scoreboard/_34192_/Z (MUX2_X1)
                                         issue_stage_i.i_scoreboard/_03087_ (net)
                  0.01    0.00    1.14 v issue_stage_i.i_scoreboard/_34193_/B (MUX2_X1)
     1    1.95    0.01    0.06    1.20 v issue_stage_i.i_scoreboard/_34193_/Z (MUX2_X1)
                                         issue_stage_i.i_scoreboard/_03088_ (net)
                  0.01    0.00    1.20 v issue_stage_i.i_scoreboard/_34194_/B (MUX2_X1)
     1    9.69    0.02    0.07    1.27 v issue_stage_i.i_scoreboard/_34194_/Z (MUX2_X1)
                                         commit_instr_id_commit[286] (net)
                  0.02    0.00    1.27 v place46924/A (BUF_X8)
     4   27.89    0.01    0.03    1.30 v place46924/Z (BUF_X8)
                                         net46923 (net)
                  0.01    0.01    1.31 v _05298_/A2 (NOR3_X4)
     1    6.71    0.03    0.05    1.36 ^ _05298_/ZN (NOR3_X4)
                                         _00555_ (net)
                  0.03    0.00    1.36 ^ _05304_/A1 (AOI22_X4)
     2   10.82    0.02    0.02    1.38 v _05304_/ZN (AOI22_X4)
                                         _00561_ (net)
                  0.02    0.00    1.38 v _05305_/A2 (NOR3_X4)
     2    8.90    0.03    0.05    1.43 ^ _05305_/ZN (NOR3_X4)
                                         amo_valid_commit (net)
                  0.03    0.00    1.44 ^ _05306_/A1 (NOR2_X4)
     2    7.23    0.01    0.01    1.45 v _05306_/ZN (NOR2_X4)
                                         commit_stage_i.debug_req_i (net)
                  0.01    0.00    1.45 v _05308_/B2 (AOI21_X4)
     2    7.57    0.02    0.03    1.48 ^ _05308_/ZN (AOI21_X4)
                                         _00563_ (net)
                  0.02    0.00    1.48 ^ _08631_/A2 (NAND2_X4)
     4   17.21    0.01    0.02    1.50 v _08631_/ZN (NAND2_X4)
                                         _03378_ (net)
                  0.01    0.00    1.50 v _08632_/A (INV_X4)
     4    9.63    0.01    0.02    1.52 ^ _08632_/ZN (INV_X4)
                                         _03379_ (net)
                  0.01    0.00    1.52 ^ _08642_/A2 (AND2_X4)
     3   12.01    0.01    0.03    1.55 ^ _08642_/ZN (AND2_X4)
                                         commit_stage_i.csr_op_o[2] (net)
                  0.01    0.00    1.55 ^ csr_regfile_i/place44838/A (BUF_X4)
     1    6.68    0.01    0.02    1.57 ^ csr_regfile_i/place44838/Z (BUF_X4)
                                         csr_regfile_i/net44837 (net)
                  0.01    0.00    1.57 ^ csr_regfile_i/_08222_/A1 (NOR4_X4)
     2    4.90    0.01    0.01    1.58 v csr_regfile_i/_08222_/ZN (NOR4_X4)
                                         csr_regfile_i/_01306_ (net)
                  0.01    0.00    1.58 v csr_regfile_i/_08228_/A1 (AND2_X4)
     3   10.60    0.01    0.03    1.61 v csr_regfile_i/_08228_/ZN (AND2_X4)
                                         csr_regfile_i/_01312_ (net)
                  0.01    0.00    1.61 v csr_regfile_i/_08458_/A (AOI21_X4)
     2    8.31    0.02    0.04    1.65 ^ csr_regfile_i/_08458_/ZN (AOI21_X4)
                                         csr_regfile_i/_01542_ (net)
                  0.02    0.00    1.65 ^ csr_regfile_i/_08465_/A1 (NOR3_X4)
     2   14.16    0.01    0.01    1.67 v csr_regfile_i/_08465_/ZN (NOR3_X4)
                                         csr_regfile_i/_01549_ (net)
                  0.01    0.00    1.67 v csr_regfile_i/_08864_/A1 (AND3_X4)
     2    6.78    0.01    0.03    1.70 v csr_regfile_i/_08864_/ZN (AND3_X4)
                                         csr_regfile_i/_01946_ (net)
                  0.01    0.00    1.70 v csr_regfile_i/_12669_/A (OAI21_X4)
     2   10.13    0.02    0.02    1.72 ^ csr_regfile_i/_12669_/ZN (OAI21_X4)
                                         csr_regfile_i/_05192_ (net)
                  0.02    0.00    1.72 ^ csr_regfile_i/_12710_/A1 (NAND2_X4)
     2   15.27    0.01    0.02    1.74 v csr_regfile_i/_12710_/ZN (NAND2_X4)
                                         csr_regfile_i/_05229_ (net)
                  0.01    0.00    1.74 v csr_regfile_i/place42902/A (BUF_X2)
     2    3.98    0.01    0.03    1.77 v csr_regfile_i/place42902/Z (BUF_X2)
                                         csr_regfile_i/net42901 (net)
                  0.01    0.00    1.77 v csr_regfile_i/_12711_/A1 (OR2_X4)
     2    6.30    0.01    0.04    1.81 v csr_regfile_i/_12711_/ZN (OR2_X4)
                                         csr_regfile_i/_05230_ (net)
                  0.01    0.00    1.81 v csr_regfile_i/_12877_/A (INV_X2)
     2    5.09    0.01    0.01    1.83 ^ csr_regfile_i/_12877_/ZN (INV_X2)
                                         commit_stage_i.csr_exception_i[128] (net)
                  0.01    0.00    1.83 ^ _06275_/A1 (NAND2_X2)
     1    3.24    0.01    0.01    1.84 v _06275_/ZN (NAND2_X2)
                                         _01384_ (net)
                  0.01    0.00    1.84 v _06276_/A1 (OR3_X4)
     2    6.18    0.01    0.06    1.89 v _06276_/ZN (OR3_X4)
                                         _01385_ (net)
                  0.01    0.00    1.90 v _08741_/A2 (AND2_X4)
     5   33.48    0.01    0.04    1.93 v _08741_/ZN (AND2_X4)
                                         _03414_ (net)
                  0.01    0.01    1.94 v rebuffer61359/A (BUF_X4)
     1    5.95    0.01    0.03    1.97 v rebuffer61359/Z (BUF_X4)
                                         net61358 (net)
                  0.01    0.00    1.97 v place41579/A (BUF_X8)
    15   46.59    0.01    0.03    2.00 v place41579/Z (BUF_X8)
                                         net41578 (net)
                  0.01    0.00    2.00 v _08938_/A2 (AOI22_X4)
     1    7.30    0.03    0.04    2.04 ^ _08938_/ZN (AOI22_X4)
                                         _03496_ (net)
                  0.03    0.00    2.04 ^ _08939_/A1 (NOR2_X4)
     2    7.31    0.02    0.01    2.05 v _08939_/ZN (NOR2_X4)
                                         commit_stage_i.exception_o[89] (net)
                  0.02    0.00    2.05 v csr_regfile_i/_13340_/A4 (NOR4_X4)
     1    7.56    0.04    0.09    2.13 ^ csr_regfile_i/_13340_/ZN (NOR4_X4)
                                         csr_regfile_i/_05682_ (net)
                  0.04    0.00    2.13 ^ csr_regfile_i/_13342_/A3 (NAND4_X4)
     1   14.31    0.03    0.04    2.18 v csr_regfile_i/_13342_/ZN (NAND4_X4)
                                         csr_regfile_i/_05684_ (net)
                  0.03    0.00    2.18 v csr_regfile_i/_13343_/A2 (NOR3_X4)
     1    7.15    0.03    0.05    2.24 ^ csr_regfile_i/_13343_/ZN (NOR3_X4)
                                         csr_regfile_i/_05685_ (net)
                  0.03    0.00    2.24 ^ csr_regfile_i/_13344_/A2 (NAND3_X4)
     2   15.50    0.02    0.03    2.27 v csr_regfile_i/_13344_/ZN (NAND3_X4)
                                         csr_regfile_i/_05686_ (net)
                  0.02    0.00    2.27 v csr_regfile_i/_15959_/B1 (OAI22_X4)
     2    5.32    0.03    0.04    2.31 ^ csr_regfile_i/_15959_/ZN (OAI22_X4)
                                         controller_i.set_debug_pc_i (net)
                  0.03    0.00    2.31 ^ _06280_/A2 (OR4_X4)
     2   36.69    0.02    0.04    2.35 ^ _06280_/ZN (OR4_X4)
                                         controller_i.flush_ex_o (net)
                  0.03    0.02    2.37 ^ ex_stage_i/_19523_/A (INV_X8)
     3   33.52    0.01    0.01    2.39 v ex_stage_i/_19523_/ZN (INV_X8)
                                         ex_stage_i/_14963_ (net)
                  0.02    0.01    2.40 v ex_stage_i/_30148_/A (OAI21_X4)
     2    7.50    0.02    0.03    2.42 ^ ex_stage_i/_30148_/ZN (OAI21_X4)
                                         ex_stage_i/_09527_ (net)
                  0.02    0.00    2.43 ^ ex_stage_i/_31133_/A1 (NAND2_X4)
     2    7.03    0.01    0.02    2.44 v ex_stage_i/_31133_/ZN (NAND2_X4)
                                         ex_stage_i/_10504_ (net)
                  0.01    0.00    2.44 v ex_stage_i/_31166_/A1 (NAND2_X4)
     4   31.61    0.02    0.03    2.47 ^ ex_stage_i/_31166_/ZN (NAND2_X4)
                                         ex_stage_i/_10536_ (net)
                  0.02    0.01    2.48 ^ ex_stage_i/_32320_/S (MUX2_X2)
     4   16.79    0.02    0.09    2.57 v ex_stage_i/_32320_/Z (MUX2_X2)
                                         flu_trans_id_ex_id[1] (net)
                  0.02    0.00    2.57 v issue_stage_i.i_scoreboard/place38243/A (BUF_X8)
     7   17.77    0.01    0.03    2.60 v issue_stage_i.i_scoreboard/place38243/Z (BUF_X8)
                                         issue_stage_i.i_scoreboard/net38242 (net)
                  0.01    0.00    2.61 v issue_stage_i.i_scoreboard/place38240/A (BUF_X4)
     5   13.27    0.01    0.03    2.63 v issue_stage_i.i_scoreboard/place38240/Z (BUF_X4)
                                         issue_stage_i.i_scoreboard/net38239 (net)
                  0.01    0.00    2.63 v issue_stage_i.i_scoreboard/_57142_/S (MUX2_X1)
     1    6.34    0.01    0.06    2.69 v issue_stage_i.i_scoreboard/_57142_/Z (MUX2_X1)
                                         issue_stage_i.i_scoreboard/_23188_ (net)
                  0.01    0.00    2.69 v issue_stage_i.i_scoreboard/_57143_/B2 (OAI22_X4)
     1    9.27    0.03    0.05    2.74 ^ issue_stage_i.i_scoreboard/_57143_/ZN (OAI22_X4)
                                         issue_stage_i.i_scoreboard/_23189_ (net)
                  0.03    0.00    2.74 ^ issue_stage_i.i_scoreboard/_57148_/A1 (NOR3_X4)
     2    6.84    0.01    0.01    2.75 v issue_stage_i.i_scoreboard/_57148_/ZN (NOR3_X4)
                                         issue_stage_i.i_scoreboard/_23194_ (net)
                  0.01    0.00    2.75 v issue_stage_i.i_scoreboard/place38016/A (BUF_X2)
     1    3.87    0.01    0.03    2.78 v issue_stage_i.i_scoreboard/place38016/Z (BUF_X2)
                                         issue_stage_i.i_scoreboard/net38015 (net)
                  0.01    0.00    2.78 v issue_stage_i.i_scoreboard/_57149_/A (XNOR2_X2)
     1    6.46    0.03    0.03    2.81 ^ issue_stage_i.i_scoreboard/_57149_/ZN (XNOR2_X2)
                                         issue_stage_i.i_scoreboard/_23195_ (net)
                  0.03    0.00    2.81 ^ issue_stage_i.i_scoreboard/_57162_/A (OAI21_X4)
     1    5.81    0.01    0.02    2.83 v issue_stage_i.i_scoreboard/_57162_/ZN (OAI21_X4)
                                         issue_stage_i.i_scoreboard/_23208_ (net)
                  0.01    0.00    2.83 v issue_stage_i.i_scoreboard/_57223_/A3 (NOR4_X4)
     2    6.13    0.04    0.08    2.91 ^ issue_stage_i.i_scoreboard/_57223_/ZN (NOR4_X4)
                                         issue_stage_i.i_scoreboard/_23269_ (net)
                  0.04    0.00    2.91 ^ issue_stage_i.i_scoreboard/place37797/A (BUF_X4)
     2   11.47    0.01    0.03    2.94 ^ issue_stage_i.i_scoreboard/place37797/Z (BUF_X4)
                                         issue_stage_i.i_scoreboard/net37796 (net)
                  0.01    0.00    2.94 ^ issue_stage_i.i_scoreboard/_57504_/A2 (NAND3_X4)
     2    7.02    0.02    0.02    2.96 v issue_stage_i.i_scoreboard/_57504_/ZN (NAND3_X4)
                                         issue_stage_i.i_scoreboard/_23549_ (net)
                  0.02    0.00    2.96 v issue_stage_i.i_scoreboard/_57702_/B1 (AOI21_X4)
     1    6.67    0.02    0.03    3.00 ^ issue_stage_i.i_scoreboard/_57702_/ZN (AOI21_X4)
                                         issue_stage_i.i_scoreboard/_23740_ (net)
                  0.02    0.00    3.00 ^ issue_stage_i.i_scoreboard/_57703_/B1 (OAI21_X4)
     2    8.12    0.01    0.02    3.01 v issue_stage_i.i_scoreboard/_57703_/ZN (OAI21_X4)
                                         issue_stage_i.i_scoreboard/_23741_ (net)
                  0.01    0.00    3.01 v issue_stage_i.i_scoreboard/_58644_/B2 (AOI22_X4)
     3    8.01    0.03    0.05    3.06 ^ issue_stage_i.i_scoreboard/_58644_/ZN (AOI22_X4)
                                         issue_stage_i.rs1_valid_sb_iro (net)
                  0.03    0.00    3.06 ^ issue_stage_i.i_issue_read_operands/_19836_/A1 (NOR2_X2)
     1    3.33    0.02    0.01    3.07 v issue_stage_i.i_issue_read_operands/_19836_/ZN (NOR2_X2)
                                         issue_stage_i.i_issue_read_operands/_02429_ (net)
                  0.02    0.00    3.07 v issue_stage_i.i_issue_read_operands/_20453_/B2 (OAI221_X2)
     1    6.81    0.04    0.06    3.14 ^ issue_stage_i.i_issue_read_operands/_20453_/ZN (OAI221_X2)
                                         issue_stage_i.i_issue_read_operands/_03046_ (net)
                  0.04    0.00    3.14 ^ issue_stage_i.i_issue_read_operands/_20625_/B (OAI211_X4)
     2    7.35    0.02    0.03    3.17 v issue_stage_i.i_issue_read_operands/_20625_/ZN (OAI211_X4)
                                         issue_stage_i.i_issue_read_operands/_03218_ (net)
                  0.02    0.00    3.17 v issue_stage_i.i_issue_read_operands/_21366_/A1 (NOR2_X4)
     1    7.03    0.02    0.03    3.20 ^ issue_stage_i.i_issue_read_operands/_21366_/ZN (NOR2_X4)
                                         issue_stage_i.issue_ack_iro_sb (net)
                  0.02    0.00    3.20 ^ issue_stage_i.i_scoreboard/place37523/A (BUF_X8)
     6   35.07    0.01    0.03    3.23 ^ issue_stage_i.i_scoreboard/place37523/Z (BUF_X8)
                                         issue_stage_i.i_scoreboard/net37522 (net)
                  0.02    0.01    3.24 ^ issue_stage_i.i_scoreboard/rebuffer61488/A (BUF_X1)
     1    3.34    0.01    0.03    3.27 ^ issue_stage_i.i_scoreboard/rebuffer61488/Z (BUF_X1)
                                         issue_stage_i.i_scoreboard/net61487 (net)
                  0.01    0.00    3.27 ^ issue_stage_i.i_scoreboard/_31228_/A2 (AND4_X4)
     4   12.20    0.01    0.06    3.32 ^ issue_stage_i.i_scoreboard/_31228_/ZN (AND4_X4)
                                         issue_stage_i.i_scoreboard/_26682_ (net)
                  0.01    0.00    3.32 ^ issue_stage_i.i_scoreboard/place37451/A (BUF_X4)
    10   25.29    0.02    0.03    3.35 ^ issue_stage_i.i_scoreboard/place37451/Z (BUF_X4)
                                         issue_stage_i.i_scoreboard/net37450 (net)
                  0.02    0.00    3.36 ^ issue_stage_i.i_scoreboard/_39818_/B2 (AOI21_X1)
     2    2.89    0.02    0.02    3.37 v issue_stage_i.i_scoreboard/_39818_/ZN (AOI21_X1)
                                         issue_stage_i.i_scoreboard/_08188_ (net)
                  0.02    0.00    3.37 v issue_stage_i.i_scoreboard/_43172_/A (MUX2_X1)
     1    1.29    0.01    0.06    3.44 v issue_stage_i.i_scoreboard/_43172_/Z (MUX2_X1)
                                         issue_stage_i.i_scoreboard/_11233_ (net)
                  0.01    0.00    3.44 v issue_stage_i.i_scoreboard/_43174_/A (MUX2_X1)
     2   14.33    0.02    0.08    3.52 v issue_stage_i.i_scoreboard/_43174_/Z (MUX2_X1)
                                         issue_stage_i.i_scoreboard/_11235_ (net)
                  0.02    0.00    3.52 v issue_stage_i.i_scoreboard/_44966_/B (MUX2_X2)
     8   26.85    0.02    0.08    3.60 v issue_stage_i.i_scoreboard/_44966_/Z (MUX2_X2)
                                         issue_stage_i.i_scoreboard/_12728_ (net)
                  0.02    0.00    3.61 v issue_stage_i.i_scoreboard/_45171_/A2 (NOR4_X4)
     1    7.13    0.04    0.07    3.68 ^ issue_stage_i.i_scoreboard/_45171_/ZN (NOR4_X4)
                                         issue_stage_i.i_scoreboard/_12862_ (net)
                  0.04    0.00    3.68 ^ issue_stage_i.i_scoreboard/place36804/A (BUF_X8)
     2   13.49    0.01    0.03    3.70 ^ issue_stage_i.i_scoreboard/place36804/Z (BUF_X8)
                                         issue_stage_i.i_scoreboard/net36803 (net)
                  0.01    0.00    3.71 ^ issue_stage_i.i_scoreboard/place36803/A (BUF_X8)
     5   74.67    0.01    0.02    3.73 ^ issue_stage_i.i_scoreboard/place36803/Z (BUF_X8)
                                         issue_stage_i.i_scoreboard/net36802 (net)
                  0.07    0.05    3.78 ^ issue_stage_i.i_scoreboard/place36798/A (BUF_X8)
    28   80.77    0.02    0.05    3.83 ^ issue_stage_i.i_scoreboard/place36798/Z (BUF_X8)
                                         issue_stage_i.i_scoreboard/net36797 (net)
                  0.03    0.01    3.84 ^ issue_stage_i.i_scoreboard/_45337_/S (MUX2_X1)
     1    1.76    0.01    0.06    3.90 v issue_stage_i.i_scoreboard/_45337_/Z (MUX2_X1)
                                         issue_stage_i.i_scoreboard/_13004_ (net)
                  0.01    0.00    3.90 v issue_stage_i.i_scoreboard/_45338_/A2 (NOR2_X1)
     1    1.93    0.02    0.03    3.93 ^ issue_stage_i.i_scoreboard/_45338_/ZN (NOR2_X1)
                                         issue_stage_i.i_scoreboard/_13005_ (net)
                  0.02    0.00    3.93 ^ issue_stage_i.i_scoreboard/_45341_/B1 (OAI22_X1)
     1    1.52    0.02    0.02    3.95 v issue_stage_i.i_scoreboard/_45341_/ZN (OAI22_X1)
                                         issue_stage_i.i_scoreboard/mem_n[1905] (net)
                  0.02    0.00    3.95 v issue_stage_i.i_scoreboard/mem_q[1905]$_DFF_PN0_/D (DFFR_X1)
                                  3.95   data arrival time

                          2.22    2.22   clock core_clock (rise edge)
                          0.00    2.22   clock source latency
     1   64.59    0.00    0.00    2.22 ^ clk_i (in)
                                         clk_i (net)
                  0.02    0.02    2.24 ^ wire61309/A (BUF_X16)
     2   50.03    0.01    0.03    2.27 ^ wire61309/Z (BUF_X16)
                                         net61308 (net)
                  0.02    0.01    2.28 ^ clkbuf_regs_0_core_clock/A (CLKBUF_X3)
     1    1.67    0.01    0.03    2.31 ^ clkbuf_regs_0_core_clock/Z (CLKBUF_X3)
                                         clk_i_regs (net)
                  0.01    0.00    2.31 ^ clkbuf_0_clk_i_regs/A (CLKBUF_X3)
     2   42.75    0.03    0.06    2.37 ^ clkbuf_0_clk_i_regs/Z (CLKBUF_X3)
                                         clknet_0_clk_i_regs (net)
                  0.03    0.00    2.37 ^ clkbuf_1_0_0_clk_i_regs/A (CLKBUF_X3)
     2   24.25    0.02    0.06    2.43 ^ clkbuf_1_0_0_clk_i_regs/Z (CLKBUF_X3)
                                         clknet_1_0_0_clk_i_regs (net)
                  0.02    0.00    2.43 ^ clkbuf_2_0_0_clk_i_regs/A (CLKBUF_X3)
     1   27.49    0.02    0.05    2.49 ^ clkbuf_2_0_0_clk_i_regs/Z (CLKBUF_X3)
                                         clknet_2_0_0_clk_i_regs (net)
                  0.02    0.01    2.49 ^ clkbuf_2_0_1_clk_i_regs/A (CLKBUF_X3)
     2   36.95    0.03    0.06    2.55 ^ clkbuf_2_0_1_clk_i_regs/Z (CLKBUF_X3)
                                         clknet_2_0_1_clk_i_regs (net)
                  0.03    0.00    2.56 ^ clkbuf_3_1_0_clk_i_regs/A (CLKBUF_X3)
     2   30.54    0.03    0.06    2.62 ^ clkbuf_3_1_0_clk_i_regs/Z (CLKBUF_X3)
                                         clknet_3_1_0_clk_i_regs (net)
                  0.03    0.00    2.62 ^ clkbuf_4_3_0_clk_i_regs/A (CLKBUF_X3)
     4   47.65    0.04    0.07    2.69 ^ clkbuf_4_3_0_clk_i_regs/Z (CLKBUF_X3)
                                         clknet_4_3_0_clk_i_regs (net)
                  0.04    0.00    2.70 ^ clkbuf_6_14_0_clk_i_regs/A (CLKBUF_X3)
     8   36.22    0.03    0.07    2.76 ^ clkbuf_6_14_0_clk_i_regs/Z (CLKBUF_X3)
                                         clknet_6_14_0_clk_i_regs (net)
                  0.03    0.00    2.76 ^ clkbuf_9_119__f_clk_i_regs/A (CLKBUF_X3)
     7   18.08    0.02    0.05    2.81 ^ clkbuf_9_119__f_clk_i_regs/Z (CLKBUF_X3)
                                         clknet_9_119__leaf_clk_i_regs (net)
                  0.02    0.00    2.81 ^ clkbuf_leaf_3251_clk_i_regs/A (CLKBUF_X3)
     6    9.24    0.01    0.04    2.85 ^ clkbuf_leaf_3251_clk_i_regs/Z (CLKBUF_X3)
                                         clknet_leaf_3251_clk_i_regs (net)
                  0.01    0.00    2.85 ^ issue_stage_i.i_scoreboard/mem_q[1905]$_DFF_PN0_/CK (DFFR_X1)
                          0.00    2.85   clock reconvergence pessimism
                         -0.04    2.81   library setup time
                                  2.81   data required time
-----------------------------------------------------------------------------
                                  2.81   data required time
                                 -3.95   data arrival time
-----------------------------------------------------------------------------
                                 -1.14   slack (VIOLATED)



==========================================================================
cts final report_check_types -max_slew -max_cap -max_fanout -violators
--------------------------------------------------------------------------
max capacitance

Pin                                    Limit     Cap   Slack
------------------------------------------------------------
i_cache_subsystem.i_nbdcache/i_miss_handler/_16947_/ZN   53.41   54.48   -1.07 (VIOLATED)
issue_stage_i.i_issue_read_operands/_21131_/ZN   31.74   31.89   -0.15 (VIOLATED)


==========================================================================
cts final max_slew_check_slack
--------------------------------------------------------------------------
0.06868397444486618

==========================================================================
cts final max_slew_check_limit
--------------------------------------------------------------------------
0.1985349953174591

==========================================================================
cts final max_slew_check_slack_limit
--------------------------------------------------------------------------
0.3460

==========================================================================
cts final max_fanout_check_slack
--------------------------------------------------------------------------
1.0000000150474662e+30

==========================================================================
cts final max_fanout_check_limit
--------------------------------------------------------------------------
1.0000000150474662e+30

==========================================================================
cts final max_capacitance_check_slack
--------------------------------------------------------------------------
-1.0733940601348877

==========================================================================
cts final max_capacitance_check_limit
--------------------------------------------------------------------------
53.405799865722656

==========================================================================
cts final max_capacitance_check_slack_limit
--------------------------------------------------------------------------
-0.0201

==========================================================================
cts final max_slew_violation_count
--------------------------------------------------------------------------
max slew violation count 0

==========================================================================
cts final max_fanout_violation_count
--------------------------------------------------------------------------
max fanout violation count 0

==========================================================================
cts final max_cap_violation_count
--------------------------------------------------------------------------
max cap violation count 2

==========================================================================
cts final setup_violation_count
--------------------------------------------------------------------------
setup violation count 5373

==========================================================================
cts final hold_violation_count
--------------------------------------------------------------------------
hold violation count 0

==========================================================================
cts final report_checks -path_delay max reg to reg
--------------------------------------------------------------------------
Startpoint: issue_stage_i.i_scoreboard/commit_pointer_q[1]$_DFF_PN0_
            (rising edge-triggered flip-flop clocked by core_clock)
Endpoint: issue_stage_i.i_scoreboard/mem_q[1905]$_DFF_PN0_
          (rising edge-triggered flip-flop clocked by core_clock)
Path Group: core_clock
Path Type: max

  Delay    Time   Description
---------------------------------------------------------
   0.00    0.00   clock core_clock (rise edge)
   0.00    0.00   clock source latency
   0.00    0.00 ^ clk_i (in)
   0.05    0.05 ^ wire61309/Z (BUF_X16)
   0.04    0.09 ^ clkbuf_regs_0_core_clock/Z (CLKBUF_X3)
   0.06    0.15 ^ clkbuf_0_clk_i_regs/Z (CLKBUF_X3)
   0.06    0.21 ^ clkbuf_1_1_0_clk_i_regs/Z (CLKBUF_X3)
   0.06    0.27 ^ clkbuf_2_3_0_clk_i_regs/Z (CLKBUF_X3)
   0.06    0.33 ^ clkbuf_2_3_1_clk_i_regs/Z (CLKBUF_X3)
   0.06    0.39 ^ clkbuf_3_6_0_clk_i_regs/Z (CLKBUF_X3)
   0.08    0.47 ^ clkbuf_4_13_0_clk_i_regs/Z (CLKBUF_X3)
   0.08    0.55 ^ clkbuf_6_54_0_clk_i_regs/Z (CLKBUF_X3)
   0.07    0.62 ^ clkbuf_9_436__f_clk_i_regs/Z (CLKBUF_X3)
   0.04    0.67 ^ clkbuf_leaf_1954_clk_i_regs/Z (CLKBUF_X3)
   0.00    0.67 ^ issue_stage_i.i_scoreboard/commit_pointer_q[1]$_DFF_PN0_/CK (DFFR_X1)
   0.11    0.78 ^ issue_stage_i.i_scoreboard/commit_pointer_q[1]$_DFF_PN0_/Q (DFFR_X1)
   0.02    0.80 ^ issue_stage_i.i_scoreboard/rebuffer61360/Z (BUF_X2)
   0.05    0.85 ^ issue_stage_i.i_scoreboard/_60374_/CO (HA_X1)
   0.03    0.88 v issue_stage_i.i_scoreboard/_31359_/ZN (NAND2_X4)
   0.03    0.91 v issue_stage_i.i_scoreboard/rebuffer61332/Z (BUF_X16)
   0.04    0.96 ^ issue_stage_i.i_scoreboard/_34187_/ZN (NAND3_X4)
   0.02    0.98 v issue_stage_i.i_scoreboard/_34188_/ZN (NAND3_X2)
   0.02    1.00 ^ issue_stage_i.i_scoreboard/_34189_/ZN (OAI21_X2)
   0.02    1.02 v issue_stage_i.i_scoreboard/_34190_/ZN (OAI21_X2)
   0.06    1.08 v issue_stage_i.i_scoreboard/_34191_/Z (MUX2_X1)
   0.06    1.14 v issue_stage_i.i_scoreboard/_34192_/Z (MUX2_X1)
   0.06    1.20 v issue_stage_i.i_scoreboard/_34193_/Z (MUX2_X1)
   0.07    1.27 v issue_stage_i.i_scoreboard/_34194_/Z (MUX2_X1)
   0.03    1.30 v place46924/Z (BUF_X8)
   0.06    1.36 ^ _05298_/ZN (NOR3_X4)
   0.02    1.38 v _05304_/ZN (AOI22_X4)
   0.06    1.43 ^ _05305_/ZN (NOR3_X4)
   0.01    1.45 v _05306_/ZN (NOR2_X4)
   0.03    1.48 ^ _05308_/ZN (AOI21_X4)
   0.02    1.50 v _08631_/ZN (NAND2_X4)
   0.02    1.52 ^ _08632_/ZN (INV_X4)
   0.03    1.55 ^ _08642_/ZN (AND2_X4)
   0.02    1.57 ^ csr_regfile_i/place44838/Z (BUF_X4)
   0.01    1.58 v csr_regfile_i/_08222_/ZN (NOR4_X4)
   0.03    1.61 v csr_regfile_i/_08228_/ZN (AND2_X4)
   0.04    1.65 ^ csr_regfile_i/_08458_/ZN (AOI21_X4)
   0.01    1.67 v csr_regfile_i/_08465_/ZN (NOR3_X4)
   0.03    1.70 v csr_regfile_i/_08864_/ZN (AND3_X4)
   0.02    1.72 ^ csr_regfile_i/_12669_/ZN (OAI21_X4)
   0.02    1.74 v csr_regfile_i/_12710_/ZN (NAND2_X4)
   0.03    1.77 v csr_regfile_i/place42902/Z (BUF_X2)
   0.04    1.81 v csr_regfile_i/_12711_/ZN (OR2_X4)
   0.02    1.83 ^ csr_regfile_i/_12877_/ZN (INV_X2)
   0.01    1.84 v _06275_/ZN (NAND2_X2)
   0.06    1.89 v _06276_/ZN (OR3_X4)
   0.04    1.93 v _08741_/ZN (AND2_X4)
   0.03    1.97 v rebuffer61359/Z (BUF_X4)
   0.03    2.00 v place41579/Z (BUF_X8)
   0.04    2.04 ^ _08938_/ZN (AOI22_X4)
   0.01    2.05 v _08939_/ZN (NOR2_X4)
   0.09    2.13 ^ csr_regfile_i/_13340_/ZN (NOR4_X4)
   0.04    2.18 v csr_regfile_i/_13342_/ZN (NAND4_X4)
   0.06    2.24 ^ csr_regfile_i/_13343_/ZN (NOR3_X4)
   0.03    2.27 v csr_regfile_i/_13344_/ZN (NAND3_X4)
   0.05    2.31 ^ csr_regfile_i/_15959_/ZN (OAI22_X4)
   0.04    2.35 ^ _06280_/ZN (OR4_X4)
   0.03    2.39 v ex_stage_i/_19523_/ZN (INV_X8)
   0.04    2.42 ^ ex_stage_i/_30148_/ZN (OAI21_X4)
   0.02    2.44 v ex_stage_i/_31133_/ZN (NAND2_X4)
   0.03    2.47 ^ ex_stage_i/_31166_/ZN (NAND2_X4)
   0.10    2.57 v ex_stage_i/_32320_/Z (MUX2_X2)
   0.03    2.60 v issue_stage_i.i_scoreboard/place38243/Z (BUF_X8)
   0.03    2.63 v issue_stage_i.i_scoreboard/place38240/Z (BUF_X4)
   0.06    2.69 v issue_stage_i.i_scoreboard/_57142_/Z (MUX2_X1)
   0.05    2.74 ^ issue_stage_i.i_scoreboard/_57143_/ZN (OAI22_X4)
   0.01    2.75 v issue_stage_i.i_scoreboard/_57148_/ZN (NOR3_X4)
   0.03    2.78 v issue_stage_i.i_scoreboard/place38016/Z (BUF_X2)
   0.03    2.81 ^ issue_stage_i.i_scoreboard/_57149_/ZN (XNOR2_X2)
   0.02    2.83 v issue_stage_i.i_scoreboard/_57162_/ZN (OAI21_X4)
   0.08    2.91 ^ issue_stage_i.i_scoreboard/_57223_/ZN (NOR4_X4)
   0.03    2.94 ^ issue_stage_i.i_scoreboard/place37797/Z (BUF_X4)
   0.02    2.96 v issue_stage_i.i_scoreboard/_57504_/ZN (NAND3_X4)
   0.03    3.00 ^ issue_stage_i.i_scoreboard/_57702_/ZN (AOI21_X4)
   0.02    3.01 v issue_stage_i.i_scoreboard/_57703_/ZN (OAI21_X4)
   0.05    3.06 ^ issue_stage_i.i_scoreboard/_58644_/ZN (AOI22_X4)
   0.01    3.07 v issue_stage_i.i_issue_read_operands/_19836_/ZN (NOR2_X2)
   0.06    3.14 ^ issue_stage_i.i_issue_read_operands/_20453_/ZN (OAI221_X2)
   0.03    3.17 v issue_stage_i.i_issue_read_operands/_20625_/ZN (OAI211_X4)
   0.03    3.20 ^ issue_stage_i.i_issue_read_operands/_21366_/ZN (NOR2_X4)
   0.03    3.23 ^ issue_stage_i.i_scoreboard/place37523/Z (BUF_X8)
   0.04    3.27 ^ issue_stage_i.i_scoreboard/rebuffer61488/Z (BUF_X1)
   0.06    3.32 ^ issue_stage_i.i_scoreboard/_31228_/ZN (AND4_X4)
   0.03    3.35 ^ issue_stage_i.i_scoreboard/place37451/Z (BUF_X4)
   0.02    3.37 v issue_stage_i.i_scoreboard/_39818_/ZN (AOI21_X1)
   0.06    3.44 v issue_stage_i.i_scoreboard/_43172_/Z (MUX2_X1)
   0.08    3.52 v issue_stage_i.i_scoreboard/_43174_/Z (MUX2_X1)
   0.09    3.60 v issue_stage_i.i_scoreboard/_44966_/Z (MUX2_X2)
   0.07    3.68 ^ issue_stage_i.i_scoreboard/_45171_/ZN (NOR4_X4)
   0.03    3.70 ^ issue_stage_i.i_scoreboard/place36804/Z (BUF_X8)
   0.03    3.73 ^ issue_stage_i.i_scoreboard/place36803/Z (BUF_X8)
   0.10    3.83 ^ issue_stage_i.i_scoreboard/place36798/Z (BUF_X8)
   0.07    3.90 v issue_stage_i.i_scoreboard/_45337_/Z (MUX2_X1)
   0.03    3.93 ^ issue_stage_i.i_scoreboard/_45338_/ZN (NOR2_X1)
   0.02    3.95 v issue_stage_i.i_scoreboard/_45341_/ZN (OAI22_X1)
   0.00    3.95 v issue_stage_i.i_scoreboard/mem_q[1905]$_DFF_PN0_/D (DFFR_X1)
           3.95   data arrival time

   2.22    2.22   clock core_clock (rise edge)
   0.00    2.22   clock source latency
   0.00    2.22 ^ clk_i (in)
   0.05    2.27 ^ wire61309/Z (BUF_X16)
   0.04    2.31 ^ clkbuf_regs_0_core_clock/Z (CLKBUF_X3)
   0.06    2.37 ^ clkbuf_0_clk_i_regs/Z (CLKBUF_X3)
   0.06    2.43 ^ clkbuf_1_0_0_clk_i_regs/Z (CLKBUF_X3)
   0.06    2.49 ^ clkbuf_2_0_0_clk_i_regs/Z (CLKBUF_X3)
   0.07    2.55 ^ clkbuf_2_0_1_clk_i_regs/Z (CLKBUF_X3)
   0.06    2.62 ^ clkbuf_3_1_0_clk_i_regs/Z (CLKBUF_X3)
   0.07    2.69 ^ clkbuf_4_3_0_clk_i_regs/Z (CLKBUF_X3)
   0.07    2.76 ^ clkbuf_6_14_0_clk_i_regs/Z (CLKBUF_X3)
   0.05    2.81 ^ clkbuf_9_119__f_clk_i_regs/Z (CLKBUF_X3)
   0.04    2.85 ^ clkbuf_leaf_3251_clk_i_regs/Z (CLKBUF_X3)
   0.00    2.85 ^ issue_stage_i.i_scoreboard/mem_q[1905]$_DFF_PN0_/CK (DFFR_X1)
   0.00    2.85   clock reconvergence pessimism
  -0.04    2.81   library setup time
           2.81   data required time
---------------------------------------------------------
           2.81   data required time
          -3.95   data arrival time
---------------------------------------------------------
          -1.14   slack (VIOLATED)



==========================================================================
cts final report_checks -path_delay min reg to reg
--------------------------------------------------------------------------
Startpoint: i_cache_subsystem.i_icache.tag_q[10]$_DFFE_PN0P_
            (rising edge-triggered flip-flop clocked by core_clock)
Endpoint: i_cache_subsystem.i_icache.sram_block_3__tag_sram.genblk1_0__i_ram/macro_mem_0
          (rising edge-triggered flip-flop clocked by core_clock)
Path Group: core_clock
Path Type: min

  Delay    Time   Description
---------------------------------------------------------
   0.00    0.00   clock core_clock (rise edge)
   0.00    0.00   clock source latency
   0.00    0.00 ^ clk_i (in)
   0.05    0.05 ^ wire61309/Z (BUF_X16)
   0.04    0.09 ^ clkbuf_regs_0_core_clock/Z (CLKBUF_X3)
   0.06    0.15 ^ clkbuf_0_clk_i_regs/Z (CLKBUF_X3)
   0.06    0.21 ^ clkbuf_1_0_0_clk_i_regs/Z (CLKBUF_X3)
   0.06    0.27 ^ clkbuf_2_0_0_clk_i_regs/Z (CLKBUF_X3)
   0.07    0.33 ^ clkbuf_2_0_1_clk_i_regs/Z (CLKBUF_X3)
   0.07    0.40 ^ clkbuf_3_0_0_clk_i_regs/Z (CLKBUF_X3)
   0.07    0.47 ^ clkbuf_4_0_0_clk_i_regs/Z (CLKBUF_X3)
   0.06    0.53 ^ clkbuf_6_1_0_clk_i_regs/Z (CLKBUF_X3)
   0.05    0.58 ^ clkbuf_9_8__f_clk_i_regs/Z (CLKBUF_X3)
   0.04    0.62 ^ clkbuf_leaf_3589_clk_i_regs/Z (CLKBUF_X3)
   0.00    0.62 ^ i_cache_subsystem.i_icache.tag_q[10]$_DFFE_PN0P_/CK (DFFR_X1)
   0.11    0.73 v i_cache_subsystem.i_icache.tag_q[10]$_DFFE_PN0P_/Q (DFFR_X1)
   0.05    0.78 v _09864_/ZN (AND2_X2)
   0.00    0.78 v i_cache_subsystem.i_icache.sram_block_3__tag_sram.genblk1_0__i_ram/macro_mem_0/wd_in[10] (fakeram45_256x16)
           0.78   data arrival time

   0.00    0.00   clock core_clock (rise edge)
   0.00    0.00   clock source latency
   0.00    0.00 ^ clk_i (in)
   0.05    0.05 ^ wire61309/Z (BUF_X16)
   0.05    0.09 ^ delaybuf_0_core_clock/Z (CLKBUF_X3)
   0.04    0.13 ^ delaybuf_1_core_clock/Z (CLKBUF_X3)
   0.04    0.18 ^ delaybuf_2_core_clock/Z (CLKBUF_X3)
   0.07    0.24 ^ clkbuf_0_clk_i/Z (CLKBUF_X3)
   0.07    0.31 ^ clkbuf_1_0_0_clk_i/Z (CLKBUF_X3)
   0.06    0.37 ^ clkbuf_2_0_0_clk_i/Z (CLKBUF_X3)
   0.11    0.48 ^ clkbuf_2_0_1_clk_i/Z (CLKBUF_X3)
   0.04    0.52 ^ wire61312/Z (BUF_X8)
   0.14    0.67 ^ clkbuf_leaf_0_clk_i/Z (CLKBUF_X3)
   0.00    0.67 ^ i_cache_subsystem.i_icache.sram_block_3__tag_sram.genblk1_0__i_ram/macro_mem_0/clk (fakeram45_256x16)
   0.00    0.67   clock reconvergence pessimism
   0.05    0.72   library hold time
           0.72   data required time
---------------------------------------------------------
           0.72   data required time
          -0.78   data arrival time
---------------------------------------------------------
           0.06   slack (MET)



==========================================================================
cts final critical path target clock latency max path
--------------------------------------------------------------------------
0.6177

==========================================================================
cts final critical path target clock latency min path
--------------------------------------------------------------------------
0.6645

==========================================================================
cts final critical path source clock latency min path
--------------------------------------------------------------------------
0.0000

==========================================================================
cts final critical path delay
--------------------------------------------------------------------------
3.9477

==========================================================================
cts final critical path slack
--------------------------------------------------------------------------
-1.1355

==========================================================================
cts final slack div critical path delay
--------------------------------------------------------------------------
-28.763584

==========================================================================
cts final report_power
--------------------------------------------------------------------------
Group                  Internal  Switching    Leakage      Total
                          Power      Power      Power      Power (Watts)
----------------------------------------------------------------
Sequential             6.60e-02   1.03e-03   1.65e-03   6.86e-02  20.1%
Combinational          7.34e-03   1.53e-02   4.69e-03   2.73e-02   8.0%
Clock                  2.65e-02   3.12e-02   1.90e-04   5.79e-02  17.0%
Macro                  1.64e-01   0.00e+00   2.24e-02   1.87e-01  54.9%
Pad                    0.00e+00   0.00e+00   0.00e+00   0.00e+00   0.0%
----------------------------------------------------------------
Total                  2.64e-01   4.75e-02   2.90e-02   3.41e-01 100.0%
                          77.6%      13.9%       8.5%
