violation type: Short
	srcs: net:i_cache_subsystem.i_nbdcache/i_tag_cmp.rdata_i\[658\] net:i_cache_subsystem.i_nbdcache/i_tag_cmp.rdata_i\[752\]
	bbox = (832.4650, 1197.5600) - (832.6050, 1197.7000) on Layer metal5
violation type: Short
	srcs: net:i_cache_subsystem.i_nbdcache/i_tag_cmp.rdata_i\[494\] net:i_cache_subsystem.i_nbdcache/i_tag_cmp.rdata_i\[495\]
	bbox = (553.0250, 1258.3200) - (553.1650, 1258.4600) on Layer metal5
violation type: Short
	srcs: net:i_cache_subsystem.i_nbdcache/i_tag_cmp.rdata_i\[494\] net:i_cache_subsystem.i_nbdcache/i_tag_cmp.rdata_i\[495\]
	bbox = (551.6250, 1258.3200) - (551.7650, 1258.4600) on Layer metal5
violation type: Short
	srcs: net:i_cache_subsystem.i_nbdcache/i_tag_cmp.rdata_i\[495\] net:i_cache_subsystem.i_nbdcache/i_tag_cmp.rdata_i\[499\]
	bbox = (553.0250, 1258.8800) - (553.1650, 1259.0200) on Layer metal5
violation type: Short
	srcs: net:i_cache_subsystem.i_nbdcache/i_tag_cmp.rdata_i\[495\] net:i_cache_subsystem.i_nbdcache/i_tag_cmp.rdata_i\[800\]
	bbox = (553.0250, 1258.6000) - (553.1650, 1258.7400) on Layer metal5
violation type: Short
	srcs: net:i_cache_subsystem.i_nbdcache/i_tag_cmp.rdata_i\[498\] net:i_cache_subsystem.i_nbdcache/i_tag_cmp.rdata_i\[501\]
	bbox = (549.6650, 1254.1200) - (549.8050, 1254.2600) on Layer metal5
violation type: Short
	srcs: net:i_cache_subsystem.i_nbdcache/i_tag_cmp.rdata_i\[498\] net:i_cache_subsystem.i_nbdcache/i_tag_cmp.rdata_i\[922\]
	bbox = (549.6650, 1254.4000) - (549.8050, 1254.5400) on Layer metal5
violation type: Short
	srcs: net:i_cache_subsystem.i_nbdcache/i_tag_cmp.rdata_i\[504\] net:i_cache_subsystem.i_nbdcache/net33829
	bbox = (544.9050, 1248.5200) - (545.0450, 1248.6600) on Layer metal5
violation type: Short
	srcs: net:i_cache_subsystem.i_nbdcache/i_tag_cmp.rdata_i\[933\] net:i_cache_subsystem.i_nbdcache/net33829
	bbox = (544.9050, 1248.2400) - (545.0450, 1248.3800) on Layer metal5
violation type: Short
	srcs: net:i_cache_subsystem.i_nbdcache/net33838 net:i_cache_subsystem.i_nbdcache/net33857
	bbox = (544.9050, 1247.6800) - (545.0450, 1247.8200) on Layer metal5
violation type: Short
	srcs: net:i_cache_subsystem.i_nbdcache/net33838 net:i_cache_subsystem.i_nbdcache/net33829
	bbox = (544.9050, 1247.9600) - (545.0450, 1248.1000) on Layer metal5
violation type: Short
	srcs: net:i_cache_subsystem.i_nbdcache/i_tag_cmp.rdata_i\[1375\] net:i_cache_subsystem.i_nbdcache/i_tag_cmp.rdata_i\[1377\]
	bbox = (546.3050, 1253.6000) - (546.4450, 1253.7400) on Layer metal6
violation type: Short
	srcs: net:i_cache_subsystem.i_nbdcache/i_tag_cmp.rdata_i\[1377\] net:i_cache_subsystem.i_nbdcache/net34167
	bbox = (546.5850, 1253.6000) - (546.7250, 1253.7400) on Layer metal6
violation type: Short
	srcs: net:i_cache_subsystem.i_nbdcache/i_tag_cmp.rdata_i\[845\] net:i_cache_subsystem.i_nbdcache/net33832
	bbox = (556.3850, 1252.8000) - (556.5250, 1253.7400) on Layer metal6
violation type: Short
	srcs: net:i_cache_subsystem.i_nbdcache/i_tag_cmp.rdata_i\[845\] net:i_cache_subsystem.i_nbdcache/net33832
	bbox = (556.3850, 1252.8000) - (556.5250, 1252.9400) on Layer metal6
violation type: Short
	srcs: net:i_cache_subsystem.i_nbdcache/i_tag_cmp.rdata_i\[845\] net:i_cache_subsystem.i_nbdcache/sram_block_3__tag_sram.genblk1_0__i_ram/net33315
	bbox = (556.6650, 1253.6000) - (556.8050, 1253.7400) on Layer metal6
violation type: Short
	srcs: net:i_cache_subsystem.i_nbdcache/i_tag_cmp.rdata_i\[845\] net:i_cache_subsystem.i_nbdcache/net33832
	bbox = (556.3850, 1253.6000) - (556.5250, 1253.7400) on Layer metal6
violation type: Short
	srcs: net:i_cache_subsystem.i_nbdcache/sram_block_3__tag_sram.genblk1_0__i_ram/net33315 net:i_cache_subsystem.i_nbdcache/net33832
	bbox = (556.6650, 1252.8000) - (556.8050, 1252.9400) on Layer metal6
violation type: Short
	srcs: net:i_cache_subsystem.i_nbdcache/i_tag_cmp.rdata_i\[654\] net:i_cache_subsystem.i_nbdcache/i_tag_cmp.rdata_i\[749\]
	bbox = (833.3050, 1202.6300) - (833.4450, 1202.7700) on Layer metal5
violation type: Short
	srcs: net:i_cache_subsystem.i_nbdcache/i_tag_cmp.rdata_i\[654\] net:i_cache_subsystem.i_nbdcache/i_tag_cmp.rdata_i\[749\]
	bbox = (833.3050, 1202.6300) - (833.4450, 1202.7400) on Layer metal5
violation type: Short
	srcs: net:i_cache_subsystem.i_nbdcache/i_tag_cmp.rdata_i\[654\] net:i_cache_subsystem.i_nbdcache/i_tag_cmp.rdata_i\[749\]
	bbox = (833.3050, 1202.6300) - (833.7250, 1202.7400) on Layer metal5
violation type: Short
	srcs: net:i_cache_subsystem.i_nbdcache/i_tag_cmp.rdata_i\[654\] net:i_cache_subsystem.i_nbdcache/i_tag_cmp.rdata_i\[749\]
	bbox = (833.5850, 1202.6300) - (833.7250, 1202.7400) on Layer metal5
violation type: Short
	srcs: net:clknet_2_2_1_clk_i net:i_cache_subsystem.i_nbdcache/net33874
	bbox = (544.0650, 1249.6400) - (544.2050, 1249.7800) on Layer metal5
violation type: Short
	srcs: net:i_cache_subsystem.i_nbdcache/i_tag_cmp.rdata_i\[498\] net:i_cache_subsystem.i_nbdcache/i_tag_cmp.rdata_i\[501\]
	bbox = (542.6650, 1254.1200) - (542.8050, 1254.2600) on Layer metal5
violation type: Short
	srcs: net:i_cache_subsystem.i_nbdcache/i_tag_cmp.rdata_i\[498\] net:i_cache_subsystem.i_nbdcache/i_tag_cmp.rdata_i\[501\]
	bbox = (542.3850, 1254.1200) - (542.8050, 1254.2600) on Layer metal5
violation type: Short
	srcs: net:i_cache_subsystem.i_nbdcache/i_tag_cmp.rdata_i\[498\] net:i_cache_subsystem.i_nbdcache/i_tag_cmp.rdata_i\[501\]
	bbox = (542.3850, 1254.1200) - (542.5250, 1254.2600) on Layer metal5
violation type: Short
	srcs: net:i_cache_subsystem.i_nbdcache/i_tag_cmp.rdata_i\[809\] net:i_cache_subsystem.i_nbdcache/net32757
	bbox = (544.3450, 1249.0800) - (544.4850, 1249.2200) on Layer metal5
violation type: Short
	srcs: net:i_cache_subsystem.i_nbdcache/i_tag_cmp.rdata_i\[530\] net:i_cache_subsystem.i_nbdcache/i_miss_handler/_07669_
	bbox = (830.5050, 1177.6800) - (830.6450, 1177.8200) on Layer metal5
violation type: Short
	srcs: net:i_cache_subsystem.i_nbdcache/i_miss_handler/_07669_ net:i_cache_subsystem.i_nbdcache/i_miss_handler/_09000_
	bbox = (831.3450, 1176.9800) - (831.4850, 1177.5400) on Layer metal6
violation type: Short
	srcs: net:i_cache_subsystem.i_nbdcache/i_miss_handler/_07669_ net:i_cache_subsystem.i_nbdcache/i_miss_handler/_09000_
	bbox = (831.3450, 1176.9800) - (831.4850, 1177.1200) on Layer metal6
violation type: Short
	srcs: net:i_cache_subsystem.i_nbdcache/i_miss_handler/_07669_ net:i_cache_subsystem.i_nbdcache/i_miss_handler/_09000_
	bbox = (831.3450, 1177.4000) - (831.4850, 1177.5400) on Layer metal6
violation type: Short
	srcs: net:i_cache_subsystem.i_nbdcache/i_miss_handler/_09000_ net:i_cache_subsystem.i_nbdcache/i_miss_handler/_09684_
	bbox = (831.6250, 1178.4000) - (831.7650, 1178.5400) on Layer metal6
violation type: Short
	srcs: net:i_cache_subsystem.i_nbdcache/i_tag_cmp.rdata_i\[504\] net:i_cache_subsystem.i_nbdcache/net33829
	bbox = (553.0250, 1248.5200) - (553.1650, 1248.6600) on Layer metal5
violation type: Short
	srcs: net:i_cache_subsystem.i_nbdcache/i_tag_cmp.rdata_i\[504\] net:i_cache_subsystem.i_nbdcache/net33829
	bbox = (552.7450, 1248.5200) - (552.8850, 1248.6600) on Layer metal5
violation type: Short
	srcs: net:i_cache_subsystem.i_nbdcache/i_tag_cmp.rdata_i\[504\] net:i_cache_subsystem.i_nbdcache/net33829
	bbox = (552.7450, 1248.5200) - (553.1650, 1248.6600) on Layer metal5
violation type: Short
	srcs: net:i_cache_subsystem.i_nbdcache/i_tag_cmp.rdata_i\[774\] net:i_cache_subsystem.i_nbdcache/net32520
	bbox = (833.5850, 1233.1200) - (833.7250, 1233.2600) on Layer metal5
violation type: Short
	srcs: net:i_cache_subsystem.i_nbdcache/i_tag_cmp.rdata_i\[774\] net:i_cache_subsystem.i_nbdcache/i_miss_handler/net45830
	bbox = (833.5850, 1233.4000) - (833.7250, 1233.5400) on Layer metal5
violation type: Short
	srcs: net:i_cache_subsystem.i_nbdcache/i_tag_cmp.rdata_i\[774\] net:i_cache_subsystem.i_nbdcache/i_tag_cmp.rdata_i\[777\]
	bbox = (832.7450, 1232.8400) - (832.8850, 1232.9800) on Layer metal5
violation type: Short
	srcs: net:i_cache_subsystem.i_nbdcache/i_tag_cmp.rdata_i\[777\] net:i_cache_subsystem.i_nbdcache/net32520
	bbox = (832.7450, 1233.1200) - (832.8850, 1233.2600) on Layer metal5
violation type: Short
	srcs: net:i_cache_subsystem.i_nbdcache/i_tag_cmp.rdata_i\[777\] net:i_cache_subsystem.i_nbdcache/net32520
	bbox = (834.1450, 1232.8400) - (834.2850, 1232.9800) on Layer metal5
violation type: Short
	srcs: net:i_cache_subsystem.i_nbdcache/i_tag_cmp.rdata_i\[777\] net:i_cache_subsystem.i_nbdcache/net32520
	bbox = (834.7050, 1232.9795) - (834.8450, 1232.9805) on Layer metal5
violation type: Short
	srcs: net:i_cache_subsystem.i_nbdcache/i_tag_cmp.rdata_i\[777\] net:i_cache_subsystem.i_nbdcache/net32520
	bbox = (834.1450, 1232.9795) - (834.8450, 1232.9805) on Layer metal5
violation type: Short
	srcs: net:i_cache_subsystem.i_nbdcache/i_tag_cmp.rdata_i\[636\] net:i_cache_subsystem.i_nbdcache/i_tag_cmp.rdata_i\[759\]
	bbox = (826.5850, 1191.2300) - (826.7250, 1191.2600) on Layer metal5
violation type: Short
	srcs: net:i_cache_subsystem.i_nbdcache/i_tag_cmp.rdata_i\[636\] net:i_cache_subsystem.i_nbdcache/i_tag_cmp.rdata_i\[667\]
	bbox = (826.5850, 1191.4000) - (826.7250, 1191.5400) on Layer metal5
violation type: Short
	srcs: net:i_cache_subsystem.i_nbdcache/i_tag_cmp.rdata_i\[636\] net:i_cache_subsystem.i_nbdcache/i_tag_cmp.rdata_i\[754\]
	bbox = (826.3050, 1192.2400) - (826.4450, 1192.3800) on Layer metal5
violation type: Short
	srcs: net:i_cache_subsystem.i_nbdcache/i_tag_cmp.rdata_i\[636\] net:i_cache_subsystem.i_nbdcache/i_tag_cmp.rdata_i\[754\]
	bbox = (826.5850, 1192.5200) - (826.7250, 1192.6600) on Layer metal5
violation type: Short
	srcs: net:i_cache_subsystem.i_nbdcache/i_tag_cmp.rdata_i\[658\] net:i_cache_subsystem.i_nbdcache/i_tag_cmp.rdata_i\[752\]
	bbox = (832.1850, 1197.5600) - (832.6050, 1197.7000) on Layer metal5
violation type: Short
	srcs: net:i_cache_subsystem.i_nbdcache/i_tag_cmp.rdata_i\[658\] net:i_cache_subsystem.i_nbdcache/i_tag_cmp.rdata_i\[752\]
	bbox = (832.1850, 1197.5600) - (832.3250, 1197.7000) on Layer metal5
violation type: Short
	srcs: net:i_cache_subsystem.i_nbdcache/i_tag_cmp.rdata_i\[667\] net:i_cache_subsystem.i_nbdcache/i_tag_cmp.rdata_i\[759\]
	bbox = (823.5050, 1191.4000) - (823.6450, 1191.5400) on Layer metal5
violation type: Short
	srcs: net:i_cache_subsystem.i_nbdcache/i_tag_cmp.rdata_i\[667\] net:i_cache_subsystem.i_nbdcache/i_tag_cmp.rdata_i\[754\]
	bbox = (818.7450, 1191.9600) - (818.8850, 1192.1000) on Layer metal5
violation type: Short
	srcs: net:i_cache_subsystem.i_nbdcache/i_tag_cmp.rdata_i\[667\] net:i_cache_subsystem.i_nbdcache/i_tag_cmp.rdata_i\[754\]
	bbox = (820.1450, 1191.9600) - (820.2850, 1192.1000) on Layer metal5
violation type: Short
	srcs: net:i_cache_subsystem.i_nbdcache/i_tag_cmp.rdata_i\[667\] net:i_cache_subsystem.i_nbdcache/i_tag_cmp.rdata_i\[754\]
	bbox = (819.5850, 1191.9600) - (820.2850, 1192.1000) on Layer metal5
violation type: Short
	srcs: net:i_cache_subsystem.i_nbdcache/i_tag_cmp.rdata_i\[667\] net:i_cache_subsystem.i_nbdcache/i_tag_cmp.rdata_i\[754\]
	bbox = (819.5850, 1191.9600) - (819.7250, 1192.1000) on Layer metal5
violation type: Short
	srcs: net:i_cache_subsystem.i_nbdcache/i_tag_cmp.rdata_i\[754\] net:i_cache_subsystem.i_nbdcache/i_tag_cmp.rdata_i\[761\]
	bbox = (818.7450, 1192.8000) - (818.8850, 1192.9400) on Layer metal5
violation type: Short
	srcs: net:i_cache_subsystem.i_nbdcache/i_tag_cmp.rdata_i\[754\] net:i_cache_subsystem.i_nbdcache/i_tag_cmp.rdata_i\[759\]
	bbox = (818.7450, 1192.5200) - (818.8850, 1192.6600) on Layer metal5
violation type: Short
	srcs: net:i_cache_subsystem.i_nbdcache/i_tag_cmp.rdata_i\[754\] net:i_cache_subsystem.i_nbdcache/i_tag_cmp.rdata_i\[759\]
	bbox = (819.5850, 1192.5200) - (819.7250, 1192.6600) on Layer metal5
violation type: Short
	srcs: net:i_cache_subsystem.i_nbdcache/i_tag_cmp.rdata_i\[754\] net:i_cache_subsystem.i_nbdcache/i_tag_cmp.rdata_i\[759\]
	bbox = (820.4250, 1192.5200) - (820.5650, 1192.6600) on Layer metal5
violation type: Short
	srcs: net:i_cache_subsystem.i_nbdcache/i_tag_cmp.rdata_i\[754\] net:i_cache_subsystem.i_nbdcache/i_tag_cmp.rdata_i\[759\]
	bbox = (819.3050, 1192.5200) - (819.4450, 1192.6600) on Layer metal5
violation type: Short
	srcs: net:i_cache_subsystem.i_nbdcache/i_tag_cmp.rdata_i\[754\] net:i_cache_subsystem.i_nbdcache/i_tag_cmp.rdata_i\[759\]
	bbox = (819.3050, 1192.5200) - (819.7250, 1192.6600) on Layer metal5
violation type: Short
	srcs: net:i_cache_subsystem.i_nbdcache/i_tag_cmp.rdata_i\[754\] net:i_cache_subsystem.i_nbdcache/i_tag_cmp.rdata_i\[759\]
	bbox = (820.7050, 1192.5200) - (820.8450, 1192.6600) on Layer metal5
violation type: Short
	srcs: net:i_cache_subsystem.i_nbdcache/i_tag_cmp.rdata_i\[754\] net:i_cache_subsystem.i_nbdcache/i_tag_cmp.rdata_i\[759\]
	bbox = (820.4250, 1192.5200) - (820.8450, 1192.6600) on Layer metal5
violation type: Short
	srcs: net:i_cache_subsystem.i_nbdcache/i_tag_cmp.rdata_i\[757\] net:i_cache_subsystem.i_nbdcache/i_tag_cmp.rdata_i\[761\]
	bbox = (818.7450, 1193.0800) - (818.8850, 1193.2200) on Layer metal5
violation type: Short
	srcs: net:i_cache_subsystem.i_nbdcache/i_tag_cmp.rdata_i\[759\] net:i_cache_subsystem.i_nbdcache/i_miss_handler/_07909_
	bbox = (822.9450, 1191.6800) - (823.0850, 1191.8200) on Layer metal5
violation type: Short
	srcs: net:i_cache_subsystem.i_nbdcache/i_miss_handler/net45775 net:i_cache_subsystem.i_nbdcache/i_miss_handler/_08001_
	bbox = (822.9450, 1195.2000) - (823.0850, 1195.3400) on Layer metal6
violation type: Short
	srcs: net:i_cache_subsystem.i_nbdcache/i_miss_handler/net45775 net:i_cache_subsystem.i_nbdcache/i_miss_handler/_08001_
	bbox = (822.9450, 1192.2400) - (823.0850, 1192.6600) on Layer metal6
violation type: Short
	srcs: net:i_cache_subsystem.i_nbdcache/i_miss_handler/net45775 net:i_cache_subsystem.i_nbdcache/i_miss_handler/_08001_
	bbox = (822.9450, 1192.5200) - (823.0850, 1192.6600) on Layer metal6
violation type: Short
	srcs: net:i_cache_subsystem.i_nbdcache/i_miss_handler/net45775 net:i_cache_subsystem.i_nbdcache/i_miss_handler/_08001_
	bbox = (822.9450, 1192.2400) - (823.0850, 1192.3800) on Layer metal6
violation type: Short
	srcs: net:i_cache_subsystem.i_nbdcache/i_miss_handler/net45775 net:i_cache_subsystem.i_nbdcache/i_miss_handler/_08001_
	bbox = (822.6650, 1195.2000) - (822.8050, 1195.3400) on Layer metal6
violation type: Short
	srcs: net:i_cache_subsystem.i_nbdcache/i_miss_handler/net45775 net:i_cache_subsystem.i_nbdcache/i_miss_handler/_08001_
	bbox = (822.6650, 1195.2000) - (823.0850, 1195.3400) on Layer metal6
violation type: Short
	srcs: net:i_cache_subsystem.i_nbdcache/i_tag_cmp.rdata_i\[636\] net:i_cache_subsystem.i_nbdcache/i_miss_handler/_07654_
	bbox = (826.5850, 1191.2300) - (826.7250, 1191.3700) on Layer metal6
violation type: Short
	srcs: net:i_cache_subsystem.i_nbdcache/i_tag_cmp.rdata_i\[661\] net:i_cache_subsystem.i_nbdcache/i_tag_cmp.rdata_i\[754\]
	bbox = (821.2650, 1192.5200) - (821.4050, 1192.6600) on Layer metal6
violation type: Short
	srcs: net:i_cache_subsystem.i_nbdcache/i_tag_cmp.rdata_i\[757\] net:i_cache_subsystem.i_nbdcache/i_miss_handler/_08797_
	bbox = (827.9850, 1193.0800) - (828.1250, 1193.2200) on Layer metal6
violation type: Short
	srcs: net:i_cache_subsystem.i_nbdcache/i_tag_cmp.rdata_i\[761\] net:i_cache_subsystem.i_nbdcache/i_miss_handler/_07654_
	bbox = (826.3050, 1192.5200) - (826.4450, 1192.6600) on Layer metal6
violation type: Short
	srcs: net:i_cache_subsystem.i_nbdcache/i_miss_handler/_07624_ net:i_cache_subsystem.i_nbdcache/i_miss_handler/_07686_
	bbox = (821.8250, 1191.6800) - (821.9650, 1191.8200) on Layer metal6
violation type: Short
	srcs: net:i_cache_subsystem.i_nbdcache/i_miss_handler/_07624_ net:i_cache_subsystem.i_nbdcache/i_miss_handler/_07686_
	bbox = (822.1050, 1192.5200) - (822.2450, 1192.6600) on Layer metal6
violation type: Short
	srcs: net:i_cache_subsystem.i_nbdcache/i_miss_handler/_07654_ net:i_cache_subsystem.i_nbdcache/i_miss_handler/_08797_
	bbox = (827.9850, 1195.6000) - (828.1250, 1195.7400) on Layer metal6
violation type: Short
	srcs: net:i_cache_subsystem.i_nbdcache/i_miss_handler/_07654_ net:i_cache_subsystem.i_nbdcache/i_miss_handler/_08797_
	bbox = (827.9850, 1194.4000) - (828.1250, 1195.7400) on Layer metal6
violation type: Short
	srcs: net:i_cache_subsystem.i_nbdcache/i_miss_handler/_08358_ net:i_cache_subsystem.i_nbdcache/i_miss_handler/_08851_
	bbox = (832.1850, 1202.4000) - (832.2700, 1202.7700) on Layer metal6
violation type: Short
	srcs: net:i_cache_subsystem.i_nbdcache/i_miss_handler/_08358_ net:i_cache_subsystem.i_nbdcache/i_miss_handler/_08851_
	bbox = (832.1850, 1202.4000) - (832.2700, 1203.3400) on Layer metal6
violation type: Short
	srcs: net:i_cache_subsystem.i_nbdcache/i_miss_handler/_08358_ net:i_cache_subsystem.i_nbdcache/i_miss_handler/_08851_
	bbox = (832.1850, 1202.4000) - (832.2700, 1202.5400) on Layer metal6
violation type: Short
	srcs: net:i_cache_subsystem.i_nbdcache/i_miss_handler/_08358_ net:i_cache_subsystem.i_nbdcache/i_miss_handler/_08851_
	bbox = (832.1850, 1202.6300) - (832.3250, 1203.3400) on Layer metal6
violation type: Short
	srcs: net:i_cache_subsystem.i_nbdcache/i_miss_handler/_08358_ net:i_cache_subsystem.i_nbdcache/i_miss_handler/_08851_
	bbox = (832.1850, 1202.6300) - (832.3250, 1202.7700) on Layer metal6
violation type: Short
	srcs: net:i_cache_subsystem.i_nbdcache/i_miss_handler/_08358_ net:i_cache_subsystem.i_nbdcache/i_miss_handler/_08851_
	bbox = (832.1850, 1203.2000) - (832.2700, 1203.3400) on Layer metal6
violation type: Short
	srcs: net:i_cache_subsystem.i_nbdcache/i_miss_handler/_08358_ net:i_cache_subsystem.i_nbdcache/i_miss_handler/_08851_
	bbox = (832.1850, 1203.2000) - (832.3250, 1203.3400) on Layer metal6
violation type: Short
	srcs: net:i_cache_subsystem.i_nbdcache/i_miss_handler/_08797_ net:i_cache_subsystem.i_nbdcache/i_miss_handler/net42566
	bbox = (827.9850, 1191.2300) - (828.1250, 1191.3400) on Layer metal6
violation type: Short
	srcs: net:i_cache_subsystem.i_nbdcache/i_miss_handler/_08990_ net:i_cache_subsystem.i_nbdcache/net33848
	bbox = (826.8650, 1191.4000) - (827.0050, 1191.5400) on Layer metal6
violation type: Short
	srcs: net:i_cache_subsystem.i_nbdcache/i_miss_handler/_08990_ net:i_cache_subsystem.i_nbdcache/net33848
	bbox = (826.8650, 1191.2300) - (827.0050, 1191.5400) on Layer metal6
violation type: Short
	srcs: net:i_cache_subsystem.i_nbdcache/i_miss_handler/_08990_ net:i_cache_subsystem.i_nbdcache/net33848
	bbox = (826.8650, 1191.2300) - (827.0050, 1191.3700) on Layer metal6
violation type: Metal Spacing
	srcs: net:i_cache_subsystem.i_nbdcache/i_tag_cmp.rdata_i\[654\] net:i_cache_subsystem.i_nbdcache/i_tag_cmp.rdata_i\[749\]
	bbox = (833.0250, 1202.7700) - (833.1650, 1202.8800) on Layer metal5
violation type: Metal Spacing
	srcs: net:i_cache_subsystem.i_nbdcache/i_tag_cmp.rdata_i\[654\] net:i_cache_subsystem.i_nbdcache/i_tag_cmp.rdata_i\[749\]
	bbox = (833.0250, 1202.7700) - (833.4450, 1202.8800) on Layer metal5
violation type: Metal Spacing
	srcs: net:VDD net:i_cache_subsystem.i_nbdcache/net32775
	bbox = (544.0850, 1263.0800) - (544.3450, 1264.1400) on Layer metal6
violation type: Metal Spacing
	srcs: net:i_cache_subsystem.i_nbdcache/i_tag_cmp.rdata_i\[497\] net:VDD
	bbox = (544.0850, 1253.6000) - (544.3450, 1254.5400) on Layer metal6
violation type: Metal Spacing
	srcs: net:i_cache_subsystem.i_nbdcache/i_tag_cmp.rdata_i\[667\] net:i_cache_subsystem.i_nbdcache/i_tag_cmp.rdata_i\[759\]
	bbox = (823.2250, 1191.3700) - (823.6450, 1191.4000) on Layer metal5
violation type: Metal Spacing
	srcs: net:i_cache_subsystem.i_nbdcache/i_miss_handler/net45775 net:i_cache_subsystem.i_nbdcache/i_miss_handler/_08001_
	bbox = (822.6650, 1192.1400) - (822.8050, 1192.2400) on Layer metal6
violation type: Metal Spacing
	srcs: net:i_cache_subsystem.i_nbdcache/i_miss_handler/net45775 net:i_cache_subsystem.i_nbdcache/i_miss_handler/_08001_
	bbox = (822.6650, 1192.1400) - (823.0850, 1192.2400) on Layer metal6
violation type: Metal Spacing
	srcs: net:i_cache_subsystem.i_nbdcache/i_miss_handler/_07624_ net:i_cache_subsystem.i_nbdcache/i_miss_handler/_07686_
	bbox = (821.8250, 1192.1400) - (821.9650, 1192.2400) on Layer metal6
violation type: Metal Spacing
	srcs: net:i_cache_subsystem.i_nbdcache/i_miss_handler/_08990_ net:i_cache_subsystem.i_nbdcache/net33848
	bbox = (827.1450, 1191.3700) - (827.2850, 1191.4000) on Layer metal6
violation type: Metal Spacing
	srcs: net:i_cache_subsystem.i_nbdcache/i_miss_handler/_08990_ net:i_cache_subsystem.i_nbdcache/net33848
	bbox = (826.8650, 1191.3700) - (827.2850, 1191.4000) on Layer metal6
