OpenROAD dcf36133a369abc8f3c5e5738cd4d82e4903c0e0 
Features included (+) or not (-): +GPU +GUI +Python
This program is licensed under the BSD-3 license. See the LICENSE file for details.
Components of this program may be licensed under more restrictive licenses which must be honored.
[INFO ORD-0030] Using 8 thread(s).
read_liberty /home/kiran/OpenROAD-flow-scripts/flow/platforms/nangate45/lib/NangateOpenCellLibrary_typical.lib
read_liberty /home/kiran/OpenROAD-flow-scripts/flow/platforms/nangate45/lib/fakeram45_256x16.lib
[INFO ODB-0227] LEF file: /home/kiran/OpenROAD-flow-scripts/flow/platforms/nangate45/lef/NangateOpenCellLibrary.tech.lef, created 22 layers, 27 vias
[INFO ODB-0227] LEF file: /home/kiran/OpenROAD-flow-scripts/flow/platforms/nangate45/lef/NangateOpenCellLibrary.macro.mod.lef, created 135 library cells
[INFO ODB-0227] LEF file: /home/kiran/OpenROAD-flow-scripts/flow/platforms/nangate45/lef/fakeram45_256x16.lef, created 1 library cells
link_design ariane
read_sdc ./results/nangate45/archgen/base/1_2_yosys.sdc
[WARNING STA-0441] set_input_delay relative to a clock defined on the same port/pin not allowed.
source /home/kiran/OpenROAD-flow-scripts/flow/platforms/nangate45/setRC.tcl
eliminate_dead_logic
Removed 4853 unused instances and 4999 unused nets.
Took 20 seconds: eliminate_dead_logic
Design area 710878 um^2 100% utilization.
write_db ./results/nangate45/archgen/base/1_synth.odb
write_sdc -no_timestamp ./results/nangate45/archgen/base/1_synth.sdc
Elapsed time: 0:24.65[h:]min:sec. CPU time: user 24.09 sys 0.30 (98%). Peak memory: 570932KB.
Log                       Ext     Elapsed/s Peak Memory/MB sha1sum result [0:20)
1_synth                   .odb           24            557 0186c939ce47713f85a6
1_synth                   .sdc                             96fbd855d5f87369cfc0
