OpenROAD dcf36133a369abc8f3c5e5738cd4d82e4903c0e0 
Features included (+) or not (-): +GPU +GUI +Python
This program is licensed under the BSD-3 license. See the LICENSE file for details.
Components of this program may be licensed under more restrictive licenses which must be honored.
[INFO ORD-0030] Using 8 thread(s).
read_liberty /home/kiran/OpenROAD-flow-scripts/flow/platforms/nangate45/lib/NangateOpenCellLibrary_typical.lib
read_liberty /home/kiran/OpenROAD-flow-scripts/flow/platforms/nangate45/lib/fakeram45_256x16.lib
read_db ./results/nangate45/archgen/base/2_1_floorplan.odb
read_sdc ./results/nangate45/archgen/base/2_1_floorplan.sdc
source /home/kiran/OpenROAD-flow-scripts/flow/platforms/nangate45/setRC.tcl
rtl_macro_placer -max_num_level 1 -max_num_inst 80000 -min_num_inst 8000 -max_num_macro 30 -min_num_macro 10 -halo_width 8 -halo_height 8 -min_ar 0.33 -area_weight 0.1 -wirelength_weight 100.0 -outline_weight 100.0 -boundary_weight 50.0 -notch_weight 50.0 -report_directory ./objects/nangate45/archgen/base/rtlmp -fence_lx 0.0 -fence_ly 0.0 -fence_ux 0.0 -fence_uy 0.0 -target_util 0.5
Die Area: (0.00, 0.00) (1500.00, 1500.00),  Floorplan Area: (10.07, 12.60) (1447.99, 1447.60)
	Number of std cell instances: 158884
	Area of std cell instances: 296499.56
	Number of macros: 132
	Area of macros: 416463.43
	Halo width: 8.00
	Halo height: 8.00
	Area of macros with halos: 700126.15
	Area of std cell instances + Area of macros: 712962.99
	Floorplan area: 2063415.20
	Design Utilization: 0.35
	Floorplan Utilization: 0.18
	Manufacturing Grid: 10

Took 6 seconds: rtl_macro_placer -max_num_level 1 -max_num_inst 80000 -min_num_inst 8000 -max_num_macro 30 -min_num_macro 10 -halo_width 8 -halo_height 8 -min_ar 0.33 -area_weight 0.1 -wirelength_weight 100.0 -outline_weight 100.0 -boundary_weight 50.0 -notch_weight 50.0 -report_directory ./objects/nangate45/archgen/base/rtlmp -fence_lx 0.0 -fence_ly 0.0 -fence_ux 0.0 -fence_uy 0.0 -target_util 0.5
Design area 712963 um^2 35% utilization.
write_db ./results/nangate45/archgen/base/2_2_floorplan_macro.odb
Elapsed time: 0:07.64[h:]min:sec. CPU time: user 37.91 sys 0.19 (498%). Peak memory: 371776KB.
Log                       Ext     Elapsed/s Peak Memory/MB sha1sum result [0:20)
2_2_floorplan_macro       .odb            7            363 e1712c9082afb5350811
