OpenROAD dcf36133a369abc8f3c5e5738cd4d82e4903c0e0 
Features included (+) or not (-): +GPU +GUI +Python
This program is licensed under the BSD-3 license. See the LICENSE file for details.
Components of this program may be licensed under more restrictive licenses which must be honored.
[INFO ORD-0030] Using 8 thread(s).
read_liberty /home/kiran/OpenROAD-flow-scripts/flow/platforms/nangate45/lib/NangateOpenCellLibrary_typical.lib
read_liberty /home/kiran/OpenROAD-flow-scripts/flow/platforms/nangate45/lib/fakeram45_256x16.lib
read_db ./results/nangate45/archgen/base/2_floorplan.odb
read_sdc ./results/nangate45/archgen/base/2_floorplan.sdc
source /home/kiran/OpenROAD-flow-scripts/flow/platforms/nangate45/setRC.tcl
global_placement -skip_io -density 0.3 -pad_left 0 -pad_right 0
[INFO GPL-0001] ---- Initialize GPL Main Data Structures
[INFO GPL-0002] DBU: 2000
[INFO GPL-0003] SiteSize: (  0.190  1.400 ) um
[INFO GPL-0004] CoreBBox: ( 10.070 12.600 ) ( 1447.990 1447.600 ) um
[INFO GPL-0036] Movable instances area:     296499.560 um^2
[INFO GPL-0037] Total instances area:       732343.752 um^2
[INFO GPL-0035] Pin density area adjust:     23377.147 um^2
[INFO GPL-0032] ---- Initialize Region: Top-level
[INFO GPL-0006] Number of instances:            182223
[INFO GPL-0007] Movable instances:              158884
[INFO GPL-0008] Fixed instances:                 15044
[INFO GPL-0009] Dummy instances:                  8295
[INFO GPL-0010] Number of nets:                 187851
[INFO GPL-0011] Number of pins:                 606339
[INFO GPL-0012] Die BBox:  (  0.000  0.000 ) ( 1500.000 1500.000 ) um
[INFO GPL-0013] Core BBox: ( 10.070 12.600 ) ( 1447.990 1447.600 ) um
[INFO GPL-0016] Core area:                  2063415.200 um^2
[INFO GPL-0014] Region name: top-level.
[INFO GPL-0015] Region area:                2063415.200 um^2
[INFO GPL-0017] Fixed instances area:       500957.002 um^2
[INFO GPL-0018] Movable instances area:     319876.707 um^2
[INFO GPL-0019] Utilization:                    20.473 %
[INFO GPL-0020] Standard cells area:        319876.707 um^2
[INFO GPL-0021] Large instances area:            0.000 um^2
[INFO GPL-0005] ---- Execute Conjugate Gradient Initial Placement.
[INFO GPL-0051] Source of initial instance position counters:
	Odb location = 158884	Core center = 0	Region center = 0
[INFO GPL-0033] ---- Initialize Nesterov Region: Top-level
[INFO GPL-0023] Placement target density:       0.3000
[INFO GPL-0024] Movable insts average area:      2.013 um^2
[INFO GPL-0025] Ideal bin area:                  6.711 um^2
[INFO GPL-0026] Ideal bin count:                307471
[INFO GPL-0027] Total bin area:             2063415.200 um^2
[INFO GPL-0028] Bin count (X, Y):         512 ,    512
[INFO GPL-0029] Bin size (W * H):       2.808 *  2.803 um
[INFO GPL-0030] Number of bins:                 262144
[INFO GPL-0007] ---- Execute Nesterov Global Placement.
[INFO GPL-0031] HPWL: Half-Perimeter Wirelength
Iteration | Overflow |     HPWL (um) |  HPWL(%) |   Penalty | Group
---------------------------------------------------------------
        0 |   0.9851 |  6.532895e+06 |   +0.00% |  1.65e-15 |      
       10 |   0.9097 |  5.430544e+06 |  -16.87% |  2.69e-15 |      
       20 |   0.8880 |  5.224454e+06 |   -3.80% |  4.38e-15 |      
       30 |   0.8834 |  5.029253e+06 |   -3.74% |  7.14e-15 |      
       40 |   0.8874 |  4.788304e+06 |   -4.79% |  1.16e-14 |      
       50 |   0.8971 |  4.531015e+06 |   -5.37% |  1.89e-14 |      
       60 |   0.9083 |  4.282702e+06 |   -5.48% |  3.09e-14 |      
       70 |   0.9204 |  4.065552e+06 |   -5.07% |  5.03e-14 |      
       80 |   0.9304 |  3.870830e+06 |   -4.79% |  8.19e-14 |      
       90 |   0.9385 |  3.684842e+06 |   -4.80% |  1.33e-13 |      
      100 |   0.9457 |  3.511760e+06 |   -4.70% |  2.17e-13 |      
      110 |   0.9506 |  3.359535e+06 |   -4.33% |  3.54e-13 |      
      120 |   0.9537 |  3.249886e+06 |   -3.26% |  5.76e-13 |      
      130 |   0.9556 |  3.200339e+06 |   -1.52% |  9.39e-13 |      
      140 |   0.9561 |  3.220357e+06 |   +0.63% |  1.52e-12 |      
      150 |   0.9523 |  3.321490e+06 |   +3.14% |  2.43e-12 |      
      160 |   0.9438 |  3.506909e+06 |   +5.58% |  3.81e-12 |      
      170 |   0.9318 |  3.750788e+06 |   +6.95% |  5.89e-12 |      
      180 |   0.9166 |  4.023336e+06 |   +7.27% |  9.04e-12 |      
      190 |   0.8993 |  4.310468e+06 |   +7.14% |  1.38e-11 |      
      200 |   0.8793 |  4.577068e+06 |   +6.18% |  2.12e-11 |      
      210 |   0.8590 |  4.819850e+06 |   +5.30% |  3.28e-11 |      
      220 |   0.8330 |  5.041830e+06 |   +4.61% |  5.08e-11 |      
      230 |   0.8038 |  5.256655e+06 |   +4.26% |  7.90e-11 |      
      240 |   0.7759 |  5.463921e+06 |   +3.94% |  1.23e-10 |      
      250 |   0.7525 |  5.696174e+06 |   +4.25% |  1.91e-10 |      
      260 |   0.7237 |  5.869200e+06 |   +3.04% |  2.98e-10 |      
      270 |   0.6884 |  5.952036e+06 |   +1.41% |  4.77e-10 |      
      280 |   0.6505 |  6.075086e+06 |   +2.07% |  7.56e-10 |      
      290 |   0.6102 |  6.202584e+06 |   +2.10% |  1.20e-09 |      
      300 |   0.5662 |  6.283452e+06 |   +1.30% |  1.92e-09 |      
      310 |   0.5240 |  6.399141e+06 |   +1.84% |  3.05e-09 |      
      320 |   0.4822 |  6.475015e+06 |   +1.19% |  4.87e-09 |      
      330 |   0.4384 |  6.539022e+06 |   +0.99% |  7.82e-09 |      
      340 |   0.3972 |  6.575251e+06 |   +0.55% |  1.26e-08 |      
      350 |   0.3591 |  6.591650e+06 |   +0.25% |  2.05e-08 |      
      360 |   0.3248 |  6.574835e+06 |   -0.26% |  3.14e-08 |      
      370 |   0.2964 |  6.549057e+06 |   -0.39% |  4.62e-08 |      
      380 |   0.2677 |  6.531729e+06 |   -0.26% |  6.81e-08 |      
      390 |   0.2419 |  6.516861e+06 |   -0.23% |  1.00e-07 |      
      400 |   0.2166 |  6.507530e+06 |   -0.14% |  1.48e-07 |      
      410 |   0.1933 |  6.504656e+06 |   -0.04% |  2.18e-07 |      
      420 |   0.1724 |  6.505190e+06 |   +0.01% |  3.21e-07 |      
      430 |   0.1537 |  6.507501e+06 |   +0.04% |  4.72e-07 |      
      440 |   0.1365 |  6.511114e+06 |   +0.06% |  6.95e-07 |      
      450 |   0.1212 |  6.516332e+06 |   +0.08% |  1.02e-06 |      
      460 |   0.1077 |  6.522279e+06 |   +0.09% |  1.51e-06 |      
      468 |   0.0989 |  6.523407e+06 |          |  2.13e-06 |      
---------------------------------------------------------------
[INFO GPL-1001] Global placement finished at iteration 468
[INFO GPL-1002] Placed Cell Area            319876.7073
[INFO GPL-1003] Available Free Area         1562458.1980
[INFO GPL-1004] Minimum Feasible Density        0.2100 (cell_area / free_area)
[INFO GPL-1006]   Suggested Target Densities:
[INFO GPL-1007]     - For 90% usage of free space: 0.2275
[INFO GPL-1008]     - For 80% usage of free space: 0.2559
[INFO GPL-1009]     - For 50% usage of free space: 0.4095
[INFO GPL-1014] Final placement area: 319876.71 (+0.00%)
Took 45 seconds: global_placement -skip_io -density 0.3 -pad_left 0 -pad_right 0
Design area 712963 um^2 35% utilization.
write_db ./results/nangate45/archgen/base/3_1_place_gp_skip_io.odb
Elapsed time: 0:45.82[h:]min:sec. CPU time: user 353.88 sys 3.78 (780%). Peak memory: 654804KB.
Log                       Ext     Elapsed/s Peak Memory/MB sha1sum result [0:20)
3_1_place_gp_skip_io      .odb           45            639 5b8a05a21a9fa8d68e0a
