OpenROAD dcf36133a369abc8f3c5e5738cd4d82e4903c0e0 
Features included (+) or not (-): +GPU +GUI +Python
This program is licensed under the BSD-3 license. See the LICENSE file for details.
Components of this program may be licensed under more restrictive licenses which must be honored.
[INFO ORD-0030] Using 8 thread(s).
read_liberty /home/kiran/OpenROAD-flow-scripts/flow/platforms/nangate45/lib/NangateOpenCellLibrary_typical.lib
read_liberty /home/kiran/OpenROAD-flow-scripts/flow/platforms/nangate45/lib/fakeram45_256x16.lib
read_db ./results/nangate45/archgen/base/3_1_place_gp_skip_io.odb
read_sdc ./results/nangate45/archgen/base/2_floorplan.sdc
source /home/kiran/OpenROAD-flow-scripts/flow/platforms/nangate45/setRC.tcl
place_pins -hor_layers metal5 -ver_layers metal6
Found 132 macro blocks.
Using 2 tracks default min distance between IO pins.
[INFO PPL-0001] Number of available slots 893
[INFO PPL-0002] Number of I/O             495
[INFO PPL-0003] Number of I/O w/sink      491
[INFO PPL-0004] Number of I/O w/o sink    4
[INFO PPL-0005] Slots per section         200
[INFO PPL-0008] Successfully assigned pins to sections.
[INFO PPL-0012] I/O nets HPWL: 452921.72 um.
Design area 712963 um^2 35% utilization.
write_db ./results/nangate45/archgen/base/3_2_place_iop.odb
Elapsed time: 0:01.15[h:]min:sec. CPU time: user 0.90 sys 0.14 (90%). Peak memory: 390328KB.
Log                       Ext     Elapsed/s Peak Memory/MB sha1sum result [0:20)
3_2_place_iop             .odb            1            381 d7277551fe0fd085f6a2
