OpenROAD dcf36133a369abc8f3c5e5738cd4d82e4903c0e0 
Features included (+) or not (-): +GPU +GUI +Python
This program is licensed under the BSD-3 license. See the LICENSE file for details.
Components of this program may be licensed under more restrictive licenses which must be honored.
[INFO ORD-0030] Using 8 thread(s).
read_liberty /home/kiran/OpenROAD-flow-scripts/flow/platforms/nangate45/lib/NangateOpenCellLibrary_typical.lib
read_liberty /home/kiran/OpenROAD-flow-scripts/flow/platforms/nangate45/lib/fakeram45_256x16.lib
read_db ./results/nangate45/archgen/base/3_2_place_iop.odb
read_sdc ./results/nangate45/archgen/base/2_floorplan.sdc
source /home/kiran/OpenROAD-flow-scripts/flow/platforms/nangate45/setRC.tcl
[INFO RSZ-0026] Removed 18004 buffers.
Perform port buffering...
[INFO RSZ-0027] Inserted 212 BUF_X1 input buffers.
[INFO RSZ-0028] Inserted 224 BUF_X1 output buffers.
global_placement -density 0.3 -pad_left 0 -pad_right 0 -routability_driven -timing_driven -force_center_initial_place -min_phi_coef 0.95 -max_phi_coef 1.05
[INFO GPL-0001] ---- Initialize GPL Main Data Structures
[INFO GPL-0002] DBU: 2000
[INFO GPL-0003] SiteSize: (  0.190  1.400 ) um
[INFO GPL-0004] CoreBBox: ( 10.070 12.600 ) ( 1447.990 1447.600 ) um
[INFO GPL-0036] Movable instances area:     280992.824 um^2
[INFO GPL-0037] Total instances area:       716837.016 um^2
[INFO GPL-0035] Pin density area adjust:     23948.105 um^2
[INFO GPL-0032] ---- Initialize Region: Top-level
[INFO GPL-0006] Number of instances:            164655
[INFO GPL-0007] Movable instances:              141316
[INFO GPL-0008] Fixed instances:                 15044
[INFO GPL-0009] Dummy instances:                  8295
[INFO GPL-0010] Number of nets:                 170283
[INFO GPL-0011] Number of pins:                 571698
[INFO GPL-0012] Die BBox:  (  0.000  0.000 ) ( 1500.000 1500.000 ) um
[INFO GPL-0013] Core BBox: ( 10.070 12.600 ) ( 1447.990 1447.600 ) um
[INFO GPL-0016] Core area:                  2063415.200 um^2
[INFO GPL-0014] Region name: top-level.
[INFO GPL-0015] Region area:                2063415.200 um^2
[INFO GPL-0017] Fixed instances area:       500957.002 um^2
[INFO GPL-0018] Movable instances area:     304940.929 um^2
[INFO GPL-0019] Utilization:                    19.517 %
[INFO GPL-0020] Standard cells area:        304940.929 um^2
[INFO GPL-0021] Large instances area:            0.000 um^2
[INFO GPL-0005] ---- Execute Conjugate Gradient Initial Placement.
[INFO GPL-0051] Source of initial instance position counters:
	Odb location = 0	Core center = 141316	Region center = 0
[InitialPlace]  Iter: 1 conjugate gradient residual: 0.01838092 HPWL: 13958482163
[InitialPlace]  Iter: 2 conjugate gradient residual: 0.00025509 HPWL: 8554544355
[InitialPlace]  Iter: 3 conjugate gradient residual: 0.00004552 HPWL: 8116164593
[InitialPlace]  Iter: 4 conjugate gradient residual: 0.00003970 HPWL: 7753781720
[InitialPlace]  Iter: 5 conjugate gradient residual: 0.00002765 HPWL: 7575480998
[InitialPlace]  Iter: 6 conjugate gradient residual: 0.00002827 HPWL: 7401223064
[InitialPlace]  Iter: 7 conjugate gradient residual: 0.00002277 HPWL: 7276568546
[InitialPlace]  Iter: 8 conjugate gradient residual: 0.00002263 HPWL: 7196039333
[InitialPlace]  Iter: 9 conjugate gradient residual: 0.00002201 HPWL: 7139878316
[InitialPlace]  Iter: 10 conjugate gradient residual: 0.00002244 HPWL: 7104868269
[InitialPlace]  Iter: 11 conjugate gradient residual: 0.00002051 HPWL: 7082584421
[InitialPlace]  Iter: 12 conjugate gradient residual: 0.00002134 HPWL: 7064762801
[InitialPlace]  Iter: 13 conjugate gradient residual: 0.00002112 HPWL: 7049135218
[InitialPlace]  Iter: 14 conjugate gradient residual: 0.00002175 HPWL: 7038627149
[InitialPlace]  Iter: 15 conjugate gradient residual: 0.00002443 HPWL: 7029069456
[InitialPlace]  Iter: 16 conjugate gradient residual: 0.00002187 HPWL: 7022986437
[InitialPlace]  Iter: 17 conjugate gradient residual: 0.00002325 HPWL: 7015970486
[InitialPlace]  Iter: 18 conjugate gradient residual: 0.00002428 HPWL: 7011682740
[InitialPlace]  Iter: 19 conjugate gradient residual: 0.00004119 HPWL: 7005402581
[InitialPlace]  Iter: 20 conjugate gradient residual: 0.00002509 HPWL: 7003315763
[INFO GPL-0033] ---- Initialize Nesterov Region: Top-level
[INFO GPL-0023] Placement target density:       0.3000
[INFO GPL-0024] Movable insts average area:      2.158 um^2
[INFO GPL-0025] Ideal bin area:                  7.193 um^2
[INFO GPL-0026] Ideal bin count:                286868
[INFO GPL-0027] Total bin area:             2063415.200 um^2
[INFO GPL-0028] Bin count (X, Y):         512 ,    512
[INFO GPL-0029] Bin size (W * H):       2.808 *  2.803 um
[INFO GPL-0030] Number of bins:                 262144
[INFO GPL-0007] ---- Execute Nesterov Global Placement.
[INFO GPL-0031] HPWL: Half-Perimeter Wirelength
Iteration | Overflow |     HPWL (um) |  HPWL(%) |   Penalty | Group
---------------------------------------------------------------
        0 |   0.9769 |  2.698627e+06 |   +0.00% |  7.74e-17 |      
       10 |   0.9638 |  2.906658e+06 |   +7.71% |  1.19e-16 |      
       20 |   0.9582 |  2.989927e+06 |   +2.86% |  1.90e-16 |      
       30 |   0.9537 |  3.042938e+06 |   +1.77% |  3.06e-16 |      
       40 |   0.9507 |  3.087476e+06 |   +1.46% |  4.93e-16 |      
       50 |   0.9486 |  3.123555e+06 |   +1.17% |  7.97e-16 |      
       60 |   0.9467 |  3.153469e+06 |   +0.96% |  1.29e-15 |      
       70 |   0.9454 |  3.176551e+06 |   +0.73% |  2.09e-15 |      
       80 |   0.9442 |  3.192513e+06 |   +0.50% |  3.39e-15 |      
       90 |   0.9434 |  3.202254e+06 |   +0.31% |  5.51e-15 |      
      100 |   0.9429 |  3.208052e+06 |   +0.18% |  8.97e-15 |      
      110 |   0.9423 |  3.211295e+06 |   +0.10% |  1.46e-14 |      
      120 |   0.9420 |  3.213767e+06 |   +0.08% |  2.38e-14 |      
      130 |   0.9417 |  3.216432e+06 |   +0.08% |  3.87e-14 |      
      140 |   0.9414 |  3.219351e+06 |   +0.09% |  6.30e-14 |      
      150 |   0.9411 |  3.222745e+06 |   +0.11% |  1.02e-13 |      
      160 |   0.9408 |  3.224685e+06 |   +0.06% |  1.67e-13 |      
      170 |   0.9405 |  3.225882e+06 |   +0.04% |  2.72e-13 |      
      180 |   0.9402 |  3.228748e+06 |   +0.09% |  4.42e-13 |      
      190 |   0.9395 |  3.236665e+06 |   +0.25% |  7.19e-13 |      
      200 |   0.9379 |  3.255082e+06 |   +0.57% |  1.17e-12 |      
      210 |   0.9350 |  3.295312e+06 |   +1.24% |  1.89e-12 |      
      220 |   0.9295 |  3.372560e+06 |   +2.34% |  3.02e-12 |      
      230 |   0.9213 |  3.498079e+06 |   +3.72% |  4.80e-12 |      
      240 |   0.9084 |  3.681906e+06 |   +5.26% |  7.52e-12 |      
      250 |   0.8912 |  3.925193e+06 |   +6.61% |  1.16e-11 |      
      260 |   0.8700 |  4.209971e+06 |   +7.26% |  1.78e-11 |      
      270 |   0.8453 |  4.496673e+06 |   +6.81% |  2.72e-11 |      
      280 |   0.8175 |  4.742142e+06 |   +5.46% |  4.20e-11 |      
      290 |   0.7885 |  4.920283e+06 |   +3.76% |  6.57e-11 |      
      300 |   0.7564 |  5.114424e+06 |   +3.95% |  1.03e-10 |      
      310 |   0.7247 |  5.276873e+06 |   +3.18% |  1.61e-10 |      
      320 |   0.6897 |  5.258700e+06 |   -0.34% |  2.60e-10 |      
      330 |   0.6508 |  5.272257e+06 |   +0.26% |  4.22e-10 |      
[INFO GPL-0100] Timing-driven iteration 1/2, virtual: false.
[INFO GPL-0101]    Iter: 335, overflow: 0.634, keep resizer changes at: 1, HPWL: 10788336187
Iteration |   Area    | Resized | Buffers | Nets repaired | Remaining
---------------------------------------------------------------------
        0 |     +0.0% |       0 |       0 |             0 |    170283
    final |     +2.1% |    1975 |    6566 |          4129 |         0
---------------------------------------------------------------------
[INFO RSZ-0034] Found 2327 slew violations.
[INFO RSZ-0036] Found 2825 capacitance violations.
[INFO RSZ-0037] Found 1477 long wires.
[INFO RSZ-0039] Resized 1975 instances.
[INFO RSZ-0038] Inserted 6566 buffers in 4129 nets.
   Iter   |    Area   | Removed | Inserted |   Pins
          |           | Buffers | Buffers  | Remaining
-------------------------------------------------------
        0 |     +0.0% |       0 |        0 |    164871
    16400 |     +0.4% |     570 |     2613 |    148471
    32800 |     +1.4% |    2200 |     7820 |    132071
    49200 |     +1.8% |    2637 |    10682 |    115671
    65600 |     +1.9% |    3368 |    12774 |     99271
    82000 |     +2.1% |    3720 |    14364 |     82871
    98400 |     +2.2% |    3896 |    15716 |     66471
   114800 |     +2.4% |    4759 |    18759 |     50071
   131200 |     +2.7% |    5055 |    20789 |     33671
   147600 |     +2.7% |    5835 |    22512 |     17271
   164000 |     +2.8% |    6221 |    23816 |       871
    final |     +2.9% |    6566 |    24762 |         0
-------------------------------------------------------
[INFO GPL-0106] Timing-driven: worst slack -1.53e-09
[INFO GPL-0107] Timing-driven: repair_design delta area: 33996.012 um^2 (+11.15%)
[INFO GPL-0108] Timing-driven: repair_design, gpl delta gcells: 24762 (+17.52%)
[INFO GPL-0109] Timing-driven: repair_design, gcells created: 31328, deleted: 6566
[INFO GPL-0110] Timing-driven: new target density: 0.32175806
Iteration | Overflow |     HPWL (um) |  HPWL(%) |   Penalty | Group
---------------------------------------------------------------
      340 |   0.6062 |  6.218701e+06 |  +17.95% |  5.79e-10 |      
      350 |   0.6122 |  6.186320e+06 |   -0.52% |  9.33e-10 |      
[INFO GPL-0038] Routability snapshot saved at iter = 357
      356 |   0.5982 |  6.195121e+06 |          |           |      
      360 |   0.5851 |  6.224228e+06 |   +0.61% |  1.51e-09 |      
      370 |   0.5414 |  6.276113e+06 |   +0.83% |  2.42e-09 |      
      380 |   0.4954 |  6.340947e+06 |   +1.03% |  3.90e-09 |      
      390 |   0.4627 |  6.409146e+06 |   +1.08% |  6.25e-09 |      
      400 |   0.4193 |  6.516086e+06 |   +1.67% |  9.96e-09 |      
      410 |   0.3818 |  6.553838e+06 |   +0.58% |  1.60e-08 |      
      420 |   0.3469 |  6.569844e+06 |   +0.24% |  2.60e-08 |      
      430 |   0.3178 |  6.551220e+06 |   -0.28% |  3.87e-08 |      
[INFO GPL-0040] Routability iteration: 1
[WARNING GRT-0281] Net clk_i has a large fanout of 20769 terminals.
[INFO GPL-0041] Total routing overflow: 369.1836
[INFO GPL-0042] Number of overflowed tiles: 3482 (1.26%)
[INFO GPL-0043] Average top 0.5% routing congestion: 1.2161
[INFO GPL-0044] Average top 1.0% routing congestion: 1.1311
[INFO GPL-0045] Average top 2.0% routing congestion: 1.0597
[INFO GPL-0046] Average top 5.0% routing congestion: 0.9810
[INFO GPL-0047] Routability iteration weighted routing congestion: 1.1736
[INFO GPL-0048] Routing congestion (1.1736) lower than previous minimum (1e+30). Updating minimum.
[INFO GPL-0051] Inflated area:                2223.560 um^2 (+0.66%)
[INFO GPL-0052] Placement target density:       0.3218
[INFO GPL-0076] Removing fillers, count: Before: 75516, After: 74491 (-1.36%)
[INFO GPL-0077] Filler area (um^2)     : Before: 163796.562, After: 161572.152 (-1.36%)
[INFO GPL-0078] Removed fillers count: 1025, area removed: 2223.241 um^2. Remaining area to be compensated by modifying density: 0.319 um^2
[INFO GPL-0058] White space area:           1562458.198 um^2 (+0.00%)
[INFO GPL-0059] Movable instances area:     502733.505 um^2 (+0.00%)
[INFO GPL-0060] Total filler area:          161572.152 um^2 (-1.36%)
[INFO GPL-0061] Total non-inflated area:    502732.653 um^2 (-0.00%)
[INFO GPL-0062] Total inflated area:        504956.212 um^2 (-0.00%)
[INFO GPL-0063] New Target Density:             0.3218
[INFO GPL-0087] Routability end iteration: increase inflation and revert back to snapshot.
Iteration | Overflow |     HPWL (um) |  HPWL(%) |   Penalty | Group
---------------------------------------------------------------
      440 |   0.5910 |  6.208430e+06 |   -5.23% |  1.41e-09 |      
      450 |   0.5524 |  6.260066e+06 |   +0.83% |  2.06e-09 |      
      460 |   0.5146 |  6.293524e+06 |   +0.53% |  3.02e-09 |      
      470 |   0.4901 |  6.327862e+06 |   +0.55% |  4.42e-09 |      
      480 |   0.4574 |  6.389670e+06 |   +0.98% |  6.44e-09 |      
      490 |   0.4246 |  6.471259e+06 |   +1.28% |  9.35e-09 |      
      500 |   0.3943 |  6.490957e+06 |   +0.30% |  1.37e-08 |      
      510 |   0.3654 |  6.506941e+06 |   +0.25% |  2.01e-08 |      
      520 |   0.3369 |  6.491711e+06 |   -0.23% |  2.97e-08 |      
      530 |   0.3093 |  6.467865e+06 |   -0.37% |  4.37e-08 |      
[INFO GPL-0040] Routability iteration: 2
[INFO GPL-0041] Total routing overflow: 314.1678
[INFO GPL-0042] Number of overflowed tiles: 2976 (1.08%)
[INFO GPL-0043] Average top 0.5% routing congestion: 1.1930
[INFO GPL-0044] Average top 1.0% routing congestion: 1.1133
[INFO GPL-0045] Average top 2.0% routing congestion: 1.0449
[INFO GPL-0046] Average top 5.0% routing congestion: 0.9711
[INFO GPL-0047] Routability iteration weighted routing congestion: 1.1532
[INFO GPL-0048] Routing congestion (1.1532) lower than previous minimum (1.174). Updating minimum.
[INFO GPL-0051] Inflated area:                1838.734 um^2 (+0.54%)
[INFO GPL-0052] Placement target density:       0.3218
[INFO GPL-0076] Removing fillers, count: Before: 74491, After: 73644 (-1.14%)
[INFO GPL-0077] Filler area (um^2)     : Before: 161572.152, After: 159734.996 (-1.14%)
[INFO GPL-0078] Removed fillers count: 847, area removed: 1837.156 um^2. Remaining area to be compensated by modifying density: 1.578 um^2
[INFO GPL-0058] White space area:           1562458.198 um^2 (+0.00%)
[INFO GPL-0059] Movable instances area:     502733.505 um^2 (+0.00%)
[INFO GPL-0060] Total filler area:          159734.996 um^2 (-1.14%)
[INFO GPL-0061] Total non-inflated area:    502734.230 um^2 (+0.00%)
[INFO GPL-0062] Total inflated area:        504572.964 um^2 (+0.00%)
[INFO GPL-0063] New Target Density:             0.3218
[INFO GPL-0087] Routability end iteration: increase inflation and revert back to snapshot.
Iteration | Overflow |     HPWL (um) |  HPWL(%) |   Penalty | Group
---------------------------------------------------------------
      540 |   0.5797 |  6.243279e+06 |   -3.47% |  1.58e-09 |      
      550 |   0.5394 |  6.278042e+06 |   +0.56% |  2.31e-09 |      
      560 |   0.5067 |  6.316438e+06 |   +0.61% |  3.38e-09 |      
      570 |   0.4824 |  6.353061e+06 |   +0.58% |  4.94e-09 |      
      580 |   0.4470 |  6.431297e+06 |   +1.23% |  7.19e-09 |      
      590 |   0.4164 |  6.493459e+06 |   +0.97% |  1.05e-08 |      
      600 |   0.3861 |  6.516569e+06 |   +0.36% |  1.54e-08 |      
      610 |   0.3566 |  6.518654e+06 |   +0.03% |  2.26e-08 |      
      620 |   0.3287 |  6.509265e+06 |   -0.14% |  3.32e-08 |      
      630 |   0.3019 |  6.486308e+06 |   -0.35% |  4.89e-08 |      
[INFO GPL-0040] Routability iteration: 3
[INFO GPL-0041] Total routing overflow: 303.5006
[INFO GPL-0042] Number of overflowed tiles: 2978 (1.08%)
[INFO GPL-0043] Average top 0.5% routing congestion: 1.1888
[INFO GPL-0044] Average top 1.0% routing congestion: 1.1095
[INFO GPL-0045] Average top 2.0% routing congestion: 1.0433
[INFO GPL-0046] Average top 5.0% routing congestion: 0.9706
[INFO GPL-0047] Routability iteration weighted routing congestion: 1.1491
[INFO GPL-0048] Routing congestion (1.1491) lower than previous minimum (1.153). Updating minimum.
[INFO GPL-0051] Inflated area:                1925.219 um^2 (+0.56%)
[INFO GPL-0052] Placement target density:       0.3218
[INFO GPL-0076] Removing fillers, count: Before: 73644, After: 72757 (-1.20%)
[INFO GPL-0077] Filler area (um^2)     : Before: 159734.996, After: 157811.079 (-1.20%)
[INFO GPL-0078] Removed fillers count: 887, area removed: 1923.917 um^2. Remaining area to be compensated by modifying density: 1.303 um^2
[INFO GPL-0058] White space area:           1562458.198 um^2 (+0.00%)
[INFO GPL-0059] Movable instances area:     502733.505 um^2 (+0.00%)
[INFO GPL-0060] Total filler area:          157811.079 um^2 (-1.20%)
[INFO GPL-0061] Total non-inflated area:    502735.533 um^2 (+0.00%)
[INFO GPL-0062] Total inflated area:        504660.752 um^2 (+0.00%)
[INFO GPL-0063] New Target Density:             0.3218
[INFO GPL-0087] Routability end iteration: increase inflation and revert back to snapshot.
Iteration | Overflow |     HPWL (um) |  HPWL(%) |   Penalty | Group
---------------------------------------------------------------
      640 |   0.5678 |  6.263405e+06 |   -3.44% |  1.76e-09 |      
      650 |   0.5280 |  6.297002e+06 |   +0.54% |  2.58e-09 |      
      660 |   0.5008 |  6.336724e+06 |   +0.63% |  3.78e-09 |      
      670 |   0.4738 |  6.379702e+06 |   +0.68% |  5.53e-09 |      
      680 |   0.4382 |  6.469400e+06 |   +1.41% |  8.02e-09 |      
      690 |   0.4076 |  6.507510e+06 |   +0.59% |  1.17e-08 |      
      700 |   0.3787 |  6.536309e+06 |   +0.44% |  1.72e-08 |      
      710 |   0.3504 |  6.523243e+06 |   -0.20% |  2.53e-08 |      
      720 |   0.3220 |  6.509123e+06 |   -0.22% |  3.72e-08 |      
[INFO GPL-0040] Routability iteration: 4
[INFO GPL-0041] Total routing overflow: 275.0709
[INFO GPL-0042] Number of overflowed tiles: 2900 (1.05%)
[INFO GPL-0043] Average top 0.5% routing congestion: 1.1740
[INFO GPL-0044] Average top 1.0% routing congestion: 1.0993
[INFO GPL-0045] Average top 2.0% routing congestion: 1.0378
[INFO GPL-0046] Average top 5.0% routing congestion: 0.9687
[INFO GPL-0047] Routability iteration weighted routing congestion: 1.1367
[INFO GPL-0048] Routing congestion (1.1367) lower than previous minimum (1.149). Updating minimum.
[INFO GPL-0051] Inflated area:                1532.067 um^2 (+0.44%)
[INFO GPL-0052] Placement target density:       0.3218
[INFO GPL-0076] Removing fillers, count: Before: 72757, After: 72051 (-0.97%)
[INFO GPL-0077] Filler area (um^2)     : Before: 157811.079, After: 156279.754 (-0.97%)
[INFO GPL-0078] Removed fillers count: 706, area removed: 1531.325 um^2. Remaining area to be compensated by modifying density: 0.742 um^2
[INFO GPL-0058] White space area:           1562458.198 um^2 (+0.00%)
[INFO GPL-0059] Movable instances area:     502733.505 um^2 (+0.00%)
[INFO GPL-0060] Total filler area:          156279.754 um^2 (-0.97%)
[INFO GPL-0061] Total non-inflated area:    502736.275 um^2 (+0.00%)
[INFO GPL-0062] Total inflated area:        504268.341 um^2 (+0.00%)
[INFO GPL-0063] New Target Density:             0.3218
[INFO GPL-0087] Routability end iteration: increase inflation and revert back to snapshot.
Iteration | Overflow |     HPWL (um) |  HPWL(%) |   Penalty | Group
---------------------------------------------------------------
      730 |   0.5996 |  6.202709e+06 |   -4.71% |  1.36e-09 |      
      740 |   0.5560 |  6.280905e+06 |   +1.26% |  1.97e-09 |      
      750 |   0.5192 |  6.318094e+06 |   +0.59% |  2.89e-09 |      
      760 |   0.4934 |  6.358608e+06 |   +0.64% |  4.23e-09 |      
      770 |   0.4622 |  6.414711e+06 |   +0.88% |  6.17e-09 |      
      780 |   0.4288 |  6.501147e+06 |   +1.35% |  8.95e-09 |      
      790 |   0.3992 |  6.523563e+06 |   +0.34% |  1.31e-08 |      
      800 |   0.3700 |  6.546938e+06 |   +0.36% |  1.92e-08 |      
      810 |   0.3415 |  6.533136e+06 |   -0.21% |  2.83e-08 |      
      820 |   0.3137 |  6.512285e+06 |   -0.32% |  4.17e-08 |      
[INFO GPL-0040] Routability iteration: 5
[INFO GPL-0041] Total routing overflow: 254.3097
[INFO GPL-0042] Number of overflowed tiles: 2677 (0.97%)
[INFO GPL-0043] Average top 0.5% routing congestion: 1.1634
[INFO GPL-0044] Average top 1.0% routing congestion: 1.0919
[INFO GPL-0045] Average top 2.0% routing congestion: 1.0325
[INFO GPL-0046] Average top 5.0% routing congestion: 0.9660
[INFO GPL-0047] Routability iteration weighted routing congestion: 1.1277
[INFO GPL-0048] Routing congestion (1.1277) lower than previous minimum (1.137). Updating minimum.
[INFO GPL-0051] Inflated area:                1358.891 um^2 (+0.39%)
[INFO GPL-0052] Placement target density:       0.3218
[INFO GPL-0076] Removing fillers, count: Before: 72051, After: 71425 (-0.87%)
[INFO GPL-0077] Filler area (um^2)     : Before: 156279.754, After: 154921.950 (-0.87%)
[INFO GPL-0078] Removed fillers count: 626, area removed: 1357.804 um^2. Remaining area to be compensated by modifying density: 1.088 um^2
[INFO GPL-0058] White space area:           1562458.198 um^2 (+0.00%)
[INFO GPL-0059] Movable instances area:     502733.505 um^2 (+0.00%)
[INFO GPL-0060] Total filler area:          154921.950 um^2 (-0.87%)
[INFO GPL-0061] Total non-inflated area:    502737.362 um^2 (+0.00%)
[INFO GPL-0062] Total inflated area:        504096.254 um^2 (+0.00%)
[INFO GPL-0063] New Target Density:             0.3218
[INFO GPL-0087] Routability end iteration: increase inflation and revert back to snapshot.
Iteration | Overflow |     HPWL (um) |  HPWL(%) |   Penalty | Group
---------------------------------------------------------------
      830 |   0.5909 |  6.223336e+06 |   -4.44% |  1.47e-09 |      
      840 |   0.5483 |  6.293017e+06 |   +1.12% |  2.13e-09 |      
      850 |   0.5136 |  6.335625e+06 |   +0.68% |  3.11e-09 |      
      860 |   0.4887 |  6.375566e+06 |   +0.63% |  4.55e-09 |      
      870 |   0.4561 |  6.443350e+06 |   +1.06% |  6.64e-09 |      
      880 |   0.4234 |  6.519233e+06 |   +1.18% |  9.64e-09 |      
      890 |   0.3937 |  6.541240e+06 |   +0.34% |  1.41e-08 |      
      900 |   0.3640 |  6.553613e+06 |   +0.19% |  2.07e-08 |      
      910 |   0.3356 |  6.541756e+06 |   -0.18% |  3.05e-08 |      
      920 |   0.3085 |  6.518048e+06 |   -0.36% |  4.50e-08 |      
[INFO GPL-0040] Routability iteration: 6
[INFO GPL-0041] Total routing overflow: 231.3568
[INFO GPL-0042] Number of overflowed tiles: 2529 (0.91%)
[INFO GPL-0043] Average top 0.5% routing congestion: 1.1532
[INFO GPL-0044] Average top 1.0% routing congestion: 1.0834
[INFO GPL-0045] Average top 2.0% routing congestion: 1.0270
[INFO GPL-0046] Average top 5.0% routing congestion: 0.9638
[INFO GPL-0047] Routability iteration weighted routing congestion: 1.1183
[INFO GPL-0048] Routing congestion (1.1183) lower than previous minimum (1.128). Updating minimum.
[INFO GPL-0051] Inflated area:                1169.102 um^2 (+0.34%)
[INFO GPL-0052] Placement target density:       0.3218
[INFO GPL-0076] Removing fillers, count: Before: 71425, After: 70886 (-0.75%)
[INFO GPL-0077] Filler area (um^2)     : Before: 154921.950, After: 153752.850 (-0.75%)
[INFO GPL-0078] Removed fillers count: 539, area removed: 1169.099 um^2. Remaining area to be compensated by modifying density: 0.003 um^2
[INFO GPL-0058] White space area:           1562458.198 um^2 (+0.00%)
[INFO GPL-0059] Movable instances area:     502733.505 um^2 (+0.00%)
[INFO GPL-0060] Total filler area:          153752.850 um^2 (-0.75%)
[INFO GPL-0061] Total non-inflated area:    502737.365 um^2 (+0.00%)
[INFO GPL-0062] Total inflated area:        503906.468 um^2 (+0.00%)
[INFO GPL-0063] New Target Density:             0.3218
[INFO GPL-0087] Routability end iteration: increase inflation and revert back to snapshot.
Iteration | Overflow |     HPWL (um) |  HPWL(%) |   Penalty | Group
---------------------------------------------------------------
      930 |   0.5811 |  6.257159e+06 |   -4.00% |  1.57e-09 |      
      940 |   0.5395 |  6.308329e+06 |   +0.82% |  2.29e-09 |      
      950 |   0.5082 |  6.351407e+06 |   +0.68% |  3.35e-09 |      
      960 |   0.4836 |  6.391461e+06 |   +0.63% |  4.91e-09 |      
      970 |   0.4500 |  6.472976e+06 |   +1.28% |  7.13e-09 |      
      980 |   0.4173 |  6.533831e+06 |   +0.94% |  1.04e-08 |      
      990 |   0.3876 |  6.560084e+06 |   +0.40% |  1.52e-08 |      
     1000 |   0.3593 |  6.556719e+06 |   -0.05% |  2.24e-08 |      
     1010 |   0.3304 |  6.547477e+06 |   -0.14% |  3.30e-08 |      
     1020 |   0.3040 |  6.525177e+06 |   -0.34% |  4.86e-08 |      
[INFO GPL-0040] Routability iteration: 7
[INFO GPL-0041] Total routing overflow: 231.8600
[INFO GPL-0042] Number of overflowed tiles: 2441 (0.88%)
[INFO GPL-0043] Average top 0.5% routing congestion: 1.1554
[INFO GPL-0044] Average top 1.0% routing congestion: 1.0833
[INFO GPL-0045] Average top 2.0% routing congestion: 1.0265
[INFO GPL-0046] Average top 5.0% routing congestion: 0.9632
[INFO GPL-0047] Routability iteration weighted routing congestion: 1.1194
[INFO GPL-0049] Routing congestion (1.1194) higher than minimum (1.1183). Consecutive non-improvement count: 1.
[INFO GPL-0051] Inflated area:                1107.205 um^2 (+0.32%)
[INFO GPL-0052] Placement target density:       0.3218
[INFO GPL-0076] Removing fillers, count: Before: 70886, After: 70376 (-0.72%)
[INFO GPL-0077] Filler area (um^2)     : Before: 153752.850, After: 152646.652 (-0.72%)
[INFO GPL-0078] Removed fillers count: 510, area removed: 1106.198 um^2. Remaining area to be compensated by modifying density: 1.007 um^2
[INFO GPL-0058] White space area:           1562458.198 um^2 (+0.00%)
[INFO GPL-0059] Movable instances area:     502733.505 um^2 (+0.00%)
[INFO GPL-0060] Total filler area:          152646.652 um^2 (-0.72%)
[INFO GPL-0061] Total non-inflated area:    502738.373 um^2 (+0.00%)
[INFO GPL-0062] Total inflated area:        503845.578 um^2 (+0.00%)
[INFO GPL-0063] New Target Density:             0.3218
[INFO GPL-0087] Routability end iteration: increase inflation and revert back to snapshot.
Iteration | Overflow |     HPWL (um) |  HPWL(%) |   Penalty | Group
---------------------------------------------------------------
     1030 |   0.5725 |  6.277138e+06 |   -3.80% |  1.69e-09 |      
     1040 |   0.5315 |  6.323703e+06 |   +0.74% |  2.47e-09 |      
     1050 |   0.5043 |  6.366257e+06 |   +0.67% |  3.61e-09 |      
     1060 |   0.4771 |  6.408803e+06 |   +0.67% |  5.28e-09 |      
     1070 |   0.4426 |  6.502007e+06 |   +1.45% |  7.67e-09 |      
     1080 |   0.4113 |  6.544770e+06 |   +0.66% |  1.12e-08 |      
     1090 |   0.3819 |  6.574193e+06 |   +0.45% |  1.64e-08 |      
     1100 |   0.3540 |  6.561929e+06 |   -0.19% |  2.41e-08 |      
     1110 |   0.3257 |  6.550322e+06 |   -0.18% |  3.55e-08 |      
     1120 |   0.2995 |  6.530036e+06 |   -0.31% |  5.24e-08 |      
[INFO GPL-0040] Routability iteration: 8
[INFO GPL-0041] Total routing overflow: 244.7600
[INFO GPL-0042] Number of overflowed tiles: 2464 (0.89%)
[INFO GPL-0043] Average top 0.5% routing congestion: 1.1631
[INFO GPL-0044] Average top 1.0% routing congestion: 1.0881
[INFO GPL-0045] Average top 2.0% routing congestion: 1.0292
[INFO GPL-0046] Average top 5.0% routing congestion: 0.9641
[INFO GPL-0047] Routability iteration weighted routing congestion: 1.1256
[INFO GPL-0049] Routing congestion (1.1256) higher than minimum (1.1183). Consecutive non-improvement count: 2.
[INFO GPL-0051] Inflated area:                1161.428 um^2 (+0.33%)
[INFO GPL-0052] Placement target density:       0.3218
[INFO GPL-0076] Removing fillers, count: Before: 70376, After: 69841 (-0.76%)
[INFO GPL-0077] Filler area (um^2)     : Before: 152646.652, After: 151486.229 (-0.76%)
[INFO GPL-0078] Removed fillers count: 535, area removed: 1160.423 um^2. Remaining area to be compensated by modifying density: 1.004 um^2
[INFO GPL-0058] White space area:           1562458.198 um^2 (+0.00%)
[INFO GPL-0059] Movable instances area:     502733.505 um^2 (+0.00%)
[INFO GPL-0060] Total filler area:          151486.229 um^2 (-0.76%)
[INFO GPL-0061] Total non-inflated area:    502739.377 um^2 (+0.00%)
[INFO GPL-0062] Total inflated area:        503900.804 um^2 (+0.00%)
[INFO GPL-0063] New Target Density:             0.3218
[INFO GPL-0087] Routability end iteration: increase inflation and revert back to snapshot.
Iteration | Overflow |     HPWL (um) |  HPWL(%) |   Penalty | Group
---------------------------------------------------------------
     1130 |   0.5632 |  6.292708e+06 |   -3.63% |  1.82e-09 |      
     1140 |   0.5246 |  6.337913e+06 |   +0.72% |  2.66e-09 |      
     1150 |   0.4996 |  6.381337e+06 |   +0.69% |  3.89e-09 |      
     1160 |   0.4702 |  6.432172e+06 |   +0.80% |  5.69e-09 |      
     1170 |   0.4361 |  6.525646e+06 |   +1.45% |  8.24e-09 |      
     1180 |   0.4065 |  6.555591e+06 |   +0.46% |  1.21e-08 |      
     1190 |   0.3764 |  6.584604e+06 |   +0.44% |  1.77e-08 |      
     1200 |   0.3492 |  6.567297e+06 |   -0.26% |  2.60e-08 |      
     1210 |   0.3208 |  6.550089e+06 |   -0.26% |  3.83e-08 |      
[INFO GPL-0040] Routability iteration: 9
[INFO GPL-0041] Total routing overflow: 242.4989
[INFO GPL-0042] Number of overflowed tiles: 2373 (0.86%)
[INFO GPL-0043] Average top 0.5% routing congestion: 1.1632
[INFO GPL-0044] Average top 1.0% routing congestion: 1.0870
[INFO GPL-0045] Average top 2.0% routing congestion: 1.0278
[INFO GPL-0046] Average top 5.0% routing congestion: 0.9632
[INFO GPL-0047] Routability iteration weighted routing congestion: 1.1251
[INFO GPL-0049] Routing congestion (1.1251) higher than minimum (1.1183). Consecutive non-improvement count: 3.
[INFO GPL-0051] Inflated area:                1159.851 um^2 (+0.33%)
[INFO GPL-0052] Placement target density:       0.3218
[INFO GPL-0076] Removing fillers, count: Before: 69841, After: 69307 (-0.76%)
[INFO GPL-0077] Filler area (um^2)     : Before: 151486.229, After: 150327.975 (-0.76%)
[INFO GPL-0078] Removed fillers count: 534, area removed: 1158.254 um^2. Remaining area to be compensated by modifying density: 1.597 um^2
[INFO GPL-0054] No improvement in routing congestion for 3 consecutive iterations (limit is 3).
[INFO GPL-0055] Reverting inflation values and target density from the iteration with minimum observed routing congestion.
[INFO GPL-0056] Minimum observed routing congestion: 1.1183
[INFO GPL-0057] Target density at minimum routing congestion: 0.3218
[INFO GPL-0080] Restoring 2118 previously removed fillers.
[INFO GPL-0081] Number of fillers before restoration 69307 and after 71425 . Relative change: +3.06%%
[INFO GPL-0082] Total filler area before restoration 150327.97 and after 154921.95 (um^2). Relative change: +3.06%%
[INFO GPL-0089] Routability finished. Reverting to minimal observed routing congestion, could not reach target.
Iteration | Overflow |     HPWL (um) |  HPWL(%) |   Penalty | Group
---------------------------------------------------------------
     1220 |   0.5948 |  6.201227e+06 |   -5.33% |  1.36e-09 |      
     1230 |   0.5530 |  6.276700e+06 |   +1.22% |  1.98e-09 |      
     1240 |   0.5164 |  6.318897e+06 |   +0.67% |  2.89e-09 |      
     1250 |   0.4904 |  6.363686e+06 |   +0.71% |  4.23e-09 |      
     1260 |   0.4598 |  6.421277e+06 |   +0.90% |  6.17e-09 |      
     1270 |   0.4259 |  6.510036e+06 |   +1.38% |  8.95e-09 |      
     1280 |   0.3971 |  6.532290e+06 |   +0.34% |  1.31e-08 |      
     1290 |   0.3670 |  6.557592e+06 |   +0.39% |  1.92e-08 |      
     1300 |   0.3394 |  6.542083e+06 |   -0.24% |  2.83e-08 |      
     1310 |   0.3110 |  6.521501e+06 |   -0.31% |  4.17e-08 |      
     1320 |   0.2856 |  6.499256e+06 |   -0.34% |  6.14e-08 |      
     1330 |   0.2600 |  6.472111e+06 |   -0.42% |  9.05e-08 |      
     1340 |   0.2360 |  6.448736e+06 |   -0.36% |  1.33e-07 |      
     1350 |   0.2117 |  6.429643e+06 |   -0.30% |  1.96e-07 |      
[INFO GPL-0100] Timing-driven iteration 2/2, virtual: false.
[INFO GPL-0101]    Iter: 1359, overflow: 0.193, keep resizer changes at: 1, HPWL: 12837650069
Iteration |   Area    | Resized | Buffers | Nets repaired | Remaining
---------------------------------------------------------------------
        0 |     +0.0% |       0 |       0 |             0 |    195045
    final |     +0.3% |      51 |    1348 |          1339 |         0
---------------------------------------------------------------------
[INFO RSZ-0034] Found 86 slew violations.
[INFO RSZ-0036] Found 590 capacitance violations.
[INFO RSZ-0037] Found 743 long wires.
[INFO RSZ-0039] Resized 51 instances.
[INFO RSZ-0038] Inserted 1348 buffers in 1339 nets.
   Iter   |    Area   | Removed | Inserted |   Pins
          |           | Buffers | Buffers  | Remaining
-------------------------------------------------------
        0 |     +0.0% |       0 |        0 |    164871
    16400 |     -0.0% |    2619 |     2455 |    148471
    32800 |     -0.3% |    8154 |     7326 |    132071
    49200 |     -0.4% |   11076 |     9691 |    115671
    65600 |     -0.4% |   13334 |    12021 |     99271
    82000 |     -0.4% |   15008 |    13611 |     82871
    98400 |     -0.5% |   16410 |    14814 |     66471
   114800 |     -0.4% |   19593 |    18395 |     50071
   131200 |     -0.4% |   21647 |    20477 |     33671
   147600 |     -0.5% |   23660 |    22506 |     17271
   164000 |     -0.5% |   25090 |    23892 |       871
    final |     -0.5% |   26113 |    25118 |         0
-------------------------------------------------------
[INFO GPL-0106] Timing-driven: worst slack -1.22e-09
[INFO GPL-0107] Timing-driven: repair_design delta area: -2289.053 um^2 (-0.65%)
[INFO GPL-0108] Timing-driven: repair_design, gpl delta gcells: 353 (+0.21%)
[INFO GPL-0109] Timing-driven: repair_design, gcells created: 26466, deleted: 26113
[INFO GPL-0110] Timing-driven: new target density: 0.3224957
Iteration | Overflow |     HPWL (um) |  HPWL(%) |   Penalty | Group
---------------------------------------------------------------
     1360 |   0.2145 |  6.611837e+06 |   +2.83% |  2.79e-07 |      
     1370 |   0.1760 |  6.589558e+06 |   -0.34% |  3.93e-07 |      
     1380 |   0.1560 |  6.512063e+06 |   -1.18% |  5.79e-07 |      
     1390 |   0.1376 |  6.474114e+06 |   -0.58% |  8.53e-07 |      
     1400 |   0.1210 |  6.451762e+06 |   -0.35% |  1.26e-06 |      
     1410 |   0.1060 |  6.439625e+06 |   -0.19% |  1.85e-06 |      
     1415 |   0.0991 |  6.435713e+06 |          |  2.33e-06 |      
---------------------------------------------------------------
[INFO GPL-1001] Global placement finished at iteration 1415
[INFO GPL-1003] Routability mode iteration count: 949
[INFO GPL-1005] Routability final weighted congestion: 1.1689
[INFO GPL-1002] Placed Cell Area            345526.3596
[INFO GPL-1003] Available Free Area         1562458.1980
[INFO GPL-1004] Minimum Feasible Density        0.2000 (cell_area / free_area)
[INFO GPL-1006]   Suggested Target Densities:
[INFO GPL-1007]     - For 90% usage of free space: 0.2457
[INFO GPL-1008]     - For 80% usage of free space: 0.2764
[INFO GPL-1009]     - For 50% usage of free space: 0.4423
[INFO GPL-1011] Original area (um^2): 304940.93
[INFO GPL-1012] Total routability artificial inflation: 8878.47 (+2.91%)
[INFO GPL-1013] Total timing-driven delta area: 31706.96 (+10.40%)
[INFO GPL-1014] Final placement area: 345526.36 (+13.31%)
Took 576 seconds: global_placement -density 0.3 -pad_left 0 -pad_right 0 -routability_driven -timing_driven -force_center_initial_place -min_phi_coef 0.95 -max_phi_coef 1.05
estimate_parasitics -placement
Took 5 seconds: estimate_parasitics -placement
Report metrics stage 3, global place...

==========================================================================
global place report_design_area
--------------------------------------------------------------------------
Design area 730961 um^2 35% utilization.
write_db ./results/nangate45/archgen/base/3_3_place_gp.odb
Elapsed time: 10:18.27[h:]min:sec. CPU time: user 1878.87 sys 336.90 (358%). Peak memory: 2265420KB.
Log                       Ext     Elapsed/s Peak Memory/MB sha1sum result [0:20)
3_3_place_gp              .odb          618           2212 b20afaf814ff9ae36166
