OpenROAD dcf36133a369abc8f3c5e5738cd4d82e4903c0e0 
Features included (+) or not (-): +GPU +GUI +Python
This program is licensed under the BSD-3 license. See the LICENSE file for details.
Components of this program may be licensed under more restrictive licenses which must be honored.
[INFO ORD-0030] Using 8 thread(s).
read_liberty /home/kiran/OpenROAD-flow-scripts/flow/platforms/nangate45/lib/NangateOpenCellLibrary_typical.lib
read_liberty /home/kiran/OpenROAD-flow-scripts/flow/platforms/nangate45/lib/fakeram45_256x16.lib
read_db ./results/nangate45/archgen/base/3_3_place_gp.odb
read_sdc ./results/nangate45/archgen/base/2_floorplan.sdc
source /home/kiran/OpenROAD-flow-scripts/flow/platforms/nangate45/setRC.tcl
estimate_parasitics -placement
Took 7 seconds: estimate_parasitics -placement
Perform buffer insertion and gate resizing...
repair_design -verbose
Iteration |   Area    | Resized | Buffers | Nets repaired | Remaining
---------------------------------------------------------------------
        0 |     +0.0% |       0 |       0 |             0 |    189791
     1000 |     +0.0% |       0 |       0 |             0 |    188791
     2000 |     +0.0% |       0 |       0 |             0 |    187791
     3000 |     +0.0% |       0 |       0 |             0 |    186791
     4000 |     +0.0% |       0 |       0 |             0 |    185791
     5000 |     +0.0% |       0 |       0 |             0 |    184791
     6000 |     +0.0% |       0 |       0 |             0 |    183791
     7000 |     +0.0% |       0 |       0 |             0 |    182791
     8000 |     +0.0% |       0 |       0 |             0 |    181791
     9000 |     +0.0% |       0 |       0 |             0 |    180791
    10000 |     +0.0% |       0 |       0 |             0 |    179791
    11000 |     +0.0% |       0 |       0 |             0 |    178791
    12000 |     +0.0% |       0 |       0 |             0 |    177791
    13000 |     +0.0% |       0 |       0 |             0 |    176791
    14000 |     +0.0% |       0 |       0 |             0 |    175791
    15000 |     +0.0% |       0 |       0 |             0 |    174791
    16000 |     +0.0% |       0 |       0 |             0 |    173791
    17000 |     +0.0% |       0 |       0 |             0 |    172791
    18000 |     +0.0% |       0 |       0 |             0 |    171791
    19000 |     +0.0% |       0 |       0 |             0 |    170791
    20000 |     +0.0% |       0 |       0 |             0 |    169791
    21000 |     +0.0% |       0 |       1 |             1 |    168791
    22000 |     +0.0% |       0 |       1 |             1 |    167791
    23000 |     +0.0% |       0 |       1 |             1 |    166791
    24000 |     +0.0% |       0 |       1 |             1 |    165791
    25000 |     +0.0% |       0 |       1 |             1 |    164791
    26000 |     +0.0% |       0 |       2 |             2 |    163791
    27000 |     +0.0% |       0 |       2 |             2 |    162791
    28000 |     +0.0% |       0 |       2 |             2 |    161791
    29000 |     +0.0% |       0 |       2 |             2 |    160791
    30000 |     +0.0% |       0 |       2 |             2 |    159791
    31000 |     +0.0% |       0 |       2 |             2 |    158791
    32000 |     +0.0% |       0 |       2 |             2 |    157791
    33000 |     +0.0% |       0 |       2 |             2 |    156791
    34000 |     +0.0% |       0 |       2 |             2 |    155791
    35000 |     +0.0% |       0 |       2 |             2 |    154791
    36000 |     +0.0% |       0 |       2 |             2 |    153791
    37000 |     +0.0% |       0 |       2 |             2 |    152791
    38000 |     +0.0% |       0 |       2 |             2 |    151791
    39000 |     +0.0% |       0 |       2 |             2 |    150791
    40000 |     +0.0% |       0 |       2 |             2 |    149791
    41000 |     +0.0% |       0 |       3 |             3 |    148791
    42000 |     +0.0% |       0 |       5 |             5 |    147791
    43000 |     +0.0% |       0 |       6 |             6 |    146791
    44000 |     +0.0% |       0 |       6 |             6 |    145791
    45000 |     +0.0% |       0 |       6 |             6 |    144791
    46000 |     +0.0% |       0 |       6 |             6 |    143791
    47000 |     +0.0% |       0 |       6 |             6 |    142791
    48000 |     +0.0% |       0 |       6 |             6 |    141791
    49000 |     +0.0% |       0 |       6 |             6 |    140791
    50000 |     +0.0% |       0 |       6 |             6 |    139791
    51000 |     +0.0% |       0 |       6 |             6 |    138791
    52000 |     +0.0% |       0 |       6 |             6 |    137791
    53000 |     +0.0% |       0 |       6 |             6 |    136791
    54000 |     +0.0% |       0 |       9 |             9 |    135791
    55000 |     +0.0% |       0 |       9 |             9 |    134791
    56000 |     +0.0% |       0 |       9 |             9 |    133791
    57000 |     +0.0% |       0 |       9 |             9 |    132791
    58000 |     +0.0% |       0 |       9 |             9 |    131791
    59000 |     +0.0% |       0 |       9 |             9 |    130791
    60000 |     +0.0% |       0 |       9 |             9 |    129791
    61000 |     +0.0% |       0 |       9 |             9 |    128791
    62000 |     +0.0% |       0 |       9 |             9 |    127791
    63000 |     +0.0% |       0 |       9 |             9 |    126791
    64000 |     +0.0% |       0 |       9 |             9 |    125791
    65000 |     +0.0% |       0 |       9 |             9 |    124791
    66000 |     +0.0% |       0 |       9 |             9 |    123791
    67000 |     +0.0% |       0 |      10 |            10 |    122791
    68000 |     +0.0% |       0 |      11 |            11 |    121791
    69000 |     +0.0% |       0 |      11 |            11 |    120791
    70000 |     +0.0% |       0 |      11 |            11 |    119791
    71000 |     +0.0% |       0 |      11 |            11 |    118791
    72000 |     +0.0% |       0 |      11 |            11 |    117791
    73000 |     +0.0% |       0 |      11 |            11 |    116791
    74000 |     +0.0% |       0 |      11 |            11 |    115791
    75000 |     +0.0% |       0 |      11 |            11 |    114791
    76000 |     +0.0% |       0 |      11 |            11 |    113791
    77000 |     +0.0% |       0 |      11 |            11 |    112791
    78000 |     +0.0% |       0 |      11 |            11 |    111791
    79000 |     +0.0% |       0 |      11 |            11 |    110791
    80000 |     +0.0% |       0 |      11 |            11 |    109791
    81000 |     +0.0% |       0 |      11 |            11 |    108791
    82000 |     +0.0% |       0 |      11 |            11 |    107791
    83000 |     +0.0% |       0 |      11 |            11 |    106791
    84000 |     +0.0% |       0 |      11 |            11 |    105791
    85000 |     +0.0% |       0 |      11 |            11 |    104791
    86000 |     +0.0% |       0 |      11 |            11 |    103791
    87000 |     +0.0% |       0 |      11 |            11 |    102791
    88000 |     +0.0% |       0 |      11 |            11 |    101791
    89000 |     +0.0% |       0 |      11 |            11 |    100791
    90000 |     +0.0% |       0 |      11 |            11 |     99791
    91000 |     +0.0% |       0 |      11 |            11 |     98791
    92000 |     +0.0% |       0 |      11 |            11 |     97791
    93000 |     +0.0% |       0 |      11 |            11 |     96791
    94000 |     +0.0% |       0 |      11 |            11 |     95791
    95000 |     +0.0% |       0 |      12 |            12 |     94791
    96000 |     +0.0% |       0 |      12 |            12 |     93791
    97000 |     +0.0% |       0 |      13 |            13 |     92791
    98000 |     +0.0% |       0 |      13 |            13 |     91791
    99000 |     +0.0% |       0 |      13 |            13 |     90791
   100000 |     +0.0% |       0 |      13 |            13 |     89791
   101000 |     +0.0% |       0 |      13 |            13 |     88791
   102000 |     +0.0% |       0 |      13 |            13 |     87791
   103000 |     +0.0% |       0 |      13 |            13 |     86791
   104000 |     +0.0% |       0 |      13 |            13 |     85791
   105000 |     +0.0% |       0 |      13 |            13 |     84791
   106000 |     +0.0% |       0 |      13 |            13 |     83791
   107000 |     +0.0% |       0 |      13 |            13 |     82791
   108000 |     +0.0% |       0 |      13 |            13 |     81791
   109000 |     +0.0% |       0 |      13 |            13 |     80791
   110000 |     +0.0% |       0 |      13 |            13 |     79791
   111000 |     +0.0% |       0 |      13 |            13 |     78791
   112000 |     +0.0% |       0 |      13 |            13 |     77791
   113000 |     +0.0% |       0 |      13 |            13 |     76791
   114000 |     +0.0% |       0 |      13 |            13 |     75791
   115000 |     +0.0% |       0 |      13 |            13 |     74791
   116000 |     +0.0% |       0 |      13 |            13 |     73791
   117000 |     +0.0% |       0 |      13 |            13 |     72791
   118000 |     +0.0% |       0 |      13 |            13 |     71791
   119000 |     +0.0% |       0 |      13 |            13 |     70791
   120000 |     +0.0% |       0 |      13 |            13 |     69791
   121000 |     +0.0% |       0 |      14 |            14 |     68791
   122000 |     +0.0% |       0 |      14 |            14 |     67791
   123000 |     +0.0% |       0 |      14 |            14 |     66791
   124000 |     +0.0% |       0 |      14 |            14 |     65791
   125000 |     +0.0% |       0 |      14 |            14 |     64791
   126000 |     +0.0% |       0 |      15 |            15 |     63791
   127000 |     +0.0% |       0 |      15 |            15 |     62791
   128000 |     +0.0% |       0 |      15 |            15 |     61791
   129000 |     +0.0% |       0 |      15 |            15 |     60791
   130000 |     +0.0% |       0 |      15 |            15 |     59791
   131000 |     +0.0% |       0 |      15 |            15 |     58791
   132000 |     +0.0% |       0 |      15 |            15 |     57791
   133000 |     +0.0% |       0 |      15 |            15 |     56791
   134000 |     +0.0% |       0 |      16 |            16 |     55791
   135000 |     +0.0% |       0 |      16 |            16 |     54791
   136000 |     +0.0% |       0 |      16 |            16 |     53791
   137000 |     +0.0% |       0 |      16 |            16 |     52791
   138000 |     +0.0% |       0 |      16 |            16 |     51791
   139000 |     +0.0% |       0 |      16 |            16 |     50791
   140000 |     +0.0% |       0 |      16 |            16 |     49791
   141000 |     +0.0% |       0 |      16 |            16 |     48791
   142000 |     +0.0% |       0 |      16 |            16 |     47791
   143000 |     +0.0% |       0 |      16 |            16 |     46791
   144000 |     +0.0% |       0 |      16 |            16 |     45791
   145000 |     +0.0% |       0 |      16 |            16 |     44791
   146000 |     +0.0% |       0 |      16 |            16 |     43791
   147000 |     +0.0% |       0 |      16 |            16 |     42791
   148000 |     +0.0% |       0 |      16 |            16 |     41791
   149000 |     +0.0% |       0 |      16 |            16 |     40791
   150000 |     +0.0% |       0 |      16 |            16 |     39791
   151000 |     +0.0% |       0 |      16 |            16 |     38791
   152000 |     +0.0% |       0 |      16 |            16 |     37791
   153000 |     +0.0% |       0 |      16 |            16 |     36791
   154000 |     +0.0% |       0 |      16 |            16 |     35791
   155000 |     +0.0% |       0 |      16 |            16 |     34791
   156000 |     +0.0% |       0 |      16 |            16 |     33791
   157000 |     +0.0% |       0 |      16 |            16 |     32791
   158000 |     +0.0% |       0 |      16 |            16 |     31791
   159000 |     +0.0% |       0 |      16 |            16 |     30791
   160000 |     +0.0% |       0 |      16 |            16 |     29791
   161000 |     +0.0% |       0 |      16 |            16 |     28791
   162000 |     +0.0% |       0 |      16 |            16 |     27791
   163000 |     +0.0% |       0 |      16 |            16 |     26791
   164000 |     +0.0% |       0 |      16 |            16 |     25791
   165000 |     +0.0% |       0 |      16 |            16 |     24791
   166000 |     +0.0% |       0 |      16 |            16 |     23791
   167000 |     +0.0% |       0 |      16 |            16 |     22791
   168000 |     +0.0% |       0 |      16 |            16 |     21791
   169000 |     +0.0% |       0 |      16 |            16 |     20791
   170000 |     +0.0% |       0 |      16 |            16 |     19791
   171000 |     +0.0% |       0 |      16 |            16 |     18791
   172000 |     +0.0% |       0 |      16 |            16 |     17791
   173000 |     +0.0% |       0 |      16 |            16 |     16791
   174000 |     +0.0% |       0 |      16 |            16 |     15791
   175000 |     +0.0% |       0 |      16 |            16 |     14791
   176000 |     +0.0% |       0 |      16 |            16 |     13791
   177000 |     +0.0% |       0 |      16 |            16 |     12791
   178000 |     +0.0% |       0 |      16 |            16 |     11791
   179000 |     +0.0% |       0 |      16 |            16 |     10791
   180000 |     +0.0% |       0 |      16 |            16 |      9791
   181000 |     +0.0% |       0 |      16 |            16 |      8791
   182000 |     +0.0% |       0 |      16 |            16 |      7791
   183000 |     +0.0% |       0 |      16 |            16 |      6791
   184000 |     +0.0% |       0 |      16 |            16 |      5791
   185000 |     +0.0% |       0 |      16 |            16 |      4791
   186000 |     +0.0% |       0 |      16 |            16 |      3791
   187000 |     +0.0% |       0 |      16 |            16 |      2791
   188000 |     +0.0% |       0 |      16 |            16 |      1791
   189000 |     +0.0% |       0 |      16 |            16 |       791
    final |     +0.0% |       0 |      16 |            16 |         0
---------------------------------------------------------------------
[INFO RSZ-0036] Found 16 capacitance violations.
[INFO RSZ-0038] Inserted 16 buffers in 16 nets.
Took 14 seconds: repair_design -verbose
Repair setup and hold violations...
estimate_parasitics -placement
Took 6 seconds: estimate_parasitics -placement
repair_timing -repair_tns 100 -verbose
[INFO RSZ-0100] Repair move sequence: UnbufferMove SizeUpMove SwapPinsMove BufferMove CloneMove SplitLoadMove 
[INFO RSZ-0094] Found 3637 endpoints with setup violations.
[INFO RSZ-0099] Repairing 3637 out of 3637 (100.00%) violating endpoints...
   Iter   | Removed | Resized | Inserted | Cloned |  Pin  |   Area   |    WNS   |   TNS      |  Viol  | Worst
          | Buffers |  Gates  | Buffers  |  Gates | Swaps |          |          |            | Endpts | Endpt
--------------------------------------------------------------------------------------------------------------
        0 |       0 |       0 |        0 |      0 |     0 |    +0.0% |   -1.068 |    -3003.7 |   3637 | issue_stage_i.i_scoreboard/mem_q[547]$_DFF_PN0_/D
       10 |       0 |       5 |        0 |      1 |     3 |    +0.0% |   -1.025 |    -2890.2 |   3637 | issue_stage_i.i_scoreboard/mem_q[182]$_DFF_PN0_/D
       20 |       0 |      11 |        3 |      1 |     5 |    +0.0% |   -1.013 |    -2863.6 |   3637 | issue_stage_i.i_scoreboard/mem_q[182]$_DFF_PN0_/D
       30 |       0 |      16 |        5 |      2 |     7 |    +0.0% |   -0.995 |    -2811.5 |   3637 | issue_stage_i.i_scoreboard/mem_q[915]$_DFF_PN0_/D
       40 |       0 |      20 |        7 |      2 |    12 |    +0.0% |   -1.018 |    -2884.8 |   3637 | issue_stage_i.i_scoreboard/mem_q[139]$_DFF_PN0_/D
       50 |       0 |      26 |        7 |      2 |    16 |    +0.0% |   -1.027 |    -2943.4 |   3637 | issue_stage_i.i_scoreboard/mem_q[915]$_DFF_PN0_/D
       60 |       0 |      33 |        7 |      2 |    19 |    +0.0% |   -1.020 |    -2915.9 |   3637 | issue_stage_i.i_scoreboard/mem_q[915]$_DFF_PN0_/D
       70 |       0 |      37 |       12 |      3 |    20 |    +0.0% |   -1.005 |    -2867.6 |   3637 | issue_stage_i.i_scoreboard/mem_q[915]$_DFF_PN0_/D
       80 |       0 |      44 |       14 |      3 |    22 |    +0.0% |   -1.009 |    -2888.5 |   3637 | issue_stage_i.i_scoreboard/mem_q[909]$_DFF_PN0_/D
       87 |       0 |      20 |        5 |      2 |    10 |    +0.0% |   -0.988 |    -2808.1 |   3637 | issue_stage_i.i_scoreboard/mem_q[1593]$_DFF_PN0_/D
       90 |       0 |      22 |        5 |      2 |    10 |    +0.0% |   -0.990 |    -2808.5 |   3637 | issue_stage_i.i_scoreboard/mem_q[139]$_DFF_PN0_/D
      100 |       0 |      27 |       10 |      2 |    11 |    +0.0% |   -0.988 |    -2783.4 |   3637 | issue_stage_i.i_scoreboard/mem_q[1593]$_DFF_PN0_/D
      110 |       0 |      36 |       10 |      2 |    12 |    +0.0% |   -0.992 |    -2796.2 |   3637 | issue_stage_i.i_scoreboard/mem_q[1593]$_DFF_PN0_/D
      120 |       0 |      43 |       11 |      2 |    14 |    +0.0% |   -0.997 |    -2803.5 |   3637 | issue_stage_i.i_scoreboard/mem_q[1593]$_DFF_PN0_/D
      130 |       0 |      49 |       14 |      4 |    14 |    +0.0% |   -0.978 |    -2741.2 |   3637 | issue_stage_i.i_scoreboard/mem_q[1593]$_DFF_PN0_/D
      140 |       0 |      55 |       18 |      6 |    14 |    +0.0% |   -0.978 |    -2737.0 |   3637 | issue_stage_i.i_scoreboard/mem_q[1593]$_DFF_PN0_/D
      150 |       0 |      63 |       19 |      6 |    15 |    +0.0% |   -0.967 |    -2698.6 |   3637 | issue_stage_i.i_scoreboard/mem_q[1593]$_DFF_PN0_/D
      160 |       0 |      69 |       21 |      6 |    17 |    +0.0% |   -0.964 |    -2690.2 |   3637 | issue_stage_i.i_scoreboard/mem_q[1593]$_DFF_PN0_/D
      170 |       0 |      74 |       21 |      6 |    22 |    +0.0% |   -0.983 |    -2753.0 |   3637 | issue_stage_i.i_scoreboard/mem_q[1593]$_DFF_PN0_/D
      180 |       0 |      81 |       23 |      6 |    23 |    +0.0% |   -0.977 |    -2735.4 |   3637 | issue_stage_i.i_scoreboard/mem_q[1593]$_DFF_PN0_/D
      190 |       0 |      88 |       23 |      6 |    26 |    +0.0% |   -0.971 |    -2716.8 |   3637 | issue_stage_i.i_scoreboard/mem_q[1593]$_DFF_PN0_/D
      200 |       0 |      97 |       23 |      6 |    27 |    +0.0% |   -0.982 |    -2750.1 |   3637 | issue_stage_i.i_scoreboard/mem_q[1593]$_DFF_PN0_/D
      208 |       0 |      68 |       21 |      6 |    16 |    +0.0% |   -0.963 |    -2686.2 |   3637 | issue_stage_i.i_scoreboard/mem_q[1593]$_DFF_PN0_/D
      210 |       0 |      69 |       21 |      6 |    16 |    +0.0% |   -0.964 |    -2690.2 |   3637 | issue_stage_i.i_scoreboard/mem_q[1593]$_DFF_PN0_/D
      220 |       0 |      75 |       22 |      6 |    19 |    +0.0% |   -0.987 |    -2768.7 |   3637 | issue_stage_i.i_scoreboard/mem_q[1593]$_DFF_PN0_/D
      230 |       0 |      82 |       24 |      6 |    20 |    +0.0% |   -0.982 |    -2749.6 |   3637 | issue_stage_i.i_scoreboard/mem_q[1593]$_DFF_PN0_/D
      240 |       0 |      91 |       24 |      6 |    21 |    +0.0% |   -0.975 |    -2724.5 |   3637 | issue_stage_i.i_scoreboard/mem_q[1593]$_DFF_PN0_/D
      250 |       0 |      99 |       25 |      6 |    22 |    +0.0% |   -0.968 |    -2704.5 |   3637 | issue_stage_i.i_scoreboard/mem_q[1593]$_DFF_PN0_/D
      260 |       0 |     104 |       25 |      7 |    26 |    +0.0% |   -0.970 |    -2710.7 |   3637 | issue_stage_i.i_scoreboard/mem_q[1593]$_DFF_PN0_/D
      270 |       0 |     112 |       27 |      7 |    27 |    +0.0% |   -0.980 |    -2741.4 |   3637 | issue_stage_i.i_scoreboard/mem_q[1593]$_DFF_PN0_/D
      280 |       0 |     118 |       28 |      7 |    30 |    +0.0% |   -0.979 |    -2735.6 |   3637 | issue_stage_i.i_scoreboard/mem_q[1593]$_DFF_PN0_/D
      290 |       0 |     123 |       29 |      7 |    34 |    +0.0% |   -0.987 |    -2765.8 |   3637 | issue_stage_i.i_scoreboard/mem_q[1593]$_DFF_PN0_/D
      300 |       0 |     131 |       29 |      7 |    36 |    +0.0% |   -0.973 |    -2718.0 |   3637 | issue_stage_i.i_scoreboard/mem_q[1593]$_DFF_PN0_/D
      303 |       0 |     102 |       25 |      6 |    22 |    +0.0% |   -0.963 |    -2688.4 |   3637 | issue_stage_i.i_scoreboard/mem_q[1593]$_DFF_PN0_/D
      310 |       0 |     105 |       27 |      7 |    23 |    +0.0% |   -0.966 |    -2697.8 |   3637 | issue_stage_i.i_scoreboard/mem_q[1593]$_DFF_PN0_/D
      320 |       0 |     115 |       27 |      7 |    23 |    +0.0% |   -0.964 |    -2690.6 |   3637 | issue_stage_i.i_scoreboard/mem_q[1593]$_DFF_PN0_/D
      330 |       1 |     122 |       27 |      7 |    25 |    +0.0% |   -0.961 |    -2684.3 |   3637 | issue_stage_i.i_scoreboard/mem_q[1593]$_DFF_PN0_/D
      340 |       1 |     131 |       28 |      7 |    25 |    +0.0% |   -0.956 |    -2666.8 |   3637 | issue_stage_i.i_scoreboard/mem_q[1593]$_DFF_PN0_/D
      350 |       1 |     138 |       29 |      7 |    27 |    +0.0% |   -0.973 |    -2725.8 |   3637 | issue_stage_i.i_scoreboard/mem_q[1593]$_DFF_PN0_/D
      360 |       1 |     142 |       31 |      7 |    31 |    +0.0% |   -0.977 |    -2736.2 |   3637 | issue_stage_i.i_scoreboard/mem_q[1593]$_DFF_PN0_/D
      368 |       1 |     120 |       27 |      7 |    25 |    +0.0% |   -0.956 |    -2666.8 |   3637 | issue_stage_i.i_scoreboard/mem_q[1593]$_DFF_PN0_/D
      370 |       1 |     120 |       27 |      7 |    26 |    +0.0% |   -0.956 |    -2666.7 |   3637 | issue_stage_i.i_scoreboard/mem_q[1593]$_DFF_PN0_/D
      380 |       1 |     130 |       27 |      7 |    26 |    +0.0% |   -0.956 |    -2669.3 |   3637 | issue_stage_i.i_scoreboard/mem_q[1593]$_DFF_PN0_/D
      390 |       1 |     135 |       32 |      7 |    27 |    +0.0% |   -0.954 |    -2665.9 |   3637 | issue_stage_i.i_scoreboard/mem_q[1593]$_DFF_PN0_/D
      392 |       1 |     136 |       32 |      7 |    27 |    +0.0% |   -0.954 |    -2664.9 |   3637 | issue_stage_i.i_scoreboard/mem_q[1593]$_DFF_PN0_/D
      396 |       1 |     136 |       32 |      7 |    27 |    +0.0% |   -0.954 |    -2664.9 |   3637 | issue_stage_i.i_scoreboard/mem_q[1593]$_DFF_PN0_/D
      400 |       1 |     137 |       32 |      7 |    29 |    +0.0% |   -0.954 |    -2664.9 |   3637 | issue_stage_i.i_scoreboard/mem_q[1593]$_DFF_PN0_/D
      404 |       1 |     137 |       32 |      7 |    29 |    +0.0% |   -0.954 |    -2664.9 |   3637 | issue_stage_i.i_scoreboard/mem_q[1593]$_DFF_PN0_/D
      410 |       1 |     139 |       32 |      8 |    31 |    +0.0% |   -0.954 |    -2665.1 |   3637 | issue_stage_i.i_scoreboard/mem_q[1593]$_DFF_PN0_/D
      411 |       1 |     137 |       32 |      7 |    29 |    +0.0% |   -0.954 |    -2664.9 |   3637 | issue_stage_i.i_scoreboard/mem_q[1593]$_DFF_PN0_/D
      418 |       1 |     137 |       32 |      7 |    29 |    +0.0% |   -0.954 |    -2664.9 |   3637 | issue_stage_i.i_scoreboard/mem_q[1593]$_DFF_PN0_/D
      420 |       1 |     137 |       32 |      7 |    30 |    +0.0% |   -0.954 |    -2664.9 |   3637 | issue_stage_i.i_scoreboard/mem_q[1593]$_DFF_PN0_/D
      430 |       1 |     144 |       33 |      7 |    32 |    +0.0% |   -0.954 |    -2664.7 |   3637 | issue_stage_i.i_scoreboard/mem_q[1593]$_DFF_PN0_/D
      432 |       1 |     138 |       32 |      7 |    32 |    +0.0% |   -0.954 |    -2664.2 |   3637 | issue_stage_i.i_scoreboard/mem_q[1593]$_DFF_PN0_/D
      440 |       1 |     141 |       35 |      7 |    33 |    +0.0% |   -0.961 |    -2665.0 |   3637 | issue_stage_i.i_scoreboard/mem_q[2005]$_DFF_PN0_/D
      450 |       1 |     147 |       37 |      9 |    33 |    +0.0% |   -0.958 |    -2668.4 |   3637 | issue_stage_i.i_scoreboard/mem_q[2005]$_DFF_PN0_/D
      456 |       1 |     140 |       33 |      7 |    33 |    +0.0% |   -0.954 |    -2664.4 |   3637 | issue_stage_i.i_scoreboard/mem_q[1593]$_DFF_PN0_/D
      460 |       1 |     142 |       33 |      7 |    34 |    +0.0% |   -0.954 |    -2664.4 |   3637 | issue_stage_i.i_scoreboard/mem_q[1593]$_DFF_PN0_/D
      469 |       1 |     148 |       33 |      8 |    35 |    +0.0% |   -0.954 |    -2664.5 |   3637 | issue_stage_i.i_scoreboard/mem_q[1593]$_DFF_PN0_/D
      470 |       1 |     148 |       33 |      8 |    35 |    +0.0% |   -0.954 |    -2664.5 |   3637 | issue_stage_i.i_scoreboard/mem_q[1593]$_DFF_PN0_/D
      480 |       1 |     155 |       33 |      9 |    37 |    +0.0% |   -0.954 |    -2665.0 |   3637 | issue_stage_i.i_scoreboard/mem_q[1593]$_DFF_PN0_/D
      480 |       1 |     151 |       33 |      8 |    37 |    +0.0% |   -0.954 |    -2664.9 |   3637 | issue_stage_i.i_scoreboard/mem_q[1593]$_DFF_PN0_/D
      489 |       1 |     151 |       33 |      8 |    39 |    +0.0% |   -0.954 |    -2664.9 |   3637 | issue_stage_i.i_scoreboard/mem_q[1593]$_DFF_PN0_/D
      490 |       1 |     151 |       33 |      8 |    39 |    +0.0% |   -0.954 |    -2664.9 |   3637 | issue_stage_i.i_scoreboard/mem_q[1593]$_DFF_PN0_/D
      495 |       1 |     151 |       33 |      8 |    39 |    +0.0% |   -0.954 |    -2664.9 |   3637 | issue_stage_i.i_scoreboard/mem_q[1593]$_DFF_PN0_/D
      500 |       1 |     153 |       33 |      8 |    41 |    +0.0% |   -0.954 |    -2665.1 |   3637 | issue_stage_i.i_scoreboard/mem_q[1593]$_DFF_PN0_/D
      500 |       1 |     153 |       33 |      8 |    41 |    +0.0% |   -0.954 |    -2665.1 |   3637 | issue_stage_i.i_scoreboard/mem_q[1593]$_DFF_PN0_/D
      507 |       1 |     153 |       33 |      8 |    41 |    +0.0% |   -0.954 |    -2665.1 |   3637 | issue_stage_i.i_scoreboard/mem_q[1593]$_DFF_PN0_/D
      510 |       1 |     153 |       33 |      9 |    42 |    +0.0% |   -0.954 |    -2665.1 |   3637 | issue_stage_i.i_scoreboard/mem_q[1593]$_DFF_PN0_/D
      516 |       1 |     158 |       33 |      9 |    43 |    +0.0% |   -0.954 |    -2665.2 |   3637 | issue_stage_i.i_scoreboard/mem_q[1593]$_DFF_PN0_/D
      520 |       1 |     159 |       33 |      9 |    45 |    +0.0% |   -0.954 |    -2665.1 |   3637 | issue_stage_i.i_scoreboard/mem_q[1593]$_DFF_PN0_/D
      520 |       1 |     159 |       33 |      9 |    45 |    +0.0% |   -0.954 |    -2665.1 |   3637 | issue_stage_i.i_scoreboard/mem_q[1593]$_DFF_PN0_/D
      530 |       1 |     165 |       34 |      9 |    47 |    +0.0% |   -0.954 |    -2664.9 |   3637 | issue_stage_i.i_scoreboard/mem_q[1593]$_DFF_PN0_/D
      540 |       1 |     171 |       35 |      9 |    50 |    +0.0% |   -0.954 |    -2648.1 |   3637 | issue_stage_i.i_scoreboard/mem_q[1593]$_DFF_PN0_/D
      550 |       1 |     176 |       38 |      9 |    52 |    +0.0% |   -0.949 |    -2685.2 |   3637 | issue_stage_i.i_scoreboard/mem_q[1593]$_DFF_PN0_/D
      560 |       1 |     184 |       40 |      9 |    52 |    +0.0% |   -0.961 |    -2704.4 |   3637 | issue_stage_i.i_scoreboard/mem_q[1593]$_DFF_PN0_/D
      570 |       1 |     189 |       42 |      9 |    55 |    +0.0% |   -0.956 |    -2686.4 |   3637 | issue_stage_i.i_scoreboard/mem_q[1593]$_DFF_PN0_/D
      580 |       1 |     196 |       43 |     10 |    56 |    +0.0% |   -0.954 |    -2679.9 |   3637 | issue_stage_i.i_scoreboard/mem_q[1593]$_DFF_PN0_/D
      590 |       1 |     202 |       46 |     11 |    57 |    +0.0% |   -0.953 |    -2674.5 |   3637 | issue_stage_i.i_scoreboard/mem_q[1593]$_DFF_PN0_/D
      597 |       1 |     178 |       39 |      9 |    52 |    +0.0% |   -0.949 |    -2676.2 |   3637 | issue_stage_i.i_scoreboard/mem_q[1593]$_DFF_PN0_/D
      600 |       1 |     178 |       40 |      9 |    53 |    +0.0% |   -0.948 |    -2672.5 |   3637 | issue_stage_i.i_scoreboard/mem_q[1593]$_DFF_PN0_/D
      610 |       1 |     187 |       41 |      9 |    53 |    +0.0% |   -0.951 |    -2682.8 |   3637 | issue_stage_i.i_scoreboard/mem_q[1593]$_DFF_PN0_/D
      616 |       1 |     179 |       40 |      9 |    53 |    +0.0% |   -0.947 |    -2671.1 |   3637 | issue_stage_i.i_scoreboard/mem_q[1593]$_DFF_PN0_/D
      620 |       1 |     182 |       40 |      9 |    53 |    +0.0% |   -0.947 |    -2670.1 |   3637 | issue_stage_i.i_scoreboard/mem_q[1593]$_DFF_PN0_/D
      630 |       1 |     189 |       44 |      9 |    54 |    +0.0% |   -0.956 |    -2690.6 |   3637 | issue_stage_i.i_scoreboard/mem_q[1593]$_DFF_PN0_/D
      640 |       1 |     194 |       47 |     11 |    55 |    +0.0% |   -0.956 |    -2682.4 |   3637 | issue_stage_i.i_scoreboard/mem_q[1996]$_DFF_PN0_/D
      645 |       1 |     182 |       40 |      9 |    53 |    +0.0% |   -0.947 |    -2670.1 |   3637 | issue_stage_i.i_scoreboard/mem_q[1593]$_DFF_PN0_/D
      650 |       1 |     186 |       40 |      9 |    53 |    +0.0% |   -0.959 |    -2707.6 |   3637 | issue_stage_i.i_scoreboard/mem_q[1593]$_DFF_PN0_/D
      660 |       1 |     193 |       44 |      9 |    54 |    +0.0% |   -0.958 |    -2683.5 |   3637 | issue_stage_i.i_scoreboard/mem_q[1996]$_DFF_PN0_/D
      670 |       1 |     195 |       50 |     12 |    55 |    +0.0% |   -0.959 |    -2683.9 |   3637 | issue_stage_i.i_scoreboard/mem_q[541]$_DFF_PN0_/D
      671 |       1 |     182 |       40 |      9 |    53 |    +0.0% |   -0.947 |    -2670.1 |   3637 | issue_stage_i.i_scoreboard/mem_q[1593]$_DFF_PN0_/D
      680 |       1 |     189 |       43 |      9 |    53 |    +0.0% |   -0.959 |    -2707.5 |   3637 | issue_stage_i.i_scoreboard/mem_q[1593]$_DFF_PN0_/D
      690 |       1 |     196 |       46 |      9 |    54 |    +0.0% |   -0.955 |    -2680.3 |   3637 | issue_stage_i.i_scoreboard/mem_q[1996]$_DFF_PN0_/D
      699 |       1 |     182 |       40 |      9 |    53 |    +0.0% |   -0.947 |    -2670.1 |   3637 | issue_stage_i.i_scoreboard/mem_q[1593]$_DFF_PN0_/D
      700 |       1 |     182 |       40 |      9 |    53 |    +0.0% |   -0.947 |    -2670.1 |   3637 | issue_stage_i.i_scoreboard/mem_q[1593]$_DFF_PN0_/D
      710 |       1 |     188 |       45 |      9 |    54 |    +0.0% |   -0.958 |    -2698.0 |   3637 | issue_stage_i.i_scoreboard/mem_q[1593]$_DFF_PN0_/D
      720 |       1 |     197 |       47 |      9 |    54 |    +0.0% |   -0.953 |    -2680.1 |   3637 | issue_stage_i.i_scoreboard/mem_q[1593]$_DFF_PN0_/D
      724 |       1 |     183 |       43 |      9 |    53 |    +0.0% |   -0.947 |    -2670.1 |   3637 | issue_stage_i.i_scoreboard/mem_q[1593]$_DFF_PN0_/D
      730 |       1 |     186 |       44 |      9 |    54 |    +0.0% |   -0.956 |    -2697.2 |   3637 | issue_stage_i.i_scoreboard/mem_q[1593]$_DFF_PN0_/D
      740 |       1 |     194 |       47 |      9 |    54 |    +0.0% |   -0.951 |    -2680.1 |   3637 | issue_stage_i.i_scoreboard/mem_q[541]$_DFF_PN0_/D
      742 |       1 |     183 |       43 |      9 |    53 |    +0.0% |   -0.947 |    -2670.1 |   3637 | issue_stage_i.i_scoreboard/mem_q[1593]$_DFF_PN0_/D
      750 |       1 |     188 |       44 |      9 |    54 |    +0.0% |   -0.961 |    -2708.2 |   3637 | issue_stage_i.i_scoreboard/mem_q[1593]$_DFF_PN0_/D
      760 |       1 |     196 |       47 |      9 |    54 |    +0.0% |   -0.953 |    -2680.1 |   3637 | issue_stage_i.i_scoreboard/mem_q[1593]$_DFF_PN0_/D
      761 |       1 |     183 |       43 |      9 |    53 |    +0.0% |   -0.947 |    -2670.1 |   3637 | issue_stage_i.i_scoreboard/mem_q[1593]$_DFF_PN0_/D
      770 |       1 |     189 |       44 |      9 |    54 |    +0.0% |   -0.954 |    -2689.9 |   3637 | issue_stage_i.i_scoreboard/mem_q[1593]$_DFF_PN0_/D
      778 |       1 |     183 |       43 |      9 |    53 |    +0.0% |   -0.947 |    -2670.1 |   3637 | issue_stage_i.i_scoreboard/mem_q[1593]$_DFF_PN0_/D
      780 |       1 |     184 |       43 |      9 |    53 |    +0.0% |   -0.957 |    -2703.1 |   3637 | issue_stage_i.i_scoreboard/mem_q[1593]$_DFF_PN0_/D
      790 |       1 |     192 |       44 |      9 |    54 |    +0.0% |   -0.951 |    -2681.4 |   3637 | issue_stage_i.i_scoreboard/mem_q[1593]$_DFF_PN0_/D
      796 |       1 |     183 |       43 |      9 |    53 |    +0.0% |   -0.947 |    -2670.1 |   3637 | issue_stage_i.i_scoreboard/mem_q[1593]$_DFF_PN0_/D
      800 |       1 |     186 |       43 |      9 |    53 |    +0.0% |   -0.959 |    -2707.6 |   3637 | issue_stage_i.i_scoreboard/mem_q[1593]$_DFF_PN0_/D
      810 |       1 |     193 |       45 |      9 |    54 |    +0.0% |   -0.954 |    -2682.1 |   3637 | issue_stage_i.i_scoreboard/mem_q[1593]$_DFF_PN0_/D
      812 |       1 |     183 |       43 |      9 |    53 |    +0.0% |   -0.947 |    -2670.1 |   3637 | issue_stage_i.i_scoreboard/mem_q[1593]$_DFF_PN0_/D
      820 |       1 |     189 |       43 |      9 |    54 |    +0.0% |   -0.961 |    -2708.2 |   3637 | issue_stage_i.i_scoreboard/mem_q[1593]$_DFF_PN0_/D
      830 |       1 |     197 |       46 |      9 |    54 |    +0.0% |   -0.955 |    -2680.9 |   3637 | issue_stage_i.i_scoreboard/mem_q[1996]$_DFF_PN0_/D
      836 |       1 |     184 |       43 |      9 |    53 |    +0.0% |   -0.947 |    -2670.1 |   3637 | issue_stage_i.i_scoreboard/mem_q[1593]$_DFF_PN0_/D
      840 |       1 |     187 |       43 |      9 |    53 |    +0.0% |   -0.959 |    -2707.6 |   3637 | issue_stage_i.i_scoreboard/mem_q[1593]$_DFF_PN0_/D
      850 |       1 |     194 |       46 |      9 |    54 |    +0.0% |   -0.953 |    -2680.0 |   3637 | issue_stage_i.i_scoreboard/mem_q[1593]$_DFF_PN0_/D
      851 |       1 |     184 |       43 |      9 |    53 |    +0.0% |   -0.947 |    -2670.1 |   3637 | issue_stage_i.i_scoreboard/mem_q[1593]$_DFF_PN0_/D
      860 |       1 |     189 |       45 |      9 |    54 |    +0.0% |   -0.958 |    -2697.9 |   3637 | issue_stage_i.i_scoreboard/mem_q[1593]$_DFF_PN0_/D
      870 |       1 |     196 |       47 |     11 |    54 |    +0.0% |   -0.953 |    -2680.1 |   3637 | issue_stage_i.i_scoreboard/mem_q[1593]$_DFF_PN0_/D
      875 |       1 |     184 |       43 |      9 |    53 |    +0.0% |   -0.947 |    -2670.1 |   3637 | issue_stage_i.i_scoreboard/mem_q[1593]$_DFF_PN0_/D
      880 |       1 |     188 |       43 |      9 |    53 |    +0.0% |   -0.959 |    -2707.6 |   3637 | issue_stage_i.i_scoreboard/mem_q[1593]$_DFF_PN0_/D
      890 |       1 |     194 |       47 |      9 |    54 |    +0.0% |   -0.953 |    -2680.1 |   3637 | issue_stage_i.i_scoreboard/mem_q[1593]$_DFF_PN0_/D
      891 |       1 |     184 |       43 |      9 |    53 |    +0.0% |   -0.947 |    -2670.1 |   3637 | issue_stage_i.i_scoreboard/mem_q[1593]$_DFF_PN0_/D
      900 |       1 |     190 |       44 |      9 |    54 |    +0.0% |   -0.956 |    -2691.5 |   3637 | issue_stage_i.i_scoreboard/mem_q[1593]$_DFF_PN0_/D
      910 |       1 |     197 |       48 |      9 |    54 |    +0.0% |   -0.965 |    -2688.0 |   3637 | issue_stage_i.i_scoreboard/mem_q[1593]$_DFF_PN0_/D
      920 |       1 |     200 |       56 |      9 |    55 |    +0.0% |   -0.967 |    -2688.9 |   3637 | issue_stage_i.i_scoreboard/mem_q[1593]$_DFF_PN0_/D
      930 |       1 |     207 |       57 |     11 |    55 |    +0.1% |   -0.967 |    -2688.7 |   3637 | issue_stage_i.i_scoreboard/mem_q[1593]$_DFF_PN0_/D
      934 |       1 |     184 |       43 |      9 |    53 |    +0.0% |   -0.947 |    -2670.1 |   3637 | issue_stage_i.i_scoreboard/mem_q[1593]$_DFF_PN0_/D
      940 |       1 |     188 |       43 |      9 |    54 |    +0.0% |   -0.959 |    -2707.5 |   3637 | issue_stage_i.i_scoreboard/mem_q[1593]$_DFF_PN0_/D
      950 |       1 |     194 |       47 |     10 |    54 |    +0.0% |   -0.953 |    -2680.1 |   3637 | issue_stage_i.i_scoreboard/mem_q[1593]$_DFF_PN0_/D
      960 |       1 |     202 |       47 |     11 |    55 |    +0.0% |   -0.958 |    -2681.2 |   3637 | issue_stage_i.i_scoreboard/mem_q[1996]$_DFF_PN0_/D
      961 |       1 |     184 |       43 |      9 |    53 |    +0.0% |   -0.947 |    -2670.1 |   3637 | issue_stage_i.i_scoreboard/mem_q[1593]$_DFF_PN0_/D
      970 |       1 |     191 |       43 |      9 |    54 |    +0.0% |   -0.959 |    -2707.4 |   3637 | issue_stage_i.i_scoreboard/mem_q[1593]$_DFF_PN0_/D
      980 |       1 |     199 |       45 |      9 |    54 |    +0.0% |   -0.956 |    -2685.3 |   3637 | issue_stage_i.i_scoreboard/mem_q[1593]$_DFF_PN0_/D
      990 |       1 |     207 |       45 |     10 |    55 |    +0.0% |   -0.954 |    -2674.2 |   3637 | issue_stage_i.i_scoreboard/mem_q[1593]$_DFF_PN0_/D
     1000 |       1 |     213 |       50 |     11 |    55 |    +0.0% |   -0.953 |    -2672.5 |   3637 | issue_stage_i.i_scoreboard/mem_q[1593]$_DFF_PN0_/D
     1007 |       1 |     185 |       43 |      9 |    53 |    +0.0% |   -0.947 |    -2670.1 |   3637 | issue_stage_i.i_scoreboard/mem_q[1593]$_DFF_PN0_/D
     1010 |       1 |     187 |       43 |      9 |    53 |    +0.0% |   -0.947 |    -2670.0 |   3637 | issue_stage_i.i_scoreboard/mem_q[1593]$_DFF_PN0_/D
     1020 |       1 |     195 |       44 |      9 |    54 |    +0.0% |   -0.961 |    -2690.6 |   3637 | issue_stage_i.i_scoreboard/mem_q[1996]$_DFF_PN0_/D
     1030 |       1 |     201 |       52 |     10 |    54 |    +0.0% |   -0.962 |    -2683.1 |   3637 | issue_stage_i.i_scoreboard/mem_q[504]$_DFF_PN0_/D
     1032 |       1 |     187 |       43 |      9 |    53 |    +0.0% |   -0.947 |    -2670.0 |   3637 | issue_stage_i.i_scoreboard/mem_q[1593]$_DFF_PN0_/D
     1040 |       1 |     189 |       46 |      9 |    55 |    +0.0% |   -0.947 |    -2670.1 |   3637 | issue_stage_i.i_scoreboard/mem_q[1593]$_DFF_PN0_/D
     1050 |       1 |     195 |       48 |      9 |    58 |    +0.0% |   -0.958 |    -2703.1 |   3637 | issue_stage_i.i_scoreboard/mem_q[1593]$_DFF_PN0_/D
     1060 |       1 |     203 |       49 |     10 |    58 |    +0.0% |   -0.959 |    -2707.7 |   3637 | issue_stage_i.i_scoreboard/mem_q[1593]$_DFF_PN0_/D
     1070 |       1 |     210 |       50 |     10 |    60 |    +0.0% |   -0.951 |    -2681.5 |   3637 | issue_stage_i.i_scoreboard/mem_q[1593]$_DFF_PN0_/D
     1080 |       1 |     216 |       54 |     11 |    60 |    +0.1% |   -0.951 |    -2680.1 |   3637 | issue_stage_i.i_scoreboard/mem_q[1593]$_DFF_PN0_/D
     1081 |       1 |     190 |       46 |      9 |    55 |    +0.0% |   -0.947 |    -2670.0 |   3637 | issue_stage_i.i_scoreboard/mem_q[1593]$_DFF_PN0_/D
     1090 |       1 |     197 |       46 |      9 |    56 |    +0.0% |   -0.959 |    -2706.4 |   3637 | issue_stage_i.i_scoreboard/mem_q[1593]$_DFF_PN0_/D
     1100 |       1 |     204 |       48 |     10 |    56 |    +0.0% |   -0.956 |    -2685.3 |   3637 | issue_stage_i.i_scoreboard/mem_q[1593]$_DFF_PN0_/D
     1100 |       1 |     190 |       46 |      9 |    55 |    +0.0% |   -0.947 |    -2670.0 |   3637 | issue_stage_i.i_scoreboard/mem_q[1593]$_DFF_PN0_/D
     1110 |       1 |     196 |       48 |      9 |    56 |    +0.0% |   -0.956 |    -2691.3 |   3637 | issue_stage_i.i_scoreboard/mem_q[1593]$_DFF_PN0_/D
     1117 |       1 |     190 |       46 |      9 |    55 |    +0.0% |   -0.947 |    -2670.0 |   3637 | issue_stage_i.i_scoreboard/mem_q[1593]$_DFF_PN0_/D
     1120 |       1 |     192 |       46 |      9 |    55 |    +0.0% |   -0.962 |    -2719.0 |   3637 | issue_stage_i.i_scoreboard/mem_q[1593]$_DFF_PN0_/D
     1130 |       1 |     199 |       48 |      9 |    56 |    +0.0% |   -0.960 |    -2690.5 |   3637 | issue_stage_i.i_scoreboard/mem_q[1996]$_DFF_PN0_/D
     1140 |       1 |     204 |       54 |     10 |    56 |    +0.0% |   -0.965 |    -2686.5 |   3637 | issue_stage_i.i_scoreboard/mem_q[504]$_DFF_PN0_/D
     1149 |       1 |     190 |       46 |      9 |    55 |    +0.0% |   -0.947 |    -2670.0 |   3637 | issue_stage_i.i_scoreboard/mem_q[1593]$_DFF_PN0_/D
     1150 |       1 |     190 |       46 |      9 |    55 |    +0.0% |   -0.947 |    -2670.0 |   3637 | issue_stage_i.i_scoreboard/mem_q[1593]$_DFF_PN0_/D
     1160 |       1 |     198 |       47 |      9 |    56 |    +0.0% |   -0.956 |    -2686.8 |   3637 | issue_stage_i.i_scoreboard/mem_q[1593]$_DFF_PN0_/D
     1170 |       1 |     206 |       49 |      9 |    56 |    +0.0% |   -0.956 |    -2685.0 |   3637 | issue_stage_i.i_scoreboard/mem_q[1593]$_DFF_PN0_/D
     1180 |       2 |     215 |       49 |      9 |    56 |    +0.0% |   -0.956 |    -2665.9 |   3637 | issue_stage_i.i_scoreboard/mem_q[1593]$_DFF_PN0_/D
     1190 |       2 |     220 |       51 |     12 |    56 |    +0.1% |   -0.954 |    -2661.0 |   3637 | issue_stage_i.i_scoreboard/mem_q[1593]$_DFF_PN0_/D
     1200 |       2 |     228 |       54 |     12 |    56 |    +0.1% |   -0.956 |    -2642.3 |   3637 | issue_stage_i.i_scoreboard/mem_q[1593]$_DFF_PN0_/D
     1200 |       1 |     190 |       46 |      9 |    55 |    +0.0% |   -0.947 |    -2670.0 |   3637 | issue_stage_i.i_scoreboard/mem_q[1593]$_DFF_PN0_/D
     1210 |       1 |     197 |       47 |      9 |    56 |    +0.0% |   -0.958 |    -2693.1 |   3637 | issue_stage_i.i_scoreboard/mem_q[1593]$_DFF_PN0_/D
     1220 |       1 |     205 |       49 |      9 |    56 |    +0.0% |   -0.956 |    -2685.0 |   3637 | issue_stage_i.i_scoreboard/mem_q[1593]$_DFF_PN0_/D
     1230 |       1 |     214 |       50 |      9 |    56 |    +0.0% |   -0.956 |    -2691.3 |   3637 | issue_stage_i.i_scoreboard/mem_q[1593]$_DFF_PN0_/D
     1240 |       1 |     221 |       50 |     11 |    57 |    +0.0% |   -0.956 |    -2676.8 |   3637 | issue_stage_i.i_scoreboard/mem_q[1593]$_DFF_PN0_/D
     1249 |       1 |     190 |       46 |      9 |    55 |    +0.0% |   -0.947 |    -2670.0 |   3637 | issue_stage_i.i_scoreboard/mem_q[1593]$_DFF_PN0_/D
     1250 |       1 |     190 |       46 |      9 |    55 |    +0.0% |   -0.947 |    -2670.0 |   3637 | issue_stage_i.i_scoreboard/mem_q[1593]$_DFF_PN0_/D
     1260 |       1 |     199 |       46 |      9 |    56 |    +0.0% |   -0.961 |    -2707.1 |   3637 | issue_stage_i.i_scoreboard/mem_q[1593]$_DFF_PN0_/D
     1270 |       1 |     206 |       48 |     10 |    56 |    +0.0% |   -0.956 |    -2685.4 |   3637 | issue_stage_i.i_scoreboard/mem_q[1593]$_DFF_PN0_/D
     1280 |       1 |     214 |       51 |     10 |    56 |    +0.0% |   -0.953 |    -2674.7 |   3637 | issue_stage_i.i_scoreboard/mem_q[1593]$_DFF_PN0_/D
     1290 |       1 |     222 |       52 |     11 |    56 |    +0.1% |   -0.956 |    -2667.9 |   3637 | issue_stage_i.i_scoreboard/mem_q[1593]$_DFF_PN0_/D
     1292 |       1 |     190 |       46 |      9 |    55 |    +0.0% |   -0.947 |    -2670.0 |   3637 | issue_stage_i.i_scoreboard/mem_q[1593]$_DFF_PN0_/D
     1300 |       1 |     196 |       46 |      9 |    56 |    +0.0% |   -0.959 |    -2707.3 |   3637 | issue_stage_i.i_scoreboard/mem_q[1593]$_DFF_PN0_/D
     1300 |       1 |     190 |       46 |      9 |    55 |    +0.0% |   -0.947 |    -2670.0 |   3637 | issue_stage_i.i_scoreboard/mem_q[1593]$_DFF_PN0_/D
     1310 |       1 |     196 |       48 |      9 |    56 |    +0.0% |   -0.956 |    -2691.3 |   3637 | issue_stage_i.i_scoreboard/mem_q[1593]$_DFF_PN0_/D
     1317 |       1 |     190 |       46 |      9 |    55 |    +0.0% |   -0.947 |    -2670.0 |   3637 | issue_stage_i.i_scoreboard/mem_q[1593]$_DFF_PN0_/D
     1320 |       1 |     192 |       46 |      9 |    55 |    +0.0% |   -0.962 |    -2719.0 |   3637 | issue_stage_i.i_scoreboard/mem_q[1593]$_DFF_PN0_/D
     1330 |       1 |     200 |       47 |      9 |    56 |    +0.0% |   -0.958 |    -2692.2 |   3637 | issue_stage_i.i_scoreboard/mem_q[1593]$_DFF_PN0_/D
     1340 |       1 |     208 |       48 |     10 |    56 |    +0.0% |   -0.956 |    -2685.3 |   3637 | issue_stage_i.i_scoreboard/mem_q[1593]$_DFF_PN0_/D
     1350 |       1 |     215 |       51 |     11 |    56 |    +0.0% |   -0.953 |    -2674.8 |   3637 | issue_stage_i.i_scoreboard/mem_q[1593]$_DFF_PN0_/D
     1360 |       1 |     223 |       52 |     12 |    56 |    +0.1% |   -0.956 |    -2667.8 |   3637 | issue_stage_i.i_scoreboard/mem_q[1593]$_DFF_PN0_/D
     1362 |       1 |     190 |       46 |      9 |    55 |    +0.0% |   -0.947 |    -2670.0 |   3637 | issue_stage_i.i_scoreboard/mem_q[1593]$_DFF_PN0_/D
     1370 |       1 |     195 |       47 |      9 |    56 |    +0.0% |   -0.954 |    -2689.7 |   3637 | issue_stage_i.i_scoreboard/mem_q[1593]$_DFF_PN0_/D
     1380 |       1 |     201 |       50 |     10 |    57 |    +0.0% |   -0.950 |    -2679.8 |   3637 | issue_stage_i.i_scoreboard/mem_q[1593]$_DFF_PN0_/D
     1380 |       1 |     190 |       46 |      9 |    55 |    +0.0% |   -0.947 |    -2670.0 |   3637 | issue_stage_i.i_scoreboard/mem_q[1593]$_DFF_PN0_/D
     1390 |       1 |     196 |       48 |      9 |    56 |    +0.0% |   -0.958 |    -2697.7 |   3637 | issue_stage_i.i_scoreboard/mem_q[1593]$_DFF_PN0_/D
     1400 |       1 |     204 |       51 |      9 |    56 |    +0.0% |   -0.955 |    -2681.5 |   3637 | issue_stage_i.i_scoreboard/mem_q[1996]$_DFF_PN0_/D
     1401 |       1 |     190 |       46 |      9 |    55 |    +0.0% |   -0.947 |    -2670.0 |   3637 | issue_stage_i.i_scoreboard/mem_q[1593]$_DFF_PN0_/D
     1410 |       1 |     197 |       46 |      9 |    56 |    +0.0% |   -0.959 |    -2706.4 |   3637 | issue_stage_i.i_scoreboard/mem_q[1593]$_DFF_PN0_/D
     1420 |       1 |     204 |       48 |     10 |    56 |    +0.0% |   -0.956 |    -2685.3 |   3637 | issue_stage_i.i_scoreboard/mem_q[1593]$_DFF_PN0_/D
     1430 |       1 |     213 |       49 |     10 |    56 |    +0.0% |   -0.954 |    -2676.6 |   3637 | issue_stage_i.i_scoreboard/mem_q[1593]$_DFF_PN0_/D
     1440 |       1 |     221 |       51 |     11 |    56 |    +0.1% |   -0.956 |    -2667.8 |   3637 | issue_stage_i.i_scoreboard/mem_q[1593]$_DFF_PN0_/D
     1445 |       1 |     190 |       46 |      9 |    55 |    +0.0% |   -0.947 |    -2670.0 |   3637 | issue_stage_i.i_scoreboard/mem_q[1593]$_DFF_PN0_/D
     1450 |       1 |     194 |       46 |      9 |    55 |    +0.0% |   -0.959 |    -2707.4 |   3637 | issue_stage_i.i_scoreboard/mem_q[1593]$_DFF_PN0_/D
     1460 |       1 |     201 |       48 |      9 |    56 |    +0.0% |   -0.957 |    -2685.3 |   3637 | issue_stage_i.i_scoreboard/mem_q[1996]$_DFF_PN0_/D
     1469 |       1 |     190 |       46 |      9 |    55 |    +0.0% |   -0.947 |    -2670.0 |   3637 | issue_stage_i.i_scoreboard/mem_q[1593]$_DFF_PN0_/D
     1470 |       1 |     190 |       46 |      9 |    55 |    +0.0% |   -0.947 |    -2670.0 |   3637 | issue_stage_i.i_scoreboard/mem_q[1593]$_DFF_PN0_/D
     1480 |       1 |     198 |       47 |      9 |    56 |    +0.0% |   -0.956 |    -2686.8 |   3637 | issue_stage_i.i_scoreboard/mem_q[1593]$_DFF_PN0_/D
     1490 |       1 |     206 |       49 |      9 |    56 |    +0.0% |   -0.956 |    -2685.0 |   3637 | issue_stage_i.i_scoreboard/mem_q[1593]$_DFF_PN0_/D
     1500 |       1 |     216 |       49 |      9 |    56 |    +0.0% |   -0.956 |    -2683.0 |   3637 | issue_stage_i.i_scoreboard/mem_q[1593]$_DFF_PN0_/D
     1500 |       1 |     190 |       46 |      9 |    55 |    +0.0% |   -0.947 |    -2670.0 |   3637 | issue_stage_i.i_scoreboard/mem_q[1593]$_DFF_PN0_/D
     1510 |       1 |     196 |       48 |      9 |    56 |    +0.0% |   -0.956 |    -2691.3 |   3637 | issue_stage_i.i_scoreboard/mem_q[1593]$_DFF_PN0_/D
     1520 |       1 |     203 |       50 |     11 |    56 |    +0.0% |   -0.953 |    -2679.8 |   3637 | issue_stage_i.i_scoreboard/mem_q[1593]$_DFF_PN0_/D
     1530 |       1 |     207 |       58 |     11 |    57 |    +0.1% |   -0.972 |    -2686.2 |   3637 | issue_stage_i.i_scoreboard/mem_q[2005]$_DFF_PN0_/D
     1540 |       2 |     213 |       60 |     11 |    58 |    +0.1% |   -0.970 |    -2693.4 |   3637 | issue_stage_i.i_scoreboard/mem_q[2005]$_DFF_PN0_/D
     1550 |       2 |     219 |       64 |     13 |    58 |    +0.1% |   -0.970 |    -2691.2 |   3637 | issue_stage_i.i_scoreboard/mem_q[2005]$_DFF_PN0_/D
     1551 |       1 |     190 |       46 |      9 |    55 |    +0.0% |   -0.947 |    -2670.0 |   3637 | issue_stage_i.i_scoreboard/mem_q[1593]$_DFF_PN0_/D
     1560 |       1 |     197 |       46 |      9 |    56 |    +0.0% |   -0.961 |    -2707.9 |   3637 | issue_stage_i.i_scoreboard/mem_q[1593]$_DFF_PN0_/D
     1570 |       1 |     204 |       48 |     10 |    56 |    +0.0% |   -0.956 |    -2685.3 |   3637 | issue_stage_i.i_scoreboard/mem_q[1593]$_DFF_PN0_/D
     1580 |       1 |     213 |       50 |     10 |    56 |    +0.0% |   -0.953 |    -2674.5 |   3637 | issue_stage_i.i_scoreboard/mem_q[1593]$_DFF_PN0_/D
     1590 |       1 |     221 |       51 |     11 |    56 |    +0.0% |   -0.953 |    -2672.1 |   3637 | issue_stage_i.i_scoreboard/mem_q[1593]$_DFF_PN0_/D
     1599 |       1 |     190 |       46 |      9 |    55 |    +0.0% |   -0.947 |    -2670.0 |   3637 | issue_stage_i.i_scoreboard/mem_q[1593]$_DFF_PN0_/D
     1600 |       1 |     190 |       46 |      9 |    55 |    +0.0% |   -0.947 |    -2670.0 |   3637 | issue_stage_i.i_scoreboard/mem_q[1593]$_DFF_PN0_/D
     1610 |       2 |     197 |       47 |      9 |    56 |    +0.0% |   -0.956 |    -2690.2 |   3637 | issue_stage_i.i_scoreboard/mem_q[1593]$_DFF_PN0_/D
     1620 |       2 |     202 |       54 |     10 |    56 |    +0.0% |   -0.995 |    -2689.6 |   3637 | issue_stage_i.i_scoreboard/mem_q[503]$_DFF_PN0_/D
     1630 |       2 |     207 |       59 |     10 |    56 |    +0.1% |   -0.966 |    -2686.9 |   3637 | issue_stage_i.i_scoreboard/mem_q[503]$_DFF_PN0_/D
     1632 |       2 |     190 |       46 |      9 |    55 |    +0.0% |   -0.947 |    -2669.9 |   3637 | issue_stage_i.i_scoreboard/mem_q[1593]$_DFF_PN0_/D
     1640 |       2 |     195 |       47 |      9 |    56 |    +0.0% |   -0.961 |    -2707.9 |   3637 | issue_stage_i.i_scoreboard/mem_q[1593]$_DFF_PN0_/D
     1650 |       2 |     202 |       50 |     10 |    56 |    +0.0% |   -0.953 |    -2679.8 |   3637 | issue_stage_i.i_scoreboard/mem_q[1593]$_DFF_PN0_/D
     1660 |       2 |     208 |       54 |     11 |    57 |    +0.1% |   -0.958 |    -2682.2 |   3637 | issue_stage_i.i_scoreboard/mem_q[530]$_DFF_PN0_/D
     1670 |       2 |     213 |       63 |     11 |    57 |    +0.1% |   -0.965 |    -2690.4 |   3637 | issue_stage_i.i_scoreboard/mem_q[1593]$_DFF_PN0_/D
     1680 |       2 |     219 |       66 |     13 |    57 |    +0.1% |   -0.965 |    -2689.1 |   3637 | issue_stage_i.i_scoreboard/mem_q[1593]$_DFF_PN0_/D
     1683 |       2 |     190 |       46 |      9 |    55 |    +0.0% |   -0.947 |    -2669.9 |   3637 | issue_stage_i.i_scoreboard/mem_q[1593]$_DFF_PN0_/D
     1690 |       2 |     196 |       46 |      9 |    55 |    +0.0% |   -0.961 |    -2707.9 |   3637 | issue_stage_i.i_scoreboard/mem_q[1996]$_DFF_PN0_/D
     1700 |       2 |     203 |       47 |     10 |    56 |    +0.0% |   -0.965 |    -2683.0 |   3637 | issue_stage_i.i_scoreboard/mem_q[1996]$_DFF_PN0_/D
     1700 |       2 |     190 |       46 |      9 |    55 |    +0.0% |   -0.947 |    -2669.9 |   3637 | issue_stage_i.i_scoreboard/mem_q[1593]$_DFF_PN0_/D
     1710 |       2 |     198 |       46 |      9 |    56 |    +0.0% |   -0.961 |    -2707.9 |   3637 | issue_stage_i.i_scoreboard/mem_q[1593]$_DFF_PN0_/D
     1720 |       2 |     205 |       48 |     10 |    56 |    +0.0% |   -0.956 |    -2685.4 |   3637 | issue_stage_i.i_scoreboard/mem_q[1593]$_DFF_PN0_/D
     1730 |       2 |     213 |       50 |     11 |    56 |    +0.0% |   -0.953 |    -2674.6 |   3637 | issue_stage_i.i_scoreboard/mem_q[1593]$_DFF_PN0_/D
     1740 |       2 |     222 |       52 |     11 |    56 |    +0.0% |   -0.956 |    -2667.6 |   3637 | issue_stage_i.i_scoreboard/mem_q[1593]$_DFF_PN0_/D
     1746 |       2 |     190 |       46 |      9 |    55 |    +0.0% |   -0.947 |    -2669.9 |   3637 | issue_stage_i.i_scoreboard/mem_q[1593]$_DFF_PN0_/D
     1750 |       2 |     193 |       46 |      9 |    55 |    +0.0% |   -0.959 |    -2707.4 |   3637 | issue_stage_i.i_scoreboard/mem_q[1593]$_DFF_PN0_/D
     1760 |       2 |     200 |       48 |      9 |    56 |    +0.0% |   -0.959 |    -2691.1 |   3637 | issue_stage_i.i_scoreboard/mem_q[1996]$_DFF_PN0_/D
     1770 |       2 |     206 |       52 |      9 |    57 |    +0.0% |   -0.960 |    -2681.8 |   3637 | issue_stage_i.i_scoreboard/mem_q[1996]$_DFF_PN0_/D
     1770 |       2 |     190 |       46 |      9 |    55 |    +0.0% |   -0.947 |    -2669.9 |   3637 | issue_stage_i.i_scoreboard/mem_q[1593]$_DFF_PN0_/D
     1780 |       2 |     196 |       48 |      9 |    56 |    +0.0% |   -0.958 |    -2697.6 |   3637 | issue_stage_i.i_scoreboard/mem_q[1593]$_DFF_PN0_/D
     1790 |       2 |     203 |       52 |     10 |    56 |    +0.0% |   -0.956 |    -2680.9 |   3637 | issue_stage_i.i_scoreboard/mem_q[1996]$_DFF_PN0_/D
     1800 |       2 |     207 |       58 |     10 |    57 |    +0.1% |   -0.966 |    -2686.7 |   3637 | issue_stage_i.i_scoreboard/mem_q[503]$_DFF_PN0_/D
     1800 |       2 |     190 |       46 |      9 |    55 |    +0.0% |   -0.947 |    -2669.9 |   3637 | issue_stage_i.i_scoreboard/mem_q[1593]$_DFF_PN0_/D
    1800* |       2 |     190 |       46 |      9 |    55 |    +0.0% |   -0.947 |    -2669.9 |   3628 | issue_stage_i.i_scoreboard/mem_q[1593]$_DFF_PN0_/D
    1804* |       2 |     192 |       46 |      9 |    56 |    +0.0% |   -0.941 |    -2667.1 |   3628 | issue_stage_i.i_scoreboard/mem_q[541]$_DFF_PN0_/D
    1809* |       2 |     196 |       46 |      9 |    56 |    +0.0% |   -0.941 |    -2666.6 |   3628 | issue_stage_i.i_scoreboard/mem_q[541]$_DFF_PN0_/D
    1810* |       2 |     196 |       46 |      9 |    56 |    +0.0% |   -0.941 |    -2666.6 |   3628 | issue_stage_i.i_scoreboard/mem_q[541]$_DFF_PN0_/D
    1810* |       2 |     196 |       46 |      9 |    56 |    +0.0% |   -0.941 |    -2666.6 |   3628 | issue_stage_i.i_scoreboard/mem_q[541]$_DFF_PN0_/D
    1811* |       2 |     196 |       46 |      9 |    56 |    +0.0% |   -0.941 |    -2666.6 |   3628 | issue_stage_i.i_scoreboard/mem_q[541]$_DFF_PN0_/D
    1812* |       2 |     196 |       46 |      9 |    56 |    +0.0% |   -0.941 |    -2666.6 |   3628 | issue_stage_i.i_scoreboard/mem_q[541]$_DFF_PN0_/D
    1813* |       2 |     196 |       46 |      9 |    56 |    +0.0% |   -0.941 |    -2666.6 |   3628 | issue_stage_i.i_scoreboard/mem_q[541]$_DFF_PN0_/D
    1814* |       2 |     196 |       46 |      9 |    56 |    +0.0% |   -0.941 |    -2666.6 |   3628 | issue_stage_i.i_scoreboard/mem_q[541]$_DFF_PN0_/D
    1820* |       2 |     199 |       46 |      9 |    58 |    +0.0% |   -0.941 |    -2665.5 |   3628 | issue_stage_i.i_scoreboard/mem_q[541]$_DFF_PN0_/D
    1821* |       2 |     200 |       46 |      9 |    58 |    +0.0% |   -0.941 |    -2665.5 |   3628 | issue_stage_i.i_scoreboard/mem_q[541]$_DFF_PN0_/D
    1824* |       2 |     202 |       46 |      9 |    58 |    +0.0% |   -0.941 |    -2664.9 |   3628 | issue_stage_i.i_scoreboard/mem_q[541]$_DFF_PN0_/D
    1825* |       2 |     202 |       46 |      9 |    58 |    +0.0% |   -0.941 |    -2664.9 |   3628 | issue_stage_i.i_scoreboard/mem_q[541]$_DFF_PN0_/D
    1826* |       2 |     202 |       46 |      9 |    58 |    +0.0% |   -0.941 |    -2664.9 |   3628 | issue_stage_i.i_scoreboard/mem_q[541]$_DFF_PN0_/D
    1827* |       2 |     202 |       46 |      9 |    58 |    +0.0% |   -0.941 |    -2664.9 |   3628 | issue_stage_i.i_scoreboard/mem_q[541]$_DFF_PN0_/D
    1828* |       2 |     202 |       46 |      9 |    58 |    +0.0% |   -0.941 |    -2664.9 |   3628 | issue_stage_i.i_scoreboard/mem_q[541]$_DFF_PN0_/D
    1829* |       2 |     202 |       46 |      9 |    58 |    +0.0% |   -0.941 |    -2664.9 |   3628 | issue_stage_i.i_scoreboard/mem_q[541]$_DFF_PN0_/D
    1830* |       2 |     202 |       46 |      9 |    58 |    +0.0% |   -0.941 |    -2664.9 |   3628 | issue_stage_i.i_scoreboard/mem_q[541]$_DFF_PN0_/D
    1830* |       2 |     202 |       46 |      9 |    58 |    +0.0% |   -0.941 |    -2664.9 |   3628 | issue_stage_i.i_scoreboard/mem_q[541]$_DFF_PN0_/D
    1831* |       2 |     202 |       46 |      9 |    58 |    +0.0% |   -0.941 |    -2664.9 |   3628 | issue_stage_i.i_scoreboard/mem_q[541]$_DFF_PN0_/D
    1832* |       2 |     202 |       46 |      9 |    58 |    +0.0% |   -0.941 |    -2664.9 |   3628 | issue_stage_i.i_scoreboard/mem_q[541]$_DFF_PN0_/D
    1833* |       2 |     202 |       46 |      9 |    58 |    +0.0% |   -0.941 |    -2664.9 |   3628 | issue_stage_i.i_scoreboard/mem_q[541]$_DFF_PN0_/D
    1834* |       2 |     202 |       46 |      9 |    58 |    +0.0% |   -0.941 |    -2664.9 |   3628 | issue_stage_i.i_scoreboard/mem_q[541]$_DFF_PN0_/D
    1835* |       2 |     202 |       46 |      9 |    58 |    +0.0% |   -0.941 |    -2664.9 |   3628 | issue_stage_i.i_scoreboard/mem_q[541]$_DFF_PN0_/D
    1837* |       2 |     203 |       46 |      9 |    58 |    +0.0% |   -0.941 |    -2664.9 |   3628 | issue_stage_i.i_scoreboard/mem_q[541]$_DFF_PN0_/D
    1838* |       2 |     203 |       46 |      9 |    58 |    +0.0% |   -0.941 |    -2664.9 |   3628 | issue_stage_i.i_scoreboard/mem_q[541]$_DFF_PN0_/D
    1839* |       2 |     203 |       46 |      9 |    58 |    +0.0% |   -0.941 |    -2664.9 |   3628 | issue_stage_i.i_scoreboard/mem_q[541]$_DFF_PN0_/D
    1840* |       2 |     203 |       46 |      9 |    58 |    +0.0% |   -0.941 |    -2664.9 |   3628 | issue_stage_i.i_scoreboard/mem_q[541]$_DFF_PN0_/D
    1840* |       2 |     203 |       46 |      9 |    58 |    +0.0% |   -0.941 |    -2664.9 |   3628 | issue_stage_i.i_scoreboard/mem_q[541]$_DFF_PN0_/D
    1841* |       2 |     203 |       46 |      9 |    58 |    +0.0% |   -0.941 |    -2664.9 |   3628 | issue_stage_i.i_scoreboard/mem_q[541]$_DFF_PN0_/D
    1844* |       2 |     205 |       46 |      9 |    58 |    +0.0% |   -0.941 |    -2664.7 |   3628 | issue_stage_i.i_scoreboard/mem_q[541]$_DFF_PN0_/D
    1846* |       2 |     206 |       46 |      9 |    58 |    +0.0% |   -0.941 |    -2664.7 |   3628 | issue_stage_i.i_scoreboard/mem_q[541]$_DFF_PN0_/D
    1847* |       2 |     206 |       46 |      9 |    58 |    +0.0% |   -0.941 |    -2664.7 |   3628 | issue_stage_i.i_scoreboard/mem_q[541]$_DFF_PN0_/D
    1848* |       2 |     206 |       46 |      9 |    58 |    +0.0% |   -0.941 |    -2664.7 |   3628 | issue_stage_i.i_scoreboard/mem_q[541]$_DFF_PN0_/D
    1849* |       2 |     206 |       46 |      9 |    58 |    +0.0% |   -0.941 |    -2664.7 |   3628 | issue_stage_i.i_scoreboard/mem_q[541]$_DFF_PN0_/D
    1850* |       2 |     206 |       46 |      9 |    58 |    +0.0% |   -0.941 |    -2664.7 |   3628 | issue_stage_i.i_scoreboard/mem_q[541]$_DFF_PN0_/D
    1850* |       2 |     206 |       46 |      9 |    58 |    +0.0% |   -0.941 |    -2664.7 |   3628 | issue_stage_i.i_scoreboard/mem_q[541]$_DFF_PN0_/D
    1851* |       2 |     206 |       46 |      9 |    58 |    +0.0% |   -0.941 |    -2664.7 |   3628 | issue_stage_i.i_scoreboard/mem_q[541]$_DFF_PN0_/D
    1852* |       2 |     206 |       46 |      9 |    58 |    +0.0% |   -0.941 |    -2664.7 |   3628 | issue_stage_i.i_scoreboard/mem_q[541]$_DFF_PN0_/D
    1853* |       2 |     206 |       46 |      9 |    58 |    +0.0% |   -0.941 |    -2664.7 |   3628 | issue_stage_i.i_scoreboard/mem_q[541]$_DFF_PN0_/D
    1854* |       2 |     206 |       46 |      9 |    58 |    +0.0% |   -0.941 |    -2664.7 |   3628 | issue_stage_i.i_scoreboard/mem_q[541]$_DFF_PN0_/D
    1855* |       2 |     206 |       46 |      9 |    58 |    +0.0% |   -0.941 |    -2664.7 |   3628 | issue_stage_i.i_scoreboard/mem_q[541]$_DFF_PN0_/D
    1856* |       2 |     206 |       46 |      9 |    58 |    +0.0% |   -0.941 |    -2664.7 |   3628 | issue_stage_i.i_scoreboard/mem_q[541]$_DFF_PN0_/D
    1857* |       2 |     206 |       46 |      9 |    58 |    +0.0% |   -0.941 |    -2664.7 |   3628 | issue_stage_i.i_scoreboard/mem_q[541]$_DFF_PN0_/D
    1858* |       2 |     206 |       46 |      9 |    58 |    +0.0% |   -0.941 |    -2664.7 |   3628 | issue_stage_i.i_scoreboard/mem_q[541]$_DFF_PN0_/D
    1859* |       2 |     206 |       46 |      9 |    58 |    +0.0% |   -0.941 |    -2664.7 |   3628 | issue_stage_i.i_scoreboard/mem_q[541]$_DFF_PN0_/D
    1860* |       2 |     206 |       46 |      9 |    58 |    +0.0% |   -0.941 |    -2664.7 |   3628 | issue_stage_i.i_scoreboard/mem_q[541]$_DFF_PN0_/D
    1860* |       2 |     206 |       46 |      9 |    58 |    +0.0% |   -0.941 |    -2664.7 |   3628 | issue_stage_i.i_scoreboard/mem_q[541]$_DFF_PN0_/D
    1861* |       2 |     206 |       46 |      9 |    58 |    +0.0% |   -0.941 |    -2664.7 |   3628 | issue_stage_i.i_scoreboard/mem_q[541]$_DFF_PN0_/D
    1862* |       2 |     206 |       46 |      9 |    58 |    +0.0% |   -0.941 |    -2664.7 |   3628 | issue_stage_i.i_scoreboard/mem_q[541]$_DFF_PN0_/D
    1863* |       2 |     206 |       46 |      9 |    58 |    +0.0% |   -0.941 |    -2664.7 |   3628 | issue_stage_i.i_scoreboard/mem_q[541]$_DFF_PN0_/D
    1864* |       2 |     206 |       46 |      9 |    58 |    +0.0% |   -0.941 |    -2664.7 |   3628 | issue_stage_i.i_scoreboard/mem_q[541]$_DFF_PN0_/D
    1865* |       2 |     206 |       46 |      9 |    58 |    +0.0% |   -0.941 |    -2664.7 |   3628 | issue_stage_i.i_scoreboard/mem_q[541]$_DFF_PN0_/D
    1866* |       2 |     206 |       46 |      9 |    58 |    +0.0% |   -0.941 |    -2664.7 |   3628 | issue_stage_i.i_scoreboard/mem_q[541]$_DFF_PN0_/D
    1867* |       2 |     206 |       46 |      9 |    58 |    +0.0% |   -0.941 |    -2664.7 |   3628 | issue_stage_i.i_scoreboard/mem_q[541]$_DFF_PN0_/D
    1868* |       2 |     206 |       46 |      9 |    58 |    +0.0% |   -0.941 |    -2664.7 |   3628 | issue_stage_i.i_scoreboard/mem_q[541]$_DFF_PN0_/D
    1869* |       2 |     206 |       46 |      9 |    58 |    +0.0% |   -0.941 |    -2664.7 |   3628 | issue_stage_i.i_scoreboard/mem_q[541]$_DFF_PN0_/D
    1870* |       2 |     206 |       46 |      9 |    58 |    +0.0% |   -0.941 |    -2664.7 |   3628 | issue_stage_i.i_scoreboard/mem_q[541]$_DFF_PN0_/D
    1870* |       2 |     206 |       46 |      9 |    58 |    +0.0% |   -0.941 |    -2664.7 |   3628 | issue_stage_i.i_scoreboard/mem_q[541]$_DFF_PN0_/D
    1871* |       2 |     206 |       46 |      9 |    58 |    +0.0% |   -0.941 |    -2664.7 |   3628 | issue_stage_i.i_scoreboard/mem_q[541]$_DFF_PN0_/D
    1872* |       2 |     206 |       46 |      9 |    58 |    +0.0% |   -0.941 |    -2664.7 |   3628 | issue_stage_i.i_scoreboard/mem_q[541]$_DFF_PN0_/D
    1873* |       2 |     206 |       46 |      9 |    58 |    +0.0% |   -0.941 |    -2664.7 |   3628 | issue_stage_i.i_scoreboard/mem_q[541]$_DFF_PN0_/D
    1874* |       2 |     206 |       46 |      9 |    58 |    +0.0% |   -0.941 |    -2664.7 |   3628 | issue_stage_i.i_scoreboard/mem_q[541]$_DFF_PN0_/D
    1875* |       2 |     206 |       46 |      9 |    58 |    +0.0% |   -0.941 |    -2664.7 |   3628 | issue_stage_i.i_scoreboard/mem_q[541]$_DFF_PN0_/D
    1877* |       2 |     207 |       46 |      9 |    58 |    +0.0% |   -0.941 |    -2664.6 |   3628 | issue_stage_i.i_scoreboard/mem_q[541]$_DFF_PN0_/D
    1878* |       2 |     207 |       46 |      9 |    58 |    +0.0% |   -0.941 |    -2664.6 |   3628 | issue_stage_i.i_scoreboard/mem_q[541]$_DFF_PN0_/D
    1879* |       2 |     207 |       46 |      9 |    58 |    +0.0% |   -0.941 |    -2664.6 |   3628 | issue_stage_i.i_scoreboard/mem_q[541]$_DFF_PN0_/D
    1880* |       2 |     207 |       46 |      9 |    58 |    +0.0% |   -0.941 |    -2664.6 |   3628 | issue_stage_i.i_scoreboard/mem_q[541]$_DFF_PN0_/D
    1880* |       2 |     207 |       46 |      9 |    58 |    +0.0% |   -0.941 |    -2664.6 |   3628 | issue_stage_i.i_scoreboard/mem_q[541]$_DFF_PN0_/D
    1881* |       2 |     207 |       46 |      9 |    58 |    +0.0% |   -0.941 |    -2664.6 |   3628 | issue_stage_i.i_scoreboard/mem_q[541]$_DFF_PN0_/D
    1882* |       2 |     207 |       46 |      9 |    58 |    +0.0% |   -0.941 |    -2664.6 |   3628 | issue_stage_i.i_scoreboard/mem_q[541]$_DFF_PN0_/D
    1883* |       2 |     207 |       46 |      9 |    58 |    +0.0% |   -0.941 |    -2664.6 |   3628 | issue_stage_i.i_scoreboard/mem_q[541]$_DFF_PN0_/D
    1884* |       2 |     207 |       46 |      9 |    58 |    +0.0% |   -0.941 |    -2664.6 |   3628 | issue_stage_i.i_scoreboard/mem_q[541]$_DFF_PN0_/D
    1885* |       2 |     207 |       46 |      9 |    58 |    +0.0% |   -0.941 |    -2664.6 |   3628 | issue_stage_i.i_scoreboard/mem_q[541]$_DFF_PN0_/D
    1886* |       2 |     207 |       46 |      9 |    58 |    +0.0% |   -0.941 |    -2664.6 |   3628 | issue_stage_i.i_scoreboard/mem_q[541]$_DFF_PN0_/D
    1887* |       2 |     207 |       46 |      9 |    58 |    +0.0% |   -0.941 |    -2664.6 |   3628 | issue_stage_i.i_scoreboard/mem_q[541]$_DFF_PN0_/D
    1888* |       2 |     207 |       46 |      9 |    58 |    +0.0% |   -0.941 |    -2664.6 |   3628 | issue_stage_i.i_scoreboard/mem_q[541]$_DFF_PN0_/D
    1889* |       2 |     207 |       46 |      9 |    58 |    +0.0% |   -0.941 |    -2664.6 |   3628 | issue_stage_i.i_scoreboard/mem_q[541]$_DFF_PN0_/D
    1890* |       2 |     207 |       46 |      9 |    58 |    +0.0% |   -0.941 |    -2664.6 |   3628 | issue_stage_i.i_scoreboard/mem_q[541]$_DFF_PN0_/D
    1890* |       2 |     207 |       46 |      9 |    58 |    +0.0% |   -0.941 |    -2664.6 |   3628 | issue_stage_i.i_scoreboard/mem_q[541]$_DFF_PN0_/D
    1891* |       2 |     207 |       46 |      9 |    58 |    +0.0% |   -0.941 |    -2664.6 |   3628 | issue_stage_i.i_scoreboard/mem_q[541]$_DFF_PN0_/D
    1892* |       2 |     207 |       46 |      9 |    58 |    +0.0% |   -0.941 |    -2664.6 |   3628 | issue_stage_i.i_scoreboard/mem_q[541]$_DFF_PN0_/D
    1893* |       2 |     207 |       46 |      9 |    58 |    +0.0% |   -0.941 |    -2664.6 |   3628 | issue_stage_i.i_scoreboard/mem_q[541]$_DFF_PN0_/D
    1894* |       2 |     207 |       46 |      9 |    58 |    +0.0% |   -0.941 |    -2664.6 |   3628 | issue_stage_i.i_scoreboard/mem_q[541]$_DFF_PN0_/D
    1895* |       2 |     207 |       46 |      9 |    58 |    +0.0% |   -0.941 |    -2664.6 |   3628 | issue_stage_i.i_scoreboard/mem_q[541]$_DFF_PN0_/D
    1896* |       2 |     207 |       46 |      9 |    58 |    +0.0% |   -0.941 |    -2664.6 |   3628 | issue_stage_i.i_scoreboard/mem_q[541]$_DFF_PN0_/D
    1897* |       2 |     207 |       46 |      9 |    58 |    +0.0% |   -0.941 |    -2664.6 |   3628 | issue_stage_i.i_scoreboard/mem_q[541]$_DFF_PN0_/D
    1898* |       2 |     207 |       46 |      9 |    58 |    +0.0% |   -0.941 |    -2664.6 |   3628 | issue_stage_i.i_scoreboard/mem_q[541]$_DFF_PN0_/D
    1899* |       2 |     207 |       46 |      9 |    58 |    +0.0% |   -0.941 |    -2664.6 |   3628 | issue_stage_i.i_scoreboard/mem_q[541]$_DFF_PN0_/D
    1900* |       2 |     207 |       46 |      9 |    58 |    +0.0% |   -0.941 |    -2664.6 |   3628 | issue_stage_i.i_scoreboard/mem_q[541]$_DFF_PN0_/D
    1901* |       2 |     207 |       46 |      9 |    58 |    +0.0% |   -0.941 |    -2664.6 |   3628 | issue_stage_i.i_scoreboard/mem_q[541]$_DFF_PN0_/D
    1902* |       2 |     207 |       46 |      9 |    58 |    +0.0% |   -0.941 |    -2664.6 |   3628 | issue_stage_i.i_scoreboard/mem_q[541]$_DFF_PN0_/D
    1903* |       2 |     207 |       46 |      9 |    58 |    +0.0% |   -0.941 |    -2664.6 |   3628 | issue_stage_i.i_scoreboard/mem_q[541]$_DFF_PN0_/D
    1904* |       2 |     207 |       46 |      9 |    58 |    +0.0% |   -0.941 |    -2664.6 |   3628 | issue_stage_i.i_scoreboard/mem_q[541]$_DFF_PN0_/D
    1905* |       2 |     207 |       46 |      9 |    58 |    +0.0% |   -0.941 |    -2664.6 |   3628 | issue_stage_i.i_scoreboard/mem_q[541]$_DFF_PN0_/D
    1907* |       2 |     208 |       46 |      9 |    58 |    +0.0% |   -0.941 |    -2664.6 |   3628 | issue_stage_i.i_scoreboard/mem_q[541]$_DFF_PN0_/D
    1908* |       2 |     208 |       46 |      9 |    58 |    +0.0% |   -0.941 |    -2664.6 |   3628 | issue_stage_i.i_scoreboard/mem_q[541]$_DFF_PN0_/D
    1909* |       2 |     208 |       46 |      9 |    58 |    +0.0% |   -0.941 |    -2664.6 |   3628 | issue_stage_i.i_scoreboard/mem_q[541]$_DFF_PN0_/D
    1910* |       2 |     208 |       46 |      9 |    58 |    +0.0% |   -0.941 |    -2664.6 |   3628 | issue_stage_i.i_scoreboard/mem_q[541]$_DFF_PN0_/D
    1910* |       2 |     208 |       46 |      9 |    58 |    +0.0% |   -0.941 |    -2664.6 |   3628 | issue_stage_i.i_scoreboard/mem_q[541]$_DFF_PN0_/D
    1911* |       2 |     208 |       46 |      9 |    58 |    +0.0% |   -0.941 |    -2664.6 |   3628 | issue_stage_i.i_scoreboard/mem_q[541]$_DFF_PN0_/D
    1912* |       2 |     208 |       46 |      9 |    58 |    +0.0% |   -0.941 |    -2664.6 |   3628 | issue_stage_i.i_scoreboard/mem_q[541]$_DFF_PN0_/D
    1913* |       2 |     208 |       46 |      9 |    58 |    +0.0% |   -0.941 |    -2664.6 |   3628 | issue_stage_i.i_scoreboard/mem_q[541]$_DFF_PN0_/D
    1914* |       2 |     208 |       46 |      9 |    58 |    +0.0% |   -0.941 |    -2664.6 |   3628 | issue_stage_i.i_scoreboard/mem_q[541]$_DFF_PN0_/D
    1915* |       2 |     208 |       46 |      9 |    58 |    +0.0% |   -0.941 |    -2664.6 |   3628 | issue_stage_i.i_scoreboard/mem_q[541]$_DFF_PN0_/D
    1916* |       2 |     208 |       46 |      9 |    58 |    +0.0% |   -0.941 |    -2664.6 |   3628 | issue_stage_i.i_scoreboard/mem_q[541]$_DFF_PN0_/D
    1917* |       2 |     208 |       46 |      9 |    58 |    +0.0% |   -0.941 |    -2664.6 |   3628 | issue_stage_i.i_scoreboard/mem_q[541]$_DFF_PN0_/D
    1918* |       2 |     208 |       46 |      9 |    58 |    +0.0% |   -0.941 |    -2664.6 |   3628 | issue_stage_i.i_scoreboard/mem_q[541]$_DFF_PN0_/D
    1919* |       2 |     208 |       46 |      9 |    58 |    +0.0% |   -0.941 |    -2664.6 |   3628 | issue_stage_i.i_scoreboard/mem_q[541]$_DFF_PN0_/D
    1920* |       2 |     208 |       46 |      9 |    58 |    +0.0% |   -0.941 |    -2664.6 |   3628 | issue_stage_i.i_scoreboard/mem_q[541]$_DFF_PN0_/D
    1920* |       2 |     208 |       46 |      9 |    58 |    +0.0% |   -0.941 |    -2664.6 |   3628 | issue_stage_i.i_scoreboard/mem_q[541]$_DFF_PN0_/D
    1921* |       2 |     208 |       46 |      9 |    58 |    +0.0% |   -0.941 |    -2664.6 |   3628 | issue_stage_i.i_scoreboard/mem_q[541]$_DFF_PN0_/D
    1922* |       2 |     208 |       46 |      9 |    58 |    +0.0% |   -0.941 |    -2664.6 |   3628 | issue_stage_i.i_scoreboard/mem_q[541]$_DFF_PN0_/D
    1923* |       2 |     208 |       46 |      9 |    58 |    +0.0% |   -0.941 |    -2664.6 |   3628 | issue_stage_i.i_scoreboard/mem_q[541]$_DFF_PN0_/D
    1924* |       2 |     208 |       46 |      9 |    58 |    +0.0% |   -0.941 |    -2664.6 |   3628 | issue_stage_i.i_scoreboard/mem_q[541]$_DFF_PN0_/D
    1925* |       2 |     208 |       46 |      9 |    58 |    +0.0% |   -0.941 |    -2664.6 |   3628 | issue_stage_i.i_scoreboard/mem_q[541]$_DFF_PN0_/D
    1926* |       2 |     208 |       46 |      9 |    58 |    +0.0% |   -0.941 |    -2664.6 |   3628 | issue_stage_i.i_scoreboard/mem_q[541]$_DFF_PN0_/D
    1927* |       2 |     208 |       46 |      9 |    58 |    +0.0% |   -0.941 |    -2664.6 |   3628 | issue_stage_i.i_scoreboard/mem_q[541]$_DFF_PN0_/D
    1928* |       2 |     208 |       46 |      9 |    58 |    +0.0% |   -0.941 |    -2664.6 |   3628 | issue_stage_i.i_scoreboard/mem_q[541]$_DFF_PN0_/D
    1929* |       2 |     208 |       46 |      9 |    58 |    +0.0% |   -0.941 |    -2664.6 |   3628 | issue_stage_i.i_scoreboard/mem_q[541]$_DFF_PN0_/D
    1930* |       2 |     208 |       46 |      9 |    58 |    +0.0% |   -0.941 |    -2664.6 |   3628 | issue_stage_i.i_scoreboard/mem_q[541]$_DFF_PN0_/D
    1930* |       2 |     208 |       46 |      9 |    58 |    +0.0% |   -0.941 |    -2664.6 |   3628 | issue_stage_i.i_scoreboard/mem_q[541]$_DFF_PN0_/D
    1931* |       2 |     208 |       46 |      9 |    58 |    +0.0% |   -0.941 |    -2664.6 |   3628 | issue_stage_i.i_scoreboard/mem_q[541]$_DFF_PN0_/D
    1932* |       2 |     208 |       46 |      9 |    58 |    +0.0% |   -0.941 |    -2664.6 |   3628 | issue_stage_i.i_scoreboard/mem_q[541]$_DFF_PN0_/D
    1933* |       2 |     208 |       46 |      9 |    58 |    +0.0% |   -0.941 |    -2664.6 |   3628 | issue_stage_i.i_scoreboard/mem_q[541]$_DFF_PN0_/D
    1934* |       2 |     208 |       46 |      9 |    58 |    +0.0% |   -0.941 |    -2664.6 |   3628 | issue_stage_i.i_scoreboard/mem_q[541]$_DFF_PN0_/D
    1935* |       2 |     208 |       46 |      9 |    58 |    +0.0% |   -0.941 |    -2664.6 |   3628 | issue_stage_i.i_scoreboard/mem_q[541]$_DFF_PN0_/D
    1936* |       2 |     208 |       46 |      9 |    58 |    +0.0% |   -0.941 |    -2664.6 |   3628 | issue_stage_i.i_scoreboard/mem_q[541]$_DFF_PN0_/D
    1937* |       2 |     208 |       46 |      9 |    58 |    +0.0% |   -0.941 |    -2664.6 |   3628 | issue_stage_i.i_scoreboard/mem_q[541]$_DFF_PN0_/D
    1938* |       2 |     208 |       46 |      9 |    58 |    +0.0% |   -0.941 |    -2664.6 |   3628 | issue_stage_i.i_scoreboard/mem_q[541]$_DFF_PN0_/D
    1939* |       2 |     208 |       46 |      9 |    58 |    +0.0% |   -0.941 |    -2664.6 |   3628 | issue_stage_i.i_scoreboard/mem_q[541]$_DFF_PN0_/D
    1940* |       2 |     208 |       46 |      9 |    58 |    +0.0% |   -0.941 |    -2664.6 |   3628 | issue_stage_i.i_scoreboard/mem_q[541]$_DFF_PN0_/D
    1940* |       2 |     208 |       46 |      9 |    58 |    +0.0% |   -0.941 |    -2664.6 |   3628 | issue_stage_i.i_scoreboard/mem_q[541]$_DFF_PN0_/D
    1941* |       2 |     208 |       46 |      9 |    58 |    +0.0% |   -0.941 |    -2664.6 |   3628 | issue_stage_i.i_scoreboard/mem_q[541]$_DFF_PN0_/D
    1942* |       2 |     208 |       46 |      9 |    58 |    +0.0% |   -0.941 |    -2664.6 |   3628 | issue_stage_i.i_scoreboard/mem_q[541]$_DFF_PN0_/D
    1943* |       2 |     208 |       46 |      9 |    58 |    +0.0% |   -0.941 |    -2664.6 |   3628 | issue_stage_i.i_scoreboard/mem_q[541]$_DFF_PN0_/D
    1944* |       2 |     208 |       46 |      9 |    58 |    +0.0% |   -0.941 |    -2664.6 |   3628 | issue_stage_i.i_scoreboard/mem_q[541]$_DFF_PN0_/D
    1945* |       2 |     208 |       46 |      9 |    58 |    +0.0% |   -0.941 |    -2664.6 |   3628 | issue_stage_i.i_scoreboard/mem_q[541]$_DFF_PN0_/D
    1946* |       2 |     208 |       46 |      9 |    58 |    +0.0% |   -0.941 |    -2664.6 |   3628 | issue_stage_i.i_scoreboard/mem_q[541]$_DFF_PN0_/D
    1947* |       2 |     208 |       46 |      9 |    58 |    +0.0% |   -0.941 |    -2664.6 |   3628 | issue_stage_i.i_scoreboard/mem_q[541]$_DFF_PN0_/D
    1948* |       2 |     208 |       46 |      9 |    58 |    +0.0% |   -0.941 |    -2664.6 |   3628 | issue_stage_i.i_scoreboard/mem_q[541]$_DFF_PN0_/D
    1949* |       2 |     208 |       46 |      9 |    58 |    +0.0% |   -0.941 |    -2664.6 |   3628 | issue_stage_i.i_scoreboard/mem_q[541]$_DFF_PN0_/D
    1950* |       2 |     208 |       46 |      9 |    58 |    +0.0% |   -0.941 |    -2664.6 |   3628 | issue_stage_i.i_scoreboard/mem_q[541]$_DFF_PN0_/D
    1950* |       2 |     208 |       46 |      9 |    58 |    +0.0% |   -0.941 |    -2664.6 |   3628 | issue_stage_i.i_scoreboard/mem_q[541]$_DFF_PN0_/D
    1951* |       2 |     208 |       46 |      9 |    58 |    +0.0% |   -0.941 |    -2664.6 |   3628 | issue_stage_i.i_scoreboard/mem_q[541]$_DFF_PN0_/D
    1952* |       2 |     208 |       46 |      9 |    58 |    +0.0% |   -0.941 |    -2664.6 |   3628 | issue_stage_i.i_scoreboard/mem_q[541]$_DFF_PN0_/D
    1953* |       2 |     208 |       46 |      9 |    58 |    +0.0% |   -0.941 |    -2664.6 |   3628 | issue_stage_i.i_scoreboard/mem_q[541]$_DFF_PN0_/D
    1954* |       2 |     208 |       46 |      9 |    58 |    +0.0% |   -0.941 |    -2664.6 |   3628 | issue_stage_i.i_scoreboard/mem_q[541]$_DFF_PN0_/D
    1955* |       2 |     208 |       46 |      9 |    58 |    +0.0% |   -0.941 |    -2664.6 |   3628 | issue_stage_i.i_scoreboard/mem_q[541]$_DFF_PN0_/D
    1956* |       2 |     208 |       46 |      9 |    58 |    +0.0% |   -0.941 |    -2664.6 |   3628 | issue_stage_i.i_scoreboard/mem_q[541]$_DFF_PN0_/D
    1957* |       2 |     208 |       46 |      9 |    58 |    +0.0% |   -0.941 |    -2664.6 |   3628 | issue_stage_i.i_scoreboard/mem_q[541]$_DFF_PN0_/D
    1958* |       2 |     208 |       46 |      9 |    58 |    +0.0% |   -0.941 |    -2664.6 |   3628 | issue_stage_i.i_scoreboard/mem_q[541]$_DFF_PN0_/D
    1960* |       2 |     209 |       46 |      9 |    58 |    +0.0% |   -0.941 |    -2664.6 |   3628 | issue_stage_i.i_scoreboard/mem_q[541]$_DFF_PN0_/D
    1960* |       2 |     209 |       46 |      9 |    58 |    +0.0% |   -0.941 |    -2664.6 |   3628 | issue_stage_i.i_scoreboard/mem_q[541]$_DFF_PN0_/D
    1961* |       2 |     209 |       46 |      9 |    58 |    +0.0% |   -0.941 |    -2664.6 |   3628 | issue_stage_i.i_scoreboard/mem_q[541]$_DFF_PN0_/D
    1962* |       2 |     209 |       46 |      9 |    58 |    +0.0% |   -0.941 |    -2664.6 |   3628 | issue_stage_i.i_scoreboard/mem_q[541]$_DFF_PN0_/D
    1963* |       2 |     209 |       46 |      9 |    58 |    +0.0% |   -0.941 |    -2664.6 |   3628 | issue_stage_i.i_scoreboard/mem_q[541]$_DFF_PN0_/D
    1964* |       2 |     209 |       46 |      9 |    58 |    +0.0% |   -0.941 |    -2664.6 |   3628 | issue_stage_i.i_scoreboard/mem_q[541]$_DFF_PN0_/D
    1965* |       2 |     209 |       46 |      9 |    58 |    +0.0% |   -0.941 |    -2664.6 |   3628 | issue_stage_i.i_scoreboard/mem_q[541]$_DFF_PN0_/D
    1967* |       2 |     210 |       46 |      9 |    58 |    +0.0% |   -0.941 |    -2664.4 |   3628 | issue_stage_i.i_scoreboard/mem_q[541]$_DFF_PN0_/D
    1968* |       2 |     210 |       46 |      9 |    58 |    +0.0% |   -0.941 |    -2664.4 |   3628 | issue_stage_i.i_scoreboard/mem_q[541]$_DFF_PN0_/D
    1969* |       2 |     210 |       46 |      9 |    58 |    +0.0% |   -0.941 |    -2664.4 |   3628 | issue_stage_i.i_scoreboard/mem_q[541]$_DFF_PN0_/D
    1970* |       2 |     210 |       46 |      9 |    58 |    +0.0% |   -0.941 |    -2664.4 |   3628 | issue_stage_i.i_scoreboard/mem_q[541]$_DFF_PN0_/D
    1970* |       2 |     210 |       46 |      9 |    58 |    +0.0% |   -0.941 |    -2664.4 |   3628 | issue_stage_i.i_scoreboard/mem_q[541]$_DFF_PN0_/D
    1971* |       2 |     210 |       46 |      9 |    58 |    +0.0% |   -0.941 |    -2664.4 |   3628 | issue_stage_i.i_scoreboard/mem_q[541]$_DFF_PN0_/D
    1972* |       2 |     210 |       46 |      9 |    58 |    +0.0% |   -0.941 |    -2664.4 |   3628 | issue_stage_i.i_scoreboard/mem_q[541]$_DFF_PN0_/D
    1973* |       2 |     210 |       46 |      9 |    58 |    +0.0% |   -0.941 |    -2664.4 |   3628 | issue_stage_i.i_scoreboard/mem_q[541]$_DFF_PN0_/D
    1974* |       2 |     210 |       46 |      9 |    58 |    +0.0% |   -0.941 |    -2664.4 |   3628 | issue_stage_i.i_scoreboard/mem_q[541]$_DFF_PN0_/D
    1975* |       2 |     210 |       46 |      9 |    58 |    +0.0% |   -0.941 |    -2664.4 |   3628 | issue_stage_i.i_scoreboard/mem_q[541]$_DFF_PN0_/D
    1976* |       2 |     210 |       46 |      9 |    58 |    +0.0% |   -0.941 |    -2664.4 |   3628 | issue_stage_i.i_scoreboard/mem_q[541]$_DFF_PN0_/D
    1977* |       2 |     210 |       46 |      9 |    58 |    +0.0% |   -0.941 |    -2664.4 |   3628 | issue_stage_i.i_scoreboard/mem_q[541]$_DFF_PN0_/D
    1978* |       2 |     210 |       46 |      9 |    58 |    +0.0% |   -0.941 |    -2664.4 |   3628 | issue_stage_i.i_scoreboard/mem_q[541]$_DFF_PN0_/D
    1979* |       2 |     210 |       46 |      9 |    58 |    +0.0% |   -0.941 |    -2664.4 |   3628 | issue_stage_i.i_scoreboard/mem_q[541]$_DFF_PN0_/D
    1980* |       2 |     210 |       46 |      9 |    58 |    +0.0% |   -0.941 |    -2664.4 |   3628 | issue_stage_i.i_scoreboard/mem_q[541]$_DFF_PN0_/D
    1980* |       2 |     210 |       46 |      9 |    58 |    +0.0% |   -0.941 |    -2664.4 |   3628 | issue_stage_i.i_scoreboard/mem_q[541]$_DFF_PN0_/D
    1981* |       2 |     210 |       46 |      9 |    58 |    +0.0% |   -0.941 |    -2664.4 |   3628 | issue_stage_i.i_scoreboard/mem_q[541]$_DFF_PN0_/D
    1982* |       2 |     210 |       46 |      9 |    58 |    +0.0% |   -0.941 |    -2664.4 |   3628 | issue_stage_i.i_scoreboard/mem_q[541]$_DFF_PN0_/D
    1983* |       2 |     210 |       46 |      9 |    58 |    +0.0% |   -0.941 |    -2664.4 |   3628 | issue_stage_i.i_scoreboard/mem_q[541]$_DFF_PN0_/D
    1984* |       2 |     210 |       46 |      9 |    58 |    +0.0% |   -0.941 |    -2664.4 |   3628 | issue_stage_i.i_scoreboard/mem_q[541]$_DFF_PN0_/D
    1985* |       2 |     210 |       46 |      9 |    58 |    +0.0% |   -0.941 |    -2664.4 |   3628 | issue_stage_i.i_scoreboard/mem_q[541]$_DFF_PN0_/D
    1986* |       2 |     210 |       46 |      9 |    58 |    +0.0% |   -0.941 |    -2664.4 |   3628 | issue_stage_i.i_scoreboard/mem_q[541]$_DFF_PN0_/D
    1987* |       2 |     210 |       46 |      9 |    58 |    +0.0% |   -0.941 |    -2664.4 |   3628 | issue_stage_i.i_scoreboard/mem_q[541]$_DFF_PN0_/D
    1988* |       2 |     210 |       46 |      9 |    58 |    +0.0% |   -0.941 |    -2664.4 |   3628 | issue_stage_i.i_scoreboard/mem_q[541]$_DFF_PN0_/D
    1989* |       2 |     210 |       46 |      9 |    58 |    +0.0% |   -0.941 |    -2664.4 |   3628 | issue_stage_i.i_scoreboard/mem_q[541]$_DFF_PN0_/D
    1990* |       2 |     210 |       46 |      9 |    58 |    +0.0% |   -0.941 |    -2664.4 |   3628 | issue_stage_i.i_scoreboard/mem_q[541]$_DFF_PN0_/D
    1990* |       2 |     210 |       46 |      9 |    58 |    +0.0% |   -0.941 |    -2664.4 |   3628 | issue_stage_i.i_scoreboard/mem_q[541]$_DFF_PN0_/D
    1991* |       2 |     210 |       46 |      9 |    58 |    +0.0% |   -0.941 |    -2664.4 |   3628 | issue_stage_i.i_scoreboard/mem_q[541]$_DFF_PN0_/D
    1992* |       2 |     210 |       46 |      9 |    58 |    +0.0% |   -0.941 |    -2664.4 |   3628 | issue_stage_i.i_scoreboard/mem_q[541]$_DFF_PN0_/D
    1993* |       2 |     210 |       46 |      9 |    58 |    +0.0% |   -0.941 |    -2664.4 |   3628 | issue_stage_i.i_scoreboard/mem_q[541]$_DFF_PN0_/D
    1994* |       2 |     210 |       46 |      9 |    58 |    +0.0% |   -0.941 |    -2664.4 |   3628 | issue_stage_i.i_scoreboard/mem_q[541]$_DFF_PN0_/D
    1995* |       2 |     210 |       46 |      9 |    58 |    +0.0% |   -0.941 |    -2664.4 |   3628 | issue_stage_i.i_scoreboard/mem_q[541]$_DFF_PN0_/D
    1996* |       2 |     210 |       46 |      9 |    58 |    +0.0% |   -0.941 |    -2664.4 |   3628 | issue_stage_i.i_scoreboard/mem_q[541]$_DFF_PN0_/D
    1997* |       2 |     210 |       46 |      9 |    58 |    +0.0% |   -0.941 |    -2664.4 |   3628 | issue_stage_i.i_scoreboard/mem_q[541]$_DFF_PN0_/D
    1998* |       2 |     210 |       46 |      9 |    58 |    +0.0% |   -0.941 |    -2664.4 |   3628 | issue_stage_i.i_scoreboard/mem_q[541]$_DFF_PN0_/D
    1999* |       2 |     210 |       46 |      9 |    58 |    +0.0% |   -0.941 |    -2664.4 |   3628 | issue_stage_i.i_scoreboard/mem_q[541]$_DFF_PN0_/D
    2000* |       2 |     210 |       46 |      9 |    58 |    +0.0% |   -0.941 |    -2664.4 |   3628 | issue_stage_i.i_scoreboard/mem_q[541]$_DFF_PN0_/D
    final |       2 |     210 |       46 |      9 |    58 |    +0.0% |   -0.941 |    -2664.4 |   3628 | issue_stage_i.i_scoreboard/mem_q[541]$_DFF_PN0_/D
--------------------------------------------------------------------------------------------------------------
[INFO RSZ-0059] Removed 2 buffers.
[INFO RSZ-0040] Inserted 46 buffers.
[INFO RSZ-0051] Resized 210 instances: 210 up, 0 up match, 0 down, 0 VT
[INFO RSZ-0043] Swapped pins on 58 instances.
[INFO RSZ-0049] Cloned 9 instances.
[WARNING RSZ-0062] Unable to repair all setup violations.
[INFO RSZ-0033] No hold violations found.
Took 458 seconds: repair_timing -repair_tns 100 -verbose
Floating nets: 
Report metrics stage 3, resizer...

==========================================================================
resizer report_design_area
--------------------------------------------------------------------------
Design area 724292 um^2 35% utilization.
Instance count before 175940, after 176009
Pin count before 610219, after 610365
write_db ./results/nangate45/archgen/base/3_4_place_resized.odb
Elapsed time: 8:51.38[h:]min:sec. CPU time: user 951.52 sys 497.90 (272%). Peak memory: 1043324KB.
Log                       Ext     Elapsed/s Peak Memory/MB sha1sum result [0:20)
3_4_place_resized         .odb          531           1018 5c0513ef99e7f0ef7e73
