OpenROAD dcf36133a369abc8f3c5e5738cd4d82e4903c0e0 
Features included (+) or not (-): +GPU +GUI +Python
This program is licensed under the BSD-3 license. See the LICENSE file for details.
Components of this program may be licensed under more restrictive licenses which must be honored.
[INFO ORD-0030] Using 8 thread(s).
read_liberty /home/kiran/OpenROAD-flow-scripts/flow/platforms/nangate45/lib/NangateOpenCellLibrary_typical.lib
read_liberty /home/kiran/OpenROAD-flow-scripts/flow/platforms/nangate45/lib/fakeram45_256x16.lib
read_db ./results/nangate45/archgen/base/3_4_place_resized.odb
read_sdc ./results/nangate45/archgen/base/2_floorplan.sdc
source /home/kiran/OpenROAD-flow-scripts/flow/platforms/nangate45/setRC.tcl
detailed_placement
Placement Analysis
---------------------------------
total displacement     139900.4 u
average displacement        0.8 u
max displacement           26.1 u
original HPWL         5050966.9 u
legalized HPWL        5153428.0 u
delta HPWL                    2 %

improve_placement -max_displacement "5 1"
Detailed placement improvement.
[INFO DPL-0401] Setting random seed to 1.
[INFO DPL-0402] Setting maximum displacement 5 1 to 14000 2800 units.
[INFO DPL-0320] Collected 19952 fixed cells.
[INFO DPL-0318] Collected 160893 single height cells.
[INFO DPL-0321] Collected 0 wide cells.
[INFO DPL-0322] Image (20140, 25200) - (2895980, 2895200)
[INFO DPL-0310] Assigned 160893 cells into segments.  Movement in X-direction is 0.000000, movement in Y-direction is 0.000000.
[INFO DPL-0313] Found 0 cells in wrong regions.
[INFO DPL-0315] Found 0 row alignment problems.
[INFO DPL-0314] Found 0 site alignment problems.
[INFO DPL-0311] Found 0 overlaps between adjacent cells.
[INFO DPL-0312] Found 0 edge spacing violations and 0 padding violations.
[INFO DPL-0303] Running algorithm for independent set matching.
[INFO DPL-0300] Set matching objective is wirelength.
[INFO DPL-0301] Pass   1 of matching; objective is 1.077206e+10.
[INFO DPL-0302] End of matching; objective is 1.076931e+10, improvement is 0.03 percent.
[INFO DPL-0303] Running algorithm for global swaps.
[INFO DPL-0306] Pass   1 of global swaps; hpwl is 1.068622e+10.
[INFO DPL-0307] End of global swaps; objective is 1.068622e+10, improvement is 0.77 percent.
[INFO DPL-0303] Running algorithm for vertical swaps.
[INFO DPL-0308] Pass   1 of vertical swaps; hpwl is 1.066739e+10.
[INFO DPL-0309] End of vertical swaps; objective is 1.066739e+10, improvement is 0.18 percent.
[INFO DPL-0303] Running algorithm for reordering.
[INFO DPL-0304] Pass   1 of reordering; objective is 1.066021e+10.
[INFO DPL-0305] End of reordering; objective is 1.066021e+10, improvement is 0.07 percent.
[INFO DPL-0303] Running algorithm for random improvement.
[INFO DPL-0324] Random improver is using random generator.
[INFO DPL-0325] Random improver is using hpwl objective.
[INFO DPL-0326] Random improver cost string is (a).
[INFO DPL-0332] End of pass, Generator random called 3217860 times.
[INFO DPL-0335] Generator random, Cumulative attempts 3217860, swaps 334658, moves 1146616 since last reset.
[INFO DPL-0333] End of pass, Objective hpwl, Initial cost 1.063784e+10, Scratch cost 1.058232e+10, Incremental cost 1.058232e+10, Mismatch? N
[INFO DPL-0338] End of pass, Total cost is 1.058232e+10.
[INFO DPL-0327] Pass   1 of random improver; improvement in cost is 0.52 percent.
[INFO DPL-0328] End of random improver; improvement is 0.521913 percent.
[INFO DPL-0380] Cell flipping.
[INFO DPL-0382] Changed 0 cell orientations for row compatibility.
[INFO DPL-0383] Performed 54222 cell flips.
[INFO DPL-0384] End of flipping; objective is 1.052932e+10, improvement is 0.71 percent.
[INFO DPL-0313] Found 0 cells in wrong regions.
[INFO DPL-0315] Found 0 row alignment problems.
[INFO DPL-0314] Found 0 site alignment problems.
[INFO DPL-0311] Found 0 overlaps between adjacent cells.
[INFO DPL-0312] Found 0 edge spacing violations and 0 padding violations.
Detailed Improvement Results
------------------------------------------
Original HPWL          5153428.0 u ( 2738278.3,  2415149.7)
Final HPWL             5040180.7 u ( 2673946.1,  2366234.6)
Delta HPWL                  -2.2 % (      -2.3,       -2.0)

Took 44 seconds: improve_placement -max_displacement "5 1"
optimize_mirroring
[INFO DPL-0020] Mirrored 9579 instances
[INFO DPL-0021] HPWL before          5040180.7 u
[INFO DPL-0022] HPWL after           5039035.6 u
[INFO DPL-0023] HPWL delta               -0.0 %
[INFO FLW-0012] Placement violations .
estimate_parasitics -placement
Took 6 seconds: estimate_parasitics -placement
Report metrics stage 3, detailed place...

==========================================================================
detailed place report_design_area
--------------------------------------------------------------------------
Design area 724292 um^2 35% utilization.
write_db ./results/nangate45/archgen/base/3_5_place_dp.odb
Elapsed time: 1:40.94[h:]min:sec. CPU time: user 117.97 sys 31.16 (147%). Peak memory: 1398492KB.
Log                       Ext     Elapsed/s Peak Memory/MB sha1sum result [0:20)
3_5_place_dp              .odb          100           1365 c9d6f09a63b8c61911fe
