OpenROAD dcf36133a369abc8f3c5e5738cd4d82e4903c0e0 
Features included (+) or not (-): +GPU +GUI +Python
This program is licensed under the BSD-3 license. See the LICENSE file for details.
Components of this program may be licensed under more restrictive licenses which must be honored.
[INFO ORD-0030] Using 8 thread(s).
read_liberty /home/kiran/OpenROAD-flow-scripts/flow/platforms/nangate45/lib/NangateOpenCellLibrary_typical.lib
read_liberty /home/kiran/OpenROAD-flow-scripts/flow/platforms/nangate45/lib/fakeram45_256x16.lib
read_db ./results/nangate45/archgen/base/6_1_fill.odb
read_sdc ./results/nangate45/archgen/base/6_1_fill.sdc
source /home/kiran/OpenROAD-flow-scripts/flow/platforms/nangate45/setRC.tcl
write_db ./results/nangate45/archgen/base/6_final.odb
Deleted 0 routing obstructions
[INFO RCX-0431] Defined process_corner X with ext_model_index 0
[INFO RCX-0029] Defined extraction corner X
[INFO RCX-0435] Reading extraction model file /home/kiran/OpenROAD-flow-scripts/flow/platforms/nangate45/rcx_patterns.rules ...
[INFO RCX-0436] RC segment generation ariane (max_merge_res 50.0) ...
[INFO RCX-0040] Final 829450 rc segments
[INFO RCX-0439] Coupling Cap extraction ariane ...
[INFO RCX-0440] Coupling threshhold is 0.1000 fF, coupling capacitance less than 0.1000 fF will be grounded.
[INFO RCX-0442] 9% of 1356476 wires extracted
[INFO RCX-0442] 16% of 1356476 wires extracted
[INFO RCX-0442] 24% of 1356476 wires extracted
[INFO RCX-0442] 34% of 1356476 wires extracted
[INFO RCX-0442] 42% of 1356476 wires extracted
[INFO RCX-0442] 47% of 1356476 wires extracted
[INFO RCX-0442] 51% of 1356476 wires extracted
[INFO RCX-0442] 60% of 1356476 wires extracted
[INFO RCX-0442] 69% of 1356476 wires extracted
[INFO RCX-0442] 78% of 1356476 wires extracted
[INFO RCX-0442] 88% of 1356476 wires extracted
[INFO RCX-0442] 95% of 1356476 wires extracted
[INFO RCX-0442] 100% of 1356476 wires extracted
[INFO RCX-0045] Extract 193439 nets, 1002162 rsegs, 1002162 caps, 2224122 ccs
[INFO RCX-0042] 100000 nets finished
[INFO RCX-0443] 193439 nets finished
[INFO PSM-0040] All shapes on net VDD are connected.
########## IR report #################
Net              : VDD
Corner           : default
Total power      : 3.32e-01 W
Supply voltage   : 1.10e+00 V
Worstcase voltage: 1.10e+00 V
Average voltage  : 1.10e+00 V
Average IR drop  : 8.37e-04 V
Worstcase IR drop: 4.99e-03 V
Percentage drop  : 0.45 %
######################################
[INFO PSM-0040] All shapes on net VSS are connected.
########## IR report #################
Net              : VSS
Corner           : default
Total power      : 3.32e-01 W
Supply voltage   : 0.00e+00 V
Worstcase voltage: 4.42e-03 V
Average voltage  : 8.29e-04 V
Average IR drop  : 8.29e-04 V
Worstcase IR drop: 4.42e-03 V
Percentage drop  : 0.40 %
######################################
Cell type report:                       Count       Area
  Macro                                   132  416463.43
  Fill cell                            337713 1246783.50
  Tap cell                              14984    3985.74
  Clock buffer                           4895    5809.17
  Timing Repair Buffer                  20074   24890.68
  Inverter                               6683    3589.67
  Clock inverter                         1337    1151.78
  Sequential cell                       20640  109831.40
  Multi-Input combinational cell       113562  169694.97
  Total                                520020 1982200.35
Report metrics stage 6, finish...

==========================================================================
finish report_design_area
--------------------------------------------------------------------------
Design area 731431 um^2 35% utilization.
Elapsed time: 6:04.15[h:]min:sec. CPU time: user 472.60 sys 66.95 (148%). Peak memory: 4338028KB.
Log                       Ext     Elapsed/s Peak Memory/MB sha1sum result [0:20)
6_report                                364           4236                  N/A
