
==========================================================================
finish report_tns
--------------------------------------------------------------------------
tns max -1423.49

==========================================================================
finish report_wns
--------------------------------------------------------------------------
wns max -0.54

==========================================================================
finish report_worst_slack
--------------------------------------------------------------------------
worst slack max -0.54

==========================================================================
finish report_clock_min_period
--------------------------------------------------------------------------
core_clock period_min = 2.77 fmax = 361.59

==========================================================================
finish report_clock_skew
--------------------------------------------------------------------------
Clock core_clock
   0.61 source latency csr_regfile_i/priv_lvl_q[1]$_DFFE_PN1P_/CK ^
  -0.38 target latency i_cache_subsystem.i_icache.sram_block_3__data_sram.genblk1_1__i_ram/macro_mem_3/clk ^
   0.00 CRPR
--------------
   0.23 setup skew


==========================================================================
finish report_checks -path_delay min
--------------------------------------------------------------------------
Startpoint: axi_resp_i[80] (input port clocked by core_clock)
Endpoint: i_cache_subsystem.i_stream_arbiter_ar.i_arbiter.lock_q$_DFF_PN0_
          (rising edge-triggered flip-flop clocked by core_clock)
Path Group: core_clock
Path Type: min

Fanout     Cap    Slew   Delay    Time   Description
-----------------------------------------------------------------------------
                          0.00    0.00   clock core_clock (rise edge)
                          0.00    0.00   clock network delay (propagated)
                          0.44    0.44 ^ input external delay
     1    3.88    0.00    0.00    0.44 ^ axi_resp_i[80] (in)
                                         axi_resp_i[80] (net)
                  0.00    0.00    0.44 ^ hold49382/A (CLKBUF_X1)
     1    2.85    0.01    0.03    0.47 ^ hold49382/Z (CLKBUF_X1)
                                         net49383 (net)
                  0.01    0.00    0.47 ^ input3185/A (BUF_X1)
     2   10.42    0.03    0.04    0.52 ^ input3185/Z (BUF_X1)
                                         net3184 (net)
                  0.03    0.00    0.52 ^ hold49383/A (CLKBUF_X1)
     1    3.37    0.01    0.04    0.56 ^ hold49383/Z (CLKBUF_X1)
                                         net49384 (net)
                  0.01    0.00    0.56 ^ _09661_/A1 (NOR2_X1)
     1    0.80    0.00    0.01    0.57 v _09661_/ZN (NOR2_X1)
                                         i_cache_subsystem.i_stream_arbiter_ar.i_arbiter.N22 (net)
                  0.00    0.00    0.57 v hold49384/A (CLKBUF_X1)
     1    1.15    0.01    0.03    0.59 v hold49384/Z (CLKBUF_X1)
                                         net49385 (net)
                  0.01    0.00    0.59 v i_cache_subsystem.i_stream_arbiter_ar.i_arbiter.lock_q$_DFF_PN0_/D (DFFR_X1)
                                  0.59   data arrival time

                          0.00    0.00   clock core_clock (rise edge)
                          0.00    0.00   clock source latency
     1   54.94    0.00    0.00    0.00 ^ clk_i (in)
                                         clk_i (net)
                  0.02    0.02    0.02 ^ wire49147/A (BUF_X16)
     2   46.18    0.01    0.02    0.04 ^ wire49147/Z (BUF_X16)
                                         net49148 (net)
                  0.02    0.02    0.06 ^ clkbuf_regs_0_core_clock/A (CLKBUF_X3)
     1    1.52    0.01    0.03    0.09 ^ clkbuf_regs_0_core_clock/Z (CLKBUF_X3)
                                         clk_i_regs (net)
                  0.01    0.00    0.09 ^ clkbuf_0_clk_i_regs/A (CLKBUF_X3)
     2   36.94    0.03    0.05    0.14 ^ clkbuf_0_clk_i_regs/Z (CLKBUF_X3)
                                         clknet_0_clk_i_regs (net)
                  0.03    0.00    0.15 ^ clkbuf_1_0_0_clk_i_regs/A (CLKBUF_X3)
     2   24.06    0.02    0.05    0.20 ^ clkbuf_1_0_0_clk_i_regs/Z (CLKBUF_X3)
                                         clknet_1_0_0_clk_i_regs (net)
                  0.02    0.00    0.21 ^ clkbuf_2_1_0_clk_i_regs/A (CLKBUF_X3)
     2   27.97    0.02    0.05    0.26 ^ clkbuf_2_1_0_clk_i_regs/Z (CLKBUF_X3)
                                         clknet_2_1_0_clk_i_regs (net)
                  0.02    0.01    0.27 ^ clkbuf_3_2_0_clk_i_regs/A (CLKBUF_X3)
     2   32.00    0.03    0.06    0.32 ^ clkbuf_3_2_0_clk_i_regs/Z (CLKBUF_X3)
                                         clknet_3_2_0_clk_i_regs (net)
                  0.03    0.01    0.33 ^ clkbuf_4_4_0_clk_i_regs/A (CLKBUF_X3)
     4   36.10    0.03    0.06    0.39 ^ clkbuf_4_4_0_clk_i_regs/Z (CLKBUF_X3)
                                         clknet_4_4_0_clk_i_regs (net)
                  0.03    0.01    0.40 ^ clkbuf_6_17_0_clk_i_regs/A (CLKBUF_X3)
     4   31.55    0.03    0.06    0.46 ^ clkbuf_6_17_0_clk_i_regs/Z (CLKBUF_X3)
                                         clknet_6_17_0_clk_i_regs (net)
                  0.03    0.00    0.46 ^ clkbuf_8_68__f_clk_i_regs/A (CLKBUF_X3)
    12   40.24    0.03    0.07    0.52 ^ clkbuf_8_68__f_clk_i_regs/Z (CLKBUF_X3)
                                         clknet_8_68__leaf_clk_i_regs (net)
                  0.03    0.00    0.53 ^ clkbuf_leaf_141_clk_i_regs/A (CLKBUF_X3)
     7    9.21    0.01    0.04    0.57 ^ clkbuf_leaf_141_clk_i_regs/Z (CLKBUF_X3)
                                         clknet_leaf_141_clk_i_regs (net)
                  0.01    0.00    0.57 ^ i_cache_subsystem.i_stream_arbiter_ar.i_arbiter.lock_q$_DFF_PN0_/CK (DFFR_X1)
                          0.00    0.57   clock reconvergence pessimism
                          0.01    0.57   library hold time
                                  0.57   data required time
-----------------------------------------------------------------------------
                                  0.57   data required time
                                 -0.59   data arrival time
-----------------------------------------------------------------------------
                                  0.02   slack (MET)



==========================================================================
finish report_checks -path_delay max
--------------------------------------------------------------------------
Startpoint: ex_stage_i/csr_buffer_i.csr_addr_o[2]$_DFFE_PN0P_
            (rising edge-triggered flip-flop clocked by core_clock)
Endpoint: issue_stage_i/i_scoreboard/_33501_
          (rising edge-triggered flip-flop clocked by core_clock)
Path Group: core_clock
Path Type: max

Fanout     Cap    Slew   Delay    Time   Description
-----------------------------------------------------------------------------
                          0.00    0.00   clock core_clock (rise edge)
                          0.00    0.00   clock source latency
     1   54.94    0.00    0.00    0.00 ^ clk_i (in)
                                         clk_i (net)
                  0.02    0.02    0.02 ^ wire49147/A (BUF_X16)
     2   46.18    0.01    0.02    0.04 ^ wire49147/Z (BUF_X16)
                                         net49148 (net)
                  0.02    0.02    0.06 ^ clkbuf_regs_0_core_clock/A (CLKBUF_X3)
     1    1.52    0.01    0.03    0.09 ^ clkbuf_regs_0_core_clock/Z (CLKBUF_X3)
                                         clk_i_regs (net)
                  0.01    0.00    0.09 ^ clkbuf_0_clk_i_regs/A (CLKBUF_X3)
     2   36.94    0.03    0.05    0.14 ^ clkbuf_0_clk_i_regs/Z (CLKBUF_X3)
                                         clknet_0_clk_i_regs (net)
                  0.03    0.00    0.15 ^ clkbuf_1_0_0_clk_i_regs/A (CLKBUF_X3)
     2   24.06    0.02    0.05    0.20 ^ clkbuf_1_0_0_clk_i_regs/Z (CLKBUF_X3)
                                         clknet_1_0_0_clk_i_regs (net)
                  0.02    0.00    0.21 ^ clkbuf_2_1_0_clk_i_regs/A (CLKBUF_X3)
     2   27.97    0.02    0.05    0.26 ^ clkbuf_2_1_0_clk_i_regs/Z (CLKBUF_X3)
                                         clknet_2_1_0_clk_i_regs (net)
                  0.02    0.01    0.27 ^ clkbuf_3_3_0_clk_i_regs/A (CLKBUF_X3)
     2   30.05    0.02    0.06    0.32 ^ clkbuf_3_3_0_clk_i_regs/Z (CLKBUF_X3)
                                         clknet_3_3_0_clk_i_regs (net)
                  0.03    0.00    0.33 ^ clkbuf_4_6_0_clk_i_regs/A (CLKBUF_X3)
     4   40.82    0.03    0.06    0.39 ^ clkbuf_4_6_0_clk_i_regs/Z (CLKBUF_X3)
                                         clknet_4_6_0_clk_i_regs (net)
                  0.03    0.01    0.40 ^ clkbuf_6_26_0_clk_i_regs/A (CLKBUF_X3)
     4   53.45    0.04    0.08    0.47 ^ clkbuf_6_26_0_clk_i_regs/Z (CLKBUF_X3)
                                         clknet_6_26_0_clk_i_regs (net)
                  0.04    0.00    0.48 ^ clkbuf_8_104__f_clk_i_regs/A (CLKBUF_X3)
    10   43.74    0.03    0.07    0.55 ^ clkbuf_8_104__f_clk_i_regs/Z (CLKBUF_X3)
                                         clknet_8_104__leaf_clk_i_regs (net)
                  0.03    0.00    0.55 ^ clkbuf_leaf_382_clk_i_regs/A (CLKBUF_X3)
     7    9.96    0.01    0.05    0.60 ^ clkbuf_leaf_382_clk_i_regs/Z (CLKBUF_X3)
                                         clknet_leaf_382_clk_i_regs (net)
                  0.01    0.00    0.60 ^ ex_stage_i/csr_buffer_i.csr_addr_o[2]$_DFFE_PN0P_/CK (DFFR_X2)
     2    3.27    0.01    0.10    0.70 v ex_stage_i/csr_buffer_i.csr_addr_o[2]$_DFFE_PN0P_/Q (DFFR_X2)
                                         csr_addr_ex_csr[2] (net)
                  0.01    0.00    0.70 v csr_regfile_i/_08460_/A2 (OR4_X1)
     2    3.54    0.02    0.11    0.81 v csr_regfile_i/_08460_/ZN (OR4_X1)
                                         csr_regfile_i/_01544_ (net)
                  0.02    0.00    0.81 v csr_regfile_i/_08461_/A4 (OR4_X1)
     2    3.75    0.02    0.13    0.93 v csr_regfile_i/_08461_/ZN (OR4_X1)
                                         csr_regfile_i/_01545_ (net)
                  0.02    0.00    0.93 v csr_regfile_i/_08464_/A (OAI221_X1)
     2    7.72    0.06    0.04    0.97 ^ csr_regfile_i/_08464_/ZN (OAI221_X1)
                                         csr_regfile_i/_01548_ (net)
                  0.06    0.00    0.97 ^ csr_regfile_i/place41959/A (BUF_X4)
     2   19.77    0.01    0.04    1.01 ^ csr_regfile_i/place41959/Z (BUF_X4)
                                         csr_regfile_i/net41958 (net)
                  0.01    0.00    1.01 ^ csr_regfile_i/_08465_/A3 (NOR3_X4)
     2   19.75    0.01    0.02    1.03 v csr_regfile_i/_08465_/ZN (NOR3_X4)
                                         csr_regfile_i/_01549_ (net)
                  0.01    0.00    1.03 v csr_regfile_i/_08864_/A3 (AND3_X4)
     2    7.08    0.01    0.03    1.07 v csr_regfile_i/_08864_/ZN (AND3_X4)
                                         csr_regfile_i/_01946_ (net)
                  0.01    0.00    1.07 v csr_regfile_i/_12669_/A (OAI21_X4)
     2    7.87    0.02    0.02    1.09 ^ csr_regfile_i/_12669_/ZN (OAI21_X4)
                                         csr_regfile_i/_05192_ (net)
                  0.02    0.00    1.09 ^ csr_regfile_i/_12710_/A1 (NAND2_X4)
     3   18.31    0.01    0.02    1.11 v csr_regfile_i/_12710_/ZN (NAND2_X4)
                                         csr_regfile_i/_05229_ (net)
                  0.01    0.00    1.11 v csr_regfile_i/_12711_/A1 (OR2_X4)
     2    6.92    0.01    0.04    1.15 v csr_regfile_i/_12711_/ZN (OR2_X4)
                                         csr_regfile_i/_05230_ (net)
                  0.01    0.00    1.15 v csr_regfile_i/_12877_/A (INV_X4)
     2    7.94    0.01    0.01    1.17 ^ csr_regfile_i/_12877_/ZN (INV_X4)
                                         commit_stage_i.csr_exception_i[128] (net)
                  0.01    0.00    1.17 ^ _06138_/A2 (NAND2_X4)
     1    2.74    0.00    0.01    1.18 v _06138_/ZN (NAND2_X4)
                                         _01399_ (net)
                  0.00    0.00    1.18 v _06139_/A1 (OR3_X4)
     3   13.49    0.01    0.06    1.24 v _06139_/ZN (OR3_X4)
                                         _01400_ (net)
                  0.01    0.00    1.24 v _08445_/A2 (AND2_X4)
     8   57.18    0.02    0.05    1.29 v _08445_/ZN (AND2_X4)
                                         _03267_ (net)
                  0.02    0.00    1.29 v place33647/A (BUF_X8)
     5   18.24    0.01    0.03    1.32 v place33647/Z (BUF_X8)
                                         net33646 (net)
                  0.01    0.00    1.32 v _08492_/A2 (AOI22_X4)
     1    6.82    0.02    0.03    1.35 ^ _08492_/ZN (AOI22_X4)
                                         _03296_ (net)
                  0.02    0.00    1.35 ^ _08493_/A2 (NOR2_X4)
     2    6.68    0.02    0.01    1.37 v _08493_/ZN (NOR2_X4)
                                         commit_stage_i.exception_o[117] (net)
                  0.02    0.00    1.37 v csr_regfile_i/_13338_/A3 (NOR4_X4)
     1    8.81    0.05    0.09    1.45 ^ csr_regfile_i/_13338_/ZN (NOR4_X4)
                                         csr_regfile_i/_05680_ (net)
                  0.05    0.00    1.45 ^ csr_regfile_i/_13342_/A2 (NAND4_X4)
     1    6.33    0.02    0.04    1.49 v csr_regfile_i/_13342_/ZN (NAND4_X4)
                                         csr_regfile_i/_05684_ (net)
                  0.02    0.00    1.49 v csr_regfile_i/_13343_/A2 (NOR3_X4)
     1    7.57    0.03    0.05    1.54 ^ csr_regfile_i/_13343_/ZN (NOR3_X4)
                                         csr_regfile_i/_05685_ (net)
                  0.03    0.00    1.54 ^ csr_regfile_i/_13344_/A3 (NAND3_X4)
     2   18.21    0.02    0.03    1.58 v csr_regfile_i/_13344_/ZN (NAND3_X4)
                                         csr_regfile_i/_05686_ (net)
                  0.02    0.00    1.58 v csr_regfile_i/_15959_/B1 (OAI22_X4)
     2    7.92    0.03    0.04    1.62 ^ csr_regfile_i/_15959_/ZN (OAI22_X4)
                                         controller_i.set_debug_pc_i (net)
                  0.03    0.00    1.62 ^ _06143_/A1 (NOR3_X4)
     1    6.05    0.01    0.01    1.64 v _06143_/ZN (NOR3_X4)
                                         _01403_ (net)
                  0.01    0.00    1.64 v _06144_/A2 (NAND2_X4)
     2   53.66    0.03    0.04    1.67 ^ _06144_/ZN (NAND2_X4)
                                         controller_i.flush_ex_o (net)
                  0.04    0.02    1.69 ^ ex_stage_i/_48673_/A2 (OR2_X4)
     2    7.60    0.01    0.03    1.72 ^ ex_stage_i/_48673_/ZN (OR2_X4)
                                         ex_stage_i/_18081_ (net)
                  0.01    0.00    1.72 ^ ex_stage_i/_49154_/A2 (NAND2_X4)
     2    8.54    0.01    0.01    1.74 v ex_stage_i/_49154_/ZN (NAND2_X4)
                                         ex_stage_i/_18561_ (net)
                  0.01    0.00    1.74 v ex_stage_i/_49157_/A2 (NAND2_X4)
     3   18.42    0.02    0.03    1.76 ^ ex_stage_i/_49157_/ZN (NAND2_X4)
                                         ex_stage_i/_18564_ (net)
                  0.02    0.00    1.77 ^ ex_stage_i/_50711_/S (MUX2_X2)
     6   18.56    0.02    0.09    1.86 v ex_stage_i/_50711_/Z (MUX2_X2)
                                         flu_trans_id_ex_id[0] (net)
                  0.02    0.00    1.86 v issue_stage_i/i_scoreboard/place31206/A (BUF_X8)
     5    9.50    0.01    0.03    1.89 v issue_stage_i/i_scoreboard/place31206/Z (BUF_X8)
                                         issue_stage_i/i_scoreboard/net31205 (net)
                  0.01    0.00    1.89 v issue_stage_i/i_scoreboard/_62336_/S (MUX2_X1)
     1    1.01    0.01    0.04    1.93 v issue_stage_i/i_scoreboard/_62336_/Z (MUX2_X1)
                                         issue_stage_i/i_scoreboard/_26304_ (net)
                  0.01    0.00    1.93 v issue_stage_i/i_scoreboard/_62337_/B (MUX2_X1)
     1    1.65    0.01    0.06    1.99 v issue_stage_i/i_scoreboard/_62337_/Z (MUX2_X1)
                                         issue_stage_i/i_scoreboard/_26305_ (net)
                  0.01    0.00    1.99 v issue_stage_i/i_scoreboard/_62338_/B (MUX2_X1)
     2    7.23    0.02    0.07    2.06 v issue_stage_i/i_scoreboard/_62338_/Z (MUX2_X1)
                                         issue_stage_i/i_scoreboard/_26306_ (net)
                  0.02    0.00    2.06 v issue_stage_i/i_scoreboard/_62339_/A (XNOR2_X2)
     1    3.53    0.01    0.04    2.10 v issue_stage_i/i_scoreboard/_62339_/ZN (XNOR2_X2)
                                         issue_stage_i/i_scoreboard/_26307_ (net)
                  0.01    0.00    2.10 v issue_stage_i/i_scoreboard/_62366_/A (AOI221_X2)
     1    5.00    0.05    0.08    2.18 ^ issue_stage_i/i_scoreboard/_62366_/ZN (AOI221_X2)
                                         issue_stage_i/i_scoreboard/_26334_ (net)
                  0.05    0.00    2.18 ^ issue_stage_i/i_scoreboard/_62367_/A3 (AND3_X4)
     2    8.05    0.01    0.05    2.23 ^ issue_stage_i/i_scoreboard/_62367_/ZN (AND3_X4)
                                         issue_stage_i/i_scoreboard/_26335_ (net)
                  0.01    0.00    2.23 ^ issue_stage_i/i_scoreboard/_62378_/A (OAI21_X4)
     1    2.92    0.01    0.02    2.24 v issue_stage_i/i_scoreboard/_62378_/ZN (OAI21_X4)
                                         issue_stage_i/i_scoreboard/_26346_ (net)
                  0.01    0.00    2.24 v issue_stage_i/i_scoreboard/_62379_/A1 (OR2_X4)
     2    5.85    0.01    0.04    2.28 v issue_stage_i/i_scoreboard/_62379_/ZN (OR2_X4)
                                         issue_stage_i/i_scoreboard/_26347_ (net)
                  0.01    0.00    2.28 v issue_stage_i/i_scoreboard/_62392_/C2 (AOI221_X2)
     2    3.00    0.04    0.05    2.34 ^ issue_stage_i/i_scoreboard/_62392_/ZN (AOI221_X2)
                                         issue_stage_i/i_scoreboard/_26360_ (net)
                  0.04    0.00    2.34 ^ issue_stage_i/i_scoreboard/_63518_/B2 (OAI33_X1)
     1    1.67    0.01    0.03    2.37 v issue_stage_i/i_scoreboard/_63518_/ZN (OAI33_X1)
                                         issue_stage_i/i_scoreboard/_27422_ (net)
                  0.01    0.00    2.37 v issue_stage_i/i_scoreboard/_63519_/A (INV_X1)
     3    6.84    0.02    0.03    2.40 ^ issue_stage_i/i_scoreboard/_63519_/ZN (INV_X1)
                                         issue_stage_i/i_issue_read_operands.N7 (net)
                  0.02    0.00    2.40 ^ issue_stage_i/_19838_/A2 (NOR2_X2)
     1    3.38    0.01    0.01    2.41 v issue_stage_i/_19838_/ZN (NOR2_X2)
                                         issue_stage_i/_02432_ (net)
                  0.01    0.00    2.41 v issue_stage_i/_20453_/B2 (OAI221_X2)
     1    6.80    0.04    0.06    2.47 ^ issue_stage_i/_20453_/ZN (OAI221_X2)
                                         issue_stage_i/_03047_ (net)
                  0.04    0.00    2.47 ^ issue_stage_i/_20622_/B (OAI211_X4)
     2    7.91    0.02    0.03    2.51 v issue_stage_i/_20622_/ZN (OAI211_X4)
                                         issue_stage_i/_03216_ (net)
                  0.02    0.00    2.51 v issue_stage_i/_21362_/A2 (NOR2_X4)
     3   16.50    0.03    0.04    2.55 ^ issue_stage_i/_21362_/ZN (NOR2_X4)
                                         issue_stage_i/i_issue_read_operands.issue_ack_o (net)
                  0.03    0.00    2.55 ^ issue_stage_i/i_scoreboard/_36394_/A2 (AND2_X4)
     6   21.71    0.02    0.04    2.60 ^ issue_stage_i/i_scoreboard/_36394_/ZN (AND2_X4)
                                         issue_stage_i/i_scoreboard/_28997_ (net)
                  0.02    0.00    2.60 ^ issue_stage_i/i_scoreboard/place30648/A (BUF_X8)
     4   20.37    0.01    0.03    2.62 ^ issue_stage_i/i_scoreboard/place30648/Z (BUF_X8)
                                         issue_stage_i/i_scoreboard/net30647 (net)
                  0.01    0.00    2.62 ^ issue_stage_i/i_scoreboard/_36560_/A3 (NAND4_X4)
     5   14.85    0.02    0.04    2.66 v issue_stage_i/i_scoreboard/_36560_/ZN (NAND4_X4)
                                         issue_stage_i/i_scoreboard/_29148_ (net)
                  0.02    0.00    2.66 v issue_stage_i/i_scoreboard/place30483/A (BUF_X4)
     2    3.00    0.00    0.03    2.69 v issue_stage_i/i_scoreboard/place30483/Z (BUF_X4)
                                         issue_stage_i/i_scoreboard/net30482 (net)
                  0.00    0.00    2.69 v issue_stage_i/i_scoreboard/_36561_/S (MUX2_X1)
     2    2.65    0.01    0.05    2.74 v issue_stage_i/i_scoreboard/_36561_/Z (MUX2_X1)
                                         issue_stage_i/i_scoreboard/_29149_ (net)
                  0.01    0.00    2.74 v issue_stage_i/i_scoreboard/_36562_/B (MUX2_X1)
     1    3.51    0.01    0.06    2.81 v issue_stage_i/i_scoreboard/_36562_/Z (MUX2_X1)
                                         issue_stage_i/i_scoreboard/_29150_ (net)
                  0.01    0.00    2.81 v issue_stage_i/i_scoreboard/_36581_/B1 (AOI221_X2)
     2    5.19    0.05    0.08    2.88 ^ issue_stage_i/i_scoreboard/_36581_/ZN (AOI221_X2)
                                         issue_stage_i/i_scoreboard/_29169_ (net)
                  0.05    0.00    2.88 ^ issue_stage_i/i_scoreboard/place30241/A (BUF_X2)
     1    6.69    0.01    0.03    2.92 ^ issue_stage_i/i_scoreboard/place30241/Z (BUF_X2)
                                         issue_stage_i/i_scoreboard/net30240 (net)
                  0.01    0.00    2.92 ^ issue_stage_i/i_scoreboard/_36659_/A (OAI21_X4)
     1    3.84    0.01    0.02    2.93 v issue_stage_i/i_scoreboard/_36659_/ZN (OAI21_X4)
                                         issue_stage_i/i_scoreboard/_29243_ (net)
                  0.01    0.00    2.93 v issue_stage_i/i_scoreboard/_36680_/C2 (OAI221_X2)
     1   20.97    0.08    0.08    3.01 ^ issue_stage_i/i_scoreboard/_36680_/ZN (OAI221_X2)
                                         issue_stage_i/i_scoreboard/_29262_ (net)
                  0.08    0.00    3.02 ^ issue_stage_i/i_scoreboard/place30025/A (BUF_X8)
     6   55.12    0.02    0.04    3.06 ^ issue_stage_i/i_scoreboard/place30025/Z (BUF_X8)
                                         issue_stage_i/i_scoreboard/net30024 (net)
                  0.02    0.01    3.06 ^ issue_stage_i/i_scoreboard/_36682_/A2 (NAND2_X4)
     2    7.55    0.01    0.02    3.08 v issue_stage_i/i_scoreboard/_36682_/ZN (NAND2_X4)
                                         issue_stage_i/i_scoreboard/_29264_ (net)
                  0.01    0.00    3.08 v issue_stage_i/i_scoreboard/_36915_/A (OAI221_X2)
     1    6.70    0.04    0.03    3.11 ^ issue_stage_i/i_scoreboard/_36915_/ZN (OAI221_X2)
                                         issue_stage_i/i_scoreboard/_29494_ (net)
                  0.04    0.00    3.11 ^ issue_stage_i/i_scoreboard/place29576/A (BUF_X8)
     4   49.49    0.01    0.03    3.14 ^ issue_stage_i/i_scoreboard/place29576/Z (BUF_X8)
                                         issue_stage_i/i_scoreboard/net29575 (net)
                  0.02    0.01    3.16 ^ issue_stage_i/i_scoreboard/rebuffer49689/A (BUF_X16)
     4   43.86    0.01    0.02    3.18 ^ issue_stage_i/i_scoreboard/rebuffer49689/Z (BUF_X16)
                                         issue_stage_i/i_scoreboard/net49690 (net)
                  0.02    0.01    3.19 ^ issue_stage_i/i_scoreboard/place29574/A (BUF_X32)
    11   24.95    0.01    0.02    3.21 ^ issue_stage_i/i_scoreboard/place29574/Z (BUF_X32)
                                         issue_stage_i/i_scoreboard/net29573 (net)
                  0.01    0.00    3.22 ^ issue_stage_i/i_scoreboard/_37358_/A1 (NOR2_X4)
     1    3.79    0.01    0.01    3.22 v issue_stage_i/i_scoreboard/_37358_/ZN (NOR2_X4)
                                         issue_stage_i/i_scoreboard/_29913_ (net)
                  0.01    0.00    3.22 v issue_stage_i/i_scoreboard/_37365_/A4 (NOR4_X2)
     1    2.00    0.04    0.07    3.29 ^ issue_stage_i/i_scoreboard/_37365_/ZN (NOR4_X2)
                                         issue_stage_i/i_scoreboard/_03196_ (net)
                  0.04    0.00    3.29 ^ issue_stage_i/i_scoreboard/_33501_/D (DFFR_X1)
                                  3.29   data arrival time

                          2.22    2.22   clock core_clock (rise edge)
                          0.00    2.22   clock source latency
     1   54.94    0.00    0.00    2.22 ^ clk_i (in)
                                         clk_i (net)
                  0.02    0.02    2.24 ^ wire49147/A (BUF_X16)
     2   46.18    0.01    0.02    2.27 ^ wire49147/Z (BUF_X16)
                                         net49148 (net)
                  0.02    0.02    2.28 ^ clkbuf_regs_0_core_clock/A (CLKBUF_X3)
     1    1.52    0.01    0.03    2.31 ^ clkbuf_regs_0_core_clock/Z (CLKBUF_X3)
                                         clk_i_regs (net)
                  0.01    0.00    2.31 ^ clkbuf_0_clk_i_regs/A (CLKBUF_X3)
     2   36.94    0.03    0.05    2.37 ^ clkbuf_0_clk_i_regs/Z (CLKBUF_X3)
                                         clknet_0_clk_i_regs (net)
                  0.03    0.00    2.37 ^ clkbuf_1_0_0_clk_i_regs/A (CLKBUF_X3)
     2   24.06    0.02    0.05    2.43 ^ clkbuf_1_0_0_clk_i_regs/Z (CLKBUF_X3)
                                         clknet_1_0_0_clk_i_regs (net)
                  0.02    0.00    2.43 ^ clkbuf_2_0_0_clk_i_regs/A (CLKBUF_X3)
     2   26.28    0.02    0.05    2.48 ^ clkbuf_2_0_0_clk_i_regs/Z (CLKBUF_X3)
                                         clknet_2_0_0_clk_i_regs (net)
                  0.02    0.01    2.49 ^ clkbuf_3_0_0_clk_i_regs/A (CLKBUF_X3)
     2   25.43    0.02    0.05    2.54 ^ clkbuf_3_0_0_clk_i_regs/Z (CLKBUF_X3)
                                         clknet_3_0_0_clk_i_regs (net)
                  0.02    0.01    2.54 ^ clkbuf_4_1_0_clk_i_regs/A (CLKBUF_X3)
     4   31.62    0.03    0.06    2.60 ^ clkbuf_4_1_0_clk_i_regs/Z (CLKBUF_X3)
                                         clknet_4_1_0_clk_i_regs (net)
                  0.03    0.00    2.60 ^ clkbuf_6_7_0_clk_i_regs/A (CLKBUF_X3)
     4   30.64    0.02    0.06    2.66 ^ clkbuf_6_7_0_clk_i_regs/Z (CLKBUF_X3)
                                         clknet_6_7_0_clk_i_regs (net)
                  0.03    0.00    2.66 ^ clkbuf_8_30__f_clk_i_regs/A (CLKBUF_X3)
    13   49.68    0.04    0.07    2.74 ^ clkbuf_8_30__f_clk_i_regs/Z (CLKBUF_X3)
                                         clknet_8_30__leaf_clk_i_regs (net)
                  0.04    0.00    2.74 ^ clkbuf_leaf_252_clk_i_regs/A (CLKBUF_X3)
     6    9.92    0.01    0.05    2.79 ^ clkbuf_leaf_252_clk_i_regs/Z (CLKBUF_X3)
                                         clknet_leaf_252_clk_i_regs (net)
                  0.01    0.00    2.79 ^ issue_stage_i/i_scoreboard/_33501_/CK (DFFR_X1)
                          0.00    2.79   clock reconvergence pessimism
                         -0.04    2.75   library setup time
                                  2.75   data required time
-----------------------------------------------------------------------------
                                  2.75   data required time
                                 -3.29   data arrival time
-----------------------------------------------------------------------------
                                 -0.54   slack (VIOLATED)



==========================================================================
finish report_checks -unconstrained
--------------------------------------------------------------------------
Startpoint: ex_stage_i/csr_buffer_i.csr_addr_o[2]$_DFFE_PN0P_
            (rising edge-triggered flip-flop clocked by core_clock)
Endpoint: issue_stage_i/i_scoreboard/_33501_
          (rising edge-triggered flip-flop clocked by core_clock)
Path Group: core_clock
Path Type: max

Fanout     Cap    Slew   Delay    Time   Description
-----------------------------------------------------------------------------
                          0.00    0.00   clock core_clock (rise edge)
                          0.00    0.00   clock source latency
     1   54.94    0.00    0.00    0.00 ^ clk_i (in)
                                         clk_i (net)
                  0.02    0.02    0.02 ^ wire49147/A (BUF_X16)
     2   46.18    0.01    0.02    0.04 ^ wire49147/Z (BUF_X16)
                                         net49148 (net)
                  0.02    0.02    0.06 ^ clkbuf_regs_0_core_clock/A (CLKBUF_X3)
     1    1.52    0.01    0.03    0.09 ^ clkbuf_regs_0_core_clock/Z (CLKBUF_X3)
                                         clk_i_regs (net)
                  0.01    0.00    0.09 ^ clkbuf_0_clk_i_regs/A (CLKBUF_X3)
     2   36.94    0.03    0.05    0.14 ^ clkbuf_0_clk_i_regs/Z (CLKBUF_X3)
                                         clknet_0_clk_i_regs (net)
                  0.03    0.00    0.15 ^ clkbuf_1_0_0_clk_i_regs/A (CLKBUF_X3)
     2   24.06    0.02    0.05    0.20 ^ clkbuf_1_0_0_clk_i_regs/Z (CLKBUF_X3)
                                         clknet_1_0_0_clk_i_regs (net)
                  0.02    0.00    0.21 ^ clkbuf_2_1_0_clk_i_regs/A (CLKBUF_X3)
     2   27.97    0.02    0.05    0.26 ^ clkbuf_2_1_0_clk_i_regs/Z (CLKBUF_X3)
                                         clknet_2_1_0_clk_i_regs (net)
                  0.02    0.01    0.27 ^ clkbuf_3_3_0_clk_i_regs/A (CLKBUF_X3)
     2   30.05    0.02    0.06    0.32 ^ clkbuf_3_3_0_clk_i_regs/Z (CLKBUF_X3)
                                         clknet_3_3_0_clk_i_regs (net)
                  0.03    0.00    0.33 ^ clkbuf_4_6_0_clk_i_regs/A (CLKBUF_X3)
     4   40.82    0.03    0.06    0.39 ^ clkbuf_4_6_0_clk_i_regs/Z (CLKBUF_X3)
                                         clknet_4_6_0_clk_i_regs (net)
                  0.03    0.01    0.40 ^ clkbuf_6_26_0_clk_i_regs/A (CLKBUF_X3)
     4   53.45    0.04    0.08    0.47 ^ clkbuf_6_26_0_clk_i_regs/Z (CLKBUF_X3)
                                         clknet_6_26_0_clk_i_regs (net)
                  0.04    0.00    0.48 ^ clkbuf_8_104__f_clk_i_regs/A (CLKBUF_X3)
    10   43.74    0.03    0.07    0.55 ^ clkbuf_8_104__f_clk_i_regs/Z (CLKBUF_X3)
                                         clknet_8_104__leaf_clk_i_regs (net)
                  0.03    0.00    0.55 ^ clkbuf_leaf_382_clk_i_regs/A (CLKBUF_X3)
     7    9.96    0.01    0.05    0.60 ^ clkbuf_leaf_382_clk_i_regs/Z (CLKBUF_X3)
                                         clknet_leaf_382_clk_i_regs (net)
                  0.01    0.00    0.60 ^ ex_stage_i/csr_buffer_i.csr_addr_o[2]$_DFFE_PN0P_/CK (DFFR_X2)
     2    3.27    0.01    0.10    0.70 v ex_stage_i/csr_buffer_i.csr_addr_o[2]$_DFFE_PN0P_/Q (DFFR_X2)
                                         csr_addr_ex_csr[2] (net)
                  0.01    0.00    0.70 v csr_regfile_i/_08460_/A2 (OR4_X1)
     2    3.54    0.02    0.11    0.81 v csr_regfile_i/_08460_/ZN (OR4_X1)
                                         csr_regfile_i/_01544_ (net)
                  0.02    0.00    0.81 v csr_regfile_i/_08461_/A4 (OR4_X1)
     2    3.75    0.02    0.13    0.93 v csr_regfile_i/_08461_/ZN (OR4_X1)
                                         csr_regfile_i/_01545_ (net)
                  0.02    0.00    0.93 v csr_regfile_i/_08464_/A (OAI221_X1)
     2    7.72    0.06    0.04    0.97 ^ csr_regfile_i/_08464_/ZN (OAI221_X1)
                                         csr_regfile_i/_01548_ (net)
                  0.06    0.00    0.97 ^ csr_regfile_i/place41959/A (BUF_X4)
     2   19.77    0.01    0.04    1.01 ^ csr_regfile_i/place41959/Z (BUF_X4)
                                         csr_regfile_i/net41958 (net)
                  0.01    0.00    1.01 ^ csr_regfile_i/_08465_/A3 (NOR3_X4)
     2   19.75    0.01    0.02    1.03 v csr_regfile_i/_08465_/ZN (NOR3_X4)
                                         csr_regfile_i/_01549_ (net)
                  0.01    0.00    1.03 v csr_regfile_i/_08864_/A3 (AND3_X4)
     2    7.08    0.01    0.03    1.07 v csr_regfile_i/_08864_/ZN (AND3_X4)
                                         csr_regfile_i/_01946_ (net)
                  0.01    0.00    1.07 v csr_regfile_i/_12669_/A (OAI21_X4)
     2    7.87    0.02    0.02    1.09 ^ csr_regfile_i/_12669_/ZN (OAI21_X4)
                                         csr_regfile_i/_05192_ (net)
                  0.02    0.00    1.09 ^ csr_regfile_i/_12710_/A1 (NAND2_X4)
     3   18.31    0.01    0.02    1.11 v csr_regfile_i/_12710_/ZN (NAND2_X4)
                                         csr_regfile_i/_05229_ (net)
                  0.01    0.00    1.11 v csr_regfile_i/_12711_/A1 (OR2_X4)
     2    6.92    0.01    0.04    1.15 v csr_regfile_i/_12711_/ZN (OR2_X4)
                                         csr_regfile_i/_05230_ (net)
                  0.01    0.00    1.15 v csr_regfile_i/_12877_/A (INV_X4)
     2    7.94    0.01    0.01    1.17 ^ csr_regfile_i/_12877_/ZN (INV_X4)
                                         commit_stage_i.csr_exception_i[128] (net)
                  0.01    0.00    1.17 ^ _06138_/A2 (NAND2_X4)
     1    2.74    0.00    0.01    1.18 v _06138_/ZN (NAND2_X4)
                                         _01399_ (net)
                  0.00    0.00    1.18 v _06139_/A1 (OR3_X4)
     3   13.49    0.01    0.06    1.24 v _06139_/ZN (OR3_X4)
                                         _01400_ (net)
                  0.01    0.00    1.24 v _08445_/A2 (AND2_X4)
     8   57.18    0.02    0.05    1.29 v _08445_/ZN (AND2_X4)
                                         _03267_ (net)
                  0.02    0.00    1.29 v place33647/A (BUF_X8)
     5   18.24    0.01    0.03    1.32 v place33647/Z (BUF_X8)
                                         net33646 (net)
                  0.01    0.00    1.32 v _08492_/A2 (AOI22_X4)
     1    6.82    0.02    0.03    1.35 ^ _08492_/ZN (AOI22_X4)
                                         _03296_ (net)
                  0.02    0.00    1.35 ^ _08493_/A2 (NOR2_X4)
     2    6.68    0.02    0.01    1.37 v _08493_/ZN (NOR2_X4)
                                         commit_stage_i.exception_o[117] (net)
                  0.02    0.00    1.37 v csr_regfile_i/_13338_/A3 (NOR4_X4)
     1    8.81    0.05    0.09    1.45 ^ csr_regfile_i/_13338_/ZN (NOR4_X4)
                                         csr_regfile_i/_05680_ (net)
                  0.05    0.00    1.45 ^ csr_regfile_i/_13342_/A2 (NAND4_X4)
     1    6.33    0.02    0.04    1.49 v csr_regfile_i/_13342_/ZN (NAND4_X4)
                                         csr_regfile_i/_05684_ (net)
                  0.02    0.00    1.49 v csr_regfile_i/_13343_/A2 (NOR3_X4)
     1    7.57    0.03    0.05    1.54 ^ csr_regfile_i/_13343_/ZN (NOR3_X4)
                                         csr_regfile_i/_05685_ (net)
                  0.03    0.00    1.54 ^ csr_regfile_i/_13344_/A3 (NAND3_X4)
     2   18.21    0.02    0.03    1.58 v csr_regfile_i/_13344_/ZN (NAND3_X4)
                                         csr_regfile_i/_05686_ (net)
                  0.02    0.00    1.58 v csr_regfile_i/_15959_/B1 (OAI22_X4)
     2    7.92    0.03    0.04    1.62 ^ csr_regfile_i/_15959_/ZN (OAI22_X4)
                                         controller_i.set_debug_pc_i (net)
                  0.03    0.00    1.62 ^ _06143_/A1 (NOR3_X4)
     1    6.05    0.01    0.01    1.64 v _06143_/ZN (NOR3_X4)
                                         _01403_ (net)
                  0.01    0.00    1.64 v _06144_/A2 (NAND2_X4)
     2   53.66    0.03    0.04    1.67 ^ _06144_/ZN (NAND2_X4)
                                         controller_i.flush_ex_o (net)
                  0.04    0.02    1.69 ^ ex_stage_i/_48673_/A2 (OR2_X4)
     2    7.60    0.01    0.03    1.72 ^ ex_stage_i/_48673_/ZN (OR2_X4)
                                         ex_stage_i/_18081_ (net)
                  0.01    0.00    1.72 ^ ex_stage_i/_49154_/A2 (NAND2_X4)
     2    8.54    0.01    0.01    1.74 v ex_stage_i/_49154_/ZN (NAND2_X4)
                                         ex_stage_i/_18561_ (net)
                  0.01    0.00    1.74 v ex_stage_i/_49157_/A2 (NAND2_X4)
     3   18.42    0.02    0.03    1.76 ^ ex_stage_i/_49157_/ZN (NAND2_X4)
                                         ex_stage_i/_18564_ (net)
                  0.02    0.00    1.77 ^ ex_stage_i/_50711_/S (MUX2_X2)
     6   18.56    0.02    0.09    1.86 v ex_stage_i/_50711_/Z (MUX2_X2)
                                         flu_trans_id_ex_id[0] (net)
                  0.02    0.00    1.86 v issue_stage_i/i_scoreboard/place31206/A (BUF_X8)
     5    9.50    0.01    0.03    1.89 v issue_stage_i/i_scoreboard/place31206/Z (BUF_X8)
                                         issue_stage_i/i_scoreboard/net31205 (net)
                  0.01    0.00    1.89 v issue_stage_i/i_scoreboard/_62336_/S (MUX2_X1)
     1    1.01    0.01    0.04    1.93 v issue_stage_i/i_scoreboard/_62336_/Z (MUX2_X1)
                                         issue_stage_i/i_scoreboard/_26304_ (net)
                  0.01    0.00    1.93 v issue_stage_i/i_scoreboard/_62337_/B (MUX2_X1)
     1    1.65    0.01    0.06    1.99 v issue_stage_i/i_scoreboard/_62337_/Z (MUX2_X1)
                                         issue_stage_i/i_scoreboard/_26305_ (net)
                  0.01    0.00    1.99 v issue_stage_i/i_scoreboard/_62338_/B (MUX2_X1)
     2    7.23    0.02    0.07    2.06 v issue_stage_i/i_scoreboard/_62338_/Z (MUX2_X1)
                                         issue_stage_i/i_scoreboard/_26306_ (net)
                  0.02    0.00    2.06 v issue_stage_i/i_scoreboard/_62339_/A (XNOR2_X2)
     1    3.53    0.01    0.04    2.10 v issue_stage_i/i_scoreboard/_62339_/ZN (XNOR2_X2)
                                         issue_stage_i/i_scoreboard/_26307_ (net)
                  0.01    0.00    2.10 v issue_stage_i/i_scoreboard/_62366_/A (AOI221_X2)
     1    5.00    0.05    0.08    2.18 ^ issue_stage_i/i_scoreboard/_62366_/ZN (AOI221_X2)
                                         issue_stage_i/i_scoreboard/_26334_ (net)
                  0.05    0.00    2.18 ^ issue_stage_i/i_scoreboard/_62367_/A3 (AND3_X4)
     2    8.05    0.01    0.05    2.23 ^ issue_stage_i/i_scoreboard/_62367_/ZN (AND3_X4)
                                         issue_stage_i/i_scoreboard/_26335_ (net)
                  0.01    0.00    2.23 ^ issue_stage_i/i_scoreboard/_62378_/A (OAI21_X4)
     1    2.92    0.01    0.02    2.24 v issue_stage_i/i_scoreboard/_62378_/ZN (OAI21_X4)
                                         issue_stage_i/i_scoreboard/_26346_ (net)
                  0.01    0.00    2.24 v issue_stage_i/i_scoreboard/_62379_/A1 (OR2_X4)
     2    5.85    0.01    0.04    2.28 v issue_stage_i/i_scoreboard/_62379_/ZN (OR2_X4)
                                         issue_stage_i/i_scoreboard/_26347_ (net)
                  0.01    0.00    2.28 v issue_stage_i/i_scoreboard/_62392_/C2 (AOI221_X2)
     2    3.00    0.04    0.05    2.34 ^ issue_stage_i/i_scoreboard/_62392_/ZN (AOI221_X2)
                                         issue_stage_i/i_scoreboard/_26360_ (net)
                  0.04    0.00    2.34 ^ issue_stage_i/i_scoreboard/_63518_/B2 (OAI33_X1)
     1    1.67    0.01    0.03    2.37 v issue_stage_i/i_scoreboard/_63518_/ZN (OAI33_X1)
                                         issue_stage_i/i_scoreboard/_27422_ (net)
                  0.01    0.00    2.37 v issue_stage_i/i_scoreboard/_63519_/A (INV_X1)
     3    6.84    0.02    0.03    2.40 ^ issue_stage_i/i_scoreboard/_63519_/ZN (INV_X1)
                                         issue_stage_i/i_issue_read_operands.N7 (net)
                  0.02    0.00    2.40 ^ issue_stage_i/_19838_/A2 (NOR2_X2)
     1    3.38    0.01    0.01    2.41 v issue_stage_i/_19838_/ZN (NOR2_X2)
                                         issue_stage_i/_02432_ (net)
                  0.01    0.00    2.41 v issue_stage_i/_20453_/B2 (OAI221_X2)
     1    6.80    0.04    0.06    2.47 ^ issue_stage_i/_20453_/ZN (OAI221_X2)
                                         issue_stage_i/_03047_ (net)
                  0.04    0.00    2.47 ^ issue_stage_i/_20622_/B (OAI211_X4)
     2    7.91    0.02    0.03    2.51 v issue_stage_i/_20622_/ZN (OAI211_X4)
                                         issue_stage_i/_03216_ (net)
                  0.02    0.00    2.51 v issue_stage_i/_21362_/A2 (NOR2_X4)
     3   16.50    0.03    0.04    2.55 ^ issue_stage_i/_21362_/ZN (NOR2_X4)
                                         issue_stage_i/i_issue_read_operands.issue_ack_o (net)
                  0.03    0.00    2.55 ^ issue_stage_i/i_scoreboard/_36394_/A2 (AND2_X4)
     6   21.71    0.02    0.04    2.60 ^ issue_stage_i/i_scoreboard/_36394_/ZN (AND2_X4)
                                         issue_stage_i/i_scoreboard/_28997_ (net)
                  0.02    0.00    2.60 ^ issue_stage_i/i_scoreboard/place30648/A (BUF_X8)
     4   20.37    0.01    0.03    2.62 ^ issue_stage_i/i_scoreboard/place30648/Z (BUF_X8)
                                         issue_stage_i/i_scoreboard/net30647 (net)
                  0.01    0.00    2.62 ^ issue_stage_i/i_scoreboard/_36560_/A3 (NAND4_X4)
     5   14.85    0.02    0.04    2.66 v issue_stage_i/i_scoreboard/_36560_/ZN (NAND4_X4)
                                         issue_stage_i/i_scoreboard/_29148_ (net)
                  0.02    0.00    2.66 v issue_stage_i/i_scoreboard/place30483/A (BUF_X4)
     2    3.00    0.00    0.03    2.69 v issue_stage_i/i_scoreboard/place30483/Z (BUF_X4)
                                         issue_stage_i/i_scoreboard/net30482 (net)
                  0.00    0.00    2.69 v issue_stage_i/i_scoreboard/_36561_/S (MUX2_X1)
     2    2.65    0.01    0.05    2.74 v issue_stage_i/i_scoreboard/_36561_/Z (MUX2_X1)
                                         issue_stage_i/i_scoreboard/_29149_ (net)
                  0.01    0.00    2.74 v issue_stage_i/i_scoreboard/_36562_/B (MUX2_X1)
     1    3.51    0.01    0.06    2.81 v issue_stage_i/i_scoreboard/_36562_/Z (MUX2_X1)
                                         issue_stage_i/i_scoreboard/_29150_ (net)
                  0.01    0.00    2.81 v issue_stage_i/i_scoreboard/_36581_/B1 (AOI221_X2)
     2    5.19    0.05    0.08    2.88 ^ issue_stage_i/i_scoreboard/_36581_/ZN (AOI221_X2)
                                         issue_stage_i/i_scoreboard/_29169_ (net)
                  0.05    0.00    2.88 ^ issue_stage_i/i_scoreboard/place30241/A (BUF_X2)
     1    6.69    0.01    0.03    2.92 ^ issue_stage_i/i_scoreboard/place30241/Z (BUF_X2)
                                         issue_stage_i/i_scoreboard/net30240 (net)
                  0.01    0.00    2.92 ^ issue_stage_i/i_scoreboard/_36659_/A (OAI21_X4)
     1    3.84    0.01    0.02    2.93 v issue_stage_i/i_scoreboard/_36659_/ZN (OAI21_X4)
                                         issue_stage_i/i_scoreboard/_29243_ (net)
                  0.01    0.00    2.93 v issue_stage_i/i_scoreboard/_36680_/C2 (OAI221_X2)
     1   20.97    0.08    0.08    3.01 ^ issue_stage_i/i_scoreboard/_36680_/ZN (OAI221_X2)
                                         issue_stage_i/i_scoreboard/_29262_ (net)
                  0.08    0.00    3.02 ^ issue_stage_i/i_scoreboard/place30025/A (BUF_X8)
     6   55.12    0.02    0.04    3.06 ^ issue_stage_i/i_scoreboard/place30025/Z (BUF_X8)
                                         issue_stage_i/i_scoreboard/net30024 (net)
                  0.02    0.01    3.06 ^ issue_stage_i/i_scoreboard/_36682_/A2 (NAND2_X4)
     2    7.55    0.01    0.02    3.08 v issue_stage_i/i_scoreboard/_36682_/ZN (NAND2_X4)
                                         issue_stage_i/i_scoreboard/_29264_ (net)
                  0.01    0.00    3.08 v issue_stage_i/i_scoreboard/_36915_/A (OAI221_X2)
     1    6.70    0.04    0.03    3.11 ^ issue_stage_i/i_scoreboard/_36915_/ZN (OAI221_X2)
                                         issue_stage_i/i_scoreboard/_29494_ (net)
                  0.04    0.00    3.11 ^ issue_stage_i/i_scoreboard/place29576/A (BUF_X8)
     4   49.49    0.01    0.03    3.14 ^ issue_stage_i/i_scoreboard/place29576/Z (BUF_X8)
                                         issue_stage_i/i_scoreboard/net29575 (net)
                  0.02    0.01    3.16 ^ issue_stage_i/i_scoreboard/rebuffer49689/A (BUF_X16)
     4   43.86    0.01    0.02    3.18 ^ issue_stage_i/i_scoreboard/rebuffer49689/Z (BUF_X16)
                                         issue_stage_i/i_scoreboard/net49690 (net)
                  0.02    0.01    3.19 ^ issue_stage_i/i_scoreboard/place29574/A (BUF_X32)
    11   24.95    0.01    0.02    3.21 ^ issue_stage_i/i_scoreboard/place29574/Z (BUF_X32)
                                         issue_stage_i/i_scoreboard/net29573 (net)
                  0.01    0.00    3.22 ^ issue_stage_i/i_scoreboard/_37358_/A1 (NOR2_X4)
     1    3.79    0.01    0.01    3.22 v issue_stage_i/i_scoreboard/_37358_/ZN (NOR2_X4)
                                         issue_stage_i/i_scoreboard/_29913_ (net)
                  0.01    0.00    3.22 v issue_stage_i/i_scoreboard/_37365_/A4 (NOR4_X2)
     1    2.00    0.04    0.07    3.29 ^ issue_stage_i/i_scoreboard/_37365_/ZN (NOR4_X2)
                                         issue_stage_i/i_scoreboard/_03196_ (net)
                  0.04    0.00    3.29 ^ issue_stage_i/i_scoreboard/_33501_/D (DFFR_X1)
                                  3.29   data arrival time

                          2.22    2.22   clock core_clock (rise edge)
                          0.00    2.22   clock source latency
     1   54.94    0.00    0.00    2.22 ^ clk_i (in)
                                         clk_i (net)
                  0.02    0.02    2.24 ^ wire49147/A (BUF_X16)
     2   46.18    0.01    0.02    2.27 ^ wire49147/Z (BUF_X16)
                                         net49148 (net)
                  0.02    0.02    2.28 ^ clkbuf_regs_0_core_clock/A (CLKBUF_X3)
     1    1.52    0.01    0.03    2.31 ^ clkbuf_regs_0_core_clock/Z (CLKBUF_X3)
                                         clk_i_regs (net)
                  0.01    0.00    2.31 ^ clkbuf_0_clk_i_regs/A (CLKBUF_X3)
     2   36.94    0.03    0.05    2.37 ^ clkbuf_0_clk_i_regs/Z (CLKBUF_X3)
                                         clknet_0_clk_i_regs (net)
                  0.03    0.00    2.37 ^ clkbuf_1_0_0_clk_i_regs/A (CLKBUF_X3)
     2   24.06    0.02    0.05    2.43 ^ clkbuf_1_0_0_clk_i_regs/Z (CLKBUF_X3)
                                         clknet_1_0_0_clk_i_regs (net)
                  0.02    0.00    2.43 ^ clkbuf_2_0_0_clk_i_regs/A (CLKBUF_X3)
     2   26.28    0.02    0.05    2.48 ^ clkbuf_2_0_0_clk_i_regs/Z (CLKBUF_X3)
                                         clknet_2_0_0_clk_i_regs (net)
                  0.02    0.01    2.49 ^ clkbuf_3_0_0_clk_i_regs/A (CLKBUF_X3)
     2   25.43    0.02    0.05    2.54 ^ clkbuf_3_0_0_clk_i_regs/Z (CLKBUF_X3)
                                         clknet_3_0_0_clk_i_regs (net)
                  0.02    0.01    2.54 ^ clkbuf_4_1_0_clk_i_regs/A (CLKBUF_X3)
     4   31.62    0.03    0.06    2.60 ^ clkbuf_4_1_0_clk_i_regs/Z (CLKBUF_X3)
                                         clknet_4_1_0_clk_i_regs (net)
                  0.03    0.00    2.60 ^ clkbuf_6_7_0_clk_i_regs/A (CLKBUF_X3)
     4   30.64    0.02    0.06    2.66 ^ clkbuf_6_7_0_clk_i_regs/Z (CLKBUF_X3)
                                         clknet_6_7_0_clk_i_regs (net)
                  0.03    0.00    2.66 ^ clkbuf_8_30__f_clk_i_regs/A (CLKBUF_X3)
    13   49.68    0.04    0.07    2.74 ^ clkbuf_8_30__f_clk_i_regs/Z (CLKBUF_X3)
                                         clknet_8_30__leaf_clk_i_regs (net)
                  0.04    0.00    2.74 ^ clkbuf_leaf_252_clk_i_regs/A (CLKBUF_X3)
     6    9.92    0.01    0.05    2.79 ^ clkbuf_leaf_252_clk_i_regs/Z (CLKBUF_X3)
                                         clknet_leaf_252_clk_i_regs (net)
                  0.01    0.00    2.79 ^ issue_stage_i/i_scoreboard/_33501_/CK (DFFR_X1)
                          0.00    2.79   clock reconvergence pessimism
                         -0.04    2.75   library setup time
                                  2.75   data required time
-----------------------------------------------------------------------------
                                  2.75   data required time
                                 -3.29   data arrival time
-----------------------------------------------------------------------------
                                 -0.54   slack (VIOLATED)



==========================================================================
finish report_check_types -max_slew -max_cap -max_fanout -violators
--------------------------------------------------------------------------
max capacitance

Pin                                    Limit     Cap   Slack
------------------------------------------------------------
csr_regfile_i/place34878/Z            121.15  131.81  -10.66 (VIOLATED)
csr_regfile_i/_11055_/ZN               49.13   57.64   -8.51 (VIOLATED)
csr_regfile_i/_09176_/ZN               59.36   67.62   -8.26 (VIOLATED)
csr_regfile_i/place33550/Z             60.65   67.55   -6.90 (VIOLATED)
csr_regfile_i/_08729_/ZN               24.60   31.25   -6.64 (VIOLATED)
ex_stage_i/lsu_i.i_mmu.lsu_vaddr_q[62]$_DFF_PN0_/Q   60.58   66.98   -6.40 (VIOLATED)
csr_regfile_i/_11182_/ZN               49.13   55.52   -6.39 (VIOLATED)
i_perf_counters/_07066_/ZN             24.60   30.24   -5.63 (VIOLATED)
i_cache_subsystem.i_nbdcache/_4594_/ZN   26.70   32.00   -5.30 (VIOLATED)
csr_regfile_i/_10473_/ZN               49.13   54.39   -5.26 (VIOLATED)
csr_regfile_i/_15516_/ZN               53.41   58.21   -4.81 (VIOLATED)
i_cache_subsystem.i_nbdcache/i_miss_handler/_14243_/ZN   25.33   29.66   -4.33 (VIOLATED)
i_perf_counters/_05987_/ZN             13.81   17.97   -4.16 (VIOLATED)
ex_stage_i/place47114/Z                60.65   64.73   -4.08 (VIOLATED)
i_cache_subsystem.i_nbdcache/i_miss_handler/_19229_/ZN   25.33   29.35   -4.02 (VIOLATED)
i_cache_subsystem.i_nbdcache/i_miss_handler/_12751_/ZN   27.62   31.58   -3.96 (VIOLATED)
i_frontend/_41587_/ZN                  26.05   29.80   -3.75 (VIOLATED)
csr_regfile_i/mtval_q[62]$_DFF_PN0_/Q   60.58   64.23   -3.65 (VIOLATED)
csr_regfile_i/_09253_/ZN               16.02   19.59   -3.57 (VIOLATED)
i_cache_subsystem.i_nbdcache/i_miss_handler/_14209_/ZN   16.02   19.38   -3.36 (VIOLATED)
i_perf_counters/_06071_/ZN             13.81   17.09   -3.28 (VIOLATED)
i_cache_subsystem.i_nbdcache/i_miss_handler/_16208_/ZN   13.81   16.93   -3.12 (VIOLATED)
i_cache_subsystem.i_nbdcache/i_miss_handler/_14147_/ZN   16.02   19.13   -3.11 (VIOLATED)
i_cache_subsystem.i_nbdcache/i_miss_handler/_13319_/ZN   25.33   28.42   -3.09 (VIOLATED)
csr_regfile_i/_15527_/ZN               53.41   56.44   -3.03 (VIOLATED)
issue_stage_i/_23623_/ZN               13.01   15.98   -2.97 (VIOLATED)
csr_regfile_i/_09581_/ZN               24.60   27.44   -2.83 (VIOLATED)
csr_regfile_i/_08677_/ZN               31.74   34.51   -2.77 (VIOLATED)
csr_regfile_i/_10212_/ZN               27.62   30.34   -2.72 (VIOLATED)
issue_stage_i/place45743/Z             60.65   63.36   -2.71 (VIOLATED)
i_cache_subsystem.i_nbdcache/_4584_/ZN   24.60   27.23   -2.62 (VIOLATED)
i_frontend/_39466_/ZN                  25.33   27.93   -2.60 (VIOLATED)
i_cache_subsystem.i_nbdcache/i_miss_handler/_19937_/ZN   23.23   25.82   -2.59 (VIOLATED)
ex_stage_i/_51023_/ZN                  26.70   29.26   -2.56 (VIOLATED)
ex_stage_i/place47113/Z                60.65   63.19   -2.54 (VIOLATED)
csr_regfile_i/_09291_/ZN               49.13   51.61   -2.48 (VIOLATED)
csr_regfile_i/_09006_/ZN               26.70   29.14   -2.44 (VIOLATED)
csr_regfile_i/_08562_/ZN               10.47   12.75   -2.28 (VIOLATED)
csr_regfile_i/_11004_/ZN               13.01   15.01   -2.00 (VIOLATED)
i_cache_subsystem.i_nbdcache/i_miss_handler/_19216_/ZN   31.74   33.72   -1.98 (VIOLATED)
ex_stage_i/_47755_/ZN                  26.02   27.94   -1.92 (VIOLATED)
place38468/Z                           60.65   62.57   -1.92 (VIOLATED)
i_cache_subsystem.i_nbdcache/i_miss_handler/_12096_/ZN   13.81   15.68   -1.87 (VIOLATED)
i_cache_subsystem.i_nbdcache/i_miss_handler/_23294_/ZN   24.60   26.43   -1.83 (VIOLATED)
ex_stage_i/_31344_/ZN                  26.70   28.45   -1.74 (VIOLATED)
i_cache_subsystem.i_nbdcache/i_miss_handler/_15407_/ZN   13.81   15.54   -1.73 (VIOLATED)
i_perf_counters/_06318_/ZN             13.81   15.53   -1.72 (VIOLATED)
i_frontend/_37987_/ZN                  26.70   28.42   -1.71 (VIOLATED)
i_cache_subsystem.i_nbdcache/i_miss_handler/_16170_/ZN   13.81   15.50   -1.69 (VIOLATED)
i_cache_subsystem.i_nbdcache/i_miss_handler/_12627_/ZN   26.05   27.66   -1.61 (VIOLATED)
i_frontend/_44201_/ZN                  22.16   23.68   -1.51 (VIOLATED)
issue_stage_i/_21480_/ZN               53.41   54.90   -1.50 (VIOLATED)
i_cache_subsystem.i_nbdcache/i_miss_handler/_19993_/ZN   23.23   24.71   -1.48 (VIOLATED)
i_perf_counters/_06612_/ZN             13.81   15.29   -1.48 (VIOLATED)
i_cache_subsystem.i_nbdcache/i_miss_handler/_12495_/ZN   13.81   15.28   -1.47 (VIOLATED)
csr_regfile_i/_10021_/ZN               16.02   17.47   -1.45 (VIOLATED)
ex_stage_i/_50595_/ZN                  26.05   27.41   -1.36 (VIOLATED)
i_perf_counters/_06976_/ZN             13.01   14.32   -1.31 (VIOLATED)
place40383/Z                           60.65   61.92   -1.27 (VIOLATED)
i_perf_counters/_06564_/ZN             13.81   15.08   -1.27 (VIOLATED)
csr_regfile_i/_12878_/ZN               26.70   27.96   -1.26 (VIOLATED)
i_cache_subsystem.i_nbdcache/i_miss_handler/_19215_/ZN   31.74   32.98   -1.24 (VIOLATED)
ex_stage_i/_57856_/CO                  60.58   61.82   -1.24 (VIOLATED)
i_perf_counters/_06291_/ZN             13.81   14.99   -1.18 (VIOLATED)
i_cache_subsystem.i_nbdcache/_5089_/ZN   24.60   25.78   -1.17 (VIOLATED)
csr_regfile_i/_11034_/ZN               11.48   12.62   -1.13 (VIOLATED)
i_perf_counters/_06444_/ZN             13.81   14.93   -1.12 (VIOLATED)
place38803/Z                          121.15  122.25   -1.09 (VIOLATED)
issue_stage_i/_22207_/ZN               10.47   11.54   -1.07 (VIOLATED)
csr_regfile_i/_09642_/ZN               13.81   14.87   -1.06 (VIOLATED)
i_cache_subsystem.i_nbdcache/i_miss_handler/_13327_/ZN   25.33   26.39   -1.06 (VIOLATED)
i_cache_subsystem.i_nbdcache/i_miss_handler/_13356_/ZN   25.33   26.38   -1.05 (VIOLATED)
i_frontend/_41726_/ZN                  16.02   17.06   -1.04 (VIOLATED)
issue_stage_i/i_scoreboard/_59313_/ZN   16.02   17.01   -0.98 (VIOLATED)
issue_stage_i/i_scoreboard/_56670_/ZN   50.66   51.63   -0.97 (VIOLATED)
i_perf_counters/_06551_/ZN             13.01   13.97   -0.96 (VIOLATED)
i_cache_subsystem.i_nbdcache/i_miss_handler/_19947_/ZN   23.23   24.17   -0.94 (VIOLATED)
i_perf_counters/_06522_/ZN             13.01   13.92   -0.91 (VIOLATED)
i_cache_subsystem.i_nbdcache/_3269_/ZN   26.70   27.58   -0.88 (VIOLATED)
place48279/Z                           60.65   61.51   -0.86 (VIOLATED)
i_cache_subsystem.i_nbdcache/i_miss_handler/_23575_/ZN   13.01   13.78   -0.78 (VIOLATED)
i_cache_subsystem.i_nbdcache/i_miss_handler/_14250_/ZN   25.33   26.10   -0.77 (VIOLATED)
i_frontend/_42238_/ZN                  22.16   22.89   -0.73 (VIOLATED)
csr_regfile_i/place35124/Z            121.15  121.81   -0.65 (VIOLATED)
i_perf_counters/_06670_/ZN             13.01   13.65   -0.64 (VIOLATED)
i_perf_counters/_06367_/ZN             13.81   14.44   -0.63 (VIOLATED)
i_cache_subsystem.i_nbdcache/i_miss_handler/_23541_/ZN   13.01   13.63   -0.62 (VIOLATED)
i_cache_subsystem.i_nbdcache/i_miss_handler/_12432_/ZN   13.81   14.40   -0.59 (VIOLATED)
i_perf_counters/_06268_/ZN             13.81   14.36   -0.55 (VIOLATED)
i_cache_subsystem.i_nbdcache/_5129_/ZN   26.05   26.60   -0.54 (VIOLATED)
csr_regfile_i/mepc_q[39]$_DFF_PN0_/Q   60.58   61.09   -0.51 (VIOLATED)
i_cache_subsystem.i_nbdcache/i_miss_handler/_13716_/ZN   25.33   25.84   -0.51 (VIOLATED)
i_cache_subsystem.i_nbdcache/i_miss_handler/_14512_/ZN   25.33   25.75   -0.42 (VIOLATED)
place37953/Z                           60.65   61.07   -0.42 (VIOLATED)
i_cache_subsystem.i_nbdcache/i_miss_handler/_13267_/ZN   13.81   14.21   -0.40 (VIOLATED)
i_cache_subsystem.i_nbdcache/i_miss_handler/_23545_/ZN   13.01   13.39   -0.39 (VIOLATED)
csr_regfile_i/_09982_/ZN               25.33   25.69   -0.36 (VIOLATED)
i_frontend/_43970_/ZN                  13.81   14.16   -0.35 (VIOLATED)
i_cache_subsystem.i_nbdcache/i_miss_handler/_14505_/ZN   25.33   25.67   -0.34 (VIOLATED)
i_frontend/_38489_/ZN                  24.60   24.92   -0.32 (VIOLATED)
i_perf_counters/_06645_/ZN             13.01   13.30   -0.29 (VIOLATED)
i_perf_counters/_06600_/ZN             13.81   14.09   -0.28 (VIOLATED)
csr_regfile_i/_10082_/ZN               23.23   23.51   -0.28 (VIOLATED)
i_frontend/_46611_/ZN                  13.81   14.05   -0.24 (VIOLATED)
i_perf_counters/_06328_/ZN             13.01   13.24   -0.23 (VIOLATED)
i_perf_counters/_06164_/ZN             13.81   13.97   -0.16 (VIOLATED)
csr_regfile_i/_10521_/ZN               22.16   22.30   -0.14 (VIOLATED)
ex_stage_i/_49873_/ZN                  26.05   26.19   -0.14 (VIOLATED)
i_cache_subsystem.i_nbdcache/i_miss_handler/_23586_/ZN   13.01   13.14   -0.13 (VIOLATED)
i_frontend/_45619_/ZN                  13.81   13.93   -0.12 (VIOLATED)
i_cache_subsystem.i_nbdcache/_5572_/ZN   10.47   10.56   -0.09 (VIOLATED)
place48259/Z                           60.65   60.74   -0.08 (VIOLATED)
i_cache_subsystem.i_nbdcache/i_miss_handler/_21746_/ZN   26.05   26.12   -0.07 (VIOLATED)
csr_regfile_i/_09715_/ZN               49.13   49.16   -0.03 (VIOLATED)
i_frontend/_40234_/ZN                  16.02   16.04   -0.02 (VIOLATED)


==========================================================================
finish max_slew_check_slack
--------------------------------------------------------------------------
0.04178020730614662

==========================================================================
finish max_slew_check_limit
--------------------------------------------------------------------------
0.1985349953174591

==========================================================================
finish max_slew_check_slack_limit
--------------------------------------------------------------------------
0.2104

==========================================================================
finish max_fanout_check_slack
--------------------------------------------------------------------------
1.0000000150474662e+30

==========================================================================
finish max_fanout_check_limit
--------------------------------------------------------------------------
1.0000000150474662e+30

==========================================================================
finish max_capacitance_check_slack
--------------------------------------------------------------------------
-10.659374237060547

==========================================================================
finish max_capacitance_check_limit
--------------------------------------------------------------------------
121.15499877929688

==========================================================================
finish max_capacitance_check_slack_limit
--------------------------------------------------------------------------
-0.0880

==========================================================================
finish max_slew_violation_count
--------------------------------------------------------------------------
max slew violation count 0

==========================================================================
finish max_fanout_violation_count
--------------------------------------------------------------------------
max fanout violation count 0

==========================================================================
finish max_cap_violation_count
--------------------------------------------------------------------------
max cap violation count 115

==========================================================================
finish setup_violation_count
--------------------------------------------------------------------------
setup violation count 4769

==========================================================================
finish hold_violation_count
--------------------------------------------------------------------------
hold violation count 0

==========================================================================
finish report_checks -path_delay max reg to reg
--------------------------------------------------------------------------
Startpoint: ex_stage_i/csr_buffer_i.csr_addr_o[2]$_DFFE_PN0P_
            (rising edge-triggered flip-flop clocked by core_clock)
Endpoint: issue_stage_i/i_scoreboard/_33501_
          (rising edge-triggered flip-flop clocked by core_clock)
Path Group: core_clock
Path Type: max

  Delay    Time   Description
---------------------------------------------------------
   0.00    0.00   clock core_clock (rise edge)
   0.00    0.00   clock source latency
   0.00    0.00 ^ clk_i (in)
   0.04    0.04 ^ wire49147/Z (BUF_X16)
   0.05    0.09 ^ clkbuf_regs_0_core_clock/Z (CLKBUF_X3)
   0.05    0.14 ^ clkbuf_0_clk_i_regs/Z (CLKBUF_X3)
   0.06    0.20 ^ clkbuf_1_0_0_clk_i_regs/Z (CLKBUF_X3)
   0.06    0.26 ^ clkbuf_2_1_0_clk_i_regs/Z (CLKBUF_X3)
   0.06    0.32 ^ clkbuf_3_3_0_clk_i_regs/Z (CLKBUF_X3)
   0.07    0.39 ^ clkbuf_4_6_0_clk_i_regs/Z (CLKBUF_X3)
   0.08    0.47 ^ clkbuf_6_26_0_clk_i_regs/Z (CLKBUF_X3)
   0.08    0.55 ^ clkbuf_8_104__f_clk_i_regs/Z (CLKBUF_X3)
   0.05    0.60 ^ clkbuf_leaf_382_clk_i_regs/Z (CLKBUF_X3)
   0.00    0.60 ^ ex_stage_i/csr_buffer_i.csr_addr_o[2]$_DFFE_PN0P_/CK (DFFR_X2)
   0.10    0.70 v ex_stage_i/csr_buffer_i.csr_addr_o[2]$_DFFE_PN0P_/Q (DFFR_X2)
   0.11    0.81 v csr_regfile_i/_08460_/ZN (OR4_X1)
   0.13    0.93 v csr_regfile_i/_08461_/ZN (OR4_X1)
   0.04    0.97 ^ csr_regfile_i/_08464_/ZN (OAI221_X1)
   0.04    1.01 ^ csr_regfile_i/place41959/Z (BUF_X4)
   0.02    1.03 v csr_regfile_i/_08465_/ZN (NOR3_X4)
   0.04    1.07 v csr_regfile_i/_08864_/ZN (AND3_X4)
   0.02    1.09 ^ csr_regfile_i/_12669_/ZN (OAI21_X4)
   0.02    1.11 v csr_regfile_i/_12710_/ZN (NAND2_X4)
   0.05    1.15 v csr_regfile_i/_12711_/ZN (OR2_X4)
   0.01    1.17 ^ csr_regfile_i/_12877_/ZN (INV_X4)
   0.01    1.18 v _06138_/ZN (NAND2_X4)
   0.06    1.24 v _06139_/ZN (OR3_X4)
   0.05    1.29 v _08445_/ZN (AND2_X4)
   0.03    1.32 v place33647/Z (BUF_X8)
   0.04    1.35 ^ _08492_/ZN (AOI22_X4)
   0.01    1.37 v _08493_/ZN (NOR2_X4)
   0.09    1.45 ^ csr_regfile_i/_13338_/ZN (NOR4_X4)
   0.04    1.49 v csr_regfile_i/_13342_/ZN (NAND4_X4)
   0.05    1.54 ^ csr_regfile_i/_13343_/ZN (NOR3_X4)
   0.03    1.58 v csr_regfile_i/_13344_/ZN (NAND3_X4)
   0.05    1.62 ^ csr_regfile_i/_15959_/ZN (OAI22_X4)
   0.01    1.64 v _06143_/ZN (NOR3_X4)
   0.04    1.67 ^ _06144_/ZN (NAND2_X4)
   0.05    1.72 ^ ex_stage_i/_48673_/ZN (OR2_X4)
   0.01    1.74 v ex_stage_i/_49154_/ZN (NAND2_X4)
   0.03    1.76 ^ ex_stage_i/_49157_/ZN (NAND2_X4)
   0.09    1.86 v ex_stage_i/_50711_/Z (MUX2_X2)
   0.03    1.89 v issue_stage_i/i_scoreboard/place31206/Z (BUF_X8)
   0.04    1.93 v issue_stage_i/i_scoreboard/_62336_/Z (MUX2_X1)
   0.06    1.99 v issue_stage_i/i_scoreboard/_62337_/Z (MUX2_X1)
   0.07    2.06 v issue_stage_i/i_scoreboard/_62338_/Z (MUX2_X1)
   0.04    2.10 v issue_stage_i/i_scoreboard/_62339_/ZN (XNOR2_X2)
   0.08    2.18 ^ issue_stage_i/i_scoreboard/_62366_/ZN (AOI221_X2)
   0.05    2.23 ^ issue_stage_i/i_scoreboard/_62367_/ZN (AND3_X4)
   0.02    2.24 v issue_stage_i/i_scoreboard/_62378_/ZN (OAI21_X4)
   0.04    2.28 v issue_stage_i/i_scoreboard/_62379_/ZN (OR2_X4)
   0.05    2.34 ^ issue_stage_i/i_scoreboard/_62392_/ZN (AOI221_X2)
   0.03    2.37 v issue_stage_i/i_scoreboard/_63518_/ZN (OAI33_X1)
   0.03    2.40 ^ issue_stage_i/i_scoreboard/_63519_/ZN (INV_X1)
   0.01    2.41 v issue_stage_i/_19838_/ZN (NOR2_X2)
   0.06    2.47 ^ issue_stage_i/_20453_/ZN (OAI221_X2)
   0.03    2.51 v issue_stage_i/_20622_/ZN (OAI211_X4)
   0.04    2.55 ^ issue_stage_i/_21362_/ZN (NOR2_X4)
   0.05    2.60 ^ issue_stage_i/i_scoreboard/_36394_/ZN (AND2_X4)
   0.03    2.62 ^ issue_stage_i/i_scoreboard/place30648/Z (BUF_X8)
   0.04    2.66 v issue_stage_i/i_scoreboard/_36560_/ZN (NAND4_X4)
   0.03    2.69 v issue_stage_i/i_scoreboard/place30483/Z (BUF_X4)
   0.05    2.74 v issue_stage_i/i_scoreboard/_36561_/Z (MUX2_X1)
   0.06    2.81 v issue_stage_i/i_scoreboard/_36562_/Z (MUX2_X1)
   0.08    2.88 ^ issue_stage_i/i_scoreboard/_36581_/ZN (AOI221_X2)
   0.03    2.92 ^ issue_stage_i/i_scoreboard/place30241/Z (BUF_X2)
   0.02    2.93 v issue_stage_i/i_scoreboard/_36659_/ZN (OAI21_X4)
   0.08    3.01 ^ issue_stage_i/i_scoreboard/_36680_/ZN (OAI221_X2)
   0.04    3.06 ^ issue_stage_i/i_scoreboard/place30025/Z (BUF_X8)
   0.02    3.08 v issue_stage_i/i_scoreboard/_36682_/ZN (NAND2_X4)
   0.03    3.11 ^ issue_stage_i/i_scoreboard/_36915_/ZN (OAI221_X2)
   0.03    3.14 ^ issue_stage_i/i_scoreboard/place29576/Z (BUF_X8)
   0.04    3.18 ^ issue_stage_i/i_scoreboard/rebuffer49689/Z (BUF_X16)
   0.03    3.21 ^ issue_stage_i/i_scoreboard/place29574/Z (BUF_X32)
   0.01    3.22 v issue_stage_i/i_scoreboard/_37358_/ZN (NOR2_X4)
   0.07    3.29 ^ issue_stage_i/i_scoreboard/_37365_/ZN (NOR4_X2)
   0.00    3.29 ^ issue_stage_i/i_scoreboard/_33501_/D (DFFR_X1)
           3.29   data arrival time

   2.22    2.22   clock core_clock (rise edge)
   0.00    2.22   clock source latency
   0.00    2.22 ^ clk_i (in)
   0.04    2.27 ^ wire49147/Z (BUF_X16)
   0.05    2.31 ^ clkbuf_regs_0_core_clock/Z (CLKBUF_X3)
   0.05    2.37 ^ clkbuf_0_clk_i_regs/Z (CLKBUF_X3)
   0.06    2.43 ^ clkbuf_1_0_0_clk_i_regs/Z (CLKBUF_X3)
   0.05    2.48 ^ clkbuf_2_0_0_clk_i_regs/Z (CLKBUF_X3)
   0.06    2.54 ^ clkbuf_3_0_0_clk_i_regs/Z (CLKBUF_X3)
   0.06    2.60 ^ clkbuf_4_1_0_clk_i_regs/Z (CLKBUF_X3)
   0.06    2.66 ^ clkbuf_6_7_0_clk_i_regs/Z (CLKBUF_X3)
   0.08    2.74 ^ clkbuf_8_30__f_clk_i_regs/Z (CLKBUF_X3)
   0.05    2.79 ^ clkbuf_leaf_252_clk_i_regs/Z (CLKBUF_X3)
   0.00    2.79 ^ issue_stage_i/i_scoreboard/_33501_/CK (DFFR_X1)
   0.00    2.79   clock reconvergence pessimism
  -0.04    2.75   library setup time
           2.75   data required time
---------------------------------------------------------
           2.75   data required time
          -3.29   data arrival time
---------------------------------------------------------
          -0.54   slack (VIOLATED)



==========================================================================
finish report_checks -path_delay min reg to reg
--------------------------------------------------------------------------
Startpoint: id_stage_i.issue_entry_o[310]$_DFFE_PN0P_
            (rising edge-triggered flip-flop clocked by core_clock)
Endpoint: issue_stage_i/i_issue_read_operands.pc_o[12]$_DFF_PN0_
          (rising edge-triggered flip-flop clocked by core_clock)
Path Group: core_clock
Path Type: min

  Delay    Time   Description
---------------------------------------------------------
   0.00    0.00   clock core_clock (rise edge)
   0.00    0.00   clock source latency
   0.00    0.00 ^ clk_i (in)
   0.04    0.04 ^ wire49147/Z (BUF_X16)
   0.05    0.09 ^ clkbuf_regs_0_core_clock/Z (CLKBUF_X3)
   0.05    0.14 ^ clkbuf_0_clk_i_regs/Z (CLKBUF_X3)
   0.06    0.20 ^ clkbuf_1_1_0_clk_i_regs/Z (CLKBUF_X3)
   0.06    0.26 ^ clkbuf_2_2_0_clk_i_regs/Z (CLKBUF_X3)
   0.06    0.32 ^ clkbuf_3_4_0_clk_i_regs/Z (CLKBUF_X3)
   0.06    0.38 ^ clkbuf_4_9_0_clk_i_regs/Z (CLKBUF_X3)
   0.06    0.43 ^ clkbuf_6_36_0_clk_i_regs/Z (CLKBUF_X3)
   0.07    0.50 ^ clkbuf_8_147__f_clk_i_regs/Z (CLKBUF_X3)
   0.05    0.55 ^ clkbuf_leaf_2433_clk_i_regs/Z (CLKBUF_X3)
   0.00    0.55 ^ id_stage_i.issue_entry_o[310]$_DFFE_PN0P_/CK (DFFR_X1)
   0.09    0.64 v id_stage_i.issue_entry_o[310]$_DFFE_PN0P_/Q (DFFR_X1)
   0.00    0.64 v issue_stage_i/i_issue_read_operands.pc_o[12]$_DFF_PN0_/D (DFFR_X1)
           0.64   data arrival time

   0.00    0.00   clock core_clock (rise edge)
   0.00    0.00   clock source latency
   0.00    0.00 ^ clk_i (in)
   0.04    0.04 ^ wire49147/Z (BUF_X16)
   0.05    0.09 ^ clkbuf_regs_0_core_clock/Z (CLKBUF_X3)
   0.05    0.14 ^ clkbuf_0_clk_i_regs/Z (CLKBUF_X3)
   0.06    0.20 ^ clkbuf_1_1_0_clk_i_regs/Z (CLKBUF_X3)
   0.06    0.26 ^ clkbuf_2_2_0_clk_i_regs/Z (CLKBUF_X3)
   0.06    0.32 ^ clkbuf_3_4_0_clk_i_regs/Z (CLKBUF_X3)
   0.06    0.38 ^ clkbuf_4_9_0_clk_i_regs/Z (CLKBUF_X3)
   0.06    0.43 ^ clkbuf_6_36_0_clk_i_regs/Z (CLKBUF_X3)
   0.08    0.52 ^ clkbuf_8_145__f_clk_i_regs/Z (CLKBUF_X3)
   0.05    0.57 ^ clkbuf_leaf_2434_clk_i_regs/Z (CLKBUF_X3)
   0.00    0.57 ^ issue_stage_i/i_issue_read_operands.pc_o[12]$_DFF_PN0_/CK (DFFR_X1)
   0.00    0.57   clock reconvergence pessimism
   0.01    0.57   library hold time
           0.57   data required time
---------------------------------------------------------
           0.57   data required time
          -0.64   data arrival time
---------------------------------------------------------
           0.07   slack (MET)



==========================================================================
finish critical path target clock latency max path
--------------------------------------------------------------------------
0.5662

==========================================================================
finish critical path target clock latency min path
--------------------------------------------------------------------------
0.5697

==========================================================================
finish critical path source clock latency min path
--------------------------------------------------------------------------
0.0000

==========================================================================
finish critical path delay
--------------------------------------------------------------------------
3.2928

==========================================================================
finish critical path slack
--------------------------------------------------------------------------
-0.5435

==========================================================================
finish slack div critical path delay
--------------------------------------------------------------------------
-16.505709

==========================================================================
finish report_power
--------------------------------------------------------------------------
Group                  Internal  Switching    Leakage      Total
                          Power      Power      Power      Power (Watts)
----------------------------------------------------------------
Sequential             6.60e-02   1.23e-03   1.64e-03   6.88e-02  20.5%
Combinational          7.59e-03   1.49e-02   4.38e-03   2.69e-02   8.0%
Clock                  2.32e-02   2.95e-02   1.74e-04   5.28e-02  15.7%
Macro                  1.64e-01   0.00e+00   2.24e-02   1.87e-01  55.7%
Pad                    0.00e+00   0.00e+00   0.00e+00   0.00e+00   0.0%
----------------------------------------------------------------
Total                  2.61e-01   4.57e-02   2.86e-02   3.35e-01 100.0%
                          77.9%      13.6%       8.5%
